00:00 +0: loading D:/mg-games/repos/mg-common-game/test/ai/ai_chatbot_test.dart
00:00 +0: D:/mg-games/repos/mg-common-game/test/ai/ai_chatbot_test.dart: AIChatbotManager API 키 설정
[AIChatbot] API key configured
00:00 +1: D:/mg-games/repos/mg-common-game/test/ai/ai_chatbot_test.dart: AIChatbotManager LLM 제공자 설정
[AIChatbot] Provider set to: LLMProvider.anthropic
00:00 +2: D:/mg-games/repos/mg-common-game/test/ai/ai_chatbot_test.dart: AIChatbotManager NPC 채팅 (시뮬레이션)
00:00 +3: D:/mg-games/repos/mg-common-game/test/ai/ai_chatbot_test.dart: AIChatbotManager NPC 등록
[AIChatbot] NPC registered: 커스텀 NPC
00:00 +4: D:/mg-games/repos/mg-common-game/test/ai/ai_chatbot_test.dart: AIChatbotManager 퀘스트 생성
00:00 +5: D:/mg-games/repos/mg-common-game/test/ai/ai_chatbot_test.dart: AIChatbotManager 퀘스트 생성
00:00 +6: D:/mg-games/repos/mg-common-game/test/ai/ai_chatbot_test.dart: AIChatbotManager 퀘스트 생성
00:00 +7: D:/mg-games/repos/mg-common-game/test/ai/ai_chatbot_test.dart: AIChatbotManager 퀘스트 생성
00:00 +8: D:/mg-games/repos/mg-common-game/test/ai/ai_chatbot_test.dart: AIChatbotManager 퀘스트 생성
00:00 +9: D:/mg-games/repos/mg-common-game/test/ai/ai_chatbot_test.dart: AIChatbotManager 퀘스트 생성
00:00 +10: D:/mg-games/repos/mg-common-game/test/ai/ai_chatbot_test.dart: AIChatbotManager 퀘스트 생성
00:00 +11: D:/mg-games/repos/mg-common-game/test/ai/ai_chatbot_test.dart: AIChatbotManager 퀘스트 생성
00:00 +12: D:/mg-games/repos/mg-common-game/test/ai/ai_chatbot_test.dart: AIChatbotManager 퀘스트 생성
00:00 +13: D:/mg-games/repos/mg-common-game/test/ai/ai_chatbot_test.dart: AIChatbotManager 퀘스트 생성
00:00 +14: D:/mg-games/repos/mg-common-game/test/ai/ai_chatbot_test.dart: AIChatbotManager 퀘스트 생성
00:00 +15: D:/mg-games/repos/mg-common-game/test/ai/ai_chatbot_test.dart: AIChatbotManager 퀘스트 생성
00:00 +16: D:/mg-games/repos/mg-common-game/test/ai/ai_chatbot_test.dart: AIChatbotManager 퀘스트 생성
00:00 +17: D:/mg-games/repos/mg-common-game/test/ai/ai_chatbot_test.dart: AIChatbotManager 퀘스트 생성
00:00 +18: D:/mg-games/repos/mg-common-game/test/ai/ai_chatbot_test.dart: AIChatbotManager 퀘스트 생성
00:00 +19: D:/mg-games/repos/mg-common-game/test/ai/ai_chatbot_test.dart: AIChatbotManager 퀘스트 생성
00:00 +20: D:/mg-games/repos/mg-common-game/test/ai/ai_chatbot_test.dart: AIChatbotManager 퀘스트 생성
00:00 +21: D:/mg-games/repos/mg-common-game/test/ai/ai_chatbot_test.dart: AIChatbotManager 퀘스트 생성
00:00 +22: D:/mg-games/repos/mg-common-game/test/ai/ai_chatbot_test.dart: AIChatbotManager 퀘스트 생성
00:00 +23: D:/mg-games/repos/mg-common-game/test/ai/ai_chatbot_test.dart: AIChatbotManager 퀘스트 생성
00:00 +24: D:/mg-games/repos/mg-common-game/test/ai/ai_chatbot_test.dart: AIChatbotManager 퀘스트 생성
00:00 +25: D:/mg-games/repos/mg-common-game/test/ai/ai_chatbot_test.dart: AIChatbotManager 퀘스트 생성
00:00 +26: D:/mg-games/repos/mg-common-game/test/ai/ai_chatbot_test.dart: AIChatbotManager 퀘스트 생성
00:00 +27: D:/mg-games/repos/mg-common-game/test/ai/ai_chatbot_test.dart: AIChatbotManager 퀘스트 생성
00:00 +28: D:/mg-games/repos/mg-common-game/test/ai/ai_chatbot_test.dart: AIChatbotManager 퀘스트 생성
00:00 +29: D:/mg-games/repos/mg-common-game/test/ai/ai_chatbot_test.dart: AIChatbotManager 퀘스트 생성
00:00 +30: D:/mg-games/repos/mg-common-game/test/ai/ai_chatbot_test.dart: AIChatbotManager 퀘스트 생성
00:00 +31: D:/mg-games/repos/mg-common-game/test/ai/ai_chatbot_test.dart: AIChatbotManager 퀘스트 생성
00:00 +32: D:/mg-games/repos/mg-common-game/test/ai/ai_chatbot_test.dart: AIChatbotManager 퀘스트 생성
00:00 +33: D:/mg-games/repos/mg-common-game/test/ai/ai_chatbot_test.dart: AIChatbotManager 퀘스트 생성
00:00 +34: D:/mg-games/repos/mg-common-game/test/ai/ai_chatbot_test.dart: AIChatbotManager 퀘스트 생성
00:00 +35: D:/mg-games/repos/mg-common-game/test/ai/ai_chatbot_test.dart: AIChatbotManager 퀘스트 생성
00:00 +36: D:/mg-games/repos/mg-common-game/test/ai/ai_chatbot_test.dart: AIChatbotManager 퀘스트 생성
00:00 +37: D:/mg-games/repos/mg-common-game/test/ai/ai_chatbot_test.dart: AIChatbotManager 퀘스트 생성
00:00 +38: D:/mg-games/repos/mg-common-game/test/ai/ai_chatbot_test.dart: AIChatbotManager 퀘스트 생성
00:00 +39: D:/mg-games/repos/mg-common-game/test/ai/ai_chatbot_test.dart: AIChatbotManager 퀘스트 생성
00:00 +40: D:/mg-games/repos/mg-common-game/test/ai/ai_chatbot_test.dart: AIChatbotManager 퀘스트 생성
00:00 +41: D:/mg-games/repos/mg-common-game/test/ai/ai_chatbot_test.dart: AIChatbotManager 퀘스트 생성
00:00 +42: D:/mg-games/repos/mg-common-game/test/ai/ai_chatbot_test.dart: AIChatbotManager 퀘스트 생성
00:00 +43: D:/mg-games/repos/mg-common-game/test/ai/ai_chatbot_test.dart: AIChatbotManager 퀘스트 생성
00:00 +44: D:/mg-games/repos/mg-common-game/test/ai/ai_chatbot_test.dart: AIChatbotManager 퀘스트 생성
00:00 +45: D:/mg-games/repos/mg-common-game/test/ai/ai_chatbot_test.dart: AIChatbotManager 퀘스트 생성
00:00 +46: D:/mg-games/repos/mg-common-game/test/ai/ai_chatbot_test.dart: AIChatbotManager 퀘스트 생성
00:00 +47: D:/mg-games/repos/mg-common-game/test/ai/ai_chatbot_test.dart: AIChatbotManager 퀘스트 생성
00:00 +48: D:/mg-games/repos/mg-common-game/test/ai/ai_chatbot_test.dart: AIChatbotManager 퀘스트 생성
00:00 +49: D:/mg-games/repos/mg-common-game/test/ai/ai_chatbot_test.dart: AIChatbotManager 퀘스트 생성
00:00 +50: D:/mg-games/repos/mg-common-game/test/ai/ai_chatbot_test.dart: AIChatbotManager 퀘스트 생성
00:00 +51: D:/mg-games/repos/mg-common-game/test/ai/ai_chatbot_test.dart: AIChatbotManager 퀘스트 생성
00:00 +52: D:/mg-games/repos/mg-common-game/test/ai/ai_chatbot_test.dart: AIChatbotManager 퀘스트 생성
00:00 +53: D:/mg-games/repos/mg-common-game/test/ai/ai_chatbot_test.dart: AIChatbotManager 퀘스트 생성
00:00 +54: D:/mg-games/repos/mg-common-game/test/ai/ai_chatbot_test.dart: AIChatbotManager 퀘스트 생성
00:00 +55: D:/mg-games/repos/mg-common-game/test/ai/ai_chatbot_test.dart: AIChatbotManager 퀘스트 생성
00:00 +56: D:/mg-games/repos/mg-common-game/test/ai/ai_chatbot_test.dart: AIChatbotManager 퀘스트 생성
00:00 +57: D:/mg-games/repos/mg-common-game/test/ai/ai_chatbot_test.dart: AIChatbotManager 퀘스트 생성
[AIChatbot] API Error: 401
00:00 +57 -1: D:/mg-games/repos/mg-common-game/test/ai/ai_chatbot_test.dart: AIChatbotManager 퀘스트 생성 [E]
  Expected: <true>
    Actual: <false>
  
  package:matcher                                     expect
  package:flutter_test/src/widget_tester.dart 473:18  expect
  test\ai\ai_chatbot_test.dart 63:7                   main.<fn>.<fn>
  
00:00 +57 -1: D:/mg-games/repos/mg-common-game/test/ai/ai_chatbot_test.dart: AIChatbotManager 감정 분석
00:00 +58 -1: D:/mg-games/repos/mg-common-game/test/core/cloud/cloud_save_manager_test.dart: CloudSyncStatus 모든 상태 정의
00:00 +58 -1: D:/mg-games/repos/mg-common-game/test/ai/ai_chatbot_test.dart: AIChatbotManager 음성 입력 처리
[AIChatbot] Processing voice: /path/to/audio.wav
00:00 +59 -1: D:/mg-games/repos/mg-common-game/test/core/cloud/cloud_save_manager_test.dart: CloudSyncStatus 모든 상태 정의
00:00 +59 -1: D:/mg-games/repos/mg-common-game/test/ai/ai_chatbot_test.dart: AIChatbotManager 대화 기록 초기화
[AIChatbot] Conversation history cleared
00:00 +60 -1: D:/mg-games/repos/mg-common-game/test/core/cloud/cloud_save_manager_test.dart: CloudSyncStatus 모든 상태 정의
00:00 +60 -1: D:/mg-games/repos/mg-common-game/test/ai/ai_chatbot_test.dart: EmotionalNPC 감정 업데이트
[NPC] 감정 NPC emotion: happy
00:00 +61 -1: D:/mg-games/repos/mg-common-game/test/core/cloud/cloud_save_manager_test.dart: CloudSyncStatus 모든 상태 정의
00:00 +61 -1: D:/mg-games/repos/mg-common-game/test/ai/ai_chatbot_test.dart: EmotionalNPC 부정적 감정
[NPC] 부정 NPC emotion: sad
00:00 +62 -1: D:/mg-games/repos/mg-common-game/test/core/cloud/cloud_save_manager_test.dart: CloudSyncStatus 모든 상태 정의
00:00 +62 -1: D:/mg-games/repos/mg-common-game/test/ai/ai_chatbot_test.dart: EmotionalNPC 중립적 감정
[NPC] 중립 NPC emotion: neutral
00:00 +63 -1: D:/mg-games/repos/mg-common-game/test/core/cloud/cloud_save_manager_test.dart: CloudSyncStatus 모든 상태 정의
00:00 +63 -1: D:/mg-games/repos/mg-common-game/test/ai/ai_chatbot_test.dart: EmotionalNPC 감정에 따른 응답
[NPC] 응답 NPC emotion: happy
[NPC] 응답 NPC emotion: sad
00:00 +64 -1: D:/mg-games/repos/mg-common-game/test/core/cloud/cloud_save_manager_test.dart: CloudSyncStatus 모든 상태 정의
00:00 +65 -1: D:/mg-games/repos/mg-common-game/test/ai/ai_chatbot_test.dart: ChatMessage 메시지 직렬화
00:00 +66 -1: D:/mg-games/repos/mg-common-game/test/ai/ai_chatbot_test.dart: ChatMessage 메시지 직렬화
00:00 +67 -1: D:/mg-games/repos/mg-common-game/test/ai/ai_chatbot_test.dart: ChatMessage 메시지 직렬화
00:00 +68 -1: D:/mg-games/repos/mg-common-game/test/core/cloud/cloud_save_manager_test.dart: ConflictResolution 모든 전략 정의
00:00 +69 -1: D:/mg-games/repos/mg-common-game/test/ai/ai_chatbot_test.dart: ChatMessage 메시지 역직렬화
00:00 +70 -1: D:/mg-games/repos/mg-common-game/test/ai/ai_chatbot_test.dart: ChatMessage 메시지 역직렬화
00:00 +71 -1: D:/mg-games/repos/mg-common-game/test/ai/ai_chatbot_test.dart: ChatMessage 메시지 역직렬화
00:00 +72 -1: D:/mg-games/repos/mg-common-game/test/ai/ai_chatbot_test.dart: ChatMessage 메시지 역직렬화
00:00 +73 -1: D:/mg-games/repos/mg-common-game/test/core/cloud/cloud_save_manager_test.dart: CloudSaveData toJson 변환
00:00 +74 -1: D:/mg-games/repos/mg-common-game/test/core/cloud/cloud_save_manager_test.dart: CloudSaveData fromJson 복원
00:00 +75 -1: D:/mg-games/repos/mg-common-game/test/core/cloud/cloud_save_manager_test.dart: CloudSaveData copyWith
00:00 +76 -1: D:/mg-games/repos/mg-common-game/test/core/cloud/cloud_save_manager_test.dart: CloudSaveData copyWith - 부분 업데이트
00:00 +77 -1: D:/mg-games/repos/mg-common-game/test/core/cloud/cloud_save_manager_test.dart: CloudSaveData copyWith - 원본 불변성
00:00 +78 -1: D:/mg-games/repos/mg-common-game/test/core/cloud/cloud_save_manager_test.dart: CloudSaveData fromJson - version 기본값
00:00 +79 -1: D:/mg-games/repos/mg-common-game/test/core/cloud/cloud_save_manager_test.dart: CloudSaveData fromJson - checksum null 허용
00:00 +80 -1: D:/mg-games/repos/mg-common-game/test/core/cloud/cloud_save_manager_test.dart: CloudSaveData toJson-fromJson 라운드트립
00:00 +81 -1: D:/mg-games/repos/mg-common-game/test/core/cloud/cloud_save_manager_test.dart: CloudSaveData 복잡한 data 구조
00:00 +82 -1: D:/mg-games/repos/mg-common-game/test/core/cloud/cloud_save_manager_test.dart: SaveConflict 충돌 데이터 생성
00:00 +83 -1: D:/mg-games/repos/mg-common-game/test/core/cloud/cloud_save_manager_test.dart: CloudSaveManager 싱글톤 인스턴스
00:00 +84 -1: D:/mg-games/repos/mg-common-game/test/core/cloud/cloud_save_manager_test.dart: CloudSaveManager 초기 상태 - status
00:00 +85 -1: D:/mg-games/repos/mg-common-game/test/core/cloud/cloud_save_manager_test.dart: CloudSaveManager 초기 상태 - isInitialized
00:00 +86 -1: D:/mg-games/repos/mg-common-game/test/core/cloud/cloud_save_manager_test.dart: CloudSaveManager 초기 상태 - userId
00:00 +87 -1: D:/mg-games/repos/mg-common-game/test/core/cloud/cloud_save_manager_test.dart: CloudSaveManager 초기 상태 - localSave
00:00 +88 -1: D:/mg-games/repos/mg-common-game/test/core/cloud/cloud_save_manager_test.dart: CloudSaveManager 초기 상태 - cloudSave
00:00 +89 -1: D:/mg-games/repos/mg-common-game/test/core/cloud/cloud_save_manager_test.dart: CloudSaveManager getData - localSave 없을 때
00:00 +90 -1: D:/mg-games/repos/mg-common-game/test/core/cloud/cloud_save_manager_test.dart: CloudSaveManager getValue - localSave 없을 때
00:00 +91 -1: D:/mg-games/repos/mg-common-game/test/core/cloud/cloud_save_manager_test.dart: CloudSaveManager addSyncListener와 removeSyncListener
00:00 +92 -1: D:/mg-games/repos/mg-common-game/test/core/cloud/cloud_save_manager_test.dart: CloudSaveManager ChangeNotifier 상속
00:00 +93 -1: D:/mg-games/repos/mg-common-game/test/core/cloud/cloud_save_manager_test.dart: 데이터 병합 로직 숫자 필드 병합 - 더 큰 값 선택
00:00 +94 -1: D:/mg-games/repos/mg-common-game/test/core/cloud/cloud_save_manager_test.dart: 데이터 병합 로직 리스트 필드 병합 - 합집합
00:00 +95 -1: D:/mg-games/repos/mg-common-game/test/core/cloud/cloud_save_manager_test.dart: 데이터 병합 로직 리스트 필드 병합 - 빈 리스트
00:00 +96 -1: D:/mg-games/repos/mg-common-game/test/core/cloud/cloud_save_manager_test.dart: 데이터 병합 로직 타임스탬프 비교
00:00 +97 -1: D:/mg-games/repos/mg-common-game/test/core/cloud/cloud_save_manager_test.dart: 데이터 병합 로직 타임스탬프 동일
00:00 +98 -1: D:/mg-games/repos/mg-common-game/test/core/cloud/cloud_save_manager_test.dart: 데이터 병합 로직 병합 시 local only 필드
00:00 +99 -1: D:/mg-games/repos/mg-common-game/test/core/economy/currency_manager_test.dart: CurrencyType 모든 화폐 타입 존재
00:00 +100 -1: D:/mg-games/repos/mg-common-game/test/core/economy/currency_manager_test.dart: CurrencyType 모든 화폐 타입 존재
00:00 +101 -1: D:/mg-games/repos/mg-common-game/test/core/economy/currency_manager_test.dart: CurrencyType 모든 화폐 타입 존재
00:00 +102 -1: D:/mg-games/repos/mg-common-game/test/core/economy/currency_manager_test.dart: CurrencyType 모든 화폐 타입 존재
00:00 +103 -1: D:/mg-games/repos/mg-common-game/test/core/economy/currency_manager_test.dart: CurrencyType 모든 화폐 타입 존재
00:00 +104 -1: D:/mg-games/repos/mg-common-game/test/core/cloud/cloud_save_manager_test.dart: TestableCloudSaveManager - _hasConflict 같은 버전 - 충돌 없음
00:00 +105 -1: D:/mg-games/repos/mg-common-game/test/core/economy/currency_manager_test.dart: CurrencyType 화폐 타입별 name 속성
00:00 +106 -1: D:/mg-games/repos/mg-common-game/test/core/cloud/cloud_save_manager_test.dart: TestableCloudSaveManager - _hasConflict 다른 버전, 로컬이 최신 - 충돌 없음
00:00 +107 -1: D:/mg-games/repos/mg-common-game/test/core/economy/currency_manager_test.dart: TransactionSource 모든 트랜잭션 소스 존재
00:00 +108 -1: D:/mg-games/repos/mg-common-game/test/core/cloud/cloud_save_manager_test.dart: TestableCloudSaveManager - _hasConflict 다른 버전, 클라우드가 최신 - 충돌 없음
00:00 +109 -1: D:/mg-games/repos/mg-common-game/test/core/economy/currency_manager_test.dart: CurrencyManager 싱글톤 인스턴스
00:00 +110 -1: D:/mg-games/repos/mg-common-game/test/core/economy/currency_manager_test.dart: CurrencyManager 싱글톤 인스턴스
00:00 +111 -1: D:/mg-games/repos/mg-common-game/test/core/economy/currency_manager_test.dart: CurrencyManager 싱글톤 인스턴스
00:00 +112 -1: D:/mg-games/repos/mg-common-game/test/core/economy/currency_manager_test.dart: CurrencyManager 싱글톤 인스턴스
00:00 +113 -1: D:/mg-games/repos/mg-common-game/test/core/economy/currency_manager_test.dart: CurrencyManager 싱글톤 인스턴스
00:00 +114 -1: D:/mg-games/repos/mg-common-game/test/core/economy/currency_manager_test.dart: CurrencyManager 싱글톤 인스턴스
00:00 +115 -1: D:/mg-games/repos/mg-common-game/test/core/economy/currency_manager_test.dart: CurrencyManager 싱글톤 인스턴스
00:00 +116 -1: D:/mg-games/repos/mg-common-game/test/core/economy/currency_manager_test.dart: CurrencyManager 싱글톤 인스턴스
[Currency] All balances reset
00:00 +117 -1: D:/mg-games/repos/mg-common-game/test/core/cloud/cloud_save_manager_test.dart: TestableCloudSaveManager - _mergeSaves 숫자 필드 - 더 큰 값 선택
00:00 +118 -1: D:/mg-games/repos/mg-common-game/test/core/economy/currency_manager_test.dart: CurrencyManager 초기화 전 isInitialized는 false
[Currency] All balances reset
00:00 +119 -1: D:/mg-games/repos/mg-common-game/test/core/cloud/cloud_save_manager_test.dart: TestableCloudSaveManager - _mergeSaves 리스트 필드 - 합집합
00:00 +120 -1: D:/mg-games/repos/mg-common-game/test/core/economy/currency_manager_test.dart: CurrencyManager 초기 잔액은 0
00:00 +121 -1: D:/mg-games/repos/mg-common-game/test/core/economy/currency_manager_test.dart: CurrencyManager 초기 잔액은 0
[Currency] All balances reset
00:00 +122 -1: D:/mg-games/repos/mg-common-game/test/core/cloud/cloud_save_manager_test.dart: TestableCloudSaveManager - _mergeSaves 문자열 필드 - 최신 값 사용
00:00 +123 -1: D:/mg-games/repos/mg-common-game/test/core/economy/currency_manager_test.dart: CurrencyManager addCurrency로 코인 추가
[Currency] +100 coin (source: custom)
[Currency] All balances reset
00:00 +124 -1: D:/mg-games/repos/mg-common-game/test/core/cloud/cloud_save_manager_test.dart: TestableCloudSaveManager - _mergeSaves 버전 증가
00:00 +125 -1: D:/mg-games/repos/mg-common-game/test/core/economy/currency_manager_test.dart: CurrencyManager addCurrency로 보석 추가
00:00 +126 -1: D:/mg-games/repos/mg-common-game/test/core/economy/currency_manager_test.dart: CurrencyManager addCurrency로 보석 추가
[Currency] +50 gem (source: custom)
[Currency] All balances reset
00:00 +127 -1: D:/mg-games/repos/mg-common-game/test/core/cloud/cloud_save_manager_test.dart: TestableCloudSaveManager - _mergeSaves 복잡한 데이터 구조 병합
00:00 +128 -1: D:/mg-games/repos/mg-common-game/test/core/economy/currency_manager_test.dart: CurrencyManager addCurrency는 0 이하의 금액 무시
[Currency] All balances reset
00:00 +129 -1: D:/mg-games/repos/mg-common-game/test/core/cloud/cloud_save_manager_test.dart: TestableCloudSaveManager - _generateChecksum 동일 데이터 - 동일 체크섬
00:00 +130 -1: D:/mg-games/repos/mg-common-game/test/core/economy/currency_manager_test.dart: CurrencyManager spendCurrency로 코인 차감
00:00 +131 -1: D:/mg-games/repos/mg-common-game/test/core/economy/currency_manager_test.dart: CurrencyManager spendCurrency로 코인 차감
[Currency] +100 coin (source: custom)
[Currency] -30 coin (source: custom)
[Currency] All balances reset
00:00 +132 -1: D:/mg-games/repos/mg-common-game/test/core/cloud/cloud_save_manager_test.dart: TestableCloudSaveManager - _generateChecksum 체크섬은 16진수 문자열
00:00 +133 -1: D:/mg-games/repos/mg-common-game/test/core/economy/currency_manager_test.dart: CurrencyManager spendCurrency는 잔액 부족 시 false 반환
[Currency] +50 coin (source: custom)
[Currency] Insufficient coin: need 100, have 50
[Currency] All balances reset
00:00 +134 -1: D:/mg-games/repos/mg-common-game/test/core/cloud/cloud_save_manager_test.dart: TestableCloudSaveManager - _generateChecksum 빈 객체 체크섬
00:00 +135 -1: D:/mg-games/repos/mg-common-game/test/core/economy/currency_manager_test.dart: CurrencyManager spendCurrency는 0 이하의 금액 거부
[Currency] +100 coin (source: custom)
00:00 +136 -1: D:/mg-games/repos/mg-common-game/test/core/economy/currency_manager_test.dart: CurrencyManager spendCurrency는 0 이하의 금액 거부
[Currency] All balances reset
00:00 +137 -1: D:/mg-games/repos/mg-common-game/test/core/cloud/cloud_save_manager_test.dart: TestableCloudSaveManager - _generateSaveId 세이브 ID 형식
00:00 +138 -1: D:/mg-games/repos/mg-common-game/test/core/economy/currency_manager_test.dart: CurrencyManager setCurrency로 잔액 직접 설정
[Currency] All balances reset
00:00 +139 -1: D:/mg-games/repos/mg-common-game/test/core/cloud/cloud_save_manager_test.dart: TestableCloudSaveManager - _generateSaveId 연속 생성시 다른 ID (타임스탬프 포함)
00:00 +139 -1: D:/mg-games/repos/mg-common-game/test/core/economy/currency_manager_test.dart: CurrencyManager setCurrency는 음수 거부
[Currency] All balances reset
00:00 +140 -1: D:/mg-games/repos/mg-common-game/test/core/cloud/cloud_save_manager_test.dart: TestableCloudSaveManager - _generateSaveId 연속 생성시 다른 ID (타임스탬프 포함)
00:00 +141 -1: D:/mg-games/repos/mg-common-game/test/core/economy/currency_manager_test.dart: CurrencyManager hasEnough로 잔액 확인
[Currency] +100 coin (source: custom)
[Currency] All balances reset
00:00 +142 -1: D:/mg-games/repos/mg-common-game/test/core/cloud/cloud_save_manager_test.dart: TestableCloudSaveManager - save와 getData save - 초기화 안됐을 때 에러
00:00 +142 -1: D:/mg-games/repos/mg-common-game/test/core/economy/currency_manager_test.dart: CurrencyManager hasEnoughMultiple로 여러 화폐 확인
[Currency] +100 coin (source: custom)
[Currency] +50 gem (source: custom)
[Currency] All balances reset
00:00 +143 -1: D:/mg-games/repos/mg-common-game/test/core/cloud/cloud_save_manager_test.dart: TestableCloudSaveManager - save와 getData save - 초기화 안됐을 때 에러
00:00 +144 -1: D:/mg-games/repos/mg-common-game/test/core/economy/currency_manager_test.dart: CurrencyManager getAllBalances로 모든 잔액 조회
[Currency] +100 coin (source: custom)
[Currency] +50 gem (source: custom)
[Currency] +25 star (source: custom)
[Currency] All balances reset
00:00 +145 -1: D:/mg-games/repos/mg-common-game/test/core/cloud/cloud_save_manager_test.dart: TestableCloudSaveManager - save와 getData save - 데이터 저장
00:00 +146 -1: D:/mg-games/repos/mg-common-game/test/core/economy/currency_manager_test.dart: CurrencyManager resetAllBalances로 모든 잔액 초기화
[Currency] +100 coin (source: custom)
[Currency] +50 gem (source: custom)
00:00 +147 -1: D:/mg-games/repos/mg-common-game/test/core/economy/currency_manager_test.dart: CurrencyManager resetAllBalances로 모든 잔액 초기화
[Currency] All balances reset
[Currency] All balances reset
00:00 +148 -1: D:/mg-games/repos/mg-common-game/test/core/cloud/cloud_save_manager_test.dart: TestableCloudSaveManager - save와 getData save - 체크섬 생성
00:00 +149 -1: D:/mg-games/repos/mg-common-game/test/core/economy/currency_manager_test.dart: CurrencyManager resetBalance로 특정 화폐만 초기화
[Currency] +100 coin (source: custom)
[Currency] +50 gem (source: custom)
[Currency] All balances reset
00:00 +150 -1: D:/mg-games/repos/mg-common-game/test/core/cloud/cloud_save_manager_test.dart: TestableCloudSaveManager - save와 getData getData - 저장된 데이터 반환
00:00 +151 -1: D:/mg-games/repos/mg-common-game/test/core/economy/currency_manager_test.dart: CurrencyManager getBalanceStream으로 변경 스트림 구독
00:00 +152 -1: D:/mg-games/repos/mg-common-game/test/core/economy/currency_manager_test.dart: CurrencyManager getBalanceStream으로 변경 스트림 구독
[Currency] +100 coin (source: custom)
[Currency] +50 coin (source: custom)
00:00 +153 -1: D:/mg-games/repos/mg-common-game/test/core/economy/currency_manager_test.dart: CurrencyManager getBalanceStream으로 변경 스트림 구독
00:00 +154 -1: D:/mg-games/repos/mg-common-game/test/core/economy/currency_manager_test.dart: CurrencyManager getBalanceStream으로 변경 스트림 구독
00:00 +155 -1: D:/mg-games/repos/mg-common-game/test/core/economy/currency_manager_test.dart: CurrencyManager getBalanceStream으로 변경 스트림 구독
00:00 +156 -1: D:/mg-games/repos/mg-common-game/test/core/economy/currency_manager_test.dart: CurrencyManager getBalanceStream으로 변경 스트림 구독
00:00 +157 -1: D:/mg-games/repos/mg-common-game/test/core/economy/currency_manager_test.dart: CurrencyManager getBalanceStream으로 변경 스트림 구독
00:00 +158 -1: D:/mg-games/repos/mg-common-game/test/core/economy/currency_manager_test.dart: CurrencyManager getBalanceStream으로 변경 스트림 구독
00:00 +159 -1: D:/mg-games/repos/mg-common-game/test/core/economy/currency_manager_test.dart: CurrencyManager getBalanceStream으로 변경 스트림 구독
00:00 +160 -1: D:/mg-games/repos/mg-common-game/test/core/economy/currency_manager_test.dart: CurrencyManager getBalanceStream으로 변경 스트림 구독
[Currency] All balances reset
00:00 +161 -1: D:/mg-games/repos/mg-common-game/test/core/cloud/cloud_save_manager_test.dart: TestableCloudSaveManager - 리스너 addSyncListener - 상태 변경 시 호출
00:00 +162 -1: D:/mg-games/repos/mg-common-game/test/core/economy/currency_manager_test.dart: CurrencyManager onCoinsChanged로 코인 변경 스트림 구독
00:00 +163 -1: D:/mg-games/repos/mg-common-game/test/core/economy/currency_manager_test.dart: CurrencyManager onCoinsChanged로 코인 변경 스트림 구독
[Currency] +100 coin (source: custom)
00:00 +164 -1: D:/mg-games/repos/mg-common-game/test/core/economy/currency_manager_test.dart: CurrencyManager onCoinsChanged로 코인 변경 스트림 구독
00:00 +164 -1: D:/mg-games/repos/mg-common-game/test/core/cloud/cloud_save_manager_test.dart: TestableCloudSaveManager - deleteAllSaves deleteAllSaves - 로컬과 클라우드 데이터 삭제
Cloud save deleted
00:00 +165 -1: D:/mg-games/repos/mg-common-game/test/core/economy/currency_manager_test.dart: CurrencyManager onCoinsChanged로 코인 변경 스트림 구독
00:00 +166 -1: D:/mg-games/repos/mg-common-game/test/core/economy/currency_manager_test.dart: CurrencyManager onCoinsChanged로 코인 변경 스트림 구독
00:00 +167 -1: D:/mg-games/repos/mg-common-game/test/core/economy/currency_manager_test.dart: CurrencyManager onCoinsChanged로 코인 변경 스트림 구독
00:00 +168 -1: D:/mg-games/repos/mg-common-game/test/core/economy/currency_manager_test.dart: CurrencyManager onCoinsChanged로 코인 변경 스트림 구독
[Currency] All balances reset
00:00 +169 -1: D:/mg-games/repos/mg-common-game/test/core/cloud/cloud_save_manager_test.dart: CloudSaveData - 추가 테스트 빈 data Map
00:00 +170 -1: D:/mg-games/repos/mg-common-game/test/core/economy/currency_manager_test.dart: CurrencyManager onGemsChanged로 보석 변경 스트림 구독
[Currency] +50 gem (source: custom)
00:00 +171 -1: D:/mg-games/repos/mg-common-game/test/core/economy/currency_manager_test.dart: CurrencyManager onGemsChanged로 보석 변경 스트림 구독
00:00 +171 -1: D:/mg-games/repos/mg-common-game/test/core/cloud/cloud_save_manager_test.dart: TestableCloudSaveManager - initialize initialize - 기본 설정
CloudSaveManager initialized for game: test_game, user: test_user
00:00 +172 -1: D:/mg-games/repos/mg-common-game/test/core/economy/currency_manager_test.dart: CurrencyManager onGemsChanged로 보석 변경 스트림 구독
00:00 +172 -1: D:/mg-games/repos/mg-common-game/test/core/cloud/cloud_save_manager_test.dart: TestableCloudSaveManager - initialize initialize - 중복 호출 무시
CloudSaveManager initialized for game: game1, user: user1
00:00 +173 -1: D:/mg-games/repos/mg-common-game/test/core/economy/currency_manager_test.dart: CurrencyManager onGemsChanged로 보석 변경 스트림 구독
00:00 +173 -1: D:/mg-games/repos/mg-common-game/test/core/cloud/cloud_save_manager_test.dart: TestableCloudSaveManager - initialize initialize - autoSyncInterval 설정
CloudSaveManager initialized for game: test_game, user: test_user
00:00 +174 -1: D:/mg-games/repos/mg-common-game/test/core/economy/currency_manager_test.dart: CurrencyManager onGemsChanged로 보석 변경 스트림 구독
00:00 +174 -1: D:/mg-games/repos/mg-common-game/test/core/cloud/cloud_save_manager_test.dart: TestableCloudSaveManager - initialize initialize - conflictResolver 설정
CloudSaveManager initialized for game: test_game, user: test_user
00:00 +175 -1: D:/mg-games/repos/mg-common-game/test/core/economy/currency_manager_test.dart: CurrencyManager onGemsChanged로 보석 변경 스트림 구독
00:00 +175 -1: D:/mg-games/repos/mg-common-game/test/core/cloud/cloud_save_manager_test.dart: TestableCloudSaveManager - initialize initialize - defaultResolution 설정
CloudSaveManager initialized for game: test_game, user: test_user
00:00 +176 -1: D:/mg-games/repos/mg-common-game/test/core/economy/currency_manager_test.dart: CurrencyManager onGemsChanged로 보석 변경 스트림 구독
00:00 +177 -1: D:/mg-games/repos/mg-common-game/test/core/economy/currency_manager_test.dart: CurrencyManager onGemsChanged로 보석 변경 스트림 구독
[Currency] All balances reset
00:00 +178 -1: D:/mg-games/repos/mg-common-game/test/core/cloud/cloud_save_manager_test.dart: TestableCloudSaveManager - sync 시나리오 sync - cloudSave만 있을 때 다운로드
00:00 +179 -1: D:/mg-games/repos/mg-common-game/test/core/economy/currency_manager_test.dart: CurrencyManager ChangeNotifier 상속
00:00 +180 -1: D:/mg-games/repos/mg-common-game/test/core/economy/currency_manager_test.dart: CurrencyManager ChangeNotifier 상속
[Currency] +100 coin (source: custom)
[Currency] All balances reset
00:00 +181 -1: D:/mg-games/repos/mg-common-game/test/core/cloud/cloud_save_manager_test.dart: TestableCloudSaveManager - sync 시나리오 sync - 에러 발생 시 false 반환
00:00 +182 -1: D:/mg-games/repos/mg-common-game/test/core/economy/currency_manager_test.dart: CurrencyManager 여러 화폐 독립적 관리
00:00 +183 -1: D:/mg-games/repos/mg-common-game/test/core/economy/currency_manager_test.dart: CurrencyManager 여러 화폐 독립적 관리
[Currency] +100 coin (source: custom)
[Currency] +50 gem (source: custom)
[Currency] +25 star (source: custom)
[Currency] +10 ticket (source: custom)
[Currency] -30 coin (source: custom)
[Currency] -20 gem (source: custom)
[Currency] All balances reset
00:00 +184 -1: D:/mg-games/repos/mg-common-game/test/core/economy/currency_manager_test.dart: CurrencyManager 여러 화폐 독립적 관리
00:00 +185 -1: D:/mg-games/repos/mg-common-game/test/core/cloud/cloud_save_manager_test.dart: TestableCloudSaveManager - dispose dispose - 리소스 정리
00:00 +186 -1: D:/mg-games/repos/mg-common-game/test/core/economy/currency_manager_test.dart: CurrencyTransaction 기본 생성
00:00 +186 -1: D:/mg-games/repos/mg-common-game/test/core/cloud/cloud_save_manager_test.dart: TestableCloudSaveManager - dispose dispose - autoSyncTimer 취소
CloudSaveManager initialized for game: test_game, user: test_user
00:00 +187 -1: D:/mg-games/repos/mg-common-game/test/core/economy/currency_manager_test.dart: CurrencyTransaction 기본 생성
00:00 +188 -1: D:/mg-games/repos/mg-common-game/test/core/cloud/cloud_save_manager_test.dart: TestableCloudSaveManager - _resolveWithStrategy askUser fallback askUser - cloud가 더 최신일 때 cloud 반환
00:00 +189 -1: D:/mg-games/repos/mg-common-game/test/core/economy/currency_manager_test.dart: CurrencyTransaction toJson/fromJson 변환
00:00 +190 -1: D:/mg-games/repos/mg-common-game/test/core/economy/currency_manager_test.dart: CurrencyTransaction toJson/fromJson 변환
00:00 +190 -1: D:/mg-games/repos/mg-common-game/test/core/cloud/cloud_save_manager_test.dart: TestableCloudSaveManager - deleteCloudSave deleteCloudSave - cloudSave 삭제
Cloud save deleted
00:00 +191 -1: D:/mg-games/repos/mg-common-game/test/core/economy/currency_manager_test.dart: CurrencyTransaction toJson/fromJson 변환
00:00 +192 -1: D:/mg-games/repos/mg-common-game/test/core/economy/currency_manager_test.dart: CurrencyTransaction toJson/fromJson 변환
00:00 +193 -1: D:/mg-games/repos/mg-common-game/test/core/economy/currency_manager_test.dart: CurrencyTransaction toJson/fromJson 변환
00:00 +194 -1: D:/mg-games/repos/mg-common-game/test/core/cloud/cloud_save_manager_test.dart: TestableCloudSaveManager - _resolveConflict with custom resolver _resolveConflict - 상태 변경 (conflict -> synced)
00:00 +195 -1: D:/mg-games/repos/mg-common-game/test/core/economy/currency_manager_test.dart: RewardPackage 기본 생성
00:00 +196 -1: D:/mg-games/repos/mg-common-game/test/core/cloud/cloud_save_manager_test.dart: TestableCloudSaveManager - _mergeSaves 복잡한 시나리오 merge - 중첩된 맵 구조
00:00 +197 -1: D:/mg-games/repos/mg-common-game/test/core/economy/currency_manager_test.dart: RewardPackage canPurchase - 구매 가능
00:00 +198 -1: D:/mg-games/repos/mg-common-game/test/core/cloud/cloud_save_manager_test.dart: TestableCloudSaveManager - _mergeSaves 복잡한 시나리오 merge - 혼합 타입 필드
00:00 +199 -1: D:/mg-games/repos/mg-common-game/test/core/economy/currency_manager_test.dart: RewardPackage canPurchase - 잔액 부족
00:00 +200 -1: D:/mg-games/repos/mg-common-game/test/core/cloud/cloud_save_manager_test.dart: TestableCloudSaveManager - _mergeSaves 복잡한 시나리오 merge - 모든 필드가 cloud only
00:00 +201 -1: D:/mg-games/repos/mg-common-game/test/core/economy/currency_manager_test.dart: RewardPackage canPurchase - 횟수 제한
00:00 +202 -1: D:/mg-games/repos/mg-common-game/test/core/cloud/cloud_save_manager_test.dart: TestableCloudSaveManager - _mergeSaves 복잡한 시나리오 merge - 모든 필드가 local only
00:00 +203 -1: D:/mg-games/repos/mg-common-game/test/core/economy/currency_manager_test.dart: RewardPackage canPurchase - 시간 제한
00:00 +204 -1: D:/mg-games/repos/mg-common-game/test/core/economy/currency_manager_test.dart: RewardPackage canPurchase - 시간 제한
00:00 +205 -1: D:/mg-games/repos/mg-common-game/test/core/cloud/cloud_save_manager_test.dart: TestableCloudSaveManager - _mergeSaves 복잡한 시나리오 merge - 음수 숫자
00:00 +206 -1: D:/mg-games/repos/mg-common-game/test/core/economy/currency_manager_test.dart: RewardPackage toJson/fromJson 변환
00:00 +207 -1: D:/mg-games/repos/mg-common-game/test/core/cloud/cloud_save_manager_test.dart: TestableCloudSaveManager - _mergeSaves 복잡한 시나리오 merge - 리스트에 중복 요소
00:00 +208 -1: D:/mg-games/repos/mg-common-game/test/core/cloud/cloud_save_manager_test.dart: TestableCloudSaveManager - sync 에러 처리 sync - 상태 변경: syncing -> synced
00:00 +209 -1: D:/mg-games/repos/mg-common-game/test/core/cloud/cloud_save_manager_test.dart: TestableCloudSaveManager - sync 에러 처리 sync - localSave와 cloudSave 모두 null
00:00 +210 -1: D:/mg-games/repos/mg-common-game/test/core/cloud/cloud_save_manager_test.dart: TestableCloudSaveManager - setValue 통합 setValue - 새로운 키 추가
00:00 +211 -1: D:/mg-games/repos/mg-common-game/test/core/cloud/cloud_save_manager_test.dart: TestableCloudSaveManager - setValue 통합 setValue - 기존 키 업데이트
00:00 +212 -1: D:/mg-games/repos/mg-common-game/test/core/cloud/cloud_save_manager_test.dart: TestableCloudSaveManager - setValue 통합 setValue - 다양한 타입
00:00 +213 -1: D:/mg-games/repos/mg-common-game/test/core/cloud/cloud_save_manager_test.dart: TestableCloudSaveManager - 상태 리스너 상세 상태 변경 시 모든 리스너 호출
00:00 +214 -1: D:/mg-games/repos/mg-common-game/test/core/cloud/cloud_save_manager_test.dart: TestableCloudSaveManager - 상태 리스너 상세 동일 상태 변경 시 리스너 호출 안됨
00:00 +215 -1: D:/mg-games/repos/mg-common-game/test/core/cloud/cloud_save_manager_test.dart: TestableCloudSaveManager - 초기화 상태 검증 초기화 전 상태
00:00 +216 -1: D:/mg-games/repos/mg-common-game/test/core/cloud/cloud_save_manager_test.dart: TestableCloudSaveManager - 초기화 상태 검증 초기화 후 상태
CloudSaveManager initialized for game: test_game, user: test_user
00:00 +217 -1: D:/mg-games/repos/mg-common-game/test/core/cloud/cloud_save_manager_test.dart: TestableCloudSaveManager - 초기화 상태 검증 초기화 - 모든 파라미터 설정
CloudSaveManager initialized for game: game_123, user: user_456
00:00 +218 -1: D:/mg-games/repos/mg-common-game/test/core/cloud/cloud_save_manager_test.dart: TestableCloudSaveManager - 버전 관리 첫 저장 - 버전 1
00:00 +219 -1: D:/mg-games/repos/mg-common-game/test/core/cloud/cloud_save_manager_test.dart: TestableCloudSaveManager - 버전 관리 연속 저장 - 버전 증가
00:00 +220 -1: D:/mg-games/repos/mg-common-game/test/core/cloud/cloud_save_manager_test.dart: TestableCloudSaveManager - 버전 관리 merge 후 버전 증가
00:00 +221 -1: D:/mg-games/repos/mg-common-game/test/core/cloud/cloud_save_manager_test.dart: TestableCloudSaveManager - 체크섬 검증 저장 시 체크섬 자동 생성
00:00 +222 -1: D:/mg-games/repos/mg-common-game/test/core/cloud/cloud_save_manager_test.dart: TestableCloudSaveManager - 체크섬 검증 동일 데이터 - 동일 체크섬
00:00 +223 -1: D:/mg-games/repos/mg-common-game/test/core/cloud/cloud_save_manager_test.dart: TestableCloudSaveManager - 체크섬 검증 다른 데이터 - 다른 체크섬
00:00 +224 -1: D:/mg-games/repos/mg-common-game/test/core/cloud/cloud_save_manager_test.dart: TestableCloudSaveManager - 타임스탬프 정확성 저장 시 현재 시간 기록
00:00 +225 -1: D:/mg-games/repos/mg-common-game/test/core/cloud/cloud_save_manager_test.dart: TestableCloudSaveManager - 타임스탬프 정확성 연속 저장 - 타임스탬프 증가
00:00 +226 -1: D:/mg-games/repos/mg-common-game/test/core/economy_test.dart: EconomySystem starts with 0 balance
00:00 +227 -1: D:/mg-games/repos/mg-common-game/test/core/economy_test.dart: EconomySystem starts with 0 balance
00:00 +228 -1: D:/mg-games/repos/mg-common-game/test/core/economy_test.dart: EconomySystem starts with 0 balance
00:00 +229 -1: D:/mg-games/repos/mg-common-game/test/core/cloud/cloud_save_manager_test.dart: TestableCloudSaveManager - ID 생성 생성된 ID에 타임스탬프 포함
00:00 +230 -1: D:/mg-games/repos/mg-common-game/test/core/economy_test.dart: EconomySystem addCurrency increases balance
00:00 +231 -1: D:/mg-games/repos/mg-common-game/test/core/cloud/cloud_save_manager_test.dart: TestableCloudSaveManager - ID 생성 연속 생성 - 고유 ID
00:00 +232 -1: D:/mg-games/repos/mg-common-game/test/core/cloud/cloud_save_manager_test.dart: TestableCloudSaveManager - ID 생성 연속 생성 - 고유 ID
00:00 +233 -1: D:/mg-games/repos/mg-common-game/test/core/cloud/cloud_save_manager_test.dart: TestableCloudSaveManager - ID 생성 연속 생성 - 고유 ID
00:00 +234 -1: D:/mg-games/repos/mg-common-game/test/core/cloud/cloud_save_manager_test.dart: TestableCloudSaveManager - ID 생성 연속 생성 - 고유 ID
00:00 +235 -1: D:/mg-games/repos/mg-common-game/test/core/economy_test.dart: EconomySystem emits CurrencyUpdatedEvent
00:00 +236 -1: D:/mg-games/repos/mg-common-game/test/core/economy_test.dart: EconomySystem emits CurrencyUpdatedEvent
00:00 +237 -1: D:/mg-games/repos/mg-common-game/test/core/economy_test.dart: EconomySystem emits CurrencyUpdatedEvent
00:00 +238 -1: D:/mg-games/repos/mg-common-game/test/core/economy_test.dart: EconomySystem emits CurrencyUpdatedEvent
00:01 +239 -1: D:/mg-games/repos/mg-common-game/test/core/engine/asset_manager_test.dart: AssetManager loadAllImages triggers loading
00:01 +240 -1: D:/mg-games/repos/mg-common-game/test/core/engine/asset_manager_test.dart: AssetManager loadAllAudio triggers loading
00:01 +241 -1: D:/mg-games/repos/mg-common-game/test/core/engine/asset_manager_test.dart: AssetManager loadAllImages with empty list
00:01 +242 -1: D:/mg-games/repos/mg-common-game/test/core/engine/asset_manager_test.dart: AssetManager loadAllAudio with empty list
00:01 +243 -1: D:/mg-games/repos/mg-common-game/test/core/engine/asset_manager_test.dart: AssetManager loadAllImages with single file
00:01 +244 -1: D:/mg-games/repos/mg-common-game/test/core/engine/asset_manager_test.dart: AssetManager loadAllAudio with single file
00:01 +245 -1: D:/mg-games/repos/mg-common-game/test/core/engine/asset_manager_test.dart: AssetManager Constructor default constructor creates instance
00:01 +246 -1: D:/mg-games/repos/mg-common-game/test/core/engine/asset_manager_test.dart: AssetManager Constructor custom images and audioCache injection
00:01 +247 -1: D:/mg-games/repos/mg-common-game/test/core/engine/asset_manager_test.dart: AssetManager Constructor only images injection
00:01 +248 -1: D:/mg-games/repos/mg-common-game/test/core/engine/asset_manager_test.dart: AssetManager Constructor only audioCache injection
00:01 +249 -1: D:/mg-games/repos/mg-common-game/test/core/engine/event_bus_test.dart: EventBus stream returns a broadcast stream
00:01 +250 -1: D:/mg-games/repos/mg-common-game/test/core/engine/event_bus_test.dart: EventBus stream allows multiple listeners
00:01 +251 -1: D:/mg-games/repos/mg-common-game/test/core/engine/event_bus_test.dart: EventBus fire emits event to stream
00:01 +252 -1: D:/mg-games/repos/mg-common-game/test/core/engine/event_bus_test.dart: EventBus fire emits typed event
00:01 +253 -1: D:/mg-games/repos/mg-common-game/test/core/engine/event_bus_test.dart: EventBus fire emits multiple events in order
00:01 +254 -1: D:/mg-games/repos/mg-common-game/test/core/engine/event_bus_test.dart: EventBus fire emits null event
00:01 +255 -1: D:/mg-games/repos/mg-common-game/test/core/engine/event_bus_test.dart: EventBus fire emits various types of events
00:01 +256 -1: D:/mg-games/repos/mg-common-game/test/core/engine/event_bus_test.dart: EventBus on<T> filters events by type
00:01 +257 -1: D:/mg-games/repos/mg-common-game/test/core/engine/event_bus_test.dart: EventBus on<T> returns empty stream when no matching events
00:01 +258 -1: D:/mg-games/repos/mg-common-game/test/core/engine/event_bus_test.dart: EventBus on<T> on<dynamic> returns all events
00:01 +259 -1: D:/mg-games/repos/mg-common-game/test/core/engine/event_bus_test.dart: EventBus on<T> filters by specific primitive type
00:01 +260 -1: D:/mg-games/repos/mg-common-game/test/core/engine/event_bus_test.dart: EventBus on<T> includes subclass events when filtering by parent type
00:01 +261 -1: D:/mg-games/repos/mg-common-game/test/core/engine/event_bus_test.dart: EventBus on<T> multiple type subscriptions work independently
00:01 +262 -1: D:/mg-games/repos/mg-common-game/test/core/engine/event_bus_test.dart: EventBus subscription cancellation can cancel subscription
00:01 +263 -1: D:/mg-games/repos/mg-common-game/test/core/engine/event_bus_test.dart: EventBus subscription cancellation can cancel typed subscription
00:01 +264 -1: D:/mg-games/repos/mg-common-game/test/core/engine/event_bus_test.dart: EventBus subscription cancellation other subscriptions continue after one is cancelled
00:01 +265 -1: D:/mg-games/repos/mg-common-game/test/core/engine/event_bus_test.dart: EventBus dispose closes the stream controller
00:01 +266 -1: D:/mg-games/repos/mg-common-game/test/core/engine/event_bus_test.dart: EventBus dispose calling fire after dispose throws error
00:01 +267 -1: D:/mg-games/repos/mg-common-game/test/core/engine/event_bus_test.dart: EventBus dispose calling dispose multiple times is safe
00:01 +268 -1: D:/mg-games/repos/mg-common-game/test/core/engine/event_bus_test.dart: EventBus edge cases no listeners - fire does not throw
00:01 +269 -1: D:/mg-games/repos/mg-common-game/test/core/engine/event_bus_test.dart: EventBus edge cases subscribing after fire does not receive past events
00:01 +270 -1: D:/mg-games/repos/mg-common-game/test/core/engine/event_bus_test.dart: EventBus edge cases high volume of events
00:01 +271 -1: D:/mg-games/repos/mg-common-game/test/core/engine/event_bus_test.dart: EventBus edge cases concurrent subscriptions and fires
00:01 +272 -1: D:/mg-games/repos/mg-common-game/test/core/engine/event_bus_test.dart: EventBus edge cases empty string event
00:01 +273 -1: D:/mg-games/repos/mg-common-game/test/core/engine/event_bus_test.dart: EventBus edge cases zero value event
00:01 +274 -1: D:/mg-games/repos/mg-common-game/test/core/engine/event_bus_test.dart: EventBus edge cases negative value event
00:01 +275 -1: D:/mg-games/repos/mg-common-game/test/core/engine/event_bus_test.dart: EventBus stream transformations can use stream operators with on<T>
00:01 +276 -1: D:/mg-games/repos/mg-common-game/test/core/engine/event_bus_test.dart: EventBus stream transformations can map events
00:01 +277 -1: D:/mg-games/repos/mg-common-game/test/core/engine/event_bus_test.dart: EventBus stream transformations can take limited events
00:01 +278 -1: D:/mg-games/repos/mg-common-game/test/core/engine/event_bus_test.dart: EventBus async event handling listener can handle events asynchronously
00:01 +279 -1: D:/mg-games/repos/mg-common-game/test/core/engine/event_bus_test.dart: EventBus async event handling awaiting first event with firstWhere
00:01 +280 -1: D:/mg-games/repos/mg-common-game/test/core/engine/event_bus_test.dart: EventBus error handling in listeners error in one listener does not affect others
00:01 +281 -1: D:/mg-games/repos/mg-common-game/test/core/engine_test.dart: EventBus fires and receives events
00:01 +282 -1: D:/mg-games/repos/mg-common-game/test/core/engine_test.dart: EventBus updates filtered types
00:01 +283 -1: D:/mg-games/repos/mg-common-game/test/core/engine_test.dart: GameManager initial state is initializing
00:01 +284 -1: D:/mg-games/repos/mg-common-game/test/core/engine_test.dart: GameManager initialize transitions to running
00:01 +285 -1: D:/mg-games/repos/mg-common-game/test/core/engine_test.dart: GameManager pause works only when running
Game Saved: 2026-03-03T16:21:37.642366
Game Saved: 2026-03-03T16:21:37.644371
00:01 +286 -1: D:/mg-games/repos/mg-common-game/test/core/engine_test.dart: GameManager emits state change events
00:01 +287 -1: D:/mg-games/repos/mg-common-game/test/core/event/event_system_test.dart: EventType 모든 이벤트 타입 존재
00:01 +288 -1: D:/mg-games/repos/mg-common-game/test/core/event/event_system_test.dart: EventStatus 모든 상태 존재
00:01 +289 -1: D:/mg-games/repos/mg-common-game/test/core/event/event_system_test.dart: EventRequirement 기본 생성
00:01 +290 -1: D:/mg-games/repos/mg-common-game/test/core/event/event_system_test.dart: EventRequirement toJson/fromJson 변환
00:01 +291 -1: D:/mg-games/repos/mg-common-game/test/core/event/event_system_test.dart: EventReward 기본 생성
00:01 +292 -1: D:/mg-games/repos/mg-common-game/test/core/event/event_system_test.dart: EventReward toJson/fromJson 변환
00:01 +293 -1: D:/mg-games/repos/mg-common-game/test/core/event/event_system_test.dart: GameEvent 기본 생성
00:01 +294 -1: D:/mg-games/repos/mg-common-game/test/core/event/event_system_test.dart: GameEvent isActive - 활성화된 이벤트
00:01 +295 -1: D:/mg-games/repos/mg-common-game/test/core/event/event_system_test.dart: GameEvent isActive - 비활성화된 이벤트
00:01 +296 -1: D:/mg-games/repos/mg-common-game/test/core/event/event_system_test.dart: GameEvent canParticipate - 참여 가능
00:01 +297 -1: D:/mg-games/repos/mg-common-game/test/core/event/event_system_test.dart: GameEvent canParticipate - 조건 불충족
00:01 +298 -1: D:/mg-games/repos/mg-common-game/test/core/event/event_system_test.dart: GameEvent canParticipate - 정원 초과
00:01 +299 -1: D:/mg-games/repos/mg-common-game/test/core/event/event_system_test.dart: GameEvent progress 계산
00:01 +300 -1: D:/mg-games/repos/mg-common-game/test/core/event/event_system_test.dart: GameEvent copyWith
00:01 +301 -1: D:/mg-games/repos/mg-common-game/test/core/event/event_system_test.dart: GameEvent toJson/fromJson 변환
00:01 +302 -1: D:/mg-games/repos/mg-common-game/test/core/event/event_system_test.dart: PlayerEventProgress 기본 생성
00:01 +303 -1: D:/mg-games/repos/mg-common-game/test/core/event/event_system_test.dart: PlayerEventProgress toJson/fromJson 변환
00:01 +304 -1: D:/mg-games/repos/mg-common-game/test/core/event/event_system_test.dart: EventSystem 싱글톤 인스턴스
00:01 +305 -1: D:/mg-games/repos/mg-common-game/test/core/event/event_system_test.dart: EventSystem 초기화 후 isInitialized는 true
00:01 +306 -1: D:/mg-games/repos/mg-common-game/test/core/event/event_system_test.dart: EventSystem registerEvent로 이벤트 등록
00:01 +307 -1: D:/mg-games/repos/mg-common-game/test/core/event/event_system_test.dart: EventSystem registerEvents로 여러 이벤트 등록
00:01 +308 -1: D:/mg-games/repos/mg-common-game/test/core/event/event_system_test.dart: EventSystem activeEvents로 활성 이벤트 필터링
00:01 +309 -1: D:/mg-games/repos/mg-common-game/test/core/event/event_system_test.dart: EventSystem participatableEvents로 참여 가능한 이벤트 필터링
00:01 +310 -1: D:/mg-games/repos/mg-common-game/test/core/event/event_system_test.dart: EventSystem earnEventPoints로 포인트 획득
00:01 +311 -1: D:/mg-games/repos/mg-common-game/test/core/event/event_system_test.dart: EventSystem participateInEvent로 참여 처리
00:01 +312 -1: D:/mg-games/repos/mg-common-game/test/core/event/event_system_test.dart: EventSystem getProgress로 진행률 조회
00:01 +313 -1: D:/mg-games/repos/mg-common-game/test/core/event/event_system_test.dart: EventSystem ChangeNotifier 상속
00:01 +314 -1: D:/mg-games/repos/mg-common-game/test/core/event/event_system_test.dart: EventSystem clearData로 모든 데이터 초기화
00:01 +315 -1: D:/mg-games/repos/mg-common-game/test/core/event/event_system_test.dart: EventStatistics 기본 생성
00:01 +316 -1: D:/mg-games/repos/mg-common-game/test/core/event/event_system_test.dart: EventStatistics completionRate 계산
00:01 +317 -1: D:/mg-games/repos/mg-common-game/test/core/event/event_system_test.dart: EventStatistics completionRate - 0으로 나누기 방지
00:01 +318 -1: D:/mg-games/repos/mg-common-game/test/core/event/event_system_test.dart: EventStatistics toJson/fromJson 변환
00:01 +319 -1: D:/mg-games/repos/mg-common-game/test/core/notifications/notification_manager_test.dart: NotificationType 모든 타입 정의
00:01 +320 -1: D:/mg-games/repos/mg-common-game/test/core/notifications/notification_manager_test.dart: NotificationType 타입 인덱스 순서
00:01 +321 -1: D:/mg-games/repos/mg-common-game/test/core/notifications/notification_manager_test.dart: NotificationType 타입 이름
00:01 +322 -1: D:/mg-games/repos/mg-common-game/test/core/notifications/notification_manager_test.dart: NotificationPriority 모든 우선순위 정의
00:01 +323 -1: D:/mg-games/repos/mg-common-game/test/core/notifications/notification_manager_test.dart: NotificationPriority 우선순위 인덱스 순서
00:01 +324 -1: D:/mg-games/repos/mg-common-game/test/core/notifications/notification_manager_test.dart: NotificationPriority 우선순위 이름
00:01 +325 -1: D:/mg-games/repos/mg-common-game/test/core/notifications/notification_manager_test.dart: GameNotification 기본 생성
00:01 +326 -1: D:/mg-games/repos/mg-common-game/test/core/notifications/notification_manager_test.dart: GameNotification 우선순위 설정
00:01 +327 -1: D:/mg-games/repos/mg-common-game/test/core/notifications/notification_manager_test.dart: GameNotification 예약 시간 설정
00:01 +328 -1: D:/mg-games/repos/mg-common-game/test/core/notifications/notification_manager_test.dart: GameNotification 페이로드 설정
00:01 +329 -1: D:/mg-games/repos/mg-common-game/test/core/notifications/notification_manager_test.dart: GameNotification toJson 변환
00:01 +330 -1: D:/mg-games/repos/mg-common-game/test/core/notifications/notification_manager_test.dart: GameNotification fromJson 복원
00:01 +331 -1: D:/mg-games/repos/mg-common-game/test/core/notifications/notification_manager_test.dart: GameNotification fromJson 알 수 없는 타입 처리
00:01 +332 -1: D:/mg-games/repos/mg-common-game/test/core/notifications/notification_manager_test.dart: GameNotification toJson 전체 필드 포함
00:01 +333 -1: D:/mg-games/repos/mg-common-game/test/core/notifications/notification_manager_test.dart: GameNotification fromJson 전체 필드 복원
00:01 +334 -1: D:/mg-games/repos/mg-common-game/test/core/notifications/notification_manager_test.dart: GameNotification fromJson null 필드 처리
00:01 +335 -1: D:/mg-games/repos/mg-common-game/test/core/notifications/notification_manager_test.dart: GameNotification 모든 NotificationType으로 생성 가능
00:01 +336 -1: D:/mg-games/repos/mg-common-game/test/core/notifications/notification_manager_test.dart: GameNotification 모든 NotificationPriority로 생성 가능
00:01 +337 -1: D:/mg-games/repos/mg-common-game/test/core/notifications/notification_manager_test.dart: GameNotification fromJson-toJson 라운드트립
00:01 +338 -1: D:/mg-games/repos/mg-common-game/test/core/notifications/notification_manager_test.dart: NotificationScheduler 다음 발생 시간 - 오늘
00:01 +339 -1: D:/mg-games/repos/mg-common-game/test/core/notifications/notification_manager_test.dart: NotificationScheduler 다음 발생 시간 - 내일
00:01 +340 -1: D:/mg-games/repos/mg-common-game/test/core/notifications/notification_manager_test.dart: NotificationScheduler 다음 발생 시간 - 분 지정
00:01 +341 -1: D:/mg-games/repos/mg-common-game/test/core/notifications/notification_manager_test.dart: NotificationScheduler 에너지 충전 시간 - 이미 충전됨
00:01 +342 -1: D:/mg-games/repos/mg-common-game/test/core/notifications/notification_manager_test.dart: NotificationScheduler 에너지 충전 시간 계산
00:01 +343 -1: D:/mg-games/repos/mg-common-game/test/core/notifications/notification_manager_test.dart: NotificationScheduler 에너지 충전 시간 - 초과 충전
00:01 +344 -1: D:/mg-games/repos/mg-common-game/test/core/notifications/notification_manager_test.dart: NotificationScheduler 에너지 충전 시간 - 1분 간격
00:01 +345 -1: D:/mg-games/repos/mg-common-game/test/core/notifications/notification_manager_test.dart: NotificationScheduler 다음 일일 리셋
00:01 +346 -1: D:/mg-games/repos/mg-common-game/test/core/notifications/notification_manager_test.dart: NotificationScheduler 다음 일일 리셋 - 오후 시간
00:01 +347 -1: D:/mg-games/repos/mg-common-game/test/core/notifications/notification_manager_test.dart: NotificationScheduler 다음 주간 리셋
00:01 +348 -1: D:/mg-games/repos/mg-common-game/test/core/notifications/notification_manager_test.dart: NotificationScheduler 다음 주간 리셋 - 일요일
00:01 +349 -1: D:/mg-games/repos/mg-common-game/test/core/notifications/notification_manager_test.dart: NotificationScheduler 다음 주간 리셋 - 모든 요일
00:01 +350 -1: D:/mg-games/repos/mg-common-game/test/core/notifications/notification_manager_test.dart: NotificationManager 싱글톤 인스턴스
00:01 +351 -1: D:/mg-games/repos/mg-common-game/test/core/notifications/notification_manager_test.dart: NotificationManager 초기 상태
00:01 +352 -1: D:/mg-games/repos/mg-common-game/test/core/notifications/notification_manager_test.dart: NotificationManager pendingNotifications 초기 상태
00:01 +353 -1: D:/mg-games/repos/mg-common-game/test/core/notifications/notification_manager_test.dart: NotificationManager deliveredNotifications 초기 상태
00:01 +354 -1: D:/mg-games/repos/mg-common-game/test/core/notifications/notification_manager_test.dart: NotificationManager pendingNotifications는 불변 리스트
00:01 +355 -1: D:/mg-games/repos/mg-common-game/test/core/notifications/notification_manager_test.dart: NotificationManager deliveredNotifications는 불변 리스트
00:01 +356 -1: D:/mg-games/repos/mg-common-game/test/core/notifications/notification_manager_test.dart: NotificationManager getPendingNotification - 존재하지 않는 ID
00:01 +357 -1: D:/mg-games/repos/mg-common-game/test/core/notifications/notification_manager_test.dart: NotificationManager isScheduled - 존재하지 않는 ID
00:01 +358 -1: D:/mg-games/repos/mg-common-game/test/core/notifications/notification_manager_test.dart: NotificationManager ChangeNotifier 상속
00:01 +359 -1: D:/mg-games/repos/mg-common-game/test/core/notifications/notification_manager_test.dart: TestableNotificationManager - initialize 초기화 전 상태
00:01 +360 -1: D:/mg-games/repos/mg-common-game/test/core/notifications/notification_manager_test.dart: TestableNotificationManager - initialize 초기화 후 상태
NotificationManager initialized
00:01 +361 -1: D:/mg-games/repos/mg-common-game/test/core/notifications/notification_manager_test.dart: TestableNotificationManager - initialize 중복 초기화 무시
NotificationManager initialized
00:01 +362 -1: D:/mg-games/repos/mg-common-game/test/core/notifications/notification_manager_test.dart: TestableNotificationManager - initialize 콜백 설정
NotificationManager initialized
00:01 +363 -1: D:/mg-games/repos/mg-common-game/test/core/notifications/notification_manager_test.dart: TestableNotificationManager - requestPermission 초기화 전 requestPermission 에러
00:01 +364 -1: D:/mg-games/repos/mg-common-game/test/core/notifications/notification_manager_test.dart: TestableNotificationManager - requestPermission 초기화 후 requestPermission 성공
NotificationManager initialized
00:01 +365 -1: D:/mg-games/repos/mg-common-game/test/core/notifications/notification_manager_test.dart: TestableNotificationManager - scheduleNotification 알림 예약
NotificationManager initialized
Scheduled notification: test_001
00:01 +366 -1: D:/mg-games/repos/mg-common-game/test/core/notifications/notification_manager_test.dart: TestableNotificationManager - scheduleNotification 여러 알림 예약
NotificationManager initialized
Scheduled notification: test_1
Scheduled notification: test_2
Scheduled notification: test_3
00:01 +367 -1: D:/mg-games/repos/mg-common-game/test/core/notifications/notification_manager_test.dart: TestableNotificationManager - scheduleNotification 초기화되지 않은 상태에서 예약 무시
NotificationManager initialized
00:01 +368 -1: D:/mg-games/repos/mg-common-game/test/core/notifications/notification_manager_test.dart: TestableNotificationManager - scheduleNotification 권한 없는 상태에서 예약 무시
NotificationManager initialized
NotificationManager initialized
00:01 +369 -1: D:/mg-games/repos/mg-common-game/test/core/notifications/notification_manager_test.dart: TestableNotificationManager - scheduleNotification notifyListeners 호출
NotificationManager initialized
Scheduled notification: test
00:01 +370 -1: D:/mg-games/repos/mg-common-game/test/core/notifications/notification_manager_test.dart: TestableNotificationManager - showNotification 즉시 알림 표시
NotificationManager initialized
Showed notification: show_test
00:01 +371 -1: D:/mg-games/repos/mg-common-game/test/core/notifications/notification_manager_test.dart: TestableNotificationManager - showNotification onReceived 콜백 호출
NotificationManager initialized
NotificationManager initialized
Showed notification: callback_test
00:01 +372 -1: D:/mg-games/repos/mg-common-game/test/core/notifications/notification_manager_test.dart: TestableNotificationManager - showNotification 초기화되지 않은 상태에서 무시
NotificationManager initialized
00:01 +373 -1: D:/mg-games/repos/mg-common-game/test/core/notifications/notification_manager_test.dart: TestableNotificationManager - cancelNotification 예약된 알림 취소
NotificationManager initialized
Scheduled notification: cancel_test
Cancelled notification: cancel_test
00:01 +374 -1: D:/mg-games/repos/mg-common-game/test/core/notifications/notification_manager_test.dart: TestableNotificationManager - cancelNotification 존재하지 않는 알림 취소
NotificationManager initialized
Scheduled notification: existing
Cancelled notification: non_existent
00:01 +375 -1: D:/mg-games/repos/mg-common-game/test/core/notifications/notification_manager_test.dart: TestableNotificationManager - cancelNotification 초기화되지 않은 상태에서 무시
NotificationManager initialized
00:01 +376 -1: D:/mg-games/repos/mg-common-game/test/core/notifications/notification_manager_test.dart: TestableNotificationManager - cancelAllNotifications 모든 알림 취소
NotificationManager initialized
Scheduled notification: test_1
Scheduled notification: test_2
Scheduled notification: test_3
Scheduled notification: test_4
Scheduled notification: test_5
Cancelled all notifications
00:01 +377 -1: D:/mg-games/repos/mg-common-game/test/core/notifications/notification_manager_test.dart: TestableNotificationManager - getPendingNotification 존재하는 알림 조회
NotificationManager initialized
Scheduled notification: find_me
00:01 +378 -1: D:/mg-games/repos/mg-common-game/test/core/notifications/notification_manager_test.dart: TestableNotificationManager - getPendingNotification 존재하지 않는 알림 조회
NotificationManager initialized
00:01 +379 -1: D:/mg-games/repos/mg-common-game/test/core/notifications/notification_manager_test.dart: TestableNotificationManager - isScheduled 예약된 알림 확인
NotificationManager initialized
Scheduled notification: scheduled_id
00:01 +380 -1: D:/mg-games/repos/mg-common-game/test/core/notifications/notification_manager_test.dart: TestableNotificationManager - handleNotificationTap onTapped 콜백 호출
NotificationManager initialized
00:01 +381 -1: D:/mg-games/repos/mg-common-game/test/core/notifications/notification_manager_test.dart: TestableNotificationManager - handleNotificationTap actionId null로 호출
NotificationManager initialized
00:01 +382 -1: D:/mg-games/repos/mg-common-game/test/core/notifications/notification_manager_test.dart: TestableNotificationManager - clearDeliveredNotifications 전달된 알림 목록 클리어
NotificationManager initialized
Showed notification: delivered_1
Showed notification: delivered_2
Showed notification: delivered_3
00:01 +383 -1: D:/mg-games/repos/mg-common-game/test/core/notifications/notification_manager_test.dart: TestableNotificationManager - clearDeliveredNotifications notifyListeners 호출
NotificationManager initialized
00:01 +384 -1: D:/mg-games/repos/mg-common-game/test/core/notifications/notification_manager_test.dart: TestableNotificationManager - Template Methods scheduleDailyRewardNotification
NotificationManager initialized
Scheduled notification: daily_reward
00:01 +385 -1: D:/mg-games/repos/mg-common-game/test/core/notifications/notification_manager_test.dart: TestableNotificationManager - Template Methods scheduleDailyRewardNotification 커스텀 제목
NotificationManager initialized
Scheduled notification: daily_reward
00:01 +386 -1: D:/mg-games/repos/mg-common-game/test/core/optimization/device_capability_test.dart: DeviceTier displayName returns correct values
00:01 +386 -1: D:/mg-games/repos/mg-common-game/test/core/notifications/notification_manager_test.dart: TestableNotificationManager - Template Methods scheduleEnergyFullNotification
NotificationManager initialized
Scheduled notification: energy_full
00:01 +387 -1: D:/mg-games/repos/mg-common-game/test/core/optimization/device_capability_test.dart: DeviceTier displayName returns correct values
00:01 +387 -1: D:/mg-games/repos/mg-common-game/test/core/notifications/notification_manager_test.dart: TestableNotificationManager - Template Methods scheduleEnergyFullNotification 커스텀 메시지
NotificationManager initialized
Scheduled notification: energy_full
00:01 +388 -1: D:/mg-games/repos/mg-common-game/test/core/optimization/device_capability_test.dart: DeviceTier displayName returns correct values
00:01 +388 -1: D:/mg-games/repos/mg-common-game/test/core/notifications/notification_manager_test.dart: TestableNotificationManager - Template Methods scheduleFreeSpinNotification
NotificationManager initialized
Scheduled notification: free_spin
00:01 +389 -1: D:/mg-games/repos/mg-common-game/test/core/optimization/device_capability_test.dart: DeviceTier displayName returns correct values
00:01 +389 -1: D:/mg-games/repos/mg-common-game/test/core/notifications/notification_manager_test.dart: TestableNotificationManager - Template Methods scheduleEventNotification - 시작
NotificationManager initialized
Scheduled notification: event_summer_2025_start
00:01 +390 -1: D:/mg-games/repos/mg-common-game/test/core/optimization/device_capability_test.dart: DeviceTier displayName returns correct values
00:01 +390 -1: D:/mg-games/repos/mg-common-game/test/core/notifications/notification_manager_test.dart: TestableNotificationManager - Template Methods scheduleEventNotification - 종료
NotificationManager initialized
Scheduled notification: event_winter_event_end
00:01 +391 -1: D:/mg-games/repos/mg-common-game/test/core/optimization/device_capability_test.dart: DeviceTier displayName returns correct values
00:01 +391 -1: D:/mg-games/repos/mg-common-game/test/core/notifications/notification_manager_test.dart: TestableNotificationManager - Template Methods scheduleComebackNotification
NotificationManager initialized
Scheduled notification: comeback
00:01 +392 -1: D:/mg-games/repos/mg-common-game/test/core/optimization/device_capability_test.dart: DeviceTier displayName returns correct values
00:01 +392 -1: D:/mg-games/repos/mg-common-game/test/core/notifications/notification_manager_test.dart: TestableNotificationManager - Template Methods scheduleComebackNotification 기본값
NotificationManager initialized
Scheduled notification: comeback
00:01 +393 -1: D:/mg-games/repos/mg-common-game/test/core/optimization/device_capability_test.dart: DeviceTier displayName returns correct values
00:01 +393 -1: D:/mg-games/repos/mg-common-game/test/core/notifications/notification_manager_test.dart: TestableNotificationManager - dispose dispose 후 리스트 클리어
NotificationManager initialized
Scheduled notification: test
Showed notification: show
00:01 +394 -1: D:/mg-games/repos/mg-common-game/test/core/optimization/device_capability_test.dart: DeviceTier displayName returns correct values
00:01 +395 -1: D:/mg-games/repos/mg-common-game/test/core/notifications/notification_manager_test.dart: 콜백 타입 NotificationCallback 타입 정의
00:01 +396 -1: D:/mg-games/repos/mg-common-game/test/core/optimization/device_capability_test.dart: DeviceTier index returns correct values
00:01 +397 -1: D:/mg-games/repos/mg-common-game/test/core/notifications/notification_manager_test.dart: 콜백 타입 NotificationTapCallback 타입 정의
00:01 +398 -1: D:/mg-games/repos/mg-common-game/test/core/optimization/device_capability_test.dart: DeviceTier performanceMultiplier returns correct values
00:01 +399 -1: D:/mg-games/repos/mg-common-game/test/core/notifications/notification_manager_test.dart: NotificationScheduler - 추가 테스트 nextOccurrence - 자정
00:01 +400 -1: D:/mg-games/repos/mg-common-game/test/core/optimization/device_capability_test.dart: DeviceInfo hasEnoughMemory returns true for 4GB+
00:01 +401 -1: D:/mg-games/repos/mg-common-game/test/core/notifications/notification_manager_test.dart: NotificationScheduler - 추가 테스트 nextOccurrence - 23시 59분
00:01 +402 -1: D:/mg-games/repos/mg-common-game/test/core/optimization/device_capability_test.dart: DeviceInfo hasEnoughMemory returns false for less than 4GB
00:01 +403 -1: D:/mg-games/repos/mg-common-game/test/core/optimization/device_capability_test.dart: DeviceInfo hasEnoughMemory returns false for less than 4GB
00:01 +404 -1: D:/mg-games/repos/mg-common-game/test/core/notifications/notification_manager_test.dart: NotificationScheduler - 추가 테스트 nextWeeklyReset - 수요일
00:01 +405 -1: D:/mg-games/repos/mg-common-game/test/core/optimization/device_capability_test.dart: DeviceInfo isHighDensity returns true for 2.5+ density
00:01 +406 -1: D:/mg-games/repos/mg-common-game/test/core/notifications/notification_manager_test.dart: NotificationScheduler - 추가 테스트 nextWeeklyReset - 금요일 저녁
00:01 +407 -1: D:/mg-games/repos/mg-common-game/test/core/optimization/device_capability_test.dart: DeviceInfo isHighDensity returns false for less than 2.5 density
00:01 +408 -1: D:/mg-games/repos/mg-common-game/test/core/optimization/device_capability_test.dart: DeviceInfo isMobile returns true for Android
00:01 +409 -1: D:/mg-games/repos/mg-common-game/test/core/optimization/device_capability_test.dart: DeviceInfo isMobile returns true for iOS
00:01 +410 -1: D:/mg-games/repos/mg-common-game/test/core/optimization/device_capability_test.dart: DeviceInfo isMobile returns false for web
00:01 +411 -1: D:/mg-games/repos/mg-common-game/test/core/optimization/device_capability_test.dart: TextureQuality scaleFactor returns correct values
00:01 +412 -1: D:/mg-games/repos/mg-common-game/test/core/optimization/device_capability_test.dart: TextureQuality displayName returns correct values
00:01 +413 -1: D:/mg-games/repos/mg-common-game/test/core/optimization/device_capability_test.dart: PerformanceTestResult recommendedTier returns high for excellent performance
00:01 +414 -1: D:/mg-games/repos/mg-common-game/test/core/optimization/device_capability_test.dart: PerformanceTestResult recommendedTier returns mid for good performance
00:01 +415 -1: D:/mg-games/repos/mg-common-game/test/core/optimization/device_capability_test.dart: PerformanceTestResult recommendedTier returns low for poor performance
00:01 +416 -1: D:/mg-games/repos/mg-common-game/test/core/optimization/device_capability_test.dart: PerformanceTestResult recommendedTier 경계값 테스트 - high/mid
00:01 +417 -1: D:/mg-games/repos/mg-common-game/test/core/optimization/device_capability_test.dart: PerformanceTestResult recommendedTier 경계값 테스트 - mid/low
00:01 +418 -1: D:/mg-games/repos/mg-common-game/test/core/optimization/device_capability_test.dart: PerformanceTestResult recommendedTier minFps가 기준 미달이면 낮은 티어
00:01 +419 -1: D:/mg-games/repos/mg-common-game/test/core/optimization/device_capability_test.dart: DevicePlatform 모든 플랫폼 정의
00:01 +420 -1: D:/mg-games/repos/mg-common-game/test/core/optimization/device_capability_test.dart: DevicePlatform 플랫폼 인덱스 순서
00:01 +421 -1: D:/mg-games/repos/mg-common-game/test/core/optimization/device_capability_test.dart: DevicePlatform 플랫폼 이름
00:01 +422 -1: D:/mg-games/repos/mg-common-game/test/core/optimization/device_capability_test.dart: MGDeviceCapability tier는 DeviceTier 반환
00:01 +423 -1: D:/mg-games/repos/mg-common-game/test/core/optimization/device_capability_test.dart: MGDeviceCapability info는 DeviceInfo 반환
00:01 +424 -1: D:/mg-games/repos/mg-common-game/test/core/optimization/device_capability_test.dart: MGDeviceCapability info는 필수 속성 포함
00:01 +425 -1: D:/mg-games/repos/mg-common-game/test/core/optimization/device_capability_test.dart: MGDeviceCapability clearCache로 캐시 초기화
00:01 +426 -1: D:/mg-games/repos/mg-common-game/test/core/optimization/device_capability_test.dart: MGDeviceCapability 성능 추정 estimatedGpuPerformance는 0.0~1.0 범위
00:01 +427 -1: D:/mg-games/repos/mg-common-game/test/core/optimization/device_capability_test.dart: MGDeviceCapability 성능 추정 estimatedCpuPerformance는 0.0~1.0 범위
00:01 +428 -1: D:/mg-games/repos/mg-common-game/test/core/optimization/device_capability_test.dart: MGDeviceCapability 성능 추정 recommendedFps는 30, 45, 60 중 하나
00:01 +429 -1: D:/mg-games/repos/mg-common-game/test/core/optimization/device_capability_test.dart: MGDeviceCapability 성능 추정 recommendedTextureQuality는 TextureQuality 반환
00:01 +430 -1: D:/mg-games/repos/mg-common-game/test/core/optimization/device_capability_test.dart: MGDeviceCapability 성능 추정 성능 추정 값은 티어와 일치
00:01 +431 -1: D:/mg-games/repos/mg-common-game/test/core/optimization/device_capability_test.dart: DeviceInfo 생성자 기본 생성
00:01 +432 -1: D:/mg-games/repos/mg-common-game/test/core/optimization/device_capability_test.dart: DeviceInfo 생성자 const 생성자
00:02 +433 -1: D:/mg-games/repos/mg-common-game/test/core/optimization/device_capability_test.dart: DeviceInfo 생성자 다양한 RAM 크기
00:02 +434 -1: D:/mg-games/repos/mg-common-game/test/core/optimization/device_capability_test.dart: DeviceInfo 생성자 다양한 화면 밀도
00:02 +435 -1: D:/mg-games/repos/mg-common-game/test/core/optimization/device_capability_test.dart: PerformanceTestResult 필드 모든 필드 포함
00:02 +436 -1: D:/mg-games/repos/mg-common-game/test/core/optimization/device_capability_test.dart: PerformanceTestResult 필드 zero dropped frames
00:02 +437 -1: D:/mg-games/repos/mg-common-game/test/core/optimization/device_capability_test.dart: PerformanceTestResult 필드 높은 드롭 프레임
00:02 +438 -1: D:/mg-games/repos/mg-common-game/test/core/optimization/device_capability_test.dart: PerformanceTestResult 필드 const 생성자
00:02 +439 -1: D:/mg-games/repos/mg-common-game/test/core/optimization/device_capability_test.dart: TextureQuality 모든 값 모든 품질 레벨 정의
00:02 +440 -1: D:/mg-games/repos/mg-common-game/test/core/optimization/device_capability_test.dart: TextureQuality 모든 값 품질 인덱스 순서
00:02 +441 -1: D:/mg-games/repos/mg-common-game/test/core/optimization/device_capability_test.dart: TextureQuality 모든 값 품질 이름
00:02 +442 -1: D:/mg-games/repos/mg-common-game/test/core/optimization/device_capability_test.dart: DeviceTier 모든 값 모든 티어 레벨 정의
00:02 +443 -1: D:/mg-games/repos/mg-common-game/test/core/optimization/device_capability_test.dart: DeviceTier 모든 값 티어 인덱스 순서
00:02 +444 -1: D:/mg-games/repos/mg-common-game/test/core/optimization/device_capability_test.dart: DeviceTier 모든 값 티어 이름
00:02 +445 -1: D:/mg-games/repos/mg-common-game/test/core/optimization/device_capability_test.dart: MGDeviceCapability 캐싱 동작 tier는 캐시되어 같은 객체 반환
00:02 +446 -1: D:/mg-games/repos/mg-common-game/test/core/optimization/device_capability_test.dart: MGDeviceCapability 캐싱 동작 info는 캐시되어 같은 객체 반환
00:02 +447 -1: D:/mg-games/repos/mg-common-game/test/core/optimization/device_capability_test.dart: MGDeviceCapability 캐싱 동작 clearCache 후 새로운 감지 수행
00:02 +448 -1: D:/mg-games/repos/mg-common-game/test/core/optimization/device_capability_test.dart: MGDeviceCapability 성능 추정 - Low Tier low tier GPU performance는 0.3
00:02 +449 -1: D:/mg-games/repos/mg-common-game/test/core/optimization/device_capability_test.dart: MGDeviceCapability 성능 추정 - Low Tier low tier CPU performance는 0.3
00:02 +450 -1: D:/mg-games/repos/mg-common-game/test/core/optimization/device_capability_test.dart: MGDeviceCapability 성능 추정 - Low Tier low tier recommended FPS는 30
00:02 +451 -1: D:/mg-games/repos/mg-common-game/test/core/optimization/device_capability_test.dart: MGDeviceCapability 성능 추정 - Low Tier low tier texture quality는 low
00:02 +452 -1: D:/mg-games/repos/mg-common-game/test/core/optimization/device_capability_test.dart: DeviceInfo 플랫폼별 테스트 Android 플랫폼 정보
00:02 +453 -1: D:/mg-games/repos/mg-common-game/test/core/optimization/device_capability_test.dart: DeviceInfo 플랫폼별 테스트 iOS 플랫폼 정보
00:02 +454 -1: D:/mg-games/repos/mg-common-game/test/core/optimization/device_capability_test.dart: DeviceInfo 플랫폼별 테스트 Web 플랫폼 정보
00:02 +455 -1: D:/mg-games/repos/mg-common-game/test/core/optimization/device_capability_test.dart: DeviceInfo 플랫폼별 테스트 Other 플랫폼 정보
00:02 +456 -1: D:/mg-games/repos/mg-common-game/test/core/optimization/device_capability_test.dart: DeviceInfo 태블릿 감지 태블릿 기기 감지
00:02 +457 -1: D:/mg-games/repos/mg-common-game/test/core/optimization/device_capability_test.dart: DeviceInfo 태블릿 감지 휴대폰 기기 감지
00:02 +458 -1: D:/mg-games/repos/mg-common-game/test/core/optimization/device_capability_test.dart: DeviceInfo 메모리 경계값 정확히 4GB는 충분한 메모리
00:02 +459 -1: D:/mg-games/repos/mg-common-game/test/core/optimization/device_capability_test.dart: DeviceInfo 메모리 경계값 3.99GB는 부족한 메모리
00:02 +460 -1: D:/mg-games/repos/mg-common-game/test/core/optimization/device_capability_test.dart: DeviceInfo 메모리 경계값 매우 높은 RAM (16GB)
00:02 +461 -1: D:/mg-games/repos/mg-common-game/test/core/optimization/device_capability_test.dart: DeviceInfo 화면 밀도 경계값 정확히 2.5 밀도는 고해상도
00:02 +462 -1: D:/mg-games/repos/mg-common-game/test/core/optimization/device_capability_test.dart: DeviceInfo 화면 밀도 경계값 2.49 밀도는 저해상도
00:02 +463 -1: D:/mg-games/repos/mg-common-game/test/core/optimization/device_capability_test.dart: DeviceInfo 화면 밀도 경계값 매우 높은 밀도 (4.0)
00:02 +464 -1: D:/mg-games/repos/mg-common-game/test/core/optimization/device_capability_test.dart: PerformanceTestResult 경계값 상세 high tier 경계: averageFps 55, minFps 45
00:02 +465 -1: D:/mg-games/repos/mg-common-game/test/core/optimization/device_capability_test.dart: PerformanceTestResult 경계값 상세 high tier 경계 미달: averageFps 54.9, minFps 45
00:02 +466 -1: D:/mg-games/repos/mg-common-game/test/core/optimization/device_capability_test.dart: PerformanceTestResult 경계값 상세 mid tier 경계: averageFps 40, minFps 25
00:02 +467 -1: D:/mg-games/repos/mg-common-game/test/core/optimization/device_capability_test.dart: PerformanceTestResult 경계값 상세 mid tier 경계 미달: averageFps 39.9, minFps 25
00:02 +468 -1: D:/mg-games/repos/mg-common-game/test/core/optimization/device_capability_test.dart: PerformanceTestResult 경계값 상세 low tier: averageFps 30, minFps 20
00:02 +469 -1: D:/mg-games/repos/mg-common-game/test/core/optimization/device_capability_test.dart: TextureQuality 스케일 팩터 정밀도 low quality scale factor 정확성
00:02 +470 -1: D:/mg-games/repos/mg-common-game/test/core/optimization/device_capability_test.dart: TextureQuality 스케일 팩터 정밀도 medium quality scale factor 정확성
00:02 +471 -1: D:/mg-games/repos/mg-common-game/test/core/optimization/device_capability_test.dart: TextureQuality 스케일 팩터 정밀도 high quality scale factor 정확성
00:02 +472 -1: D:/mg-games/repos/mg-common-game/test/core/optimization/device_capability_test.dart: DeviceTier 성능 배수 정밀도 low tier performance multiplier
00:02 +473 -1: D:/mg-games/repos/mg-common-game/test/core/optimization/device_capability_test.dart: DeviceTier 성능 배수 정밀도 mid tier performance multiplier
00:02 +474 -1: D:/mg-games/repos/mg-common-game/test/core/optimization/device_capability_test.dart: DeviceTier 성능 배수 정밀도 high tier performance multiplier
00:02 +475 -1: D:/mg-games/repos/mg-common-game/test/core/optimization/device_capability_test.dart: MGDeviceCapability 통합 테스트 tier와 info는 일관성 있음
00:02 +476 -1: D:/mg-games/repos/mg-common-game/test/core/optimization/device_capability_test.dart: MGDeviceCapability 통합 테스트 모든 성능 추정 값이 tier와 일치
00:02 +477 -1: D:/mg-games/repos/mg-common-game/test/core/optimization/device_capability_test.dart: MGDeviceCapability 통합 테스트 web 플랫폼은 기본값 반환
00:02 +478 -1: D:/mg-games/repos/mg-common-game/test/core/optimization/performance_profiler_test.dart: PerformanceData 기본 생성
00:02 +479 -1: D:/mg-games/repos/mg-common-game/test/core/optimization/performance_profiler_test.dart: PerformanceData 기본 생성
00:02 +480 -1: D:/mg-games/repos/mg-common-game/test/core/optimization/performance_profiler_test.dart: PerformanceData 기본 생성
00:02 +481 -1: D:/mg-games/repos/mg-common-game/test/core/optimization/performance_profiler_test.dart: PerformanceData 기본 생성
00:02 +482 -1: D:/mg-games/repos/mg-common-game/test/core/optimization/performance_profiler_test.dart: PerformanceData 기본 생성
00:02 +483 -1: D:/mg-games/repos/mg-common-game/test/core/optimization/performance_profiler_test.dart: PerformanceData 기본 생성
00:02 +484 -1: D:/mg-games/repos/mg-common-game/test/core/optimization/performance_profiler_test.dart: PerformanceData 기본 생성
00:02 +485 -1: D:/mg-games/repos/mg-common-game/test/core/optimization/performance_profiler_test.dart: PerformanceData 기본 생성
00:02 +486 -1: D:/mg-games/repos/mg-common-game/test/core/optimization/performance_profiler_test.dart: PerformanceData 기본 생성
00:02 +487 -1: D:/mg-games/repos/mg-common-game/test/core/optimization/performance_profiler_test.dart: PerformanceData 기본 생성
00:02 +488 -1: D:/mg-games/repos/mg-common-game/test/core/optimization/performance_profiler_test.dart: PerformanceData 기본 생성
00:02 +489 -1: D:/mg-games/repos/mg-common-game/test/core/optimization/performance_profiler_test.dart: PerformanceData 기본 생성
00:02 +490 -1: D:/mg-games/repos/mg-common-game/test/core/optimization/performance_profiler_test.dart: PerformanceData 기본 생성
00:02 +491 -1: D:/mg-games/repos/mg-common-game/test/core/optimization/performance_profiler_test.dart: PerformanceData 기본 생성
00:02 +492 -1: D:/mg-games/repos/mg-common-game/test/core/optimization/device_capability_test.dart: DeviceTierExtension 모든 메서드 low tier index
00:02 +493 -1: D:/mg-games/repos/mg-common-game/test/core/optimization/performance_profiler_test.dart: PerformanceData toString 출력
00:02 +494 -1: D:/mg-games/repos/mg-common-game/test/core/optimization/device_capability_test.dart: DeviceTierExtension 모든 메서드 mid tier index
00:02 +495 -1: D:/mg-games/repos/mg-common-game/test/core/optimization/performance_profiler_test.dart: PerformanceData toJson/fromJson 변환
00:02 +496 -1: D:/mg-games/repos/mg-common-game/test/core/optimization/performance_profiler_test.dart: PerformanceData toJson/fromJson 변환
00:02 +497 -1: D:/mg-games/repos/mg-common-game/test/core/optimization/performance_profiler_test.dart: PerformanceData toJson/fromJson 변환
00:02 +498 -1: D:/mg-games/repos/mg-common-game/test/core/optimization/performance_profiler_test.dart: PerformanceData toJson/fromJson 변환
00:02 +499 -1: D:/mg-games/repos/mg-common-game/test/core/optimization/performance_profiler_test.dart: PerformanceData toJson/fromJson 변환
00:02 +500 -1: D:/mg-games/repos/mg-common-game/test/core/optimization/performance_profiler_test.dart: PerformanceData toJson/fromJson 변환
00:02 +501 -1: D:/mg-games/repos/mg-common-game/test/core/optimization/device_capability_test.dart: TextureQualityExtension 모든 메서드 medium quality scaleFactor
00:02 +502 -1: D:/mg-games/repos/mg-common-game/test/core/optimization/performance_profiler_test.dart: PerformanceData recommendedTier - high 성능
00:02 +503 -1: D:/mg-games/repos/mg-common-game/test/core/optimization/performance_profiler_test.dart: PerformanceData recommendedTier - high 성능
00:02 +504 -1: D:/mg-games/repos/mg-common-game/test/core/optimization/device_capability_test.dart: TextureQualityExtension 모든 메서드 low quality displayName
00:02 +505 -1: D:/mg-games/repos/mg-common-game/test/core/optimization/performance_profiler_test.dart: PerformanceData recommendedTier - mid 성능
00:02 +506 -1: D:/mg-games/repos/mg-common-game/test/core/optimization/device_capability_test.dart: TextureQualityExtension 모든 메서드 medium quality displayName
00:02 +507 -1: D:/mg-games/repos/mg-common-game/test/core/optimization/performance_profiler_test.dart: PerformanceData recommendedTier - low 성능
00:02 +508 -1: D:/mg-games/repos/mg-common-game/test/core/optimization/device_capability_test.dart: TextureQualityExtension 모든 메서드 high quality displayName
00:02 +509 -1: D:/mg-games/repos/mg-common-game/test/core/optimization/performance_profiler_test.dart: PerformanceData performanceGrade - A등급
00:02 +510 -1: D:/mg-games/repos/mg-common-game/test/core/optimization/device_capability_test.dart: MGDeviceCapability 성능 추정 전체 커버리지 estimatedGpuPerformance 모든 티어
00:02 +511 -1: D:/mg-games/repos/mg-common-game/test/core/optimization/performance_profiler_test.dart: PerformanceData performanceGrade - B등급
00:02 +512 -1: D:/mg-games/repos/mg-common-game/test/core/optimization/performance_profiler_test.dart: PerformanceData performanceGrade - B등급
00:02 +513 -1: D:/mg-games/repos/mg-common-game/test/core/optimization/device_capability_test.dart: MGDeviceCapability 성능 추정 전체 커버리지 recommendedFps 모든 티어
00:02 +514 -1: D:/mg-games/repos/mg-common-game/test/core/optimization/performance_profiler_test.dart: PerformanceData performanceGrade - C등급
00:02 +515 -1: D:/mg-games/repos/mg-common-game/test/core/optimization/device_capability_test.dart: MGDeviceCapability 성능 추정 전체 커버리지 recommendedTextureQuality 모든 티어
00:02 +516 -1: D:/mg-games/repos/mg-common-game/test/core/optimization/device_capability_test.dart: MGDeviceCapability 성능 추정 전체 커버리지 recommendedTextureQuality 모든 티어
00:02 +517 -1: D:/mg-games/repos/mg-common-game/test/core/optimization/performance_profiler_test.dart: PerformanceData performanceGrade - F등급
00:02 +518 -1: D:/mg-games/repos/mg-common-game/test/core/optimization/performance_profiler_test.dart: PerformanceData performanceGrade - F등급
00:02 +519 -1: D:/mg-games/repos/mg-common-game/test/core/optimization/device_capability_test.dart: PerformanceTestResult 권장 티어 전체 커버리지 mid tier 조건 충족
00:02 +520 -1: D:/mg-games/repos/mg-common-game/test/core/optimization/performance_profiler_test.dart: FrameTimeData 기본 생성
00:02 +521 -1: D:/mg-games/repos/mg-common-game/test/core/optimization/device_capability_test.dart: PerformanceTestResult 권장 티어 전체 커버리지 low tier 조건 충족
00:02 +522 -1: D:/mg-games/repos/mg-common-game/test/core/optimization/performance_profiler_test.dart: FrameTimeData isDropped - 정상 프레임
00:02 +523 -1: D:/mg-games/repos/mg-common-game/test/core/optimization/device_capability_test.dart: DeviceInfo 모든 속성 조합 Android 저사양 기기
00:02 +524 -1: D:/mg-games/repos/mg-common-game/test/core/optimization/performance_profiler_test.dart: FrameTimeData isDropped - 드롭프레임
00:02 +525 -1: D:/mg-games/repos/mg-common-game/test/core/optimization/performance_profiler_test.dart: FrameTimeData isDropped - 드롭프레임
00:02 +526 -1: D:/mg-games/repos/mg-common-game/test/core/optimization/device_capability_test.dart: DeviceInfo 모든 속성 조합 Web 기기
00:02 +527 -1: D:/mg-games/repos/mg-common-game/test/core/optimization/performance_profiler_test.dart: FrameTimeData isDropped - 경계값 (16ms)
00:02 +528 -1: D:/mg-games/repos/mg-common-game/test/core/optimization/device_capability_test.dart: DeviceInfo 모든 속성 조합 Other 플랫폼 기기
00:02 +529 -1: D:/mg-games/repos/mg-common-game/test/core/optimization/performance_profiler_test.dart: FrameTimeData toString - 정상 프레임
00:02 +530 -1: D:/mg-games/repos/mg-common-game/test/core/optimization/performance_profiler_test.dart: FrameTimeData toString - 드롭프레임
00:02 +531 -1: D:/mg-games/repos/mg-common-game/test/core/optimization/performance_profiler_test.dart: MGPerformanceProfiler 싱글톤 인스턴스
00:02 +532 -1: D:/mg-games/repos/mg-common-game/test/core/optimization/performance_profiler_test.dart: MGPerformanceProfiler 초기 상태
00:02 +533 -1: D:/mg-games/repos/mg-common-game/test/core/optimization/performance_profiler_test.dart: MGPerformanceProfiler startProfile으로 프로파일링 시작
Performance profiler started: test
Performance profiler stopped: PerformanceData{name: profile_0, avgFps: 0.0.toStringAsFixed(1)}, minFps: Infinity.toStringAsFixed(1), maxFps: 0.0.toStringAsFixed(1)}, droppedFrames: 0}
00:02 +534 -1: D:/mg-games/repos/mg-common-game/test/core/optimization/performance_profiler_test.dart: MGPerformanceProfiler stopProfile으로 프로파일링 중지
Performance profiler started: test
Performance profiler stopped: PerformanceData{name: test, avgFps: 0.0.toStringAsFixed(1)}, minFps: Infinity.toStringAsFixed(1), maxFps: 0.0.toStringAsFixed(1)}, droppedFrames: 0}
00:02 +535 -1: D:/mg-games/repos/mg-common-game/test/core/optimization/performance_profiler_test.dart: MGPerformanceProfiler 중복 startProfile은 무시됨
Performance profiler started: first
Already profiling
Performance profiler stopped: PerformanceData{name: profile_2, avgFps: 0.0.toStringAsFixed(1)}, minFps: Infinity.toStringAsFixed(1), maxFps: 0.0.toStringAsFixed(1)}, droppedFrames: 0}
00:02 +536 -1: D:/mg-games/repos/mg-common-game/test/core/optimization/performance_profiler_test.dart: MGPerformanceProfiler 프로파일링 중지되지 않았을 때 stopProfile은 null 반환
Not profiling
00:02 +537 -1: D:/mg-games/repos/mg-common-game/test/core/optimization/performance_profiler_test.dart: MGPerformanceProfiler getCurrentProfile은 현재 상태 반환
Performance profiler started: test
Performance profiler stopped: PerformanceData{name: profile_3, avgFps: 0.0.toStringAsFixed(1)}, minFps: Infinity.toStringAsFixed(1), maxFps: 0.0.toStringAsFixed(1)}, droppedFrames: 0}
00:02 +538 -1: D:/mg-games/repos/mg-common-game/test/core/optimization/performance_profiler_test.dart: MGPerformanceProfiler getCurrentProfile은 프로파일링 중지 시 null 반환
00:02 +539 -1: D:/mg-games/repos/mg-common-game/test/core/optimization/performance_profiler_test.dart: MGPerformanceProfiler clearHistory로 기록 초기화
Performance profiler started: test1
Performance profiler stopped: PerformanceData{name: test1, avgFps: 0.0.toStringAsFixed(1)}, minFps: Infinity.toStringAsFixed(1), maxFps: 0.0.toStringAsFixed(1)}, droppedFrames: 0}
Performance profiler started: test2
Performance profiler stopped: PerformanceData{name: test2, avgFps: 0.0.toStringAsFixed(1)}, minFps: Infinity.toStringAsFixed(1), maxFps: 0.0.toStringAsFixed(1)}, droppedFrames: 0}
00:02 +540 -1: D:/mg-games/repos/mg-common-game/test/core/optimization/performance_profiler_test.dart: MGPerformanceProfiler history는 불변 리스트
Performance profiler started: test
Performance profiler stopped: PerformanceData{name: test, avgFps: 0.0.toStringAsFixed(1)}, minFps: Infinity.toStringAsFixed(1), maxFps: 0.0.toStringAsFixed(1)}, droppedFrames: 0}
00:02 +541 -1: D:/mg-games/repos/mg-common-game/test/core/optimization/performance_profiler_test.dart: MGPerformanceProfiler frameTimeHistory도 불변 리스트
Performance profiler started: test
Performance profiler stopped: PerformanceData{name: test, avgFps: 0.0.toStringAsFixed(1)}, minFps: Infinity.toStringAsFixed(1), maxFps: 0.0.toStringAsFixed(1)}, droppedFrames: 0}
00:02 +542 -1: D:/mg-games/repos/mg-common-game/test/core/optimization/performance_profiler_test.dart: MGPerformanceProfiler ChangeNotifier 상속
Performance profiler started: test
Performance profiler stopped: PerformanceData{name: profile_2, avgFps: 0.0.toStringAsFixed(1)}, minFps: Infinity.toStringAsFixed(1), maxFps: 0.0.toStringAsFixed(1)}, droppedFrames: 0}
00:02 +543 -1: D:/mg-games/repos/mg-common-game/test/core/optimization/performance_profiler_test.dart: MGPerformanceProfiler 여러 프로파일링 세션 기록
Performance profiler started: session_1
Performance profiler stopped: PerformanceData{name: session_1, avgFps: 0.0.toStringAsFixed(1)}, minFps: Infinity.toStringAsFixed(1), maxFps: 0.0.toStringAsFixed(1)}, droppedFrames: 0}
Performance profiler started: session_2
Performance profiler stopped: PerformanceData{name: session_2, avgFps: 0.0.toStringAsFixed(1)}, minFps: Infinity.toStringAsFixed(1), maxFps: 0.0.toStringAsFixed(1)}, droppedFrames: 0}
Performance profiler started: session_3
Performance profiler stopped: PerformanceData{name: session_3, avgFps: 0.0.toStringAsFixed(1)}, minFps: Infinity.toStringAsFixed(1), maxFps: 0.0.toStringAsFixed(1)}, droppedFrames: 0}
00:02 +544 -1: D:/mg-games/repos/mg-common-game/test/core/optimization/performance_profiler_test.dart: PerformanceOptimizer getOptimizationSuggestions - 성공 시
00:02 +545 -1: D:/mg-games/repos/mg-common-game/test/core/optimization/performance_profiler_test.dart: PerformanceOptimizer getOptimizationSuggestions - 낮은 FPS
00:02 +546 -1: D:/mg-games/repos/mg-common-game/test/core/optimization/performance_profiler_test.dart: PerformanceOptimizer getOptimizationSuggestions - 많은 드롭프레임
00:02 +547 -1: D:/mg-games/repos/mg-common-game/test/core/optimization/performance_profiler_test.dart: PerformanceOptimizer getRecommendedSettings - high 티어
00:02 +548 -1: D:/mg-games/repos/mg-common-game/test/core/optimization/performance_profiler_test.dart: PerformanceOptimizer getRecommendedSettings - low 티어
00:02 +549 -1: D:/mg-games/repos/mg-common-game/test/core/optimization/performance_profiler_test.dart: WidgetPerformanceAnalyzer measureWidgetBuildTime - 빌드 시간 측정
[TestWidget] 빌드 시간: 0ms
00:02 +550 -1: D:/mg-games/repos/mg-common-game/test/core/optimization/performance_profiler_test.dart: WidgetPerformanceAnalyzer measureWidgetBuildTime - 동기 함수
[SyncWidget] 빌드 시간: 0ms
00:02 +551 -1: D:/mg-games/repos/mg-common-game/test/core/optimization/quality_settings_test.dart: MGQualitySettings default settings have correct values
00:02 +552 -1: D:/mg-games/repos/mg-common-game/test/core/optimization/quality_settings_test.dart: MGQualitySettings presets low preset has reduced settings
00:02 +553 -1: D:/mg-games/repos/mg-common-game/test/core/optimization/quality_settings_test.dart: MGQualitySettings presets medium preset has balanced settings
00:02 +554 -1: D:/mg-games/repos/mg-common-game/test/core/optimization/quality_settings_test.dart: MGQualitySettings presets high preset has maximum settings
00:02 +555 -1: D:/mg-games/repos/mg-common-game/test/core/optimization/quality_settings_test.dart: MGQualitySettings presets batterySaver preset optimizes for power
00:02 +556 -1: D:/mg-games/repos/mg-common-game/test/core/optimization/quality_settings_test.dart: MGQualitySettings forTier returns correct preset
00:02 +557 -1: D:/mg-games/repos/mg-common-game/test/core/optimization/quality_settings_test.dart: MGQualitySettings copyWith creates new instance with modified values
00:02 +558 -1: D:/mg-games/repos/mg-common-game/test/core/optimization/quality_settings_test.dart: MGQualitySettings toJson returns correct map
00:02 +559 -1: D:/mg-games/repos/mg-common-game/test/core/optimization/quality_settings_test.dart: MGQualitySettings fromJson creates correct instance
00:02 +560 -1: D:/mg-games/repos/mg-common-game/test/core/optimization/quality_settings_test.dart: MGQualitySettings fromJson handles missing values with defaults
00:02 +561 -1: D:/mg-games/repos/mg-common-game/test/core/optimization/quality_settings_test.dart: QualityLevel displayName returns correct values
00:02 +562 -1: D:/mg-games/repos/mg-common-game/test/core/optimization/quality_settings_test.dart: QualityLevel settings returns correct presets
00:02 +563 -1: D:/mg-games/repos/mg-common-game/test/core/optimization/quality_settings_test.dart: QualityLevel ultra settings has enhanced values
00:02 +564 -1: D:/mg-games/repos/mg-common-game/test/core/quest/daily_quest_system_test.dart: QuestReward 기본 생성
00:02 +565 -1: D:/mg-games/repos/mg-common-game/test/core/quest/daily_quest_system_test.dart: QuestReward toJson/fromJson 변환 - coins
00:02 +566 -1: D:/mg-games/repos/mg-common-game/test/core/quest/daily_quest_system_test.dart: QuestReward toJson/fromJson 변환 - items with itemId
00:02 +567 -1: D:/mg-games/repos/mg-common-game/test/core/quest/daily_quest_system_test.dart: QuestReward toJson/fromJson 변환 - custom with data
00:02 +568 -1: D:/mg-games/repos/mg-common-game/test/core/quest/daily_quest_system_test.dart: DailyQuest 기본 생성
00:02 +569 -1: D:/mg-games/repos/mg-common-game/test/core/quest/daily_quest_system_test.dart: DailyQuest progress 계산
00:02 +570 -1: D:/mg-games/repos/mg-common-game/test/core/quest/daily_quest_system_test.dart: DailyQuest isCompleted - progress >= 1.0
00:02 +571 -1: D:/mg-games/repos/mg-common-game/test/core/quest/daily_quest_system_test.dart: DailyQuest canComplete - 시간 내에 활성화된 퀘스트
00:02 +572 -1: D:/mg-games/repos/mg-common-game/test/core/quest/daily_quest_system_test.dart: DailyQuest canComplete - 비활성화된 퀘스트
00:02 +573 -1: D:/mg-games/repos/mg-common-game/test/core/quest/daily_quest_system_test.dart: DailyQuest canComplete - 만료된 퀘스트
00:02 +574 -1: D:/mg-games/repos/mg-common-game/test/core/quest/daily_quest_system_test.dart: DailyQuest remainingTime 계산
00:02 +575 -1: D:/mg-games/repos/mg-common-game/test/core/quest/daily_quest_system_test.dart: DailyQuest copyWith - 부분 업데이트
00:02 +576 -1: D:/mg-games/repos/mg-common-game/test/core/quest/daily_quest_system_test.dart: DailyQuest toJson/fromJson 변환
00:02 +577 -1: D:/mg-games/repos/mg-common-game/test/core/quest/daily_quest_system_test.dart: QuestStatistics 기본 생성
00:02 +578 -1: D:/mg-games/repos/mg-common-game/test/core/quest/daily_quest_system_test.dart: QuestStatistics completionRate 계산
00:02 +579 -1: D:/mg-games/repos/mg-common-game/test/core/quest/daily_quest_system_test.dart: QuestStatistics completionRate - 0으로 나누기 방지
00:02 +580 -1: D:/mg-games/repos/mg-common-game/test/core/quest/daily_quest_system_test.dart: QuestStatistics toJson/fromJson 변환
00:02 +581 -1: D:/mg-games/repos/mg-common-game/test/core/quest/daily_quest_system_test.dart: DailyQuestSystem 싱글톤 인스턴스
00:02 +582 -1: D:/mg-games/repos/mg-common-game/test/core/quest/daily_quest_system_test.dart: DailyQuestSystem 초기화 전 isInitialized는 false
00:02 +583 -1: D:/mg-games/repos/mg-common-game/test/core/quest/daily_quest_system_test.dart: DailyQuestSystem initialize 후 isInitialized는 true
00:02 +584 -1: D:/mg-games/repos/mg-common-game/test/core/quest/daily_quest_system_test.dart: DailyQuestSystem registerGameData로 게임 데이터 등록
00:02 +585 -1: D:/mg-games/repos/mg-common-game/test/core/quest/daily_quest_system_test.dart: DailyQuestSystem 초기 상태에서는 빈 퀘스트 목록
00:02 +586 -1: D:/mg-games/repos/mg-common-game/test/core/quest/daily_quest_system_test.dart: DailyQuestSystem completableQuests 계산
00:02 +587 -1: D:/mg-games/repos/mg-common-game/test/core/quest/daily_quest_system_test.dart: DailyQuestSystem completedQuests 계산
00:02 +588 -1: D:/mg-games/repos/mg-common-game/test/core/quest/daily_quest_system_test.dart: DailyQuestSystem updateQuestProgress로 진행률 업데이트
00:02 +589 -1: D:/mg-games/repos/mg-common-game/test/core/quest/daily_quest_system_test.dart: DailyQuestSystem clearData로 모든 데이터 초기화
00:02 +590 -1: D:/mg-games/repos/mg-common-game/test/core/quest/daily_quest_system_test.dart: DailyQuestSystem ChangeNotifier 상속
00:02 +591 -1: D:/mg-games/repos/mg-common-game/test/core/quest/daily_quest_system_test.dart: QuestDifficulty 모든 난이도 값 존재
00:02 +592 -1: D:/mg-games/repos/mg-common-game/test/core/quest/daily_quest_system_test.dart: QuestDifficulty 난이도별 name 속성
00:02 +593 -1: D:/mg-games/repos/mg-common-game/test/core/quest/daily_quest_system_test.dart: QuestRewardType 모든 보상 타입 값 존재
00:02 +594 -1: D:/mg-games/repos/mg-common-game/test/core/quest/daily_quest_system_test.dart: QuestRewardType 보상 타입별 name 속성
00:02 +595 -1: D:/mg-games/repos/mg-common-game/test/core/systems/cloud_save_manager_test.dart: CloudSaveManager - Initialization should start with notInitialized status
[CloudSaveManager] Auto-sync stopped
00:02 +596 -1: D:/mg-games/repos/mg-common-game/test/core/systems/cloud_save_manager_test.dart: CloudSaveManager - Initialization should initialize successfully
[CloudSaveManager] Initialized
[CloudSaveManager] Auto-sync stopped
00:02 +597 -1: D:/mg-games/repos/mg-common-game/test/core/systems/cloud_save_manager_test.dart: CloudSaveManager - Initialization should not reinitialize if already initialized
[CloudSaveManager] Initialized
[CloudSaveManager] Auto-sync stopped
00:02 +598 -1: D:/mg-games/repos/mg-common-game/test/core/systems/cloud_save_manager_test.dart: CloudSaveManager - Initialization should fail initialization when provider fails
[CloudSaveManager] Initialization failed: Exception: Mock initialize failed
[CloudSaveManager] Auto-sync stopped
00:02 +599 -1: D:/mg-games/repos/mg-common-game/test/core/systems/cloud_save_manager_test.dart: CloudSaveManager - Initialization should load cached data on initialization
[CloudSaveManager] Initialized
[CloudSaveManager] Auto-sync stopped
00:02 +600 -1: D:/mg-games/repos/mg-common-game/test/core/systems/cloud_save_manager_test.dart: CloudSaveManager - Save Operations should save data locally
[CloudSaveManager] Initialized
[CloudSaveManager] Saved locally: testKey (pending upload)
[CloudSaveManager] Auto-sync stopped
00:02 +601 -1: D:/mg-games/repos/mg-common-game/test/core/systems/cloud_save_manager_test.dart: CloudSaveManager - Save Operations should queue upload after save
[CloudSaveManager] Initialized
[CloudSaveManager] Saved locally: testKey (pending upload)
[CloudSaveManager] Auto-sync stopped
00:02 +602 -1: D:/mg-games/repos/mg-common-game/test/core/systems/cloud_save_manager_test.dart: CloudSaveManager - Save Operations should increment version on save
[CloudSaveManager] Initialized
[CloudSaveManager] Saved locally: testKey (pending upload)
[CloudSaveManager] Saved locally: testKey (pending upload)
[CloudSaveManager] Auto-sync stopped
00:02 +603 -1: D:/mg-games/repos/mg-common-game/test/core/systems/cloud_save_manager_test.dart: CloudSaveManager - Save Operations should calculate checksum on save
[CloudSaveManager] Initialized
[CloudSaveManager] Saved locally: testKey (pending upload)
[CloudSaveManager] Auto-sync stopped
00:02 +604 -1: D:/mg-games/repos/mg-common-game/test/core/systems/cloud_save_manager_test.dart: CloudSaveManager - Save Operations should fail save when not initialized
[CloudSaveManager] Initialized
[CloudSaveManager] Not initialized
[CloudSaveManager] Auto-sync stopped
00:02 +605 -1: D:/mg-games/repos/mg-common-game/test/core/systems/cloud_save_manager_test.dart: CloudSaveManager - Save Operations should persist cache to SharedPreferences
[CloudSaveManager] Initialized
[CloudSaveManager] Saved locally: testKey (pending upload)
[CloudSaveManager] Auto-sync stopped
00:02 +606 -1: D:/mg-games/repos/mg-common-game/test/core/systems/cloud_save_manager_test.dart: CloudSaveManager - Load Operations should load from local cache
[CloudSaveManager] Initialized
[CloudSaveManager] Saved locally: testKey (pending upload)
[CloudSaveManager] Auto-sync stopped
00:02 +607 -1: D:/mg-games/repos/mg-common-game/test/core/systems/cloud_save_manager_test.dart: CloudSaveManager - Load Operations should return null for missing key
[CloudSaveManager] Initialized
[CloudSaveManager] Auto-sync stopped
00:02 +608 -1: D:/mg-games/repos/mg-common-game/test/core/systems/cloud_save_manager_test.dart: CloudSaveManager - Load Operations should fetch from cloud when not in cache
[CloudSaveManager] Initialized
[CloudSaveManager] Auto-sync stopped
00:02 +609 -1: D:/mg-games/repos/mg-common-game/test/core/systems/cloud_save_manager_test.dart: CloudSaveManager - Load Operations should cache data fetched from cloud
[CloudSaveManager] Initialized
[CloudSaveManager] Auto-sync stopped
00:02 +610 -1: D:/mg-games/repos/mg-common-game/test/core/systems/cloud_save_manager_test.dart: CloudSaveManager - Load Operations should return null when cloud fetch fails
[CloudSaveManager] Initialized
[CloudSaveManager] Load from cloud failed: Exception: Mock fetch failed
[CloudSaveManager] Auto-sync stopped
00:02 +611 -1: D:/mg-games/repos/mg-common-game/test/core/systems/cloud_save_manager_test.dart: CloudSaveManager - Load Operations should fail load when not initialized
[CloudSaveManager] Initialized
[CloudSaveManager] Not initialized
[CloudSaveManager] Auto-sync stopped
00:02 +612 -1: D:/mg-games/repos/mg-common-game/test/core/systems/cloud_save_manager_test.dart: CloudSaveManager - Sync Operations should sync key successfully
[CloudSaveManager] Initialized
[CloudSaveManager] Saved locally: testKey (pending upload)
[CloudSaveManager] Auto-sync stopped
00:02 +613 -1: D:/mg-games/repos/mg-common-game/test/core/systems/cloud_save_manager_test.dart: CloudSaveManager - Sync Operations should return success for non-existent key
[CloudSaveManager] Initialized
[CloudSaveManager] Auto-sync stopped
00:02 +614 -1: D:/mg-games/repos/mg-common-game/test/core/systems/cloud_save_manager_test.dart: CloudSaveManager - Sync Operations should download cloud-only data on sync
[CloudSaveManager] Initialized
[CloudSaveManager] Auto-sync stopped
00:02 +615 -1: D:/mg-games/repos/mg-common-game/test/core/systems/cloud_save_manager_test.dart: CloudSaveManager - Sync Operations should upload local-only data on sync
[CloudSaveManager] Initialized
[CloudSaveManager] Saved locally: localOnly (pending upload)
[CloudSaveManager] Auto-sync stopped
00:02 +616 -1: D:/mg-games/repos/mg-common-game/test/core/systems/cloud_save_manager_test.dart: CloudSaveManager - Sync Operations should fail sync when cloud is unavailable
[CloudSaveManager] Initialized
[CloudSaveManager] Auto-sync stopped
00:02 +617 -1: D:/mg-games/repos/mg-common-game/test/core/systems/cloud_save_manager_test.dart: CloudSaveManager - Sync Operations should fail sync when not initialized
[CloudSaveManager] Initialized
[CloudSaveManager] Auto-sync stopped
00:02 +618 -1: D:/mg-games/repos/mg-common-game/test/core/systems/cloud_save_manager_test.dart: CloudSaveManager - Sync All should sync all pending uploads
[CloudSaveManager] Initialized
[CloudSaveManager] Saved locally: key1 (pending upload)
[CloudSaveManager] Saved locally: key2 (pending upload)
[CloudSaveManager] Saved locally: key3 (pending upload)
[CloudSaveManager] Auto-sync stopped
00:02 +619 -1: D:/mg-games/repos/mg-common-game/test/core/systems/cloud_save_manager_test.dart: CloudSaveManager - Sync All should download all cloud keys
[CloudSaveManager] Initialized
[CloudSaveManager] Auto-sync stopped
00:02 +620 -1: D:/mg-games/repos/mg-common-game/test/core/systems/cloud_save_manager_test.dart: CloudSaveManager - Sync All should update lastSyncTime after sync
[CloudSaveManager] Initialized
[CloudSaveManager] Auto-sync stopped
00:02 +621 -1: D:/mg-games/repos/mg-common-game/test/core/systems/cloud_save_manager_test.dart: CloudSaveManager - Sync All should set status to syncing during sync
[CloudSaveManager] Initialized
00:02 +622 -1: D:/mg-games/repos/mg-common-game/test/core/systems/cloud_save_manager_test.dart: CloudSaveManager - Sync All should set status to syncing during sync
00:02 +623 -1: D:/mg-games/repos/mg-common-game/test/core/systems/cloud_save_manager_test.dart: CloudSaveManager - Sync All should set status to syncing during sync
00:02 +624 -1: D:/mg-games/repos/mg-common-game/test/core/systems/cloud_save_manager_test.dart: CloudSaveManager - Sync All should set status to syncing during sync
00:02 +625 -1: D:/mg-games/repos/mg-common-game/test/core/systems/cloud_save_manager_test.dart: CloudSaveManager - Sync All should set status to syncing during sync
00:02 +626 -1: D:/mg-games/repos/mg-common-game/test/core/systems/cloud_save_manager_test.dart: CloudSaveManager - Sync All should set status to syncing during sync
00:02 +627 -1: D:/mg-games/repos/mg-common-game/test/core/systems/cloud_save_manager_test.dart: CloudSaveManager - Sync All should set status to syncing during sync
00:02 +628 -1: D:/mg-games/repos/mg-common-game/test/core/systems/cloud_save_manager_test.dart: CloudSaveManager - Sync All should set status to syncing during sync
00:02 +629 -1: D:/mg-games/repos/mg-common-game/test/core/systems/cloud_save_manager_test.dart: CloudSaveManager - Sync All should set status to syncing during sync
00:02 +630 -1: D:/mg-games/repos/mg-common-game/test/core/systems/cloud_save_manager_test.dart: CloudSaveManager - Sync All should set status to syncing during sync
00:02 +631 -1: D:/mg-games/repos/mg-common-game/test/core/systems/cloud_save_manager_test.dart: CloudSaveManager - Sync All should set status to syncing during sync
00:02 +632 -1: D:/mg-games/repos/mg-common-game/test/core/systems/cloud_save_manager_test.dart: CloudSaveManager - Sync All should set status to syncing during sync
00:02 +633 -1: D:/mg-games/repos/mg-common-game/test/core/systems/cloud_save_manager_test.dart: CloudSaveManager - Sync All should set status to syncing during sync
[CloudSaveManager] Auto-sync stopped
00:03 +634 -1: D:/mg-games/repos/mg-common-game/test/core/systems/device_capability_test.dart: MGDeviceCapability clearCache 캐시 초기화 후 다시 감지해야 함
00:03 +634 -1: D:/mg-games/repos/mg-common-game/test/core/systems/cloud_save_manager_test.dart: CloudSaveManager - Sync All should handle partial sync failure
[CloudSaveManager] Initialized
[CloudSaveManager] Saved locally: key1 (pending upload)
[CloudSaveManager] Sync all failed: Exception: Mock isAvailable failed
[CloudSaveManager] Auto-sync stopped
00:03 +635 -1: D:/mg-games/repos/mg-common-game/test/core/systems/device_capability_test.dart: MGDeviceCapability clearCache 캐시 초기화 후 다시 감지해야 함
00:03 +636 -1: D:/mg-games/repos/mg-common-game/test/core/systems/cloud_save_manager_test.dart: CloudSaveManager - Sync All should fail syncAll when not initialized
[CloudSaveManager] Initialized
[CloudSaveManager] Auto-sync stopped
00:03 +637 -1: D:/mg-games/repos/mg-common-game/test/core/systems/device_capability_test.dart: MGDeviceCapability clearCache clearCache 여러 번 호출해도 오류 없음
00:03 +638 -1: D:/mg-games/repos/mg-common-game/test/core/systems/cloud_save_manager_test.dart: CloudSaveManager - Conflict Resolution should use local data when resolution is useLocal
00:03 +639 -1: D:/mg-games/repos/mg-common-game/test/core/systems/cloud_save_manager_test.dart: CloudSaveManager - Conflict Resolution should use local data when resolution is useLocal
[CloudSaveManager] Initialized
[CloudSaveManager] Saved locally: conflictKey (pending upload)
[CloudSaveManager] Auto-sync stopped
00:03 +640 -1: D:/mg-games/repos/mg-common-game/test/core/systems/device_capability_test.dart: MGDeviceCapability tier tier가 유효한 DeviceTier 값이어야 함
00:03 +641 -1: D:/mg-games/repos/mg-common-game/test/core/systems/cloud_save_manager_test.dart: CloudSaveManager - Conflict Resolution should use cloud data when resolution is useCloud
00:03 +642 -1: D:/mg-games/repos/mg-common-game/test/core/systems/cloud_save_manager_test.dart: CloudSaveManager - Conflict Resolution should use cloud data when resolution is useCloud
[CloudSaveManager] Initialized
[CloudSaveManager] Saved locally: conflictKey (pending upload)
[CloudSaveManager] Auto-sync stopped
00:03 +643 -1: D:/mg-games/repos/mg-common-game/test/core/systems/device_capability_test.dart: MGDeviceCapability info info가 null이 아니어야 함
00:03 +644 -1: D:/mg-games/repos/mg-common-game/test/core/systems/cloud_save_manager_test.dart: CloudSaveManager - Conflict Resolution should use newest data when resolution is useNewest
00:03 +645 -1: D:/mg-games/repos/mg-common-game/test/core/systems/cloud_save_manager_test.dart: CloudSaveManager - Conflict Resolution should use newest data when resolution is useNewest
[CloudSaveManager] Initialized
[CloudSaveManager] Saved locally: conflictKey (pending upload)
[CloudSaveManager] Auto-sync stopped
00:03 +646 -1: D:/mg-games/repos/mg-common-game/test/core/systems/device_capability_test.dart: MGDeviceCapability info info가 캐시됨
00:03 +647 -1: D:/mg-games/repos/mg-common-game/test/core/systems/cloud_save_manager_test.dart: CloudSaveManager - Conflict Resolution should use cloud when cloud is newer with useNewest
[CloudSaveManager] Initialized
[CloudSaveManager] Saved locally: conflictKey (pending upload)
00:03 +648 -1: D:/mg-games/repos/mg-common-game/test/core/systems/cloud_save_manager_test.dart: CloudSaveManager - Conflict Resolution should use cloud when cloud is newer with useNewest
[CloudSaveManager] Auto-sync stopped
00:03 +649 -1: D:/mg-games/repos/mg-common-game/test/core/systems/device_capability_test.dart: MGDeviceCapability estimatedGpuPerformance tier에 따른 올바른 값 반환
00:03 +650 -1: D:/mg-games/repos/mg-common-game/test/core/systems/cloud_save_manager_test.dart: CloudSaveManager - Conflict Resolution should return conflict status for merge resolution
[CloudSaveManager] Initialized
[CloudSaveManager] Saved locally: conflictKey (pending upload)
[CloudSaveManager] Auto-sync stopped
00:03 +651 -1: D:/mg-games/repos/mg-common-game/test/core/systems/device_capability_test.dart: MGDeviceCapability estimatedCpuPerformance 값이 0.0 ~ 1.0 범위 내에 있어야 함
00:03 +652 -1: D:/mg-games/repos/mg-common-game/test/core/systems/cloud_save_manager_test.dart: CloudSaveManager - Conflict Resolution should resolve conflict with custom data
00:03 +653 -1: D:/mg-games/repos/mg-common-game/test/core/systems/cloud_save_manager_test.dart: CloudSaveManager - Conflict Resolution should resolve conflict with custom data
[CloudSaveManager] Initialized
[CloudSaveManager] Saved locally: conflictKey (pending upload)
[CloudSaveManager] Auto-sync stopped
00:03 +654 -1: D:/mg-games/repos/mg-common-game/test/core/systems/device_capability_test.dart: MGDeviceCapability recommendedFps 값이 양수여야 함
00:03 +655 -1: D:/mg-games/repos/mg-common-game/test/core/systems/cloud_save_manager_test.dart: CloudSaveManager - Conflict Resolution should skip conflict when data is identical
[CloudSaveManager] Initialized
[CloudSaveManager] Saved locally: sameKey (pending upload)
[CloudSaveManager] Auto-sync stopped
00:03 +656 -1: D:/mg-games/repos/mg-common-game/test/core/systems/device_capability_test.dart: MGDeviceCapability recommendedFps tier에 따른 올바른 값 반환
00:03 +657 -1: D:/mg-games/repos/mg-common-game/test/core/systems/cloud_save_manager_test.dart: CloudSaveManager - Delete Operations should delete from local cache
[CloudSaveManager] Initialized
[CloudSaveManager] Saved locally: deleteKey (pending upload)
[CloudSaveManager] Deleted: deleteKey
[CloudSaveManager] Auto-sync stopped
00:03 +658 -1: D:/mg-games/repos/mg-common-game/test/core/systems/device_capability_test.dart: MGDeviceCapability recommendedFps 모든 tier의 FPS 값이 30 이상이어야 함
00:03 +659 -1: D:/mg-games/repos/mg-common-game/test/core/systems/cloud_save_manager_test.dart: CloudSaveManager - Delete Operations should delete from cloud
00:03 +660 -1: D:/mg-games/repos/mg-common-game/test/core/systems/cloud_save_manager_test.dart: CloudSaveManager - Delete Operations should delete from cloud
[CloudSaveManager] Initialized
[CloudSaveManager] Saved locally: deleteKey (pending upload)
[CloudSaveManager] Deleted: deleteKey
[CloudSaveManager] Auto-sync stopped
00:03 +661 -1: D:/mg-games/repos/mg-common-game/test/core/systems/device_capability_test.dart: MGDeviceCapability recommendedTextureQuality tier에 따른 올바른 값 반환
00:03 +662 -1: D:/mg-games/repos/mg-common-game/test/core/systems/cloud_save_manager_test.dart: CloudSaveManager - Delete Operations should remove from pending uploads on delete
[CloudSaveManager] Initialized
[CloudSaveManager] Saved locally: deleteKey (pending upload)
[CloudSaveManager] Deleted: deleteKey
[CloudSaveManager] Auto-sync stopped
00:03 +663 -1: D:/mg-games/repos/mg-common-game/test/core/systems/device_capability_test.dart: DeviceTier displayName low tier 표시 이름
00:03 +664 -1: D:/mg-games/repos/mg-common-game/test/core/systems/cloud_save_manager_test.dart: CloudSaveManager - Delete Operations should fail delete when not initialized
[CloudSaveManager] Initialized
[CloudSaveManager] Not initialized
00:03 +665 -1: D:/mg-games/repos/mg-common-game/test/core/systems/cloud_save_manager_test.dart: CloudSaveManager - Delete Operations should fail delete when not initialized
[CloudSaveManager] Auto-sync stopped
00:03 +666 -1: D:/mg-games/repos/mg-common-game/test/core/systems/device_capability_test.dart: DeviceTier displayName high tier 표시 이름
00:03 +667 -1: D:/mg-games/repos/mg-common-game/test/core/systems/cloud_save_manager_test.dart: CloudSaveManager - Delete Operations should handle delete failure gracefully
[CloudSaveManager] Initialized
[CloudSaveManager] Saved locally: deleteKey (pending upload)
[CloudSaveManager] Delete failed: Exception: Mock delete failed
[CloudSaveManager] Auto-sync stopped
00:03 +668 -1: D:/mg-games/repos/mg-common-game/test/core/systems/device_capability_test.dart: DeviceTier displayName 모든 tier가 비어 있지 않은 displayName을 가짐
00:03 +669 -1: D:/mg-games/repos/mg-common-game/test/core/systems/cloud_save_manager_test.dart: CloudSaveManager - Auto Sync should enable auto sync
00:03 +670 -1: D:/mg-games/repos/mg-common-game/test/core/systems/cloud_save_manager_test.dart: CloudSaveManager - Auto Sync should enable auto sync
[CloudSaveManager] Initialized
[CloudSaveManager] Auto-sync started (interval: 300s)
[CloudSaveManager] Auto-sync stopped
00:03 +671 -1: D:/mg-games/repos/mg-common-game/test/core/systems/device_capability_test.dart: DeviceTier index mid tier index는 1
00:03 +672 -1: D:/mg-games/repos/mg-common-game/test/core/systems/cloud_save_manager_test.dart: CloudSaveManager - Auto Sync should disable auto sync
00:03 +673 -1: D:/mg-games/repos/mg-common-game/test/core/systems/cloud_save_manager_test.dart: CloudSaveManager - Auto Sync should disable auto sync
[CloudSaveManager] Initialized
[CloudSaveManager] Auto-sync started (interval: 300s)
[CloudSaveManager] Auto-sync stopped
[CloudSaveManager] Auto-sync stopped
00:03 +674 -1: D:/mg-games/repos/mg-common-game/test/core/systems/device_capability_test.dart: DeviceTier index index가 순서대로 증가
00:03 +675 -1: D:/mg-games/repos/mg-common-game/test/core/systems/cloud_save_manager_test.dart: CloudSaveManager - Auto Sync should set auto sync interval
[CloudSaveManager] Initialized
[CloudSaveManager] Auto-sync stopped
00:03 +676 -1: D:/mg-games/repos/mg-common-game/test/core/systems/device_capability_test.dart: DeviceTier index 모든 index가 고유함
00:03 +677 -1: D:/mg-games/repos/mg-common-game/test/core/systems/cloud_save_manager_test.dart: CloudSaveManager - Auto Sync should enforce minimum interval of 60 seconds
[CloudSaveManager] Initialized
[CloudSaveManager] Auto-sync interval too short, using minimum of 60 seconds
[CloudSaveManager] Auto-sync stopped
00:03 +678 -1: D:/mg-games/repos/mg-common-game/test/core/systems/device_capability_test.dart: DeviceTier performanceMultiplier low tier 배수는 0.5
00:03 +679 -1: D:/mg-games/repos/mg-common-game/test/core/systems/cloud_save_manager_test.dart: CloudSaveManager - Auto Sync should restart timer when interval changes
[CloudSaveManager] Initialized
[CloudSaveManager] Auto-sync started (interval: 300s)
[CloudSaveManager] Auto-sync stopped
[CloudSaveManager] Auto-sync started (interval: 120s)
[CloudSaveManager] Auto-sync stopped
00:03 +680 -1: D:/mg-games/repos/mg-common-game/test/core/systems/device_capability_test.dart: DeviceTier performanceMultiplier mid tier 배수는 1.0
00:03 +681 -1: D:/mg-games/repos/mg-common-game/test/core/systems/device_capability_test.dart: DeviceTier performanceMultiplier high tier 배수는 1.5
00:03 +682 -1: D:/mg-games/repos/mg-common-game/test/core/systems/cloud_save_manager_test.dart: CloudSaveManager - Force Operations should force download from cloud
[CloudSaveManager] Initialized
[CloudSaveManager] Saved locally: forceKey (pending upload)
[CloudSaveManager] Auto-sync stopped
00:03 +683 -1: D:/mg-games/repos/mg-common-game/test/core/systems/device_capability_test.dart: DeviceTier performanceMultiplier 모든 배수가 양수
00:03 +684 -1: D:/mg-games/repos/mg-common-game/test/core/systems/cloud_save_manager_test.dart: CloudSaveManager - Force Operations should remove from pending uploads on force download
00:03 +685 -1: D:/mg-games/repos/mg-common-game/test/core/systems/cloud_save_manager_test.dart: CloudSaveManager - Force Operations should remove from pending uploads on force download
[CloudSaveManager] Initialized
[CloudSaveManager] Saved locally: forceKey (pending upload)
[CloudSaveManager] Auto-sync stopped
00:03 +686 -1: D:/mg-games/repos/mg-common-game/test/core/systems/device_capability_test.dart: DeviceTier enum values 정확히 3개의 tier가 있어야 함
00:03 +687 -1: D:/mg-games/repos/mg-common-game/test/core/systems/cloud_save_manager_test.dart: CloudSaveManager - Force Operations should fail force download for non-existent cloud key
[CloudSaveManager] Initialized
[CloudSaveManager] Auto-sync stopped
00:03 +688 -1: D:/mg-games/repos/mg-common-game/test/core/systems/device_capability_test.dart: DeviceTier enum values 모든 tier가 포함됨
00:03 +689 -1: D:/mg-games/repos/mg-common-game/test/core/systems/cloud_save_manager_test.dart: CloudSaveManager - Force Operations should force upload to cloud
00:03 +690 -1: D:/mg-games/repos/mg-common-game/test/core/systems/cloud_save_manager_test.dart: CloudSaveManager - Force Operations should force upload to cloud
[CloudSaveManager] Initialized
[CloudSaveManager] Saved locally: forceKey (pending upload)
[CloudSaveManager] Auto-sync stopped
00:03 +691 -1: D:/mg-games/repos/mg-common-game/test/core/systems/device_capability_test.dart: DevicePlatform 모든 플랫폼이 포함됨
00:03 +692 -1: D:/mg-games/repos/mg-common-game/test/core/systems/cloud_save_manager_test.dart: CloudSaveManager - Force Operations should fail force upload for non-existent local key
[CloudSaveManager] Initialized
[CloudSaveManager] Auto-sync stopped
00:03 +693 -1: D:/mg-games/repos/mg-common-game/test/core/systems/device_capability_test.dart: DeviceInfo 생성 모든 필드가 올바르게 설정됨
00:03 +694 -1: D:/mg-games/repos/mg-common-game/test/core/systems/cloud_save_manager_test.dart: CloudSaveManager - Force Operations should fail force download when not initialized
[CloudSaveManager] Initialized
00:03 +695 -1: D:/mg-games/repos/mg-common-game/test/core/systems/cloud_save_manager_test.dart: CloudSaveManager - Force Operations should fail force download when not initialized
[CloudSaveManager] Auto-sync stopped
00:03 +696 -1: D:/mg-games/repos/mg-common-game/test/core/systems/device_capability_test.dart: DeviceInfo hasEnoughMemory RAM 4GB 이상이면 true
00:03 +697 -1: D:/mg-games/repos/mg-common-game/test/core/systems/cloud_save_manager_test.dart: CloudSaveManager - Force Operations should fail force upload when not initialized
[CloudSaveManager] Initialized
[CloudSaveManager] Auto-sync stopped
00:03 +698 -1: D:/mg-games/repos/mg-common-game/test/core/systems/device_capability_test.dart: DeviceInfo hasEnoughMemory RAM 정확히 4GB면 true (경계값)
00:03 +699 -1: D:/mg-games/repos/mg-common-game/test/core/systems/cloud_save_manager_test.dart: CloudSaveManager - Clear Cache should clear local cache
00:03 +700 -1: D:/mg-games/repos/mg-common-game/test/core/systems/cloud_save_manager_test.dart: CloudSaveManager - Clear Cache should clear local cache
[CloudSaveManager] Initialized
[CloudSaveManager] Saved locally: key1 (pending upload)
[CloudSaveManager] Saved locally: key2 (pending upload)
[CloudSaveManager] Local cache cleared
[CloudSaveManager] Auto-sync stopped
00:03 +701 -1: D:/mg-games/repos/mg-common-game/test/core/systems/device_capability_test.dart: DeviceInfo hasEnoughMemory RAM 2GB면 false
00:03 +702 -1: D:/mg-games/repos/mg-common-game/test/core/systems/cloud_save_manager_test.dart: CloudSaveManager - Clear Cache should clear pending uploads
[CloudSaveManager] Initialized
[CloudSaveManager] Saved locally: key1 (pending upload)
00:03 +703 -1: D:/mg-games/repos/mg-common-game/test/core/systems/cloud_save_manager_test.dart: CloudSaveManager - Clear Cache should clear pending uploads
[CloudSaveManager] Local cache cleared
[CloudSaveManager] Auto-sync stopped
00:03 +704 -1: D:/mg-games/repos/mg-common-game/test/core/systems/device_capability_test.dart: DeviceInfo hasEnoughMemory RAM 0GB면 false
00:03 +705 -1: D:/mg-games/repos/mg-common-game/test/core/systems/cloud_save_manager_test.dart: CloudSaveManager - Clear Cache should reset sync status
[CloudSaveManager] Initialized
[CloudSaveManager] Saved locally: key1 (pending upload)
00:03 +706 -1: D:/mg-games/repos/mg-common-game/test/core/systems/cloud_save_manager_test.dart: CloudSaveManager - Clear Cache should reset sync status
[CloudSaveManager] Local cache cleared
[CloudSaveManager] Auto-sync stopped
00:03 +707 -1: D:/mg-games/repos/mg-common-game/test/core/systems/device_capability_test.dart: DeviceInfo isHighDensity 밀도 정확히 2.5면 true (경계값)
00:03 +708 -1: D:/mg-games/repos/mg-common-game/test/core/systems/cloud_save_manager_test.dart: CloudSaveManager - Clear Cache should clear SharedPreferences data
[CloudSaveManager] Initialized
[CloudSaveManager] Saved locally: key1 (pending upload)
[CloudSaveManager] Local cache cleared
[CloudSaveManager] Auto-sync stopped
00:03 +709 -1: D:/mg-games/repos/mg-common-game/test/core/systems/cloud_save_manager_test.dart: CloudSaveManager - Clear Cache should clear SharedPreferences data
00:03 +710 -1: D:/mg-games/repos/mg-common-game/test/core/systems/device_capability_test.dart: DeviceInfo isHighDensity 밀도 2.0이면 false
00:03 +711 -1: D:/mg-games/repos/mg-common-game/test/core/systems/cloud_save_manager_test.dart: CloudSaveManager - Clear Cache should reset lastSyncTime
[CloudSaveManager] Initialized
[CloudSaveManager] Local cache cleared
[CloudSaveManager] Auto-sync stopped
00:03 +712 -1: D:/mg-games/repos/mg-common-game/test/core/systems/device_capability_test.dart: DeviceInfo isHighDensity 밀도 1.0이면 false
00:03 +713 -1: D:/mg-games/repos/mg-common-game/test/core/systems/cloud_save_manager_test.dart: CloudSaveManager - Cloud Availability should return true when cloud is available
[CloudSaveManager] Initialized
[CloudSaveManager] Auto-sync stopped
00:03 +714 -1: D:/mg-games/repos/mg-common-game/test/core/systems/device_capability_test.dart: DeviceInfo isMobile Android는 모바일
00:03 +715 -1: D:/mg-games/repos/mg-common-game/test/core/systems/cloud_save_manager_test.dart: CloudSaveManager - Cloud Availability should return false when cloud is unavailable
[CloudSaveManager] Initialized
[CloudSaveManager] Auto-sync stopped
00:03 +716 -1: D:/mg-games/repos/mg-common-game/test/core/systems/device_capability_test.dart: DeviceInfo isMobile iOS는 모바일
00:03 +717 -1: D:/mg-games/repos/mg-common-game/test/core/systems/cloud_save_manager_test.dart: CloudSaveManager - Cloud Availability should return false when provider throws
00:03 +718 -1: D:/mg-games/repos/mg-common-game/test/core/systems/cloud_save_manager_test.dart: CloudSaveManager - Cloud Availability should return false when provider throws
[CloudSaveManager] Initialized
[CloudSaveManager] Auto-sync stopped
00:03 +719 -1: D:/mg-games/repos/mg-common-game/test/core/systems/device_capability_test.dart: DeviceInfo isMobile Other는 모바일이 아님
00:03 +720 -1: D:/mg-games/repos/mg-common-game/test/core/systems/cloud_save_manager_test.dart: CloudSaveManager - Getters should return hasPendingChanges correctly
[CloudSaveManager] Initialized
[CloudSaveManager] Saved locally: key1 (pending upload)
[CloudSaveManager] Auto-sync stopped
00:03 +721 -1: D:/mg-games/repos/mg-common-game/test/core/systems/device_capability_test.dart: DeviceInfo isMobile Android 태블릿도 모바일
00:03 +722 -1: D:/mg-games/repos/mg-common-game/test/core/systems/device_capability_test.dart: DeviceInfo isMobile iPad도 모바일
00:03 +723 -1: D:/mg-games/repos/mg-common-game/test/core/systems/cloud_save_manager_test.dart: CloudSaveManager - Getters should return unmodifiable pendingUploads
[CloudSaveManager] Initialized
00:03 +724 -1: D:/mg-games/repos/mg-common-game/test/core/systems/cloud_save_manager_test.dart: CloudSaveManager - Getters should return unmodifiable pendingUploads
[CloudSaveManager] Saved locally: key1 (pending upload)
[CloudSaveManager] Auto-sync stopped
00:03 +725 -1: D:/mg-games/repos/mg-common-game/test/core/systems/device_capability_test.dart: DeviceInfo 플랫폼별 테스트 iOS 기기 정보
00:03 +726 -1: D:/mg-games/repos/mg-common-game/test/core/systems/cloud_save_manager_test.dart: CloudSaveManager - Getters should return conflictResolution setting
[CloudSaveManager] Initialized
[CloudSaveManager] Auto-sync stopped
00:03 +727 -1: D:/mg-games/repos/mg-common-game/test/core/systems/device_capability_test.dart: DeviceInfo 플랫폼별 테스트 Web 플랫폼 정보
00:03 +728 -1: D:/mg-games/repos/mg-common-game/test/core/systems/cloud_save_manager_test.dart: CloudSaveManager - Notification should notify listeners on save
00:03 +729 -1: D:/mg-games/repos/mg-common-game/test/core/systems/cloud_save_manager_test.dart: CloudSaveManager - Notification should notify listeners on save
[CloudSaveManager] Initialized
[CloudSaveManager] Saved locally: key1 (pending upload)
[CloudSaveManager] Auto-sync stopped
00:03 +730 -1: D:/mg-games/repos/mg-common-game/test/core/systems/device_capability_test.dart: TextureQuality scaleFactor low 품질 배수는 0.5
00:03 +731 -1: D:/mg-games/repos/mg-common-game/test/core/systems/cloud_save_manager_test.dart: CloudSaveManager - Notification should notify listeners on sync
[CloudSaveManager] Initialized
[CloudSaveManager] Auto-sync stopped
00:03 +732 -1: D:/mg-games/repos/mg-common-game/test/core/systems/device_capability_test.dart: TextureQuality scaleFactor medium 품질 배수는 0.75
00:03 +733 -1: D:/mg-games/repos/mg-common-game/test/core/systems/cloud_save_manager_test.dart: CloudSaveManager - Notification should notify listeners on conflict resolution change
00:03 +734 -1: D:/mg-games/repos/mg-common-game/test/core/systems/cloud_save_manager_test.dart: CloudSaveManager - Notification should notify listeners on conflict resolution change
[CloudSaveManager] Initialized
[CloudSaveManager] Auto-sync stopped
00:03 +735 -1: D:/mg-games/repos/mg-common-game/test/core/systems/device_capability_test.dart: TextureQuality scaleFactor 모든 배수가 0.0 ~ 1.0 범위
00:03 +736 -1: D:/mg-games/repos/mg-common-game/test/core/systems/cloud_save_manager_test.dart: CloudSaveManager - Notification should notify listeners on auto sync toggle
00:03 +737 -1: D:/mg-games/repos/mg-common-game/test/core/systems/cloud_save_manager_test.dart: CloudSaveManager - Notification should notify listeners on auto sync toggle
[CloudSaveManager] Initialized
[CloudSaveManager] Auto-sync started (interval: 300s)
[CloudSaveManager] Auto-sync stopped
00:03 +738 -1: D:/mg-games/repos/mg-common-game/test/core/systems/device_capability_test.dart: TextureQuality displayName low 품질 표시 이름
00:03 +739 -1: D:/mg-games/repos/mg-common-game/test/core/systems/cloud_save_manager_test.dart: CloudSaveManager - Notification should notify listeners on clear cache
[CloudSaveManager] Initialized
00:03 +740 -1: D:/mg-games/repos/mg-common-game/test/core/systems/cloud_save_manager_test.dart: CloudSaveManager - Notification should notify listeners on clear cache
[CloudSaveManager] Local cache cleared
[CloudSaveManager] Auto-sync stopped
00:03 +741 -1: D:/mg-games/repos/mg-common-game/test/core/systems/device_capability_test.dart: TextureQuality displayName high 품질 표시 이름
00:03 +742 -1: D:/mg-games/repos/mg-common-game/test/core/systems/cloud_save_manager_test.dart: CloudSaveManager - Edge Cases should handle empty data
[CloudSaveManager] Initialized
[CloudSaveManager] Saved locally: emptyKey (pending upload)
[CloudSaveManager] Auto-sync stopped
00:03 +743 -1: D:/mg-games/repos/mg-common-game/test/core/systems/cloud_save_manager_test.dart: CloudSaveManager - Edge Cases should handle empty data
00:03 +744 -1: D:/mg-games/repos/mg-common-game/test/core/systems/cloud_save_manager_test.dart: CloudSaveManager - Edge Cases should handle complex nested data
00:03 +745 -1: D:/mg-games/repos/mg-common-game/test/core/systems/cloud_save_manager_test.dart: CloudSaveManager - Edge Cases should handle complex nested data
[CloudSaveManager] Initialized
[CloudSaveManager] Saved locally: complexKey (pending upload)
[CloudSaveManager] Auto-sync stopped
00:03 +746 -1: D:/mg-games/repos/mg-common-game/test/core/systems/device_capability_test.dart: TextureQuality enum values 모든 품질 레벨이 포함됨
00:03 +747 -1: D:/mg-games/repos/mg-common-game/test/core/systems/cloud_save_manager_test.dart: CloudSaveManager - Edge Cases should handle special characters in data
00:03 +748 -1: D:/mg-games/repos/mg-common-game/test/core/systems/cloud_save_manager_test.dart: CloudSaveManager - Edge Cases should handle special characters in data
[CloudSaveManager] Initialized
[CloudSaveManager] Saved locally: specialKey (pending upload)
[CloudSaveManager] Auto-sync stopped
00:03 +749 -1: D:/mg-games/repos/mg-common-game/test/core/systems/device_capability_test.dart: PerformanceTestResult 생성 const 생성자 사용 가능
00:03 +750 -1: D:/mg-games/repos/mg-common-game/test/core/systems/cloud_save_manager_test.dart: CloudSaveManager - Edge Cases should handle null values in data
00:03 +751 -1: D:/mg-games/repos/mg-common-game/test/core/systems/cloud_save_manager_test.dart: CloudSaveManager - Edge Cases should handle null values in data
[CloudSaveManager] Initialized
[CloudSaveManager] Saved locally: nullKey (pending upload)
[CloudSaveManager] Auto-sync stopped
00:03 +752 -1: D:/mg-games/repos/mg-common-game/test/core/systems/device_capability_test.dart: PerformanceTestResult recommendedTier 경계값 high tier (avgFps = 55, minFps = 45)
00:03 +753 -1: D:/mg-games/repos/mg-common-game/test/core/systems/cloud_save_manager_test.dart: CloudSaveManager - Edge Cases should handle very large data
00:03 +754 -1: D:/mg-games/repos/mg-common-game/test/core/systems/cloud_save_manager_test.dart: CloudSaveManager - Edge Cases should handle very large data
00:03 +755 -1: D:/mg-games/repos/mg-common-game/test/core/systems/cloud_save_manager_test.dart: CloudSaveManager - Edge Cases should handle very large data
00:03 +756 -1: D:/mg-games/repos/mg-common-game/test/core/systems/cloud_save_manager_test.dart: CloudSaveManager - Edge Cases should handle very large data
00:03 +757 -1: D:/mg-games/repos/mg-common-game/test/core/systems/cloud_save_manager_test.dart: CloudSaveManager - Edge Cases should handle very large data
00:03 +758 -1: D:/mg-games/repos/mg-common-game/test/core/systems/cloud_save_manager_test.dart: CloudSaveManager - Edge Cases should handle very large data
[CloudSaveManager] Initialized
[CloudSaveManager] Saved locally: largeKey (pending upload)
[CloudSaveManager] Auto-sync stopped
00:03 +759 -1: D:/mg-games/repos/mg-common-game/test/core/systems/economy_system_test.dart: EconomySystem - Initialization should start with zero balance for all currency types
00:03 +760 -1: D:/mg-games/repos/mg-common-game/test/core/systems/economy_system_test.dart: EconomySystem - Initialization should start with zero balance for all currency types
00:03 +761 -1: D:/mg-games/repos/mg-common-game/test/core/systems/economy_system_test.dart: EconomySystem - Initialization should start with zero balance for all currency types
00:03 +762 -1: D:/mg-games/repos/mg-common-game/test/core/systems/economy_system_test.dart: EconomySystem - Initialization should start with zero balance for all currency types
00:03 +762 -1: D:/mg-games/repos/mg-common-game/test/core/systems/cloud_save_manager_test.dart: CloudSaveManager - Edge Cases should handle concurrent saves
[CloudSaveManager] Initialized
[CloudSaveManager] Saved locally: concurrentKey_0 (pending upload)
[CloudSaveManager] Saved locally: concurrentKey_1 (pending upload)
[CloudSaveManager] Saved locally: concurrentKey_2 (pending upload)
[CloudSaveManager] Saved locally: concurrentKey_3 (pending upload)
[CloudSaveManager] Saved locally: concurrentKey_4 (pending upload)
00:03 +763 -1: D:/mg-games/repos/mg-common-game/test/core/systems/economy_system_test.dart: EconomySystem - Initialization should start with zero balance for all currency types
00:03 +763 -1: D:/mg-games/repos/mg-common-game/test/core/systems/cloud_save_manager_test.dart: CloudSaveManager - Edge Cases should handle concurrent saves
[CloudSaveManager] Saved locally: concurrentKey_5 (pending upload)
[CloudSaveManager] Saved locally: concurrentKey_6 (pending upload)
[CloudSaveManager] Saved locally: concurrentKey_7 (pending upload)
[CloudSaveManager] Saved locally: concurrentKey_8 (pending upload)
[CloudSaveManager] Saved locally: concurrentKey_9 (pending upload)
[CloudSaveManager] Auto-sync stopped
00:03 +764 -1: D:/mg-games/repos/mg-common-game/test/core/systems/economy_system_test.dart: EconomySystem - Initialization should start with zero balance for all currency types
00:03 +765 -1: D:/mg-games/repos/mg-common-game/test/core/systems/economy_system_test.dart: EconomySystem - Initialization should start with zero balance for all currency types
00:03 +766 -1: D:/mg-games/repos/mg-common-game/test/core/systems/economy_system_test.dart: EconomySystem - Initialization should start with zero balance for all currency types
00:03 +767 -1: D:/mg-games/repos/mg-common-game/test/core/systems/economy_system_test.dart: EconomySystem - Initialization should start with zero balance for all currency types
00:03 +768 -1: D:/mg-games/repos/mg-common-game/test/core/systems/cloud_save_manager_test.dart: CloudSaveManager - Edge Cases should handle rapid save/load cycles
00:03 +769 -1: D:/mg-games/repos/mg-common-game/test/core/systems/cloud_save_manager_test.dart: CloudSaveManager - Edge Cases should handle rapid save/load cycles
00:03 +770 -1: D:/mg-games/repos/mg-common-game/test/core/systems/cloud_save_manager_test.dart: CloudSaveManager - Edge Cases should handle rapid save/load cycles
00:03 +771 -1: D:/mg-games/repos/mg-common-game/test/core/systems/cloud_save_manager_test.dart: CloudSaveManager - Edge Cases should handle rapid save/load cycles
00:03 +772 -1: D:/mg-games/repos/mg-common-game/test/core/systems/cloud_save_manager_test.dart: CloudSaveManager - Edge Cases should handle rapid save/load cycles
00:03 +773 -1: D:/mg-games/repos/mg-common-game/test/core/systems/cloud_save_manager_test.dart: CloudSaveManager - Edge Cases should handle rapid save/load cycles
00:03 +774 -1: D:/mg-games/repos/mg-common-game/test/core/systems/cloud_save_manager_test.dart: CloudSaveManager - Edge Cases should handle rapid save/load cycles
00:03 +775 -1: D:/mg-games/repos/mg-common-game/test/core/systems/cloud_save_manager_test.dart: CloudSaveManager - Edge Cases should handle rapid save/load cycles
00:03 +776 -1: D:/mg-games/repos/mg-common-game/test/core/systems/cloud_save_manager_test.dart: CloudSaveManager - Edge Cases should handle rapid save/load cycles
00:03 +777 -1: D:/mg-games/repos/mg-common-game/test/core/systems/cloud_save_manager_test.dart: CloudSaveManager - Edge Cases should handle rapid save/load cycles
00:03 +778 -1: D:/mg-games/repos/mg-common-game/test/core/systems/cloud_save_manager_test.dart: CloudSaveManager - Edge Cases should handle rapid save/load cycles
00:03 +779 -1: D:/mg-games/repos/mg-common-game/test/core/systems/cloud_save_manager_test.dart: CloudSaveManager - Edge Cases should handle rapid save/load cycles
00:03 +780 -1: D:/mg-games/repos/mg-common-game/test/core/systems/cloud_save_manager_test.dart: CloudSaveManager - Edge Cases should handle rapid save/load cycles
00:03 +781 -1: D:/mg-games/repos/mg-common-game/test/core/systems/cloud_save_manager_test.dart: CloudSaveManager - Edge Cases should handle rapid save/load cycles
[CloudSaveManager] Initialized
[CloudSaveManager] Saved locally: rapidKey (pending upload)
[CloudSaveManager] Saved locally: rapidKey (pending upload)
00:03 +782 -1: D:/mg-games/repos/mg-common-game/test/core/systems/cloud_save_manager_test.dart: CloudSaveManager - Edge Cases should handle rapid save/load cycles
[CloudSaveManager] Saved locally: rapidKey (pending upload)
00:03 +783 -1: D:/mg-games/repos/mg-common-game/test/core/systems/cloud_save_manager_test.dart: CloudSaveManager - Edge Cases should handle rapid save/load cycles
[CloudSaveManager] Saved locally: rapidKey (pending upload)
[CloudSaveManager] Saved locally: rapidKey (pending upload)
[CloudSaveManager] Saved locally: rapidKey (pending upload)
[CloudSaveManager] Saved locally: rapidKey (pending upload)
[CloudSaveManager] Saved locally: rapidKey (pending upload)
[CloudSaveManager] Saved locally: rapidKey (pending upload)
[CloudSaveManager] Saved locally: rapidKey (pending upload)
[CloudSaveManager] Saved locally: rapidKey (pending upload)
[CloudSaveManager] Saved locally: rapidKey (pending upload)
[CloudSaveManager] Saved locally: rapidKey (pending upload)
[CloudSaveManager] Saved locally: rapidKey (pending upload)
[CloudSaveManager] Saved locally: rapidKey (pending upload)
[CloudSaveManager] Saved locally: rapidKey (pending upload)
00:03 +784 -1: D:/mg-games/repos/mg-common-game/test/core/systems/cloud_save_manager_test.dart: CloudSaveManager - Edge Cases should handle rapid save/load cycles
[CloudSaveManager] Saved locally: rapidKey (pending upload)
00:03 +785 -1: D:/mg-games/repos/mg-common-game/test/core/systems/cloud_save_manager_test.dart: CloudSaveManager - Edge Cases should handle rapid save/load cycles
[CloudSaveManager] Saved locally: rapidKey (pending upload)
[CloudSaveManager] Saved locally: rapidKey (pending upload)
[CloudSaveManager] Saved locally: rapidKey (pending upload)
[CloudSaveManager] Saved locally: rapidKey (pending upload)
[CloudSaveManager] Saved locally: rapidKey (pending upload)
[CloudSaveManager] Saved locally: rapidKey (pending upload)
[CloudSaveManager] Saved locally: rapidKey (pending upload)
[CloudSaveManager] Saved locally: rapidKey (pending upload)
[CloudSaveManager] Saved locally: rapidKey (pending upload)
[CloudSaveManager] Saved locally: rapidKey (pending upload)
[CloudSaveManager] Saved locally: rapidKey (pending upload)
[CloudSaveManager] Saved locally: rapidKey (pending upload)
[CloudSaveManager] Saved locally: rapidKey (pending upload)
[CloudSaveManager] Saved locally: rapidKey (pending upload)
00:03 +786 -1: D:/mg-games/repos/mg-common-game/test/core/systems/cloud_save_manager_test.dart: CloudSaveManager - Edge Cases should handle rapid save/load cycles
[CloudSaveManager] Saved locally: rapidKey (pending upload)
[CloudSaveManager] Saved locally: rapidKey (pending upload)
[CloudSaveManager] Saved locally: rapidKey (pending upload)
[CloudSaveManager] Saved locally: rapidKey (pending upload)
[CloudSaveManager] Saved locally: rapidKey (pending upload)
[CloudSaveManager] Saved locally: rapidKey (pending upload)
00:03 +787 -1: D:/mg-games/repos/mg-common-game/test/core/systems/cloud_save_manager_test.dart: CloudSaveManager - Edge Cases should handle rapid save/load cycles
[CloudSaveManager] Saved locally: rapidKey (pending upload)
[CloudSaveManager] Saved locally: rapidKey (pending upload)
[CloudSaveManager] Saved locally: rapidKey (pending upload)
[CloudSaveManager] Saved locally: rapidKey (pending upload)
[CloudSaveManager] Saved locally: rapidKey (pending upload)
[CloudSaveManager] Saved locally: rapidKey (pending upload)
[CloudSaveManager] Saved locally: rapidKey (pending upload)
00:03 +788 -1: D:/mg-games/repos/mg-common-game/test/core/systems/cloud_save_manager_test.dart: CloudSaveManager - Edge Cases should handle rapid save/load cycles
[CloudSaveManager] Saved locally: rapidKey (pending upload)
[CloudSaveManager] Saved locally: rapidKey (pending upload)
[CloudSaveManager] Saved locally: rapidKey (pending upload)
[CloudSaveManager] Saved locally: rapidKey (pending upload)
[CloudSaveManager] Saved locally: rapidKey (pending upload)
[CloudSaveManager] Saved locally: rapidKey (pending upload)
[CloudSaveManager] Saved locally: rapidKey (pending upload)
[CloudSaveManager] Saved locally: rapidKey (pending upload)
[CloudSaveManager] Saved locally: rapidKey (pending upload)
[CloudSaveManager] Saved locally: rapidKey (pending upload)
[CloudSaveManager] Saved locally: rapidKey (pending upload)
00:03 +789 -1: D:/mg-games/repos/mg-common-game/test/core/systems/cloud_save_manager_test.dart: CloudSaveManager - Edge Cases should handle rapid save/load cycles
[CloudSaveManager] Saved locally: rapidKey (pending upload)
00:03 +790 -1: D:/mg-games/repos/mg-common-game/test/core/systems/device_capability_test.dart: 경계값 테스트 RAM 경계값 RAM 4.00GB는 메모리 충분
00:03 +791 -1: D:/mg-games/repos/mg-common-game/test/core/systems/economy_system_test.dart: EconomySystem - addCurrency should accumulate multiple additions
00:03 +792 -1: D:/mg-games/repos/mg-common-game/test/core/systems/cloud_save_manager_test.dart: CloudSaveData should create from json
00:03 +793 -1: D:/mg-games/repos/mg-common-game/test/core/systems/cloud_save_manager_test.dart: CloudSaveData should create from json
00:03 +794 -1: D:/mg-games/repos/mg-common-game/test/core/systems/economy_system_test.dart: EconomySystem - addCurrency should throw ArgumentError for negative amount
00:03 +795 -1: D:/mg-games/repos/mg-common-game/test/core/systems/economy_system_test.dart: EconomySystem - addCurrency should throw ArgumentError for negative amount
00:03 +796 -1: D:/mg-games/repos/mg-common-game/test/core/systems/device_capability_test.dart: 경계값 테스트 화면 밀도 경계값 밀도 2.49는 고밀도 아님
00:03 +797 -1: D:/mg-games/repos/mg-common-game/test/core/systems/cloud_save_manager_test.dart: CloudSaveData should use default version when not in json
00:03 +798 -1: D:/mg-games/repos/mg-common-game/test/core/systems/cloud_save_manager_test.dart: CloudSaveData should use default version when not in json
00:03 +799 -1: D:/mg-games/repos/mg-common-game/test/core/systems/economy_system_test.dart: EconomySystem - addCurrency should allow adding zero amount
00:03 +800 -1: D:/mg-games/repos/mg-common-game/test/core/systems/device_capability_test.dart: 경계값 테스트 화면 밀도 경계값 밀도 2.51은 고밀도
00:03 +801 -1: D:/mg-games/repos/mg-common-game/test/core/systems/cloud_save_manager_test.dart: CloudSaveData should copy with new values
00:03 +802 -1: D:/mg-games/repos/mg-common-game/test/core/systems/cloud_save_manager_test.dart: CloudSaveData should copy with new values
00:03 +803 -1: D:/mg-games/repos/mg-common-game/test/core/systems/device_capability_test.dart: 경계값 테스트 PerformanceTestResult 경계값 avgFps=55, minFps=45는 high tier
00:03 +804 -1: D:/mg-games/repos/mg-common-game/test/core/systems/economy_system_test.dart: EconomySystem - addCurrency should throw ArgumentError when adding custom currency without id
00:03 +805 -1: D:/mg-games/repos/mg-common-game/test/core/systems/economy_system_test.dart: EconomySystem - addCurrency should throw ArgumentError when adding custom currency without id
00:03 +806 -1: D:/mg-games/repos/mg-common-game/test/core/systems/device_capability_test.dart: 경계값 테스트 PerformanceTestResult 경계값 avgFps=54.99, minFps=45는 mid tier
00:03 +807 -1: D:/mg-games/repos/mg-common-game/test/core/systems/cloud_save_manager_test.dart: SyncResult should create success result with custom time
00:03 +808 -1: D:/mg-games/repos/mg-common-game/test/core/systems/cloud_save_manager_test.dart: SyncResult should create success result with custom time
00:03 +809 -1: D:/mg-games/repos/mg-common-game/test/core/systems/economy_system_test.dart: EconomySystem - addCurrency should throw ArgumentError when adding custom currency with empty id
00:03 +810 -1: D:/mg-games/repos/mg-common-game/test/core/systems/device_capability_test.dart: 경계값 테스트 PerformanceTestResult 경계값 avgFps=40, minFps=25는 mid tier
00:03 +811 -1: D:/mg-games/repos/mg-common-game/test/core/systems/cloud_save_manager_test.dart: SyncResult should create failure result
00:03 +812 -1: D:/mg-games/repos/mg-common-game/test/core/systems/economy_system_test.dart: EconomySystem - addCurrency should add custom currency with valid id
00:03 +813 -1: D:/mg-games/repos/mg-common-game/test/core/systems/device_capability_test.dart: 경계값 테스트 PerformanceTestResult 경계값 avgFps=39.99, minFps=25는 low tier
00:03 +814 -1: D:/mg-games/repos/mg-common-game/test/core/systems/cloud_save_manager_test.dart: SyncResult should create conflict result
00:03 +815 -1: D:/mg-games/repos/mg-common-game/test/core/systems/economy_system_test.dart: EconomySystem - addCurrency should handle large amounts
00:03 +816 -1: D:/mg-games/repos/mg-common-game/test/core/systems/device_capability_test.dart: 경계값 테스트 PerformanceTestResult 경계값 avgFps=40, minFps=24.99는 low tier
00:03 +817 -1: D:/mg-games/repos/mg-common-game/test/core/systems/cloud_save_manager_test.dart: MockCloudStorageProvider should initialize successfully
00:03 +818 -1: D:/mg-games/repos/mg-common-game/test/core/systems/economy_system_test.dart: EconomySystem - consumeCurrency should consume currency when sufficient balance
00:03 +819 -1: D:/mg-games/repos/mg-common-game/test/core/systems/cloud_save_manager_test.dart: MockCloudStorageProvider should check availability
00:03 +820 -1: D:/mg-games/repos/mg-common-game/test/core/systems/cloud_save_manager_test.dart: MockCloudStorageProvider should check availability
00:03 +821 -1: D:/mg-games/repos/mg-common-game/test/core/systems/economy_system_test.dart: EconomySystem - consumeCurrency should fail when insufficient balance
00:03 +822 -1: D:/mg-games/repos/mg-common-game/test/core/systems/cloud_save_manager_test.dart: MockCloudStorageProvider should upload and fetch data
00:03 +823 -1: D:/mg-games/repos/mg-common-game/test/core/systems/economy_system_test.dart: EconomySystem - consumeCurrency should fail when balance is zero
00:03 +824 -1: D:/mg-games/repos/mg-common-game/test/core/systems/economy_system_test.dart: EconomySystem - consumeCurrency should fail when balance is zero
00:03 +825 -1: D:/mg-games/repos/mg-common-game/test/core/systems/cloud_save_manager_test.dart: MockCloudStorageProvider should list keys
00:03 +826 -1: D:/mg-games/repos/mg-common-game/test/core/systems/economy_system_test.dart: EconomySystem - consumeCurrency should throw ArgumentError for negative amount
00:03 +827 -1: D:/mg-games/repos/mg-common-game/test/core/systems/cloud_save_manager_test.dart: MockCloudStorageProvider should throw when shouldFail is set
00:03 +828 -1: D:/mg-games/repos/mg-common-game/test/core/systems/economy_system_test.dart: EconomySystem - consumeCurrency should allow consuming zero amount
00:03 +829 -1: D:/mg-games/repos/mg-common-game/test/core/systems/cloud_save_manager_test.dart: MockCloudStorageProvider should simulate latency
00:03 +830 -1: D:/mg-games/repos/mg-common-game/test/core/systems/cloud_save_manager_test.dart: MockCloudStorageProvider should simulate latency
00:03 +831 -1: D:/mg-games/repos/mg-common-game/test/core/systems/cloud_save_manager_test.dart: MockCloudStorageProvider should simulate latency
00:03 +832 -1: D:/mg-games/repos/mg-common-game/test/core/systems/cloud_save_manager_test.dart: MockCloudStorageProvider should simulate latency
00:03 +833 -1: D:/mg-games/repos/mg-common-game/test/core/systems/cloud_save_manager_test.dart: MockCloudStorageProvider should simulate latency
00:03 +834 -1: D:/mg-games/repos/mg-common-game/test/core/systems/cloud_save_manager_test.dart: MockCloudStorageProvider should simulate latency
00:03 +835 -1: D:/mg-games/repos/mg-common-game/test/core/systems/cloud_save_manager_test.dart: MockCloudStorageProvider should simulate latency
00:03 +836 -1: D:/mg-games/repos/mg-common-game/test/core/systems/cloud_save_manager_test.dart: MockCloudStorageProvider should simulate latency
00:03 +837 -1: D:/mg-games/repos/mg-common-game/test/core/systems/cloud_save_manager_test.dart: MockCloudStorageProvider should simulate latency
00:03 +838 -1: D:/mg-games/repos/mg-common-game/test/core/systems/cloud_save_manager_test.dart: MockCloudStorageProvider should simulate latency
00:03 +839 -1: D:/mg-games/repos/mg-common-game/test/core/systems/cloud_save_manager_test.dart: MockCloudStorageProvider should simulate latency
00:03 +840 -1: D:/mg-games/repos/mg-common-game/test/core/systems/cloud_save_manager_test.dart: MockCloudStorageProvider should simulate latency
00:03 +841 -1: D:/mg-games/repos/mg-common-game/test/core/systems/economy_system_test.dart: EconomySystem - CurrencyUpdatedEvent should not emit event when consume fails
00:03 +842 -1: D:/mg-games/repos/mg-common-game/test/core/systems/economy_system_test.dart: EconomySystem - CurrencyUpdatedEvent should not emit event when consume fails
00:03 +843 -1: D:/mg-games/repos/mg-common-game/test/core/systems/gold_manager_test.dart: GoldManager - Initial State should start with 0 gold
00:03 +844 -1: D:/mg-games/repos/mg-common-game/test/core/systems/gold_manager_test.dart: GoldManager - Initial State should start with 0 gold
00:03 +845 -1: D:/mg-games/repos/mg-common-game/test/core/systems/gold_manager_test.dart: GoldManager - Initial State should start with 0 gold
00:03 +846 -1: D:/mg-games/repos/mg-common-game/test/core/systems/gold_manager_test.dart: GoldManager - Initial State should start with 0 gold
00:03 +847 -1: D:/mg-games/repos/mg-common-game/test/core/systems/gold_manager_test.dart: GoldManager - Initial State should start with 0 gold
00:03 +848 -1: D:/mg-games/repos/mg-common-game/test/core/systems/gold_manager_test.dart: GoldManager - Initial State should start with 0 gold
00:03 +849 -1: D:/mg-games/repos/mg-common-game/test/core/systems/economy_system_test.dart: EconomySystem - Edge Cases should handle all currency types
00:03 +850 -1: D:/mg-games/repos/mg-common-game/test/core/systems/gold_manager_test.dart: GoldManager - Initial State saveKey should return "gold"
00:03 +851 -1: D:/mg-games/repos/mg-common-game/test/core/systems/gold_manager_test.dart: GoldManager - Initial State saveKey should return "gold"
00:03 +852 -1: D:/mg-games/repos/mg-common-game/test/core/systems/economy_system_test.dart: EconomySystem - Integration Scenarios should simulate reward flow
00:03 +853 -1: D:/mg-games/repos/mg-common-game/test/core/systems/gold_manager_test.dart: GoldManager - addGold should add gold correctly
00:03 +854 -1: D:/mg-games/repos/mg-common-game/test/core/systems/economy_system_test.dart: EconomySystem - Integration Scenarios should simulate energy system
00:03 +855 -1: D:/mg-games/repos/mg-common-game/test/core/systems/gold_manager_test.dart: GoldManager - addGold should accumulate gold with multiple additions
00:03 +856 -1: D:/mg-games/repos/mg-common-game/test/core/systems/economy_system_test.dart: CurrencyUpdatedEvent should create event with all required fields
00:03 +857 -1: D:/mg-games/repos/mg-common-game/test/core/systems/gold_manager_test.dart: GoldManager - addGold should handle large gold amounts
00:03 +858 -1: D:/mg-games/repos/mg-common-game/test/core/systems/gold_manager_test.dart: GoldManager - addGold should handle large gold amounts
00:03 +859 -1: D:/mg-games/repos/mg-common-game/test/core/systems/economy_system_test.dart: CurrencyUpdatedEvent should allow negative change value
00:03 +860 -1: D:/mg-games/repos/mg-common-game/test/core/systems/gold_manager_test.dart: GoldManager - addGold should ignore zero amount
00:03 +861 -1: D:/mg-games/repos/mg-common-game/test/core/systems/gold_manager_test.dart: GoldManager - addGold should ignore negative amount
00:03 +862 -1: D:/mg-games/repos/mg-common-game/test/core/systems/gold_manager_test.dart: GoldManager - addGold should emit stream event when gold is added
00:03 +863 -1: D:/mg-games/repos/mg-common-game/test/core/systems/gold_manager_test.dart: GoldManager - addGold should not emit stream event for zero or negative amount
00:03 +864 -1: D:/mg-games/repos/mg-common-game/test/core/systems/gold_manager_test.dart: GoldManager - trySpendGold should spend gold successfully when sufficient
00:03 +865 -1: D:/mg-games/repos/mg-common-game/test/core/systems/gold_manager_test.dart: GoldManager - trySpendGold should spend all gold when exact amount
00:03 +866 -1: D:/mg-games/repos/mg-common-game/test/core/systems/gold_manager_test.dart: GoldManager - trySpendGold should fail when insufficient gold
00:03 +867 -1: D:/mg-games/repos/mg-common-game/test/core/systems/gold_manager_test.dart: GoldManager - trySpendGold should fail when zero gold
00:03 +868 -1: D:/mg-games/repos/mg-common-game/test/core/systems/gold_manager_test.dart: GoldManager - trySpendGold should return false for zero amount
00:03 +869 -1: D:/mg-games/repos/mg-common-game/test/core/systems/gold_manager_test.dart: GoldManager - trySpendGold should return false for negative amount
00:03 +870 -1: D:/mg-games/repos/mg-common-game/test/core/systems/gold_manager_test.dart: GoldManager - trySpendGold should emit stream event when gold is spent
00:03 +871 -1: D:/mg-games/repos/mg-common-game/test/core/systems/gold_manager_test.dart: GoldManager - trySpendGold should not emit stream event for failed spend
00:03 +872 -1: D:/mg-games/repos/mg-common-game/test/core/systems/gold_manager_test.dart: GoldManager - trySpendGold should handle multiple successful spends
00:03 +873 -1: D:/mg-games/repos/mg-common-game/test/core/systems/gold_manager_test.dart: GoldManager - trySpendGold should handle large spend amount
00:03 +874 -1: D:/mg-games/repos/mg-common-game/test/core/systems/gold_manager_test.dart: GoldManager - PrestigeManager Integration should apply 1.0 multiplier when no prestige manager set
00:03 +875 -1: D:/mg-games/repos/mg-common-game/test/core/systems/gold_manager_test.dart: GoldManager - PrestigeManager Integration should apply prestige multiplier when set
00:03 +876 -1: D:/mg-games/repos/mg-common-game/test/core/systems/gold_manager_test.dart: GoldManager - PrestigeManager Integration should apply fractional multiplier
00:03 +877 -1: D:/mg-games/repos/mg-common-game/test/core/systems/gold_manager_test.dart: GoldManager - PrestigeManager Integration should round multiplied amount
00:03 +878 -1: D:/mg-games/repos/mg-common-game/test/core/systems/gold_manager_test.dart: GoldManager - PrestigeManager Integration should handle very large multiplier
00:03 +879 -1: D:/mg-games/repos/mg-common-game/test/core/systems/gold_manager_test.dart: GoldManager - PrestigeManager Integration should handle very small multiplier
00:03 +880 -1: D:/mg-games/repos/mg-common-game/test/core/systems/gold_manager_test.dart: GoldManager - PrestigeManager Integration should accumulate gold with multiplier over multiple additions
00:03 +881 -1: D:/mg-games/repos/mg-common-game/test/core/systems/gold_manager_test.dart: GoldManager - PrestigeManager Integration multiplier does not affect spend operation
00:03 +882 -1: D:/mg-games/repos/mg-common-game/test/core/systems/gold_manager_test.dart: GoldManager - onGoldChanged Stream should be a broadcast stream
00:03 +883 -1: D:/mg-games/repos/mg-common-game/test/core/systems/gold_manager_test.dart: GoldManager - onGoldChanged Stream should emit current gold value on add
00:03 +884 -1: D:/mg-games/repos/mg-common-game/test/core/systems/gold_manager_test.dart: GoldManager - onGoldChanged Stream should emit current gold value on spend
00:03 +885 -1: D:/mg-games/repos/mg-common-game/test/core/systems/gold_manager_test.dart: GoldManager - onGoldChanged Stream should handle multiple listeners
00:03 +886 -1: D:/mg-games/repos/mg-common-game/test/core/systems/gold_manager_test.dart: GoldManager - Saveable Implementation toSaveData should return correct map
00:03 +887 -1: D:/mg-games/repos/mg-common-game/test/core/systems/gold_manager_test.dart: GoldManager - Saveable Implementation toSaveData should return 0 for initial state
00:03 +888 -1: D:/mg-games/repos/mg-common-game/test/core/systems/gold_manager_test.dart: GoldManager - Saveable Implementation fromSaveData should restore gold
00:03 +889 -1: D:/mg-games/repos/mg-common-game/test/core/systems/gold_manager_test.dart: GoldManager - Saveable Implementation fromSaveData should handle missing amount key
00:03 +890 -1: D:/mg-games/repos/mg-common-game/test/core/systems/gold_manager_test.dart: GoldManager - Saveable Implementation fromSaveData should handle null amount
00:03 +891 -1: D:/mg-games/repos/mg-common-game/test/core/systems/gold_manager_test.dart: GoldManager - Saveable Implementation fromSaveData should emit stream event
00:03 +892 -1: D:/mg-games/repos/mg-common-game/test/core/systems/gold_manager_test.dart: GoldManager - Saveable Implementation round-trip save/load should preserve data
00:03 +893 -1: D:/mg-games/repos/mg-common-game/test/core/systems/gold_manager_test.dart: GoldManager - Saveable Implementation should handle large gold values in save/load
00:03 +894 -1: D:/mg-games/repos/mg-common-game/test/core/systems/gold_manager_test.dart: GoldManager - Saveable Implementation should handle zero gold in save/load
00:03 +895 -1: D:/mg-games/repos/mg-common-game/test/core/systems/gold_manager_test.dart: GoldManager - dispose dispose should close the stream controller
00:03 +896 -1: D:/mg-games/repos/mg-common-game/test/core/systems/gold_manager_test.dart: GoldManager - dispose dispose should be idempotent (can be called multiple times)
00:03 +897 -1: D:/mg-games/repos/mg-common-game/test/core/systems/gold_manager_test.dart: GoldManager - Edge Cases should handle adding 1 gold
00:03 +898 -1: D:/mg-games/repos/mg-common-game/test/core/systems/gold_manager_test.dart: GoldManager - Edge Cases should handle spending 1 gold
00:03 +899 -1: D:/mg-games/repos/mg-common-game/test/core/systems/gold_manager_test.dart: GoldManager - Edge Cases should handle spending exactly all gold
00:03 +900 -1: D:/mg-games/repos/mg-common-game/test/core/systems/gold_manager_test.dart: GoldManager - Edge Cases should handle spending 1 more than available
00:03 +901 -1: D:/mg-games/repos/mg-common-game/test/core/systems/gold_manager_test.dart: GoldManager - Edge Cases should handle multiple operations in sequence
00:03 +902 -1: D:/mg-games/repos/mg-common-game/test/core/systems/gold_manager_test.dart: GoldManager - Edge Cases should handle alternating add and spend
00:03 +903 -1: D:/mg-games/repos/mg-common-game/test/core/systems/gold_manager_test.dart: GoldManager - Edge Cases should track correct gold after failed spend
00:03 +904 -1: D:/mg-games/repos/mg-common-game/test/core/systems/gold_manager_test.dart: GoldManager - Boundary Values should handle int max value (within safe range)
00:03 +905 -1: D:/mg-games/repos/mg-common-game/test/core/systems/gold_manager_test.dart: GoldManager - Boundary Values should handle spending max value
00:03 +906 -1: D:/mg-games/repos/mg-common-game/test/core/systems/gold_manager_test.dart: GoldManager - Boundary Values should handle fromSaveData with large value
00:03 +907 -1: D:/mg-games/repos/mg-common-game/test/core/systems/gold_manager_test.dart: GoldManager - Stream Behavior Verification should emit in order
00:03 +908 -1: D:/mg-games/repos/mg-common-game/test/core/systems/gold_manager_test.dart: GoldManager - Stream Behavior Verification should not emit when operations are no-ops
00:03 +909 -1: D:/mg-games/repos/mg-common-game/test/core/systems/gold_manager_test.dart: GoldManager - Combined Scenarios scenario: new player gameplay session
00:03 +910 -1: D:/mg-games/repos/mg-common-game/test/core/systems/gold_manager_test.dart: GoldManager - Combined Scenarios scenario: player with prestige bonus
00:03 +911 -1: D:/mg-games/repos/mg-common-game/test/core/systems/gold_manager_test.dart: GoldManager - Combined Scenarios scenario: repeated save/load cycles
00:03 +912 -1: D:/mg-games/repos/mg-common-game/test/core/systems/rpg/inventory_system_test.dart: InventorySystem addItem adds new item correctly
00:03 +913 -1: D:/mg-games/repos/mg-common-game/test/core/systems/rpg/inventory_system_test.dart: InventorySystem addItem stacks existing items
00:03 +914 -1: D:/mg-games/repos/mg-common-game/test/core/systems/rpg/inventory_system_test.dart: InventorySystem addItem respects maxStack and splits into new slot
00:03 +915 -1: D:/mg-games/repos/mg-common-game/test/core/systems/rpg/inventory_system_test.dart: InventorySystem addItem fails if full
00:03 +916 -1: D:/mg-games/repos/mg-common-game/test/core/systems/rpg/inventory_system_test.dart: InventorySystem removeItem removes correctly
00:03 +917 -1: D:/mg-games/repos/mg-common-game/test/core/systems/rpg/inventory_system_test.dart: InventorySystem removeItem removes slot when empty
00:03 +918 -1: D:/mg-games/repos/mg-common-game/test/core/systems/rpg/stat_system_test.dart: StatSystem Calculate basic value without modifiers
00:03 +919 -1: D:/mg-games/repos/mg-common-game/test/core/systems/rpg/stat_system_test.dart: StatSystem Add flat modifier
00:03 +920 -1: D:/mg-games/repos/mg-common-game/test/core/systems/rpg/stat_system_test.dart: StatSystem Add percent additive modifier
00:03 +921 -1: D:/mg-games/repos/mg-common-game/test/core/systems/rpg/stat_system_test.dart: StatSystem Add percent multiplicative modifier
00:03 +922 -1: D:/mg-games/repos/mg-common-game/test/core/systems/rpg/stat_system_test.dart: StatSystem Verify calculation order: (Base + Flat) * (1 + Sum%Add) * Prod%Mult
00:03 +923 -1: D:/mg-games/repos/mg-common-game/test/core/systems/rpg/stat_system_test.dart: StatSystem Remove modifier updates value
00:03 +924 -1: D:/mg-games/repos/mg-common-game/test/core/systems/rpg/stat_system_test.dart: StatSystem Changing base value updates final value
00:04 +925 -1: D:/mg-games/repos/mg-common-game/test/core/systems/save_manager_test.dart: Saveable Interface MockSaveable implements Saveable correctly
00:04 +926 -1: D:/mg-games/repos/mg-common-game/test/core/systems/save_manager_test.dart: Saveable Interface fromSaveData loads data correctly
00:04 +927 -1: D:/mg-games/repos/mg-common-game/test/core/systems/save_manager_test.dart: SaveManager - Registration registerSaveable adds system to registry
[SaveManager] Registered: system1
[SaveManager] Auto-save stopped
00:04 +928 -1: D:/mg-games/repos/mg-common-game/test/core/systems/save_manager_test.dart: SaveManager - Registration registerSaveable with multiple systems
[SaveManager] Registered: system1
[SaveManager] Registered: system2
[SaveManager] Auto-save stopped
00:04 +929 -1: D:/mg-games/repos/mg-common-game/test/core/systems/save_manager_test.dart: SaveManager - Registration registerSaveable replaces existing system with same key
[SaveManager] Registered: system1
[SaveManager] Registered: system1
[SaveManager] Auto-save stopped
00:04 +930 -1: D:/mg-games/repos/mg-common-game/test/core/systems/save_manager_test.dart: SaveManager - Registration unregisterSaveable removes system from registry
[SaveManager] Registered: system1
[SaveManager] Registered: system2
[SaveManager] Unregistered: system1
[SaveManager] Auto-save stopped
00:04 +931 -1: D:/mg-games/repos/mg-common-game/test/core/systems/save_manager_test.dart: SaveManager - Registration unregisterSaveable with non-existent key does nothing
[SaveManager] Registered: system1
[SaveManager] Unregistered: non_existent
[SaveManager] Auto-save stopped
00:04 +932 -1: D:/mg-games/repos/mg-common-game/test/core/systems/save_manager_test.dart: SaveManager - Registration getRegisteredKeys returns all registered keys
[SaveManager] Registered: system1
[SaveManager] Registered: system2
[SaveManager] Auto-save stopped
00:04 +933 -1: D:/mg-games/repos/mg-common-game/test/core/systems/save_manager_test.dart: SaveManager - Auto Save autoSaveEnabled defaults to true
[SaveManager] Auto-save stopped
00:04 +934 -1: D:/mg-games/repos/mg-common-game/test/core/systems/save_manager_test.dart: SaveManager - Auto Save autoSaveIntervalSeconds defaults to 30
[SaveManager] Auto-save stopped
00:04 +935 -1: D:/mg-games/repos/mg-common-game/test/core/systems/save_manager_test.dart: SaveManager - Auto Save setAutoSaveEnabled false stops auto-save
[SaveManager] Auto-save stopped
[SaveManager] Auto-save stopped
00:04 +936 -1: D:/mg-games/repos/mg-common-game/test/core/systems/save_manager_test.dart: SaveManager - Auto Save setAutoSaveEnabled true starts auto-save
[SaveManager] Auto-save stopped
[SaveManager] Auto-save started (interval: 30s)
[SaveManager] Auto-save stopped
00:04 +937 -1: D:/mg-games/repos/mg-common-game/test/core/systems/save_manager_test.dart: SaveManager - Auto Save setAutoSaveInterval updates interval
[SaveManager] Auto-save stopped
[SaveManager] Auto-save started (interval: 60s)
[SaveManager] Auto-save stopped
00:04 +938 -1: D:/mg-games/repos/mg-common-game/test/core/systems/save_manager_test.dart: SaveManager - Auto Save setAutoSaveInterval enforces minimum of 5 seconds
[SaveManager] Auto-save interval too short, using minimum of 5 seconds
[SaveManager] Auto-save stopped
[SaveManager] Auto-save started (interval: 5s)
[SaveManager] Auto-save stopped
00:04 +939 -1: D:/mg-games/repos/mg-common-game/test/core/systems/save_manager_test.dart: SaveManager - Auto Save setAutoSaveInterval with exact 5 seconds
[SaveManager] Auto-save stopped
[SaveManager] Auto-save started (interval: 5s)
[SaveManager] Auto-save stopped
00:04 +940 -1: D:/mg-games/repos/mg-common-game/test/core/systems/save_manager_test.dart: SaveManager - Auto Save lastSaveTime and lastLoadTime are null initially
[SaveManager] Auto-save stopped
00:04 +941 -1: D:/mg-games/repos/mg-common-game/test/core/systems/save_manager_test.dart: SaveManager - Save/Load Operations saveAll saves all registered systems
[SaveManager] Registered: test_system
[SaveManager] Saved 1 systems
[SaveManager] Auto-save stopped
00:04 +942 -1: D:/mg-games/repos/mg-common-game/test/core/systems/save_manager_test.dart: SaveManager - Save/Load Operations saveAll updates lastSaveTime
[SaveManager] Registered: test_system
[SaveManager] Saved 1 systems
[SaveManager] Auto-save stopped
00:04 +943 -1: D:/mg-games/repos/mg-common-game/test/core/systems/save_manager_test.dart: SaveManager - Save/Load Operations saveAll handles saveable systems with errors gracefully
[SaveManager] Registered: test_system
[SaveManager] Registered: broken_system
[SaveManager] Saved 2 systems
[SaveManager] Auto-save stopped
00:04 +944 -1: D:/mg-games/repos/mg-common-game/test/core/systems/save_manager_test.dart: SaveManager - Save/Load Operations loadAll loads all registered systems
[SaveManager] Registered: test_system
[SaveManager] Saved 1 systems
[SaveManager] Loaded 1 systems
[SaveManager] Auto-save stopped
00:04 +945 -1: D:/mg-games/repos/mg-common-game/test/core/systems/save_manager_test.dart: SaveManager - Save/Load Operations loadAll updates lastLoadTime
[SaveManager] Registered: test_system
[SaveManager] Saved 1 systems
[SaveManager] Loaded 1 systems
[SaveManager] Auto-save stopped
00:04 +946 -1: D:/mg-games/repos/mg-common-game/test/core/systems/save_manager_test.dart: SaveManager - Save/Load Operations loadAll loads lastSaveTime from storage
[SaveManager] Registered: test_system
[SaveManager] Saved 1 systems
[SaveManager] Loaded 1 systems
[SaveManager] Auto-save stopped
00:04 +947 -1: D:/mg-games/repos/mg-common-game/test/core/systems/save_manager_test.dart: SaveManager - Save/Load Operations loadAll handles missing save data gracefully
[SaveManager] Registered: test_system
[SaveManager] Loaded 1 systems
[SaveManager] Auto-save stopped
00:04 +948 -1: D:/mg-games/repos/mg-common-game/test/core/systems/save_manager_test.dart: SaveManager - Save/Load Operations loadAll handles corrupted data gracefully
[SaveManager] Registered: test_system
[SaveManager] Loaded 1 systems
[SaveManager] Auto-save stopped
00:04 +949 -1: D:/mg-games/repos/mg-common-game/test/core/systems/save_manager_test.dart: SaveManager - Save/Load Operations saveSystem saves specific system
[SaveManager] Registered: test_system
[SaveManager] Saved system: test_system
[SaveManager] Auto-save stopped
00:04 +950 -1: D:/mg-games/repos/mg-common-game/test/core/systems/save_manager_test.dart: SaveManager - Save/Load Operations saveSystem with non-existent system does nothing
[SaveManager] Registered: test_system
[SaveManager] System not found: non_existent
[SaveManager] Auto-save stopped
00:04 +951 -1: D:/mg-games/repos/mg-common-game/test/core/systems/save_manager_test.dart: SaveManager - Save/Load Operations loadSystem loads specific system
[SaveManager] Registered: test_system
[SaveManager] Saved system: test_system
[SaveManager] Loaded system: test_system
[SaveManager] Auto-save stopped
00:04 +952 -1: D:/mg-games/repos/mg-common-game/test/core/systems/save_system_test.dart: LocalSaveSystem save writes data to prefs
00:04 +952 -1: D:/mg-games/repos/mg-common-game/test/core/systems/save_manager_test.dart: SaveManager - Save/Load Operations loadSystem with non-existent system does nothing
[SaveManager] Registered: test_system
[SaveManager] System not found: non_existent
[SaveManager] Auto-save stopped
00:04 +953 -1: D:/mg-games/repos/mg-common-game/test/core/systems/save_system_test.dart: LocalSaveSystem save writes data to prefs
00:04 +953 -1: D:/mg-games/repos/mg-common-game/test/core/systems/save_manager_test.dart: SaveManager - Save/Load Operations clearAll removes all saved data
[SaveManager] Registered: test_system
[SaveManager] Saved 1 systems
[SaveManager] Cleared all save data
[SaveManager] Auto-save stopped
00:04 +954 -1: D:/mg-games/repos/mg-common-game/test/core/systems/save_system_test.dart: LocalSaveSystem save writes data to prefs
00:04 +954 -1: D:/mg-games/repos/mg-common-game/test/core/systems/save_manager_test.dart: SaveManager - Save/Load Operations hasSaveData checks for existing save data
[SaveManager] Registered: test_system
[SaveManager] Saved system: test_system
[SaveManager] Auto-save stopped
00:04 +955 -1: D:/mg-games/repos/mg-common-game/test/core/systems/save_system_test.dart: LocalSaveSystem save writes data to prefs
00:04 +955 -1: D:/mg-games/repos/mg-common-game/test/core/systems/save_manager_test.dart: SaveManager - Save/Load Operations hasSaveData returns false for non-existent system
[SaveManager] Registered: test_system
[SaveManager] Auto-save stopped
00:04 +956 -1: D:/mg-games/repos/mg-common-game/test/core/systems/save_system_test.dart: LocalSaveSystem save writes data to prefs
00:04 +956 -1: D:/mg-games/repos/mg-common-game/test/core/systems/save_manager_test.dart: SaveManager - JSON Encoding/Decoding encodes simple map correctly
[SaveManager] Registered: test
[SaveManager] Registered: test
[SaveManager] Auto-save stopped
00:04 +957 -1: D:/mg-games/repos/mg-common-game/test/core/systems/save_system_test.dart: LocalSaveSystem save writes data to prefs
00:04 +957 -1: D:/mg-games/repos/mg-common-game/test/core/systems/save_manager_test.dart: SaveManager - JSON Encoding/Decoding encodes different data types correctly
[SaveManager] Registered: test
[SaveManager] Auto-save stopped
00:04 +958 -1: D:/mg-games/repos/mg-common-game/test/core/systems/save_system_test.dart: LocalSaveSystem save writes data to prefs
00:04 +958 -1: D:/mg-games/repos/mg-common-game/test/core/systems/save_manager_test.dart: SaveManager - JSON Encoding/Decoding handles empty map
[SaveManager] Registered: test
[SaveManager] Auto-save stopped
00:04 +959 -1: D:/mg-games/repos/mg-common-game/test/core/systems/save_system_test.dart: LocalSaveSystem save writes data to prefs
00:04 +960 -1: D:/mg-games/repos/mg-common-game/test/core/systems/save_manager_test.dart: SaveManager - JSON Encoding/Decoding handles special characters in strings
[SaveManager] Registered: test
[SaveManager] Auto-save stopped
00:04 +961 -1: D:/mg-games/repos/mg-common-game/test/core/systems/save_system_test.dart: LocalSaveSystem load returns null for missing key
00:04 +961 -1: D:/mg-games/repos/mg-common-game/test/core/systems/save_manager_test.dart: SaveManager - JSON Encoding/Decoding handles large numbers
[SaveManager] Registered: test
[SaveManager] Auto-save stopped
00:04 +962 -1: D:/mg-games/repos/mg-common-game/test/core/systems/save_system_test.dart: LocalSaveSystem load returns null for missing key
00:04 +963 -1: D:/mg-games/repos/mg-common-game/test/core/systems/save_manager_test.dart: SaveManager - JSON Encoding/Decoding handles floating point numbers
[SaveManager] Registered: test
[SaveManager] Auto-save stopped
00:04 +964 -1: D:/mg-games/repos/mg-common-game/test/core/systems/save_manager_test.dart: SaveManager - Integration Tests complete save/load cycle with multiple systems
[SaveManager] Registered: player
[SaveManager] Registered: inventory
[SaveManager] Registered: achievements
[SaveManager] Saved 3 systems
[SaveManager] Loaded 3 systems
[SaveManager] Auto-save stopped
00:04 +965 -1: D:/mg-games/repos/mg-common-game/test/core/systems/save_manager_test.dart: SaveManager - Integration Tests partial save with selective systems
[SaveManager] Registered: system1
[SaveManager] Registered: system2
[SaveManager] Saved system: system1
[SaveManager] Loaded system: system1
[SaveManager] Auto-save stopped
00:04 +966 -1: D:/mg-games/repos/mg-common-game/test/core/systems/save_manager_test.dart: SaveManager - Integration Tests auto-save behavior with enable/disable
[SaveManager] Registered: system1
[SaveManager] Auto-save stopped
[SaveManager] Auto-save started (interval: 30s)
[SaveManager] Auto-save stopped
[SaveManager] Auto-save started (interval: 10s)
[SaveManager] Auto-save stopped
00:04 +967 -1: D:/mg-games/repos/mg-common-game/test/core/systems/save_manager_test.dart: SaveManager - Integration Tests clearAll followed by new save
[SaveManager] Registered: system1
[SaveManager] Saved 1 systems
[SaveManager] Cleared all save data
[SaveManager] Saved 1 systems
[SaveManager] Loaded 1 systems
[SaveManager] Auto-save stopped
00:04 +968 -1: D:/mg-games/repos/mg-common-game/test/core/systems/save_manager_test.dart: SaveManager - Integration Tests register/unregister during save operations
[SaveManager] Registered: system1
[SaveManager] Saved 1 systems
[SaveManager] Registered: system2
[SaveManager] Saved 2 systems
[SaveManager] Loaded 2 systems
[SaveManager] Auto-save stopped
00:04 +969 -1: D:/mg-games/repos/mg-common-game/test/core/systems/save_manager_test.dart: SaveManager - Integration Tests handles system data with complex nested structures
[SaveManager] Registered: complex
[SaveManager] Saved 1 systems
[SaveManager] Loaded 1 systems
[SaveManager] Auto-save stopped
00:04 +970 -1: D:/mg-games/repos/mg-common-game/test/core/systems/save_manager_test.dart: SaveManager - Error Handling handles corrupt save data during loadAll
[SaveManager] Registered: test_system
[SaveManager] Loaded 1 systems
[SaveManager] Auto-save stopped
00:04 +971 -1: D:/mg-games/repos/mg-common-game/test/core/systems/save_manager_test.dart: SaveManager - Error Handling handles saveAll with no registered systems
[SaveManager] Saved 0 systems
[SaveManager] Auto-save stopped
00:04 +972 -1: D:/mg-games/repos/mg-common-game/test/core/systems/save_manager_test.dart: SaveManager - Error Handling handles loadAll with no registered systems
[SaveManager] Loaded 0 systems
[SaveManager] Auto-save stopped
00:04 +973 -1: D:/mg-games/repos/mg-common-game/test/core/systems/save_manager_test.dart: SaveManager - Error Handling handles clearAll with no registered systems
[SaveManager] Cleared all save data
[SaveManager] Auto-save stopped
00:04 +974 -1: D:/mg-games/repos/mg-common-game/test/core/systems/save_manager_test.dart: SaveManager - Dispose dispose stops auto-save timer
[SaveManager] Registered: test
[SaveManager] Auto-save stopped
00:04 +975 -1: D:/mg-games/repos/mg-common-game/test/core/systems/save_manager_test.dart: SaveManager - Dispose dispose can be called once
[SaveManager] Auto-save stopped
00:04 +976 -1: D:/mg-games/repos/mg-common-game/test/core/systems/save_manager_test.dart: SaveManager - Edge Cases handles empty string values
[SaveManager] Registered: test
[SaveManager] Saved 1 systems
[SaveManager] Loaded 1 systems
[SaveManager] Auto-save stopped
00:04 +977 -1: D:/mg-games/repos/mg-common-game/test/core/systems/save_manager_test.dart: SaveManager - Edge Cases handles zero values
[SaveManager] Registered: test
[SaveManager] Saved 1 systems
[SaveManager] Loaded 1 systems
[SaveManager] Auto-save stopped
00:04 +978 -1: D:/mg-games/repos/mg-common-game/test/core/systems/save_manager_test.dart: SaveManager - Edge Cases handles boolean false
[SaveManager] Registered: test
[SaveManager] Saved 1 systems
[SaveManager] Loaded 1 systems
[SaveManager] Auto-save stopped
00:04 +979 -1: D:/mg-games/repos/mg-common-game/test/core/systems/save_manager_test.dart: SaveManager - Edge Cases handles very long strings
[SaveManager] Registered: test
[SaveManager] Saved 1 systems
[SaveManager] Loaded 1 systems
[SaveManager] Auto-save stopped
00:04 +980 -1: D:/mg-games/repos/mg-common-game/test/core/systems/save_manager_test.dart: SaveManager - Edge Cases handles unicode characters
[SaveManager] Registered: test
[SaveManager] Saved 1 systems
[SaveManager] Loaded 1 systems
[SaveManager] Auto-save stopped
00:04 +981 -1: D:/mg-games/repos/mg-common-game/test/core/systems/save_manager_test.dart: SaveManager - Edge Cases handles rapid save/load cycles
[SaveManager] Registered: test
[SaveManager] Saved 1 systems
[SaveManager] Saved 1 systems
[SaveManager] Saved 1 systems
[SaveManager] Saved 1 systems
[SaveManager] Saved 1 systems
[SaveManager] Saved 1 systems
[SaveManager] Saved 1 systems
[SaveManager] Saved 1 systems
[SaveManager] Saved 1 systems
[SaveManager] Saved 1 systems
[SaveManager] Loaded 1 systems
[SaveManager] Auto-save stopped
00:04 +982 -1: D:/mg-games/repos/mg-common-game/test/core/ui/accessibility/accessibility_settings_test.dart: MGAccessibilitySettings default settings have correct values
00:04 +983 -1: D:/mg-games/repos/mg-common-game/test/core/ui/accessibility/accessibility_settings_test.dart: MGAccessibilitySettings copyWith creates new instance with modified values
00:04 +984 -1: D:/mg-games/repos/mg-common-game/test/core/ui/accessibility/accessibility_settings_test.dart: MGAccessibilitySettings toJson returns correct map
00:04 +985 -1: D:/mg-games/repos/mg-common-game/test/core/ui/accessibility/accessibility_settings_test.dart: MGAccessibilitySettings fromJson creates correct instance
00:04 +986 -1: D:/mg-games/repos/mg-common-game/test/core/ui/accessibility/accessibility_settings_test.dart: MGAccessibilitySettings fromJson handles missing values with defaults
00:04 +987 -1: D:/mg-games/repos/mg-common-game/test/core/ui/accessibility/accessibility_settings_test.dart: MGAccessibilitySettings presets lowVision preset has correct settings
00:04 +988 -1: D:/mg-games/repos/mg-common-game/test/core/ui/accessibility/accessibility_settings_test.dart: MGAccessibilitySettings presets deaf preset has correct settings
00:04 +989 -1: D:/mg-games/repos/mg-common-game/test/core/ui/accessibility/accessibility_settings_test.dart: MGAccessibilitySettings presets motorImpaired preset has correct settings
00:04 +990 -1: D:/mg-games/repos/mg-common-game/test/core/ui/accessibility/accessibility_settings_test.dart: MGAccessibilitySettings presets cognitiveImpaired preset has correct settings
00:04 +991 -1: D:/mg-games/repos/mg-common-game/test/core/ui/accessibility/accessibility_settings_test.dart: MGAccessibilitySettings presets colorBlind factory creates correct settings
00:04 +992 -1: D:/mg-games/repos/mg-common-game/test/core/ui/accessibility/accessibility_settings_test.dart: TextScaleOption scale values are correct
00:04 +993 -1: D:/mg-games/repos/mg-common-game/test/core/ui/accessibility/accessibility_settings_test.dart: TextScaleOption displayName values are correct
00:04 +994 -1: D:/mg-games/repos/mg-common-game/test/core/ui/accessibility/accessibility_settings_test.dart: SubtitleSize fontSize values are correct
00:04 +995 -1: D:/mg-games/repos/mg-common-game/test/core/ui/accessibility/accessibility_settings_test.dart: TouchAreaSize minSize values are correct
00:04 +996 -1: D:/mg-games/repos/mg-common-game/test/core/ui/accessibility/colorblind_colors_test.dart: ColorBlindType 모든 타입 정의
00:04 +997 -1: D:/mg-games/repos/mg-common-game/test/core/ui/accessibility/colorblind_colors_test.dart: ColorBlindType displayName 반환
00:04 +998 -1: D:/mg-games/repos/mg-common-game/test/core/ui/accessibility/colorblind_colors_test.dart: RarityPattern 모든 패턴 정의
00:04 +999 -1: D:/mg-games/repos/mg-common-game/test/core/ui/accessibility/colorblind_colors_test.dart: RarityStyleColorblind 기본 생성
00:04 +1000 -1: D:/mg-games/repos/mg-common-game/test/core/ui/accessibility/colorblind_colors_test.dart: ColorBlindPalette 기본 생성
00:04 +1001 -1: D:/mg-games/repos/mg-common-game/test/core/ui/accessibility/colorblind_colors_test.dart: ColorBlindColors static colors success 컬러 정의
00:04 +1002 -1: D:/mg-games/repos/mg-common-game/test/core/ui/accessibility/colorblind_colors_test.dart: ColorBlindColors static colors error 컬러 정의
00:04 +1003 -1: D:/mg-games/repos/mg-common-game/test/core/ui/accessibility/colorblind_colors_test.dart: ColorBlindColors static colors warning 컬러 정의
00:04 +1004 -1: D:/mg-games/repos/mg-common-game/test/core/ui/accessibility/colorblind_colors_test.dart: ColorBlindColors static colors info 컬러 정의
00:04 +1005 -1: D:/mg-games/repos/mg-common-game/test/core/ui/accessibility/colorblind_colors_test.dart: ColorBlindColors rarityStyles 모든 레어리티 스타일 정의
00:04 +1006 -1: D:/mg-games/repos/mg-common-game/test/core/ui/accessibility/colorblind_colors_test.dart: ColorBlindColors rarityStyles common 스타일
00:04 +1007 -1: D:/mg-games/repos/mg-common-game/test/core/ui/accessibility/colorblind_colors_test.dart: ColorBlindColors rarityStyles uncommon 스타일
00:04 +1008 -1: D:/mg-games/repos/mg-common-game/test/core/ui/accessibility/colorblind_colors_test.dart: ColorBlindColors rarityStyles rare 스타일
00:04 +1009 -1: D:/mg-games/repos/mg-common-game/test/core/ui/accessibility/colorblind_colors_test.dart: ColorBlindColors rarityStyles epic 스타일
00:04 +1010 -1: D:/mg-games/repos/mg-common-game/test/core/ui/accessibility/colorblind_colors_test.dart: ColorBlindColors rarityStyles legendary 스타일
00:04 +1011 -1: D:/mg-games/repos/mg-common-game/test/core/ui/accessibility/colorblind_colors_test.dart: ColorBlindColors rarityStyles mythic 스타일
00:04 +1012 -1: D:/mg-games/repos/mg-common-game/test/core/ui/accessibility/colorblind_colors_test.dart: ColorBlindColors palettes deuteranopia 팔레트
00:04 +1013 -1: D:/mg-games/repos/mg-common-game/test/core/ui/accessibility/colorblind_colors_test.dart: ColorBlindColors palettes protanopia 팔레트
00:04 +1014 -1: D:/mg-games/repos/mg-common-game/test/core/ui/accessibility/colorblind_colors_test.dart: ColorBlindColors palettes tritanopia 팔레트
00:04 +1015 -1: D:/mg-games/repos/mg-common-game/test/core/ui/accessibility/colorblind_colors_test.dart: ColorBlindColors getPalette deuteranopia 타입으로 팔레트 가져오기
00:04 +1016 -1: D:/mg-games/repos/mg-common-game/test/core/ui/accessibility/colorblind_colors_test.dart: ColorBlindColors getPalette protanopia 타입으로 팔레트 가져오기
00:04 +1017 -1: D:/mg-games/repos/mg-common-game/test/core/ui/accessibility/colorblind_colors_test.dart: ColorBlindColors getPalette tritanopia 타입으로 팔레트 가져오기
00:04 +1018 -1: D:/mg-games/repos/mg-common-game/test/core/ui/accessibility/colorblind_colors_test.dart: ColorBlindColors getAccessibleColor colorBlindMode가 false면 원본 컬러 반환
00:04 +1019 -1: D:/mg-games/repos/mg-common-game/test/core/ui/accessibility/colorblind_colors_test.dart: ColorBlindColors getAccessibleColor colorBlindMode가 true이고 success 컬러면 색맹 대응 컬러 반환
00:04 +1020 -1: D:/mg-games/repos/mg-common-game/test/core/ui/accessibility/colorblind_colors_test.dart: ColorBlindColors getAccessibleColor colorBlindMode가 true이고 error 컬러면 색맹 대응 컬러 반환
00:04 +1021 -1: D:/mg-games/repos/mg-common-game/test/core/ui/accessibility/colorblind_colors_test.dart: ColorBlindColors getAccessibleColor colorBlindMode가 true지만 매핑되지 않은 컬러면 원본 반환
00:04 +1022 -1: D:/mg-games/repos/mg-common-game/test/core/ui/accessibility/colorblind_colors_test.dart: ColorBlindColors getAccessibleColor warning 컬러는 색맹 모드에서도 동일
00:04 +1023 -1: D:/mg-games/repos/mg-common-game/test/core/ui/accessibility/colorblind_colors_test.dart: ColorBlindColors getAccessibleColor info 컬러는 색맹 모드에서도 동일
00:04 +1024 -1: D:/mg-games/repos/mg-common-game/test/core/ui/accessibility/haptic_feedback_manager_test.dart: HapticType 모든 타입 정의
00:04 +1025 -1: D:/mg-games/repos/mg-common-game/test/core/ui/accessibility/haptic_feedback_manager_test.dart: HapticType 타입 인덱스 순서
00:04 +1026 -1: D:/mg-games/repos/mg-common-game/test/core/ui/accessibility/haptic_feedback_manager_test.dart: HapticType 타입 이름
00:04 +1027 -1: D:/mg-games/repos/mg-common-game/test/core/ui/accessibility/haptic_feedback_manager_test.dart: TimingFeedbackType 모든 타이밍 타입 정의
00:04 +1028 -1: D:/mg-games/repos/mg-common-game/test/core/ui/accessibility/haptic_feedback_manager_test.dart: TimingFeedbackType 타이밍 타입 인덱스 순서
00:04 +1029 -1: D:/mg-games/repos/mg-common-game/test/core/ui/accessibility/haptic_feedback_manager_test.dart: TimingFeedbackType 타이밍 타입 이름
00:04 +1030 -1: D:/mg-games/repos/mg-common-game/test/core/ui/accessibility/haptic_feedback_manager_test.dart: HapticPattern 기본 생성
00:04 +1031 -1: D:/mg-games/repos/mg-common-game/test/core/ui/accessibility/haptic_feedback_manager_test.dart: HapticPattern 딜레이 포함 생성
00:04 +1032 -1: D:/mg-games/repos/mg-common-game/test/core/ui/accessibility/haptic_feedback_manager_test.dart: HapticPattern 사전 정의된 상수 패턴 - light
00:04 +1033 -1: D:/mg-games/repos/mg-common-game/test/core/ui/accessibility/haptic_feedback_manager_test.dart: HapticPattern 사전 정의된 상수 패턴 - medium
00:04 +1034 -1: D:/mg-games/repos/mg-common-game/test/core/ui/accessibility/haptic_feedback_manager_test.dart: HapticPattern 사전 정의된 상수 패턴 - heavy
00:04 +1035 -1: D:/mg-games/repos/mg-common-game/test/core/ui/accessibility/haptic_feedback_manager_test.dart: HapticPattern 사전 정의된 상수 패턴 - selection
00:04 +1036 -1: D:/mg-games/repos/mg-common-game/test/core/ui/accessibility/haptic_feedback_manager_test.dart: HapticPattern withDelay로 딜레이 추가
00:04 +1037 -1: D:/mg-games/repos/mg-common-game/test/core/ui/accessibility/haptic_feedback_manager_test.dart: HapticPattern withDelay는 원본 패턴 변경하지 않음
00:04 +1038 -1: D:/mg-games/repos/mg-common-game/test/core/ui/accessibility/haptic_feedback_manager_test.dart: HapticPattern withDelay로 0ms 딜레이 설정
00:04 +1039 -1: D:/mg-games/repos/mg-common-game/test/core/ui/accessibility/haptic_feedback_manager_test.dart: HapticPattern withDelay로 긴 딜레이 설정
00:04 +1040 -1: D:/mg-games/repos/mg-common-game/test/core/ui/accessibility/haptic_feedback_manager_test.dart: HapticPattern 모든 HapticType으로 패턴 생성 가능
00:04 +1041 -1: D:/mg-games/repos/mg-common-game/test/core/ui/accessibility/haptic_feedback_manager_test.dart: MGHapticPatterns success 패턴 구조
00:04 +1042 -1: D:/mg-games/repos/mg-common-game/test/core/ui/accessibility/haptic_feedback_manager_test.dart: MGHapticPatterns failure 패턴 구조
00:04 +1043 -1: D:/mg-games/repos/mg-common-game/test/core/ui/accessibility/haptic_feedback_manager_test.dart: MGHapticPatterns reward 패턴 구조
00:04 +1044 -1: D:/mg-games/repos/mg-common-game/test/core/ui/accessibility/haptic_feedback_manager_test.dart: MGHapticPatterns levelUp 패턴 구조
00:04 +1045 -1: D:/mg-games/repos/mg-common-game/test/core/ui/accessibility/haptic_feedback_manager_test.dart: MGHapticPatterns countdown 패턴 구조
00:04 +1046 -1: D:/mg-games/repos/mg-common-game/test/core/ui/accessibility/haptic_feedback_manager_test.dart: MGHapticPatterns heartbeat 패턴 구조
00:04 +1047 -1: D:/mg-games/repos/mg-common-game/test/core/ui/accessibility/haptic_feedback_manager_test.dart: MGHapticPatterns notification 패턴 구조
00:04 +1048 -1: D:/mg-games/repos/mg-common-game/test/core/ui/accessibility/haptic_feedback_manager_test.dart: MGHapticPatterns 모든 패턴은 비어있지 않음
00:04 +1049 -1: D:/mg-games/repos/mg-common-game/test/core/ui/accessibility/haptic_feedback_manager_test.dart: MGHapticPatterns 모든 패턴의 딜레이는 0 이상
00:04 +1050 -1: D:/mg-games/repos/mg-common-game/test/core/ui/accessibility/haptic_feedback_manager_test.dart: MGHapticPatterns success 패턴 총 딜레이 시간
00:04 +1051 -1: D:/mg-games/repos/mg-common-game/test/core/ui/accessibility/haptic_feedback_manager_test.dart: MGHapticPatterns failure 패턴 총 딜레이 시간
00:04 +1052 -1: D:/mg-games/repos/mg-common-game/test/core/ui/accessibility/haptic_feedback_manager_test.dart: MGHapticPatterns countdown 패턴 총 딜레이 시간 (약 3초)
00:04 +1053 -1: D:/mg-games/repos/mg-common-game/test/core/ui/accessibility/haptic_feedback_manager_test.dart: MGHapticFeedback (데이터 구조만) combo count clamp 로직 검증 (1~5)
00:04 +1054 -1: D:/mg-games/repos/mg-common-game/test/core/ui/accessibility/haptic_feedback_manager_test.dart: MGHapticFeedback (데이터 구조만) withIntensity 강도 임계값 검증
00:04 +1055 -1: D:/mg-games/repos/mg-common-game/test/core/ui/accessibility/haptic_feedback_manager_test.dart: MGHapticFeedback 메서드 (단위 테스트) lightTap - context null일 때 _isEnabled returns true
00:04 +1056 -1: D:/mg-games/repos/mg-common-game/test/core/ui/accessibility/haptic_feedback_manager_test.dart: MGHapticFeedback 메서드 (단위 테스트) combo clamp 로직 - 실제 범위 확인
00:04 +1057 -1: D:/mg-games/repos/mg-common-game/test/core/ui/accessibility/haptic_feedback_manager_test.dart: MGHapticFeedback 메서드 (단위 테스트) withIntensity - 강도에 따른 타입 결정 로직
00:04 +1058 -1: D:/mg-games/repos/mg-common-game/test/core/ui/accessibility/haptic_feedback_manager_test.dart: MGHapticFeedback 메서드 (단위 테스트) timing 메서드 - TimingFeedbackType 별 다른 햅틱
00:04 +1059 -1: D:/mg-games/repos/mg-common-game/test/core/ui/accessibility/haptic_feedback_manager_test.dart: MGHapticFeedback 메서드 (단위 테스트) playPattern - 빈 패턴 처리
00:04 +1060 -1: D:/mg-games/repos/mg-common-game/test/core/ui/accessibility/haptic_feedback_manager_test.dart: MGHapticFeedback 메서드 (단위 테스트) playPattern - 패턴 순회 로직
00:04 +1061 -1: D:/mg-games/repos/mg-common-game/test/core/ui/accessibility/haptic_feedback_manager_test.dart: MGHapticFeedback _isEnabled 테스트 context가 null이면 _isEnabled returns true
00:04 +1062 -1: D:/mg-games/repos/mg-common-game/test/core/ui/accessibility/haptic_feedback_manager_test.dart: MGHapticFeedback _isEnabled 테스트 context가 null이면 _isEnabled returns true
00:04 +1063 -1: D:/mg-games/repos/mg-common-game/test/core/ui/accessibility/haptic_feedback_manager_test.dart: MGHapticFeedback _isEnabled 테스트 context가 null이면 _isEnabled returns true
00:04 +1064 -1: D:/mg-games/repos/mg-common-game/test/core/ui/accessibility/haptic_feedback_manager_test.dart: MGHapticFeedback _isEnabled 테스트 context가 null이면 _isEnabled returns true
00:04 +1065 -1: D:/mg-games/repos/mg-common-game/test/core/ui/accessibility/haptic_feedback_manager_test.dart: MGHapticFeedback _isEnabled 테스트 context가 null이면 _isEnabled returns true
00:04 +1066 -1: D:/mg-games/repos/mg-common-game/test/core/ui/accessibility/haptic_feedback_manager_test.dart: MGHapticFeedback _isEnabled 테스트 context가 null이면 _isEnabled returns true
00:04 +1067 -1: D:/mg-games/repos/mg-common-game/test/core/ui/accessibility/haptic_feedback_manager_test.dart: MGHapticFeedback _isEnabled 테스트 context가 null이면 _isEnabled returns true
00:04 +1068 -1: D:/mg-games/repos/mg-common-game/test/core/ui/accessibility/haptic_feedback_manager_test.dart: MGHapticFeedback _isEnabled 테스트 context가 null이면 _isEnabled returns true
00:04 +1069 -1: D:/mg-games/repos/mg-common-game/test/core/ui/accessibility/haptic_feedback_manager_test.dart: MGHapticFeedback _isEnabled 테스트 context가 null이면 _isEnabled returns true
00:04 +1070 -1: D:/mg-games/repos/mg-common-game/test/core/ui/accessibility/haptic_feedback_manager_test.dart: MGHapticFeedback _isEnabled 테스트 context가 null이면 _isEnabled returns true
00:04 +1071 -1: D:/mg-games/repos/mg-common-game/test/core/ui/accessibility/haptic_feedback_manager_test.dart: MGHapticFeedback _isEnabled 테스트 context가 null이면 _isEnabled returns true
00:04 +1072 -1: D:/mg-games/repos/mg-common-game/test/core/ui/accessibility/haptic_feedback_manager_test.dart: MGHapticFeedback _isEnabled 테스트 context가 null이면 _isEnabled returns true
00:04 +1073 -1: D:/mg-games/repos/mg-common-game/test/core/ui/accessibility/haptic_feedback_manager_test.dart: MGHapticFeedback _isEnabled 테스트 context가 null이면 _isEnabled returns true
00:04 +1074 -1: D:/mg-games/repos/mg-common-game/test/core/ui/accessibility/haptic_feedback_manager_test.dart: MGHapticFeedback _isEnabled 테스트 context가 null이면 _isEnabled returns true
00:04 +1075 -1: D:/mg-games/repos/mg-common-game/test/core/ui/accessibility/haptic_feedback_manager_test.dart: MGHapticFeedback _isEnabled 테스트 context가 null이면 _isEnabled returns true
00:04 +1076 -1: D:/mg-games/repos/mg-common-game/test/core/ui/accessibility/haptic_feedback_manager_test.dart: MGHapticFeedback _isEnabled 테스트 context가 null이면 _isEnabled returns true
00:04 +1077 -1: D:/mg-games/repos/mg-common-game/test/core/ui/accessibility/haptic_feedback_manager_test.dart: MGHapticFeedback _isEnabled 테스트 context가 null이면 _isEnabled returns true
00:04 +1078 -1: D:/mg-games/repos/mg-common-game/test/core/ui/accessibility/haptic_feedback_manager_test.dart: MGHapticFeedback _isEnabled 테스트 context가 null이면 _isEnabled returns true
00:04 +1079 -1: D:/mg-games/repos/mg-common-game/test/core/ui/accessibility/haptic_feedback_manager_test.dart: MGHapticFeedback _isEnabled 테스트 context가 null이면 _isEnabled returns true
00:04 +1080 -1: D:/mg-games/repos/mg-common-game/test/core/ui/accessibility/haptic_feedback_manager_test.dart: MGHapticFeedback _isEnabled 테스트 context가 null이면 _isEnabled returns true
00:04 +1081 -1: D:/mg-games/repos/mg-common-game/test/core/ui/accessibility/haptic_feedback_manager_test.dart: MGHapticFeedback _isEnabled 테스트 context가 null이면 _isEnabled returns true
00:04 +1082 -1: D:/mg-games/repos/mg-common-game/test/core/ui/accessibility/haptic_feedback_manager_test.dart: MGHapticFeedback _isEnabled 테스트 context가 null이면 _isEnabled returns true
00:04 +1083 -1: D:/mg-games/repos/mg-common-game/test/core/ui/accessibility/haptic_feedback_manager_test.dart: MGHapticFeedback _isEnabled 테스트 context가 null이면 _isEnabled returns true
00:04 +1084 -1: D:/mg-games/repos/mg-common-game/test/core/ui/accessibility/haptic_feedback_manager_test.dart: MGHapticFeedback _isEnabled 테스트 context가 null이면 _isEnabled returns true
00:04 +1085 -1: D:/mg-games/repos/mg-common-game/test/core/ui/accessibility/haptic_feedback_manager_test.dart: MGHapticFeedback _isEnabled 테스트 context가 null이면 _isEnabled returns true
00:04 +1086 -1: D:/mg-games/repos/mg-common-game/test/core/ui/accessibility/haptic_feedback_manager_test.dart: MGHapticFeedback _isEnabled 테스트 context가 null이면 _isEnabled returns true
00:04 +1087 -1: D:/mg-games/repos/mg-common-game/test/core/ui/accessibility/haptic_feedback_manager_test.dart: MGHapticFeedback _isEnabled 테스트 context가 null이면 _isEnabled returns true
00:04 +1088 -1: D:/mg-games/repos/mg-common-game/test/core/ui/accessibility/haptic_feedback_manager_test.dart: MGHapticFeedback _isEnabled 테스트 context가 null이면 _isEnabled returns true
00:04 +1089 -1: D:/mg-games/repos/mg-common-game/test/core/ui/accessibility/haptic_feedback_manager_test.dart: MGHapticFeedback _isEnabled 테스트 context가 null이면 _isEnabled returns true
00:04 +1090 -1: D:/mg-games/repos/mg-common-game/test/core/ui/accessibility/haptic_feedback_manager_test.dart: MGHapticFeedback _isEnabled 테스트 context가 null이면 _isEnabled returns true
00:04 +1091 -1: D:/mg-games/repos/mg-common-game/test/core/ui/accessibility/haptic_feedback_manager_test.dart: MGHapticFeedback _isEnabled 테스트 context가 null이면 _isEnabled returns true
00:04 +1092 -1: D:/mg-games/repos/mg-common-game/test/core/ui/accessibility/haptic_feedback_manager_test.dart: MGHapticFeedback _isEnabled 테스트 context가 null이면 _isEnabled returns true
00:04 +1093 -1: D:/mg-games/repos/mg-common-game/test/core/ui/accessibility/haptic_feedback_manager_test.dart: MGHapticFeedback _isEnabled 테스트 context가 null이면 _isEnabled returns true
00:04 +1094 -1: D:/mg-games/repos/mg-common-game/test/core/ui/accessibility/haptic_feedback_manager_test.dart: MGHapticFeedback _isEnabled 테스트 context가 null이면 _isEnabled returns true
00:04 +1095 -1: D:/mg-games/repos/mg-common-game/test/core/ui/accessibility/haptic_feedback_manager_test.dart: MGHapticFeedback _isEnabled 테스트 context가 null이면 _isEnabled returns true
00:04 +1096 -1: D:/mg-games/repos/mg-common-game/test/core/ui/accessibility/haptic_feedback_manager_test.dart: MGHapticFeedback _isEnabled 테스트 context가 null이면 _isEnabled returns true
00:04 +1097 -1: D:/mg-games/repos/mg-common-game/test/core/ui/accessibility/haptic_feedback_manager_test.dart: MGHapticFeedback _isEnabled 테스트 context가 null이면 _isEnabled returns true
00:04 +1098 -1: D:/mg-games/repos/mg-common-game/test/core/ui/accessibility/haptic_feedback_manager_test.dart: MGHapticFeedback _isEnabled 테스트 context가 null이면 _isEnabled returns true
00:04 +1099 -1: D:/mg-games/repos/mg-common-game/test/core/ui/accessibility/haptic_feedback_manager_test.dart: MGHapticFeedback _isEnabled 테스트 context가 null이면 _isEnabled returns true
00:04 +1100 -1: D:/mg-games/repos/mg-common-game/test/core/ui/accessibility/haptic_feedback_manager_test.dart: MGHapticFeedback _isEnabled 테스트 context가 null이면 _isEnabled returns true
00:04 +1101 -1: D:/mg-games/repos/mg-common-game/test/core/ui/accessibility/haptic_feedback_manager_test.dart: MGHapticFeedback _isEnabled 테스트 context가 null이면 _isEnabled returns true
00:04 +1102 -1: D:/mg-games/repos/mg-common-game/test/core/ui/accessibility/haptic_feedback_manager_test.dart: MGHapticFeedback _isEnabled 테스트 context가 null이면 _isEnabled returns true
00:04 +1103 -1: D:/mg-games/repos/mg-common-game/test/core/ui/accessibility/haptic_feedback_manager_test.dart: MGHapticFeedback _isEnabled 테스트 context가 null이면 _isEnabled returns true
00:04 +1104 -1: D:/mg-games/repos/mg-common-game/test/core/ui/accessibility/haptic_feedback_manager_test.dart: MGHapticFeedback _isEnabled 테스트 context가 null이면 _isEnabled returns true
00:05 +1105 -1: D:/mg-games/repos/mg-common-game/test/core/ui/accessibility/haptic_feedback_manager_test.dart: MGHapticFeedback _isEnabled 테스트 hapticFeedbackEnabled가 false면 _isEnabled returns false
00:05 +1106 -1: D:/mg-games/repos/mg-common-game/test/core/ui/theme/mg_colors_test.dart: MGColors semantic colors success color is defined
00:05 +1107 -1: D:/mg-games/repos/mg-common-game/test/core/ui/accessibility/haptic_feedback_manager_test.dart: MGHapticFeedback _isEnabled 테스트 hapticFeedbackEnabled가 true면 _isEnabled returns true
00:05 +1108 -1: D:/mg-games/repos/mg-common-game/test/core/ui/accessibility/haptic_feedback_manager_test.dart: MGHapticFeedback _isEnabled 테스트 hapticFeedbackEnabled가 true면 _isEnabled returns true
00:05 +1109 -1: D:/mg-games/repos/mg-common-game/test/core/ui/theme/mg_colors_test.dart: MGColors semantic colors error color is defined
00:05 +1110 -1: D:/mg-games/repos/mg-common-game/test/core/ui/accessibility/haptic_feedback_manager_test.dart: MGHapticFeedback _isEnabled 테스트 기본 설정에서 hapticFeedbackEnabled는 true
00:05 +1111 -1: D:/mg-games/repos/mg-common-game/test/core/ui/accessibility/haptic_feedback_manager_test.dart: MGHapticFeedback _isEnabled 테스트 기본 설정에서 hapticFeedbackEnabled는 true
00:05 +1112 -1: D:/mg-games/repos/mg-common-game/test/core/ui/accessibility/haptic_feedback_manager_test.dart: MGHapticFeedback _isEnabled 테스트 기본 설정에서 hapticFeedbackEnabled는 true
00:05 +1113 -1: D:/mg-games/repos/mg-common-game/test/core/ui/accessibility/haptic_feedback_manager_test.dart: MGHapticFeedback _isEnabled 테스트 기본 설정에서 hapticFeedbackEnabled는 true
00:05 +1114 -1: D:/mg-games/repos/mg-common-game/test/core/ui/theme/mg_colors_test.dart: MGColors resource colors energy color is defined
00:05 +1115 -1: D:/mg-games/repos/mg-common-game/test/core/ui/accessibility/haptic_feedback_manager_test.dart: MGHapticFeedback _isEnabled 테스트 MGAccessibilityProvider.settingsOf 테스트
00:05 +1116 -1: D:/mg-games/repos/mg-common-game/test/core/ui/accessibility/haptic_feedback_manager_test.dart: MGHapticFeedback _isEnabled 테스트 MGAccessibilityProvider.settingsOf 테스트
00:05 +1117 -1: D:/mg-games/repos/mg-common-game/test/core/ui/accessibility/haptic_feedback_manager_test.dart: MGHapticFeedback _isEnabled 테스트 MGAccessibilityProvider.settingsOf 테스트
00:05 +1118 -1: D:/mg-games/repos/mg-common-game/test/core/ui/accessibility/haptic_feedback_manager_test.dart: MGHapticFeedback _isEnabled 테스트 MGAccessibilityProvider.settingsOf 테스트
00:05 +1119 -1: D:/mg-games/repos/mg-common-game/test/core/ui/theme/mg_colors_test.dart: MGColors getThemeByGameId returns Year1 theme for games 1-12
00:05 +1120 -1: D:/mg-games/repos/mg-common-game/test/core/ui/accessibility/haptic_feedback_manager_test.dart: MGHapticFeedback _isEnabled 테스트 Provider 없으면 defaults 사용
00:05 +1121 -1: D:/mg-games/repos/mg-common-game/test/core/ui/accessibility/haptic_feedback_manager_test.dart: MGHapticFeedback _isEnabled 테스트 Provider 없으면 defaults 사용
00:05 +1122 -1: D:/mg-games/repos/mg-common-game/test/core/ui/accessibility/haptic_feedback_manager_test.dart: MGHapticFeedback _isEnabled 테스트 Provider 없으면 defaults 사용
00:05 +1123 -1: D:/mg-games/repos/mg-common-game/test/core/ui/accessibility/haptic_feedback_manager_test.dart: MGHapticFeedback _isEnabled 테스트 Provider 없으면 defaults 사용
00:05 +1124 -1: D:/mg-games/repos/mg-common-game/test/core/ui/theme/mg_colors_test.dart: MGColors getThemeByGameId returns Year1 theme for unknown game IDs
00:05 +1125 -1: D:/mg-games/repos/mg-common-game/test/core/ui/accessibility/haptic_feedback_manager_test.dart: MGHapticMixin mixin 메서드 존재 확인
00:05 +1126 -1: D:/mg-games/repos/mg-common-game/test/core/ui/accessibility/haptic_feedback_manager_test.dart: MGHapticMixin mixin 메서드 존재 확인
00:05 +1127 -1: D:/mg-games/repos/mg-common-game/test/core/ui/accessibility/haptic_feedback_manager_test.dart: MGHapticMixin mixin 메서드 존재 확인
00:05 +1128 -1: D:/mg-games/repos/mg-common-game/test/core/ui/accessibility/haptic_feedback_manager_test.dart: MGHapticMixin mixin 메서드 존재 확인
00:05 +1129 -1: D:/mg-games/repos/mg-common-game/test/core/ui/accessibility/haptic_feedback_manager_test.dart: MGHapticMixin mixin 메서드 존재 확인
00:05 +1130 -1: D:/mg-games/repos/mg-common-game/test/core/ui/widgets/buttons/game_button_test.dart: GameButton renders text and triggers callback
00:05 +1131 -1: D:/mg-games/repos/mg-common-game/test/core/ui/widgets/buttons/game_button_test.dart: GameButton renders text and triggers callback
00:05 +1132 -1: D:/mg-games/repos/mg-common-game/test/core/ui/widgets/containers/game_panel_test.dart: GamePanel 기본 생성 required child만으로 생성
00:05 +1133 -1: D:/mg-games/repos/mg-common-game/test/core/ui/widgets/containers/game_panel_test.dart: GamePanel 기본 생성 required child만으로 생성
00:05 +1134 -1: D:/mg-games/repos/mg-common-game/test/core/ui/widgets/dialogs/game_dialog_test.dart: GameDialog renders title, content and actions
00:06 +1135 -1: D:/mg-games/repos/mg-common-game/test/core/ui/widgets/dialogs/game_dialog_test.dart: GameDialog renders title, content and actions
00:06 +1136 -1: D:/mg-games/repos/mg-common-game/test/core/ui/widgets/dialogs/game_dialog_test.dart: GameDialog renders title, content and actions
00:06 +1137 -1: D:/mg-games/repos/mg-common-game/test/core/ui/widgets/dialogs/game_dialog_test.dart: GameDialog renders title, content and actions
00:06 +1138 -1: D:/mg-games/repos/mg-common-game/test/core/ui/widgets/dialogs/game_dialog_test.dart: GameDialog renders title, content and actions
00:06 +1139 -1: D:/mg-games/repos/mg-common-game/test/core/ui/widgets/dialogs/game_dialog_test.dart: GameDialog renders title, content and actions
00:06 +1140 -1: D:/mg-games/repos/mg-common-game/test/core/ui/widgets/dialogs/game_dialog_test.dart: GameDialog renders title, content and actions
00:06 +1141 -1: D:/mg-games/repos/mg-common-game/test/core/ui/widgets/dialogs/game_dialog_test.dart: GameDialog renders title, content and actions
00:06 +1142 -1: D:/mg-games/repos/mg-common-game/test/core/ui/widgets/dialogs/game_dialog_test.dart: GameDialog renders title, content and actions
Error: Couldn't resolve the package 'flutter_driver' in 'package:flutter_driver/flutter_driver.dart'.
Error: Couldn't resolve the package 'test' in 'package:test/test.dart'.
test/e2e/game_flow_e2e_test.dart:1:8: Error: Not found: 'package:flutter_driver/flutter_driver.dart'
import 'package:flutter_driver/flutter_driver.dart';
       ^
test/e2e/game_flow_e2e_test.dart:2:8: Error: Not found: 'package:test/test.dart'
import 'package:test/test.dart';
       ^
test/e2e/game_flow_e2e_test.dart:6:10: Error: 'FlutterDriver' isn't a type.
    late FlutterDriver driver;
         ^^^^^^^^^^^^^
test/e2e/game_flow_e2e_test.dart:9:22: Error: Undefined name 'FlutterDriver'.
      driver = await FlutterDriver.connect();
                     ^^^^^^^^^^^^^
test/e2e/game_flow_e2e_test.dart:8:5: Error: Method not found: 'setUpAll'.
    setUpAll(() async {
    ^^^^^^^^
test/e2e/game_flow_e2e_test.dart:12:5: Error: Method not found: 'tearDownAll'.
    tearDownAll(() async {
    ^^^^^^^^^^^
test/e2e/game_flow_e2e_test.dart:18:27: Error: Undefined name 'find'.
      final startButton = find.byValueKey('start_game_button');
                          ^^^^
test/e2e/game_flow_e2e_test.dart:23:26: Error: Undefined name 'find'.
      final gameScreen = find.byValueKey('game_screen');
                         ^^^^
test/e2e/game_flow_e2e_test.dart:27:25: Error: Undefined name 'find'.
      final scoreText = find.byValueKey('score_text');
                        ^^^^
test/e2e/game_flow_e2e_test.dart:28:7: Error: Method not found: 'expect'.
      expect(await driver.getText(scoreText), '0');
      ^^^^^^
test/e2e/game_flow_e2e_test.dart:31:24: Error: Undefined name 'find'.
      final gameArea = find.byValueKey('game_area');
                       ^^^^
test/e2e/game_flow_e2e_test.dart:38:35: Error: Method not found: 'greaterThan'.
      expect(int.parse(newScore), greaterThan(0));
                                  ^^^^^^^^^^^
test/e2e/game_flow_e2e_test.dart:38:7: Error: Method not found: 'expect'.
      expect(int.parse(newScore), greaterThan(0));
      ^^^^^^
test/e2e/game_flow_e2e_test.dart:41:27: Error: Undefined name 'find'.
      final pauseButton = find.byValueKey('pause_button');
                          ^^^^
test/e2e/game_flow_e2e_test.dart:44:29: Error: Undefined name 'find'.
      final endGameButton = find.byValueKey('end_game_button');
                            ^^^^
test/e2e/game_flow_e2e_test.dart:48:28: Error: Undefined name 'find'.
      final resultScreen = find.byValueKey('result_screen');
                           ^^^^
test/e2e/game_flow_e2e_test.dart:16:5: Error: Method not found: 'test'.
    test('게임 시작 및 플레이 흐름', () async {
    ^^^^
test/e2e/game_flow_e2e_test.dart:54:24: Error: Undefined name 'find'.
      final questTab = find.text('퀘스트');
                       ^^^^
test/e2e/game_flow_e2e_test.dart:58:26: Error: Undefined name 'find'.
      final dailyQuest = find.byValueKey('daily_quest_card');
                         ^^^^
test/e2e/game_flow_e2e_test.dart:64:27: Error: Undefined name 'find'.
      final questDetail = find.byValueKey('quest_detail');
                          ^^^^
test/e2e/game_flow_e2e_test.dart:68:28: Error: Undefined name 'find'.
      final acceptButton = find.text('퀘스트 수락');
                           ^^^^
test/e2e/game_flow_e2e_test.dart:72:30: Error: Undefined name 'find'.
      final successMessage = find.text('퀘스트를 수락했습니다');
                             ^^^^
test/e2e/game_flow_e2e_test.dart:52:5: Error: Method not found: 'test'.
    test('퀘스트 완료 흐름', () async {
    ^^^^
test/e2e/game_flow_e2e_test.dart:78:23: Error: Undefined name 'find'.
      final shopTab = find.text('상점');
                      ^^^^
test/e2e/game_flow_e2e_test.dart:82:25: Error: Undefined name 'find'.
      final firstItem = find.byValueKey('shop_item_0');
                        ^^^^
test/e2e/game_flow_e2e_test.dart:87:29: Error: Undefined name 'find'.
      final confirmDialog = find.byValueKey('purchase_confirm_dialog');
                            ^^^^
test/e2e/game_flow_e2e_test.dart:91:30: Error: Undefined name 'find'.
      final purchaseButton = find.text('구매');
                             ^^^^
test/e2e/game_flow_e2e_test.dart:95:28: Error: Undefined name 'find'.
      final successToast = find.text('구매 완료');
                           ^^^^
test/e2e/game_flow_e2e_test.dart:76:5: Error: Method not found: 'test'.
    test('상점 구매 흐름', () async {
    ^^^^
test/e2e/game_flow_e2e_test.dart:101:30: Error: Undefined name 'find'.
      final settingsButton = find.byValueKey('settings_button');
                             ^^^^
test/e2e/game_flow_e2e_test.dart:105:28: Error: Undefined name 'find'.
      final volumeSlider = find.byValueKey('volume_slider');
                           ^^^^
test/e2e/game_flow_e2e_test.dart:109:30: Error: Undefined name 'find'.
      final darkModeToggle = find.byValueKey('dark_mode_toggle');
                             ^^^^
test/e2e/game_flow_e2e_test.dart:113:26: Error: Undefined name 'find'.
      final saveButton = find.text('저장');
                         ^^^^
test/e2e/game_flow_e2e_test.dart:117:26: Error: Undefined name 'find'.
      final backButton = find.byValueKey('back_button');
                         ^^^^
test/e2e/game_flow_e2e_test.dart:99:5: Error: Method not found: 'test'.
    test('설정 변경 흐름', () async {
    ^^^^
test/e2e/game_flow_e2e_test.dart:5:3: Error: Method not found: 'group'.
  group('게임 플레이 E2E 테스트', () {
  ^^^^^
test/e2e/game_flow_e2e_test.dart:123:10: Error: 'FlutterDriver' isn't a type.
    late FlutterDriver driver;
         ^^^^^^^^^^^^^
test/e2e/game_flow_e2e_test.dart:126:22: Error: Undefined name 'FlutterDriver'.
      driver = await FlutterDriver.connect();
                     ^^^^^^^^^^^^^
test/e2e/game_flow_e2e_test.dart:125:5: Error: Method not found: 'setUpAll'.
    setUpAll(() async {
    ^^^^^^^^
test/e2e/game_flow_e2e_test.dart:129:5: Error: Method not found: 'tearDownAll'.
    tearDownAll(() async {
    ^^^^^^^^^^^
00:06 +1143 -1: D:/mg-games/repos/mg-common-game/test/core/ui/widgets/dialogs/game_dialog_test.dart: GameDialog renders title, content and actions
test/e2e/game_flow_e2e_test.dart:136:26: Error: Undefined name 'find'.
        final gameArea = find.byValueKey('game_area');
                         ^^^^
test/e2e/game_flow_e2e_test.dart:149:19: Error: Method not found: 'greaterThan'.
      expect(fps, greaterThan(55)); // 55 FPS 이상 유지
                  ^^^^^^^^^^^
test/e2e/game_flow_e2e_test.dart:149:7: Error: Method not found: 'expect'.
      expect(fps, greaterThan(55)); // 55 FPS 이상 유지
      ^^^^^^
test/e2e/game_flow_e2e_test.dart:133:5: Error: Method not found: 'test'.
    test('프레임 레이트 모니터링', () async {
    ^^^^
test/e2e/game_flow_e2e_test.dart:158:26: Error: Undefined name 'find'.
        await driver.tap(find.byValueKey('game_area'));
                         ^^^^
test/e2e/game_flow_e2e_test.dart:173:30: Error: Method not found: 'lessThan'.
      expect(memoryIncrease, lessThan(0.2));
                             ^^^^^^^^
test/e2e/game_flow_e2e_test.dart:173:7: Error: Method not found: 'expect'.
      expect(memoryIncrease, lessThan(0.2));
      ^^^^^^
test/e2e/game_flow_e2e_test.dart:152:5: Error: Method not found: 'test'.
    test('메모리 사용량 모니터링', () async {
    ^^^^
test/e2e/game_flow_e2e_test.dart:122:3: Error: Method not found: 'group'.
  group('성능 E2E 테스트', () {
  ^^^^^
test/e2e/game_flow_e2e_test.dart:178:10: Error: 'FlutterDriver' isn't a type.
    late FlutterDriver driver;
         ^^^^^^^^^^^^^
test/e2e/game_flow_e2e_test.dart:181:22: Error: Undefined name 'FlutterDriver'.
      driver = await FlutterDriver.connect();
                     ^^^^^^^^^^^^^
test/e2e/game_flow_e2e_test.dart:180:5: Error: Method not found: 'setUpAll'.
    setUpAll(() async {
    ^^^^^^^^
test/e2e/game_flow_e2e_test.dart:184:5: Error: Method not found: 'tearDownAll'.
    tearDownAll(() async {
    ^^^^^^^^^^^
test/e2e/game_flow_e2e_test.dart:193:30: Error: Undefined name 'find'.
      final offlineMessage = find.text('네트워크 연결 없음');
                             ^^^^
test/e2e/game_flow_e2e_test.dart:200:32: Error: Undefined name 'find'.
      final reconnectMessage = find.text('재연결됨');
                               ^^^^
test/e2e/game_flow_e2e_test.dart:188:5: Error: Method not found: 'test'.
    test('오프라인 상태 처리', () async {
    ^^^^
test/e2e/game_flow_e2e_test.dart:177:3: Error: Method not found: 'group'.
  group('네트워크 E2E 테스트', () {
  ^^^^^
00:06 +1144 -1: D:/mg-games/repos/mg-common-game/test/core/ui/widgets/dialogs/game_dialog_test.dart: GameDialog renders title, content and actions
00:06 +1145 -1: D:/mg-games/repos/mg-common-game/test/core/ui/widgets/dialogs/game_dialog_test.dart: GameDialog renders title, content and actions
00:06 +1145 -2: loading D:/mg-games/repos/mg-common-game/test/e2e/game_flow_e2e_test.dart [E]
  Failed to load "D:/mg-games/repos/mg-common-game/test/e2e/game_flow_e2e_test.dart":
  Compilation failed for testPath=D:/mg-games/repos/mg-common-game/test/e2e/game_flow_e2e_test.dart: Error: Couldn't resolve the package 'flutter_driver' in 'package:flutter_driver/flutter_driver.dart'.
  Error: Couldn't resolve the package 'test' in 'package:test/test.dart'.
  test/e2e/game_flow_e2e_test.dart:1:8: Error: Not found: 'package:flutter_driver/flutter_driver.dart'
  import 'package:flutter_driver/flutter_driver.dart';
         ^
  test/e2e/game_flow_e2e_test.dart:2:8: Error: Not found: 'package:test/test.dart'
  import 'package:test/test.dart';
         ^
  test/e2e/game_flow_e2e_test.dart:6:10: Error: 'FlutterDriver' isn't a type.
      late FlutterDriver driver;
           ^^^^^^^^^^^^^
  test/e2e/game_flow_e2e_test.dart:9:22: Error: Undefined name 'FlutterDriver'.
        driver = await FlutterDriver.connect();
                       ^^^^^^^^^^^^^
  test/e2e/game_flow_e2e_test.dart:8:5: Error: Method not found: 'setUpAll'.
      setUpAll(() async {
      ^^^^^^^^
  test/e2e/game_flow_e2e_test.dart:12:5: Error: Method not found: 'tearDownAll'.
      tearDownAll(() async {
      ^^^^^^^^^^^
  test/e2e/game_flow_e2e_test.dart:18:27: Error: Undefined name 'find'.
        final startButton = find.byValueKey('start_game_button');
                            ^^^^
  test/e2e/game_flow_e2e_test.dart:23:26: Error: Undefined name 'find'.
        final gameScreen = find.byValueKey('game_screen');
                           ^^^^
  test/e2e/game_flow_e2e_test.dart:27:25: Error: Undefined name 'find'.
        final scoreText = find.byValueKey('score_text');
                          ^^^^
  test/e2e/game_flow_e2e_test.dart:28:7: Error: Method not found: 'expect'.
        expect(await driver.getText(scoreText), '0');
        ^^^^^^
  test/e2e/game_flow_e2e_test.dart:31:24: Error: Undefined name 'find'.
        final gameArea = find.byValueKey('game_area');
                         ^^^^
  test/e2e/game_flow_e2e_test.dart:38:35: Error: Method not found: 'greaterThan'.
        expect(int.parse(newScore), greaterThan(0));
                                    ^^^^^^^^^^^
  test/e2e/game_flow_e2e_test.dart:38:7: Error: Method not found: 'expect'.
        expect(int.parse(newScore), greaterThan(0));
        ^^^^^^
  test/e2e/game_flow_e2e_test.dart:41:27: Error: Undefined name 'find'.
        final pauseButton = find.byValueKey('pause_button');
                            ^^^^
  test/e2e/game_flow_e2e_test.dart:44:29: Error: Undefined name 'find'.
        final endGameButton = find.byValueKey('end_game_button');
                              ^^^^
  test/e2e/game_flow_e2e_test.dart:48:28: Error: Undefined name 'find'.
        final resultScreen = find.byValueKey('result_screen');
                             ^^^^
  test/e2e/game_flow_e2e_test.dart:16:5: Error: Method not found: 'test'.
      test('게임 시작 및 플레이 흐름', () async {
      ^^^^
  test/e2e/game_flow_e2e_test.dart:54:24: Error: Undefined name 'find'.
        final questTab = find.text('퀘스트');
                         ^^^^
  test/e2e/game_flow_e2e_test.dart:58:26: Error: Undefined name 'find'.
        final dailyQuest = find.byValueKey('daily_quest_card');
                           ^^^^
  test/e2e/game_flow_e2e_test.dart:64:27: Error: Undefined name 'find'.
        final questDetail = find.byValueKey('quest_detail');
                            ^^^^
  test/e2e/game_flow_e2e_test.dart:68:28: Error: Undefined name 'find'.
        final acceptButton = find.text('퀘스트 수락');
                             ^^^^
  test/e2e/game_flow_e2e_test.dart:72:30: Error: Undefined name 'find'.
        final successMessage = find.text('퀘스트를 수락했습니다');
                               ^^^^
  test/e2e/game_flow_e2e_test.dart:52:5: Error: Method not found: 'test'.
      test('퀘스트 완료 흐름', () async {
      ^^^^
  test/e2e/game_flow_e2e_test.dart:78:23: Error: Undefined name 'find'.
        final shopTab = find.text('상점');
                        ^^^^
  test/e2e/game_flow_e2e_test.dart:82:25: Error: Undefined name 'find'.
        final firstItem = find.byValueKey('shop_item_0');
                          ^^^^
  test/e2e/game_flow_e2e_test.dart:87:29: Error: Undefined name 'find'.
        final confirmDialog = find.byValueKey('purchase_confirm_dialog');
                              ^^^^
  test/e2e/game_flow_e2e_test.dart:91:30: Error: Undefined name 'find'.
        final purchaseButton = find.text('구매');
                               ^^^^
  test/e2e/game_flow_e2e_test.dart:95:28: Error: Undefined name 'find'.
        final successToast = find.text('구매 완료');
                             ^^^^
  test/e2e/game_flow_e2e_test.dart:76:5: Error: Method not found: 'test'.
      test('상점 구매 흐름', () async {
      ^^^^
  test/e2e/game_flow_e2e_test.dart:101:30: Error: Undefined name 'find'.
        final settingsButton = find.byValueKey('settings_button');
                               ^^^^
  test/e2e/game_flow_e2e_test.dart:105:28: Error: Undefined name 'find'.
        final volumeSlider = find.byValueKey('volume_slider');
                             ^^^^
  test/e2e/game_flow_e2e_test.dart:109:30: Error: Undefined name 'find'.
        final darkModeToggle = find.byValueKey('dark_mode_toggle');
                               ^^^^
  test/e2e/game_flow_e2e_test.dart:113:26: Error: Undefined name 'find'.
        final saveButton = find.text('저장');
                           ^^^^
  test/e2e/game_flow_e2e_test.dart:117:26: Error: Undefined name 'find'.
        final backButton = find.byValueKey('back_button');
                           ^^^^
  test/e2e/game_flow_e2e_test.dart:99:5: Error: Method not found: 'test'.
      test('설정 변경 흐름', () async {
      ^^^^
  test/e2e/game_flow_e2e_test.dart:5:3: Error: Method not found: 'group'.
    group('게임 플레이 E2E 테스트', () {
    ^^^^^
  test/e2e/game_flow_e2e_test.dart:123:10: Error: 'FlutterDriver' isn't a type.
      late FlutterDriver driver;
           ^^^^^^^^^^^^^
  test/e2e/game_flow_e2e_test.dart:126:22: Error: Undefined name 'FlutterDriver'.
        driver = await FlutterDriver.connect();
                       ^^^^^^^^^^^^^
  test/e2e/game_flow_e2e_test.dart:125:5: Error: Method not found: 'setUpAll'.
      setUpAll(() async {
      ^^^^^^^^
  test/e2e/game_flow_e2e_test.dart:129:5: Error: Method not found: 'tearDownAll'.
      tearDownAll(() async {
      ^^^^^^^^^^^
  test/e2e/game_flow_e2e_test.dart:136:26: Error: Undefined name 'find'.
          final gameArea = find.byValueKey('game_area');
                           ^^^^
  test/e2e/game_flow_e2e_test.dart:149:19: Error: Method not found: 'greaterThan'.
        expect(fps, greaterThan(55)); // 55 FPS 이상 유지
                    ^^^^^^^^^^^
  test/e2e/game_flow_e2e_test.dart:149:7: Error: Method not found: 'expect'.
        expect(fps, greaterThan(55)); // 55 FPS 이상 유지
        ^^^^^^
  test/e2e/game_flow_e2e_test.dart:133:5: Error: Method not found: 'test'.
      test('프레임 레이트 모니터링', () async {
      ^^^^
  test/e2e/game_flow_e2e_test.dart:158:26: Error: Undefined name 'find'.
          await driver.tap(find.byValueKey('game_area'));
                           ^^^^
  test/e2e/game_flow_e2e_test.dart:173:30: Error: Method not found: 'lessThan'.
        expect(memoryIncrease, lessThan(0.2));
                               ^^^^^^^^
  test/e2e/game_flow_e2e_test.dart:173:7: Error: Method not found: 'expect'.
        expect(memoryIncrease, lessThan(0.2));
        ^^^^^^
  test/e2e/game_flow_e2e_test.dart:152:5: Error: Method not found: 'test'.
      test('메모리 사용량 모니터링', () async {
      ^^^^
  test/e2e/game_flow_e2e_test.dart:122:3: Error: Method not found: 'group'.
    group('성능 E2E 테스트', () {
    ^^^^^
  test/e2e/game_flow_e2e_test.dart:178:10: Error: 'FlutterDriver' isn't a type.
      late FlutterDriver driver;
           ^^^^^^^^^^^^^
  test/e2e/game_flow_e2e_test.dart:181:22: Error: Undefined name 'FlutterDriver'.
        driver = await FlutterDriver.connect();
                       ^^^^^^^^^^^^^
  test/e2e/game_flow_e2e_test.dart:180:5: Error: Method not found: 'setUpAll'.
      setUpAll(() async {
      ^^^^^^^^
  test/e2e/game_flow_e2e_test.dart:184:5: Error: Method not found: 'tearDownAll'.
      tearDownAll(() async {
      ^^^^^^^^^^^
  test/e2e/game_flow_e2e_test.dart:193:30: Error: Undefined name 'find'.
        final offlineMessage = find.text('네트워크 연결 없음');
                               ^^^^
  test/e2e/game_flow_e2e_test.dart:200:32: Error: Undefined name 'find'.
        final reconnectMessage = find.text('재연결됨');
                                 ^^^^
  test/e2e/game_flow_e2e_test.dart:188:5: Error: Method not found: 'test'.
      test('오프라인 상태 처리', () async {
      ^^^^
  test/e2e/game_flow_e2e_test.dart:177:3: Error: Method not found: 'group'.
    group('네트워크 E2E 테스트', () {
    ^^^^^
  .
00:06 +1146 -2: D:/mg-games/repos/mg-common-game/test/core/ui/widgets/dialogs/game_dialog_test.dart: GameDialog renders title, content and actions
00:06 +1147 -2: D:/mg-games/repos/mg-common-game/test/core/ui/widgets/dialogs/game_dialog_test.dart: GameDialog renders title, content and actions
00:06 +1148 -2: D:/mg-games/repos/mg-common-game/test/core/ui/widgets/dialogs/game_dialog_test.dart: GameDialog renders title, content and actions
00:06 +1149 -2: D:/mg-games/repos/mg-common-game/test/core/ui/widgets/dialogs/game_dialog_test.dart: GameDialog renders title, content and actions
00:06 +1150 -2: D:/mg-games/repos/mg-common-game/test/core/ui/widgets/mg_card_test.dart: MGCard renders child widget
00:06 +1151 -2: D:/mg-games/repos/mg-common-game/test/core/ui/widgets/mg_card_test.dart: MGCard renders child widget
00:06 +1152 -2: D:/mg-games/repos/mg-common-game/test/core/ui/widgets/mg_card_test.dart: MGCard renders child widget
00:06 +1153 -2: D:/mg-games/repos/mg-common-game/test/core/ui/widgets/mg_card_test.dart: MGCard renders child widget
00:06 +1154 -2: D:/mg-games/repos/mg-common-game/test/core/ui/widgets/mg_card_test.dart: MGCard renders child widget
00:06 +1155 -2: D:/mg-games/repos/mg-common-game/test/core/ui/widgets/mg_card_test.dart: MGCard renders child widget
00:06 +1156 -2: D:/mg-games/repos/mg-common-game/test/core/ui/widgets/mg_card_test.dart: MGCard renders child widget
00:06 +1157 -2: D:/mg-games/repos/mg-common-game/test/core/ui/widgets/mg_card_test.dart: MGCard renders child widget
00:06 +1158 -2: D:/mg-games/repos/mg-common-game/test/core/ui/widgets/mg_card_test.dart: MGCard renders child widget
00:06 +1159 -2: D:/mg-games/repos/mg-common-game/test/core/ui/widgets/mg_card_test.dart: MGCard renders child widget
00:06 +1160 -2: D:/mg-games/repos/mg-common-game/test/core/ui/widgets/mg_card_test.dart: MGCard renders child widget
00:06 +1161 -2: D:/mg-games/repos/mg-common-game/test/core/ui/widgets/mg_loading_test.dart: MGLoadingSpinner renders circular progress indicator
00:06 +1161 -3: D:/mg-games/repos/mg-common-game/test/core/ui/widgets/mg_loading_test.dart: MGLoadingSpinner renders circular progress indicator
00:06 +1161 -3: D:/mg-games/repos/mg-common-game/test/cs/customer_service_test.dart: CustomerServiceManager 티켓 생성 [E]
  Binding has not yet been initialized.
  The "instance" getter on the ServicesBinding binding mixin is only available once that binding has been initialized.
  Typically, this is done by calling "WidgetsFlutterBinding.ensureInitialized()" or "runApp()" (the latter calls the former). Typically this call is done in the "void main()" method. The "ensureInitialized" method is idempotent; calling it multiple times is not harmful. After calling that method, the "instance" getter will return the binding.
  In a test, one can call "TestWidgetsFlutterBinding.ensureInitialized()" as the first line in the test's "main()" method to initialize the binding.
  If ServicesBinding is a custom binding mixin, there must also be a custom binding class, like WidgetsFlutterBinding, but that mixes in the selected binding, and that is the class that must be constructed before using the "instance" getter.
  dart:async                                                           _Completer.completeError
  package:shared_preferences/src/shared_preferences_legacy.dart 90:19  SharedPreferences.getInstance
  ===== asynchronous gap ===========================
  dart:async                                                           _CustomZone.registerBinaryCallback
  package:shared_preferences/src/shared_preferences_legacy.dart 85:13  SharedPreferences.getInstance
  package:mg_common_game/cs/customer_service.dart 187:38               CustomerServiceManager.initialize
  test\cs\customer_service_test.dart 10:23                             main.<fn>.<fn>
  
00:06 +1162 -3: D:/mg-games/repos/mg-common-game/test/core/ui/widgets/mg_loading_test.dart: MGLoadingSpinner renders circular progress indicator
00:06 +1162 -4: D:/mg-games/repos/mg-common-game/test/core/ui/widgets/mg_loading_test.dart: MGLoadingSpinner renders circular progress indicator
00:06 +1162 -4: D:/mg-games/repos/mg-common-game/test/cs/customer_service_test.dart: CustomerServiceManager 티켓 댓글 추가 [E]
  Binding has not yet been initialized.
  The "instance" getter on the ServicesBinding binding mixin is only available once that binding has been initialized.
  Typically, this is done by calling "WidgetsFlutterBinding.ensureInitialized()" or "runApp()" (the latter calls the former). Typically this call is done in the "void main()" method. The "ensureInitialized" method is idempotent; calling it multiple times is not harmful. After calling that method, the "instance" getter will return the binding.
  In a test, one can call "TestWidgetsFlutterBinding.ensureInitialized()" as the first line in the test's "main()" method to initialize the binding.
  If ServicesBinding is a custom binding mixin, there must also be a custom binding class, like WidgetsFlutterBinding, but that mixes in the selected binding, and that is the class that must be constructed before using the "instance" getter.
  dart:async                                                           _Completer.completeError
  package:shared_preferences/src/shared_preferences_legacy.dart 90:19  SharedPreferences.getInstance
  ===== asynchronous gap ===========================
  dart:async                                                           _CustomZone.registerBinaryCallback
  package:shared_preferences/src/shared_preferences_legacy.dart 85:13  SharedPreferences.getInstance
  package:mg_common_game/cs/customer_service.dart 187:38               CustomerServiceManager.initialize
  test\cs\customer_service_test.dart 10:23                             main.<fn>.<fn>
  
00:06 +1163 -4: D:/mg-games/repos/mg-common-game/test/core/ui/widgets/mg_loading_test.dart: MGLoadingSpinner renders circular progress indicator
00:06 +1163 -5: D:/mg-games/repos/mg-common-game/test/core/ui/widgets/mg_loading_test.dart: MGLoadingSpinner renders circular progress indicator
00:06 +1163 -5: D:/mg-games/repos/mg-common-game/test/cs/customer_service_test.dart: CustomerServiceManager FAQ 검색 [E]
  Binding has not yet been initialized.
  The "instance" getter on the ServicesBinding binding mixin is only available once that binding has been initialized.
  Typically, this is done by calling "WidgetsFlutterBinding.ensureInitialized()" or "runApp()" (the latter calls the former). Typically this call is done in the "void main()" method. The "ensureInitialized" method is idempotent; calling it multiple times is not harmful. After calling that method, the "instance" getter will return the binding.
  In a test, one can call "TestWidgetsFlutterBinding.ensureInitialized()" as the first line in the test's "main()" method to initialize the binding.
  If ServicesBinding is a custom binding mixin, there must also be a custom binding class, like WidgetsFlutterBinding, but that mixes in the selected binding, and that is the class that must be constructed before using the "instance" getter.
  dart:async                                                           _Completer.completeError
  package:shared_preferences/src/shared_preferences_legacy.dart 90:19  SharedPreferences.getInstance
  ===== asynchronous gap ===========================
  dart:async                                                           _CustomZone.registerBinaryCallback
  package:shared_preferences/src/shared_preferences_legacy.dart 85:13  SharedPreferences.getInstance
  package:mg_common_game/cs/customer_service.dart 187:38               CustomerServiceManager.initialize
  test\cs\customer_service_test.dart 10:23                             main.<fn>.<fn>
  
00:06 +1163 -6: D:/mg-games/repos/mg-common-game/test/core/ui/widgets/mg_loading_test.dart: MGLoadingSpinner renders circular progress indicator
00:06 +1163 -6: D:/mg-games/repos/mg-common-game/test/cs/customer_service_test.dart: CustomerServiceManager 티켓 태그 검색 [E]
  Binding has not yet been initialized.
  The "instance" getter on the ServicesBinding binding mixin is only available once that binding has been initialized.
  Typically, this is done by calling "WidgetsFlutterBinding.ensureInitialized()" or "runApp()" (the latter calls the former). Typically this call is done in the "void main()" method. The "ensureInitialized" method is idempotent; calling it multiple times is not harmful. After calling that method, the "instance" getter will return the binding.
  In a test, one can call "TestWidgetsFlutterBinding.ensureInitialized()" as the first line in the test's "main()" method to initialize the binding.
  If ServicesBinding is a custom binding mixin, there must also be a custom binding class, like WidgetsFlutterBinding, but that mixes in the selected binding, and that is the class that must be constructed before using the "instance" getter.
  dart:async                                                           _Completer.completeError
  package:shared_preferences/src/shared_preferences_legacy.dart 90:19  SharedPreferences.getInstance
  ===== asynchronous gap ===========================
  dart:async                                                           _CustomZone.registerBinaryCallback
  package:shared_preferences/src/shared_preferences_legacy.dart 85:13  SharedPreferences.getInstance
  package:mg_common_game/cs/customer_service.dart 187:38               CustomerServiceManager.initialize
  test\cs\customer_service_test.dart 10:23                             main.<fn>.<fn>
  
00:06 +1163 -7: D:/mg-games/repos/mg-common-game/test/core/ui/widgets/mg_loading_test.dart: MGLoadingSpinner renders circular progress indicator
00:06 +1163 -7: D:/mg-games/repos/mg-common-game/test/cs/customer_service_test.dart: CustomerServiceManager 진행 중인 티켓 조회 [E]
  Binding has not yet been initialized.
  The "instance" getter on the ServicesBinding binding mixin is only available once that binding has been initialized.
  Typically, this is done by calling "WidgetsFlutterBinding.ensureInitialized()" or "runApp()" (the latter calls the former). Typically this call is done in the "void main()" method. The "ensureInitialized" method is idempotent; calling it multiple times is not harmful. After calling that method, the "instance" getter will return the binding.
  In a test, one can call "TestWidgetsFlutterBinding.ensureInitialized()" as the first line in the test's "main()" method to initialize the binding.
  If ServicesBinding is a custom binding mixin, there must also be a custom binding class, like WidgetsFlutterBinding, but that mixes in the selected binding, and that is the class that must be constructed before using the "instance" getter.
  dart:async                                                           _Completer.completeError
  package:shared_preferences/src/shared_preferences_legacy.dart 90:19  SharedPreferences.getInstance
  ===== asynchronous gap ===========================
  dart:async                                                           _CustomZone.registerBinaryCallback
  package:shared_preferences/src/shared_preferences_legacy.dart 85:13  SharedPreferences.getInstance
  package:mg_common_game/cs/customer_service.dart 187:38               CustomerServiceManager.initialize
  test\cs\customer_service_test.dart 10:23                             main.<fn>.<fn>
  
00:06 +1164 -7: D:/mg-games/repos/mg-common-game/test/core/ui/widgets/mg_loading_test.dart: MGLoadingSpinner renders circular progress indicator
00:06 +1164 -8: D:/mg-games/repos/mg-common-game/test/core/ui/widgets/mg_loading_test.dart: MGLoadingSpinner renders circular progress indicator
00:06 +1165 -8: D:/mg-games/repos/mg-common-game/test/core/ui/widgets/mg_loading_test.dart: MGLoadingSpinner renders circular progress indicator
00:06 +1165 -8: D:/mg-games/repos/mg-common-game/test/cs/customer_service_test.dart: CustomerServiceManager 티켓 상태 변경 [E]
  Binding has not yet been initialized.
  The "instance" getter on the ServicesBinding binding mixin is only available once that binding has been initialized.
  Typically, this is done by calling "WidgetsFlutterBinding.ensureInitialized()" or "runApp()" (the latter calls the former). Typically this call is done in the "void main()" method. The "ensureInitialized" method is idempotent; calling it multiple times is not harmful. After calling that method, the "instance" getter will return the binding.
  In a test, one can call "TestWidgetsFlutterBinding.ensureInitialized()" as the first line in the test's "main()" method to initialize the binding.
  If ServicesBinding is a custom binding mixin, there must also be a custom binding class, like WidgetsFlutterBinding, but that mixes in the selected binding, and that is the class that must be constructed before using the "instance" getter.
  dart:async                                                           _Completer.completeError
  package:shared_preferences/src/shared_preferences_legacy.dart 90:19  SharedPreferences.getInstance
  ===== asynchronous gap ===========================
  dart:async                                                           _CustomZone.registerBinaryCallback
  package:shared_preferences/src/shared_preferences_legacy.dart 85:13  SharedPreferences.getInstance
  package:mg_common_game/cs/customer_service.dart 187:38               CustomerServiceManager.initialize
  test\cs\customer_service_test.dart 10:23                             main.<fn>.<fn>
  
00:06 +1165 -9: D:/mg-games/repos/mg-common-game/test/core/ui/widgets/mg_loading_test.dart: MGLoadingSpinner renders circular progress indicator
00:06 +1165 -9: D:/mg-games/repos/mg-common-game/test/cs/customer_service_test.dart: CustomerServiceManager FAQ 도움말 투표 [E]
  Binding has not yet been initialized.
  The "instance" getter on the ServicesBinding binding mixin is only available once that binding has been initialized.
  Typically, this is done by calling "WidgetsFlutterBinding.ensureInitialized()" or "runApp()" (the latter calls the former). Typically this call is done in the "void main()" method. The "ensureInitialized" method is idempotent; calling it multiple times is not harmful. After calling that method, the "instance" getter will return the binding.
  In a test, one can call "TestWidgetsFlutterBinding.ensureInitialized()" as the first line in the test's "main()" method to initialize the binding.
  If ServicesBinding is a custom binding mixin, there must also be a custom binding class, like WidgetsFlutterBinding, but that mixes in the selected binding, and that is the class that must be constructed before using the "instance" getter.
  dart:async                                                           _Completer.completeError
  package:shared_preferences/src/shared_preferences_legacy.dart 90:19  SharedPreferences.getInstance
  ===== asynchronous gap ===========================
  dart:async                                                           _CustomZone.registerBinaryCallback
  package:shared_preferences/src/shared_preferences_legacy.dart 85:13  SharedPreferences.getInstance
  package:mg_common_game/cs/customer_service.dart 187:38               CustomerServiceManager.initialize
  test\cs\customer_service_test.dart 10:23                             main.<fn>.<fn>
  
00:06 +1166 -9: D:/mg-games/repos/mg-common-game/test/core/ui/widgets/mg_loading_test.dart: MGLoadingSpinner renders circular progress indicator
00:06 +1167 -9: D:/mg-games/repos/mg-common-game/test/core/ui/widgets/mg_loading_test.dart: MGLoadingSpinner renders circular progress indicator
00:06 +1168 -9: D:/mg-games/repos/mg-common-game/test/core/ui/widgets/mg_loading_test.dart: MGLoadingSpinner renders circular progress indicator
00:06 +1169 -9: D:/mg-games/repos/mg-common-game/test/core/ui/widgets/mg_loading_test.dart: MGLoadingSpinner renders circular progress indicator
00:06 +1170 -9: D:/mg-games/repos/mg-common-game/test/core/ui/widgets/mg_loading_test.dart: MGLoadingSpinner renders circular progress indicator
00:06 +1171 -9: D:/mg-games/repos/mg-common-game/test/core/ui/widgets/mg_loading_test.dart: MGLoadingSpinner renders circular progress indicator
00:06 +1172 -9: D:/mg-games/repos/mg-common-game/test/core/ui/widgets/mg_loading_test.dart: MGLoadingSpinner renders circular progress indicator
00:06 +1173 -9: D:/mg-games/repos/mg-common-game/test/core/ui/widgets/mg_loading_test.dart: MGLoadingSpinner renders circular progress indicator
00:06 +1174 -9: D:/mg-games/repos/mg-common-game/test/core/ui/widgets/mg_loading_test.dart: MGLoadingSpinner renders circular progress indicator
00:06 +1175 -9: D:/mg-games/repos/mg-common-game/test/core/ui/widgets/mg_loading_test.dart: MGLoadingSpinner renders circular progress indicator
00:06 +1176 -9: D:/mg-games/repos/mg-common-game/test/core/ui/widgets/mg_loading_test.dart: MGLoadingSpinner renders circular progress indicator
00:06 +1177 -9: D:/mg-games/repos/mg-common-game/test/core/ui/widgets/mg_progress_test.dart: MGLinearProgress renders with given value
00:06 +1178 -9: D:/mg-games/repos/mg-common-game/test/core/ui/widgets/mg_progress_test.dart: MGLinearProgress renders with given value
00:06 +1179 -9: D:/mg-games/repos/mg-common-game/test/core/ui/widgets/mg_progress_test.dart: MGLinearProgress renders with given value
00:06 +1180 -9: D:/mg-games/repos/mg-common-game/test/core/ui/widgets/mg_progress_test.dart: MGLinearProgress renders with given value
00:06 +1181 -9: D:/mg-games/repos/mg-common-game/test/core/ui/widgets/mg_progress_test.dart: MGLinearProgress renders with given value
00:06 +1182 -9: D:/mg-games/repos/mg-common-game/test/core/ui/widgets/mg_progress_test.dart: MGLinearProgress renders with given value
00:06 +1183 -9: D:/mg-games/repos/mg-common-game/test/core/ui/widgets/mg_progress_test.dart: MGLinearProgress renders with given value
00:06 +1184 -9: D:/mg-games/repos/mg-common-game/test/core/ui/widgets/mg_progress_test.dart: MGLinearProgress renders with given value
00:06 +1185 -9: D:/mg-games/repos/mg-common-game/test/core/ui/widgets/mg_progress_test.dart: MGLinearProgress renders with given value
00:06 +1186 -9: D:/mg-games/repos/mg-common-game/test/core/ui/widgets/mg_progress_test.dart: MGLinearProgress renders with given value
00:06 +1187 -9: D:/mg-games/repos/mg-common-game/test/core/ui/widgets/mg_progress_test.dart: MGLinearProgress renders with given value
00:06 +1188 -9: D:/mg-games/repos/mg-common-game/test/core/ui/widgets/mg_progress_test.dart: MGLinearProgress renders with given value
00:06 +1189 -9: D:/mg-games/repos/mg-common-game/test/core/ui/widgets/mg_progress_test.dart: MGLinearProgress renders with given value
00:06 +1190 -9: D:/mg-games/repos/mg-common-game/test/core/ui/widgets/mg_progress_test.dart: MGLinearProgress renders with given value
00:07 +1191 -9: D:/mg-games/repos/mg-common-game/test/core/ui/widgets/mg_progress_test.dart: MGLinearProgress renders with given value
00:07 +1192 -9: D:/mg-games/repos/mg-common-game/test/core/ui/widgets/mg_progress_test.dart: MGLinearProgress renders with given value
00:07 +1193 -9: D:/mg-games/repos/mg-common-game/test/core/ui/widgets/mg_progress_test.dart: MGLinearProgress renders with given value
00:07 +1194 -9: D:/mg-games/repos/mg-common-game/test/core/ui/widgets/mg_progress_test.dart: MGLinearProgress renders with given value
00:07 +1195 -9: D:/mg-games/repos/mg-common-game/test/core/ui/widgets/mg_progress_test.dart: MGLinearProgress renders with given value
00:07 +1196 -9: D:/mg-games/repos/mg-common-game/test/core/ui/widgets/mg_progress_test.dart: MGLinearProgress renders with given value
00:07 +1197 -9: D:/mg-games/repos/mg-common-game/test/core/ui/widgets/dialogs/game_dialog_test.dart: GameDialog.confirm confirm cancel 버튼 동작
00:07 +1198 -9: D:/mg-games/repos/mg-common-game/test/core/ui/widgets/dialogs/game_dialog_test.dart: GameDialog.confirm confirm cancel 버튼 동작
00:07 +1199 -9: D:/mg-games/repos/mg-common-game/test/core/ui/widgets/dialogs/game_dialog_test.dart: GameDialog.confirm confirm cancel 버튼 동작
00:07 +1200 -9: D:/mg-games/repos/mg-common-game/test/core/ui/widgets/dialogs/game_dialog_test.dart: GameDialog.confirm confirm cancel 버튼 동작
00:07 +1201 -9: D:/mg-games/repos/mg-common-game/test/core/ui/widgets/dialogs/game_dialog_test.dart: GameDialog.confirm confirm cancel 버튼 동작
00:07 +1202 -9: D:/mg-games/repos/mg-common-game/test/core/ui/widgets/dialogs/game_dialog_test.dart: GameDialog.confirm confirm cancel 버튼 동작
00:07 +1203 -9: D:/mg-games/repos/mg-common-game/test/core/ui/widgets/mg_card_test.dart: MGItemCard renders trailing widget when provided
00:07 +1204 -9: D:/mg-games/repos/mg-common-game/test/core/ui/widgets/mg_loading_test.dart: MGFullScreenLoading shows message when provided
00:07 +1205 -9: D:/mg-games/repos/mg-common-game/test/core/ui/widgets/mg_progress_test.dart: MGLinearProgress shows label when showLabel is true
00:07 +1206 -9: D:/mg-games/repos/mg-common-game/test/core/ui/widgets/mg_progress_test.dart: MGLinearProgress shows label when showLabel is true
00:07 +1207 -9: D:/mg-games/repos/mg-common-game/test/core/ui/widgets/dialogs/game_dialog_test.dart: GameDialog.confirm confirm 커스텀 버튼 텍스트
00:07 +1208 -9: D:/mg-games/repos/mg-common-game/test/core/ui/widgets/dialogs/game_dialog_test.dart: GameDialog.confirm confirm 커스텀 버튼 텍스트
00:07 +1209 -9: D:/mg-games/repos/mg-common-game/test/core/ui/widgets/mg_card_test.dart: MGStatCard renders icon when provided
00:07 +1210 -9: D:/mg-games/repos/mg-common-game/test/core/ui/widgets/mg_progress_test.dart: MGLinearProgress applies custom colors
00:07 +1211 -9: D:/mg-games/repos/mg-common-game/test/core/ui/widgets/mg_loading_test.dart: MGFullScreenLoading shows logo when provided
00:07 +1212 -9: D:/mg-games/repos/mg-common-game/test/core/ui/widgets/mg_loading_test.dart: MGFullScreenLoading shows logo when provided
00:07 +1213 -9: D:/mg-games/repos/mg-common-game/test/core/ui/widgets/dialogs/game_dialog_test.dart: UI 구조 Dialog 내부 구조 확인
00:07 +1214 -9: D:/mg-games/repos/mg-common-game/test/core/ui/widgets/dialogs/game_dialog_test.dart: UI 구조 Dialog 내부 구조 확인
00:07 +1215 -9: D:/mg-games/repos/mg-common-game/test/core/ui/widgets/mg_card_test.dart: MGStatCard renders negative change indicator
00:07 +1216 -9: D:/mg-games/repos/mg-common-game/test/core/ui/widgets/mg_loading_test.dart: MGSkeleton renders skeleton with default size
00:07 +1217 -9: D:/mg-games/repos/mg-common-game/test/core/ui/widgets/mg_loading_test.dart: MGSkeleton renders skeleton with default size
00:07 +1218 -9: D:/mg-games/repos/mg-common-game/test/core/ui/widgets/dialogs/game_dialog_test.dart: UI 구조 title이 대문자로 변환
00:07 +1219 -9: D:/mg-games/repos/mg-common-game/test/core/ui/widgets/dialogs/game_dialog_test.dart: UI 구조 title이 대문자로 변환
00:07 +1220 -9: D:/mg-games/repos/mg-common-game/test/core/ui/widgets/dialogs/game_dialog_test.dart: UI 구조 title이 대문자로 변환
00:07 +1221 -9: D:/mg-games/repos/mg-common-game/test/core/ui/widgets/mg_loading_test.dart: MGSkeleton renders circle skeleton
00:07 +1222 -9: D:/mg-games/repos/mg-common-game/test/core/ui/widgets/mg_card_test.dart: MGStatCard applies custom color
00:07 +1223 -9: D:/mg-games/repos/mg-common-game/test/core/ui/widgets/mg_progress_test.dart: MGHpBar changes color when HP is low
00:07 +1224 -9: D:/mg-games/repos/mg-common-game/test/core/ui/widgets/mg_progress_test.dart: MGHpBar changes color when HP is low
00:07 +1225 -9: D:/mg-games/repos/mg-common-game/test/core/ui/widgets/mg_card_test.dart: MGGameCard renders title and thumbnail
00:07 +1226 -9: D:/mg-games/repos/mg-common-game/test/core/ui/widgets/mg_card_test.dart: MGGameCard renders title and thumbnail
00:07 +1227 -9: D:/mg-games/repos/mg-common-game/test/core/ui/widgets/mg_card_test.dart: MGGameCard renders title and thumbnail
00:07 +1228 -9: D:/mg-games/repos/mg-common-game/test/core/ui/widgets/mg_loading_test.dart: MGSkeleton applies custom dimensions
00:07 +1229 -9: D:/mg-games/repos/mg-common-game/test/core/ui/widgets/mg_progress_test.dart: MGExpBar renders EXP bar with level
00:07 +1230 -9: D:/mg-games/repos/mg-common-game/test/core/ui/widgets/mg_card_test.dart: MGGameCard renders category when provided
00:07 +1231 -9: D:/mg-games/repos/mg-common-game/test/core/ui/widgets/mg_loading_test.dart: MGSkeletonCard renders skeleton card
00:07 +1232 -9: D:/mg-games/repos/mg-common-game/test/core/ui/widgets/mg_progress_test.dart: MGExpBar shows level when showLevel is true
00:07 +1233 -9: D:/mg-games/repos/mg-common-game/test/core/ui/widgets/mg_progress_test.dart: MGExpBar shows level when showLevel is true
00:07 +1234 -9: D:/mg-games/repos/mg-common-game/test/core/ui/widgets/mg_loading_test.dart: MGSkeletonCard shows image skeleton when hasImage is true
00:07 +1235 -9: D:/mg-games/repos/mg-common-game/test/core/ui/widgets/mg_card_test.dart: MGGameCard renders category and rating together
00:07 +1236 -9: D:/mg-games/repos/mg-common-game/test/core/ui/widgets/mg_progress_test.dart: MGExpBar hides level when showLevel is false
00:07 +1237 -9: D:/mg-games/repos/mg-common-game/test/core/ui/widgets/mg_loading_test.dart: MGSkeletonListItem renders skeleton list item
00:07 +1238 -9: D:/mg-games/repos/mg-common-game/test/core/ui/widgets/mg_card_test.dart: MGGameCard calls onTap when tapped
00:07 +1239 -9: D:/mg-games/repos/mg-common-game/test/core/ui/widgets/mg_progress_test.dart: MGCircularProgress renders circular progress
00:07 +1240 -9: D:/mg-games/repos/mg-common-game/test/core/ui/widgets/mg_loading_test.dart: MGSkeletonListItem shows leading skeleton when hasLeading is true
00:07 +1241 -9: D:/mg-games/repos/mg-common-game/test/core/ui/widgets/mg_card_test.dart: MGGameCard applies custom width
00:07 +1242 -9: D:/mg-games/repos/mg-common-game/test/core/ui/widgets/mg_progress_test.dart: MGCircularProgress shows percent when showPercent is true
00:07 +1243 -9: D:/mg-games/repos/mg-common-game/test/core/ui/widgets/mg_loading_test.dart: MGDotsLoading renders dots loading animation
00:07 +1244 -9: D:/mg-games/repos/mg-common-game/test/core/ui/widgets/mg_card_test.dart: MGGameCard renders without category and rating
00:07 +1245 -9: D:/mg-games/repos/mg-common-game/test/core/ui/widgets/mg_progress_test.dart: MGCircularProgress shows center widget when provided
00:07 +1246 -9: D:/mg-games/repos/mg-common-game/test/core/ui/widgets/mg_loading_test.dart: MGDotsLoading renders correct number of dots
00:07 +1247 -9: D:/mg-games/repos/mg-common-game/test/core/ui/widgets/mg_card_test.dart: MGCard additional tests interactive card constructor works
test/esports/tournament_manager_test.dart:183:24: Error: Cannot invoke a non-'const' constructor where a const expression is expected.
Try using a constructor or factory that is 'const'.
        scheduledTime: DateTime(2024),
                       ^^^^^^^^
00:07 +1248 -9: D:/mg-games/repos/mg-common-game/test/core/ui/widgets/mg_progress_test.dart: MGTimerProgress renders timer progress
00:07 +1249 -9: D:/mg-games/repos/mg-common-game/test/core/ui/widgets/mg_card_test.dart: MGCard additional tests interactive card with onLongPress
00:07 +1250 -9: D:/mg-games/repos/mg-common-game/test/core/ui/widgets/mg_card_test.dart: MGCard additional tests interactive card with onLongPress
00:07 +1251 -9: D:/mg-games/repos/mg-common-game/test/core/ui/widgets/mg_progress_test.dart: MGResourceBar renders resource bar with icon and value
00:07 +1252 -9: D:/mg-games/repos/mg-common-game/test/core/ui/widgets/mg_card_test.dart: MGCard additional tests card with onLongPress only
00:07 +1253 -9: D:/mg-games/repos/mg-common-game/test/core/ui/widgets/mg_progress_test.dart: MGResourceBar calls onTap when tapped
00:07 +1253 -10: loading D:/mg-games/repos/mg-common-game/test/esports/tournament_manager_test.dart [E]
  Failed to load "D:/mg-games/repos/mg-common-game/test/esports/tournament_manager_test.dart":
  Compilation failed for testPath=D:/mg-games/repos/mg-common-game/test/esports/tournament_manager_test.dart: test/esports/tournament_manager_test.dart:183:24: Error: Cannot invoke a non-'const' constructor where a const expression is expected.
  Try using a constructor or factory that is 'const'.
          scheduledTime: DateTime(2024),
                         ^^^^^^^^
  .
00:07 +1254 -10: D:/mg-games/repos/mg-common-game/test/core/ui/widgets/mg_progress_test.dart: MGResourceBar calls onTap when tapped
00:07 +1255 -10: D:/mg-games/repos/mg-common-game/test/core/ui/widgets/mg_progress_test.dart: MGResourceBar calls onTap when tapped
00:07 +1256 -10: D:/mg-games/repos/mg-common-game/test/core/ui/widgets/mg_card_test.dart: MGCard additional tests applies borderColor and borderWidth
00:07 +1257 -10: D:/mg-games/repos/mg-common-game/test/core/ui/widgets/mg_card_test.dart: MGCard additional tests applies only borderWidth (uses theme dividerColor)
00:07 +1258 -10: D:/mg-games/repos/mg-common-game/test/core/ui/widgets/mg_card_test.dart: MGCard additional tests applies custom borderRadius
00:07 +1259 -10: D:/mg-games/repos/mg-common-game/test/core/ui/widgets/mg_card_test.dart: MGCard additional tests applies custom elevation
00:07 +1260 -10: D:/mg-games/repos/mg-common-game/test/core/ui/widgets/mg_card_test.dart: MGCard additional tests zero elevation has no shadow
00:07 +1261 -10: D:/mg-games/repos/mg-common-game/test/core/ui/widgets/mg_card_test.dart: MGCard additional tests has semantics with label
00:07 +1262 -10: D:/mg-games/repos/mg-common-game/test/core/ui/widgets/mg_card_test.dart: MGCard additional tests semantics with onTap has button behavior
00:07 +1263 -10: D:/mg-games/repos/mg-common-game/test/core/ui/widgets/mg_card_test.dart: MGCard additional tests semantics without onTap has no InkWell
00:07 +1264 -10: D:/mg-games/repos/mg-common-game/test/core/ui/widgets/mg_card_test.dart: MGCard additional tests disabled card has reduced opacity
00:07 +1265 -10: D:/mg-games/repos/mg-common-game/test/core/ui/widgets/mg_card_test.dart: MGCard additional tests enabled card has full opacity
00:07 +1266 -10: D:/mg-games/repos/mg-common-game/test/core/ui/widgets/mg_card_test.dart: MGCard additional tests outlined card has zero elevation
00:07 +1267 -10: D:/mg-games/repos/mg-common-game/test/core/ui/widgets/mg_card_test.dart: MGCard additional tests transparent card has transparent background
00:07 +1268 -10: D:/mg-games/repos/mg-common-game/test/core/ui/widgets/mg_card_test.dart: MGCard additional tests uses theme card color when no backgroundColor
00:07 +1269 -10: D:/mg-games/repos/mg-common-game/test/core/ui/widgets/mg_card_test.dart: MGItemCard additional tests renders leading widget instead of icon
00:07 +1270 -10: D:/mg-games/repos/mg-common-game/test/core/ui/widgets/mg_card_test.dart: MGItemCard additional tests leading takes precedence over icon
00:07 +1271 -10: D:/mg-games/repos/mg-common-game/test/core/ui/widgets/mg_card_test.dart: MGItemCard additional tests applies custom icon color
00:07 +1272 -10: D:/mg-games/repos/mg-common-game/test/core/ui/widgets/mg_card_test.dart: MGItemCard additional tests applies custom background color
00:07 +1273 -10: D:/mg-games/repos/mg-common-game/test/core/ui/widgets/mg_card_test.dart: MGItemCard additional tests calls onTap when tapped
00:07 +1274 -10: D:/mg-games/repos/mg-common-game/test/core/ui/widgets/mg_card_test.dart: MGItemCard additional tests disabled card does not respond to tap
00:08 +1275 -10: D:/mg-games/repos/mg-common-game/test/core/ui/widgets/mg_card_test.dart: MGItemCard additional tests renders without icon or leading
00:08 +1276 -10: D:/mg-games/repos/mg-common-game/test/features/battle/logic/battle_unit_test.dart: BattleUnit & Buffs Initialization sets correct stats
00:08 +1277 -10: D:/mg-games/repos/mg-common-game/test/features/battle/logic/battle_unit_test.dart: BattleUnit & Buffs Buff modifies stats
00:08 +1278 -10: D:/mg-games/repos/mg-common-game/test/features/battle/logic/battle_unit_test.dart: BattleUnit & Buffs Buff expiration removes modifiers
00:08 +1279 -10: D:/mg-games/repos/mg-common-game/test/features/battle/logic/battle_unit_test.dart: BattleUnit & Buffs Damage calculation logic
00:09 +1280 -10: D:/mg-games/repos/mg-common-game/test/features/battle/logic/skill/skill_engine_test.dart: SkillEngine Skill damage effect works
00:09 +1281 -10: D:/mg-games/repos/mg-common-game/test/features/battle/logic/skill/skill_engine_test.dart: SkillEngine Skill heal effect works
00:09 +1282 -10: D:/mg-games/repos/mg-common-game/test/features/battle/logic/skill/skill_engine_test.dart: SkillEngine Skill cooldown management
00:09 +1283 -10: D:/mg-games/repos/mg-common-game/test/features/crafting/logic/crafting_manager_test.dart: CraftingManager canCraft checks inventory correctly
00:09 +1284 -10: D:/mg-games/repos/mg-common-game/test/features/crafting/logic/crafting_manager_test.dart: CraftingManager startCraft consumes items and creates job
00:09 +1285 -10: D:/mg-games/repos/mg-common-game/test/features/crafting/logic/crafting_manager_test.dart: CraftingManager claim rewards item only when finished
00:09 +1286 -10: D:/mg-games/repos/mg-common-game/test/features/deck/logic/deck_manager_test.dart: DeckManager Draw moves cards from DrawPile to Hand
00:09 +1287 -10: D:/mg-games/repos/mg-common-game/test/features/deck/logic/deck_manager_test.dart: DeckManager Reshfuffles discard pile when draw pile is empty
00:09 +1288 -10: D:/mg-games/repos/mg-common-game/test/features/deck/logic/deck_manager_test.dart: DeckManager DiscardHand moves all hand to discard
00:09 +1289 -10: D:/mg-games/repos/mg-common-game/test/features/idle/logic/offline_calculator_test.dart: OfflineCalculator calculateRewards returns 0 if duration is small
00:09 +1290 -10: D:/mg-games/repos/mg-common-game/test/features/idle/logic/offline_calculator_test.dart: OfflineCalculator calculateRewards returns correct amount for 1 hour
00:09 +1291 -10: D:/mg-games/repos/mg-common-game/test/features/idle/logic/offline_calculator_test.dart: OfflineCalculator calculateRewards handles inverted time gracefully (returns 0)
00:10 +1292 -10: D:/mg-games/repos/mg-common-game/test/features/puzzle/logic/grid_manager_test.dart: GridManager Initializes correctly
00:10 +1293 -10: D:/mg-games/repos/mg-common-game/test/features/puzzle/logic/grid_manager_test.dart: GridManager Swap works correctly
00:10 +1294 -10: D:/mg-games/repos/mg-common-game/test/features/puzzle/logic/grid_manager_test.dart: GridManager Swap ignores non-adjacent cells (optional verification)
00:10 +1295 -10: D:/mg-games/repos/mg-common-game/test/features/puzzle/logic/grid_manager_test.dart: GridManager Bounds Checking
test/golden/battle_competitive_golden_test.dart:3:8: Error: Error when reading 'lib/competitive/matchmaking_manager.dart': 지정된 파일을 찾을 수 없습니다.

import 'package:mg_common_game/competitive/matchmaking_manager.dart';
       ^
test/golden/battle_competitive_golden_test.dart:6:8: Error: Error when reading 'lib/player/currency_manager.dart': 지정된 파일을 찾을 수 없습니다.

import 'package:mg_common_game/player/currency_manager.dart';
       ^
test/golden/battle_competitive_golden_test.dart:11:10: Error: 'MatchmakingManager' isn't a type.
    late MatchmakingManager matchmakingManager;
         ^^^^^^^^^^^^^^^^^^
test/golden/battle_competitive_golden_test.dart:14:10: Error: 'CurrencyManager' isn't a type.
    late CurrencyManager currencyManager;
         ^^^^^^^^^^^^^^^
test/golden/battle_competitive_golden_test.dart:18:28: Error: Undefined name 'MatchmakingManager'.
      matchmakingManager = MatchmakingManager.instance;
                           ^^^^^^^^^^^^^^^^^^
test/golden/battle_competitive_golden_test.dart:21:25: Error: Undefined name 'CurrencyManager'.
      currencyManager = CurrencyManager.instance;
                        ^^^^^^^^^^^^^^^
test/golden/battle_competitive_golden_test.dart:40:22: Error: Undefined name 'ScoringType'.
        scoringType: ScoringType.points,
                     ^^^^^^^^^^^
test/golden/battle_competitive_golden_test.dart:69:33: Error: Method not found: 'notEqual'.
      expect(player1Entry.rank, notEqual(player2Entry.rank));
                                ^^^^^^^^
test/golden/battle_competitive_golden_test.dart:91:20: Error: Undefined name 'i'.
          'Player $i',
                   ^
test/golden/battle_competitive_golden_test.dart:133:42: Error: Member not found: 'event'.
        leaderboardType: LeaderboardType.event,
                                         ^^^^^
test/golden/battle_competitive_golden_test.dart:134:22: Error: Undefined name 'ScoringType'.
        scoringType: ScoringType.points,
                     ^^^^^^^^^^^
test/golden/battle_competitive_golden_test.dart:168:42: Error: Member not found: 'rank_based'.
        leaderboardType: LeaderboardType.rank_based,
                                         ^^^^^^^^^^
test/golden/battle_competitive_golden_test.dart:169:22: Error: Undefined name 'ScoringType'.
        scoringType: ScoringType.mmr,
                     ^^^^^^^^^^^
test/golden/battle_competitive_golden_test.dart:222:22: Error: Undefined name 'ScoringType'.
        scoringType: ScoringType.points,
                     ^^^^^^^^^^^
test/golden/battle_competitive_golden_test.dart:246:22: Error: Undefined name 'ScoringType'.
        scoringType: ScoringType.points,
                     ^^^^^^^^^^^
test/golden/battle_competitive_golden_test.dart:26:41: Error: No named parameter with the name 'maxSlots'.
      await inventoryManager.initialize(maxSlots: 100);
                                        ^^^^^^^^
test/golden/battle_competitive_golden_test.dart:39:9: Error: No named parameter with the name 'leaderboardType'.
        leaderboardType: LeaderboardType.seasonal,
        ^^^^^^^^^^^^^^^
test/golden/battle_competitive_golden_test.dart:45:32: Error: The method 'registerPlayer' isn't defined for the type 'LeaderboardManager'.
 - 'LeaderboardManager' is from 'package:mg_common_game/competitive/leaderboard_manager.dart' ('lib/competitive/leaderboard_manager.dart').
Try correcting the name to the name of an existing method, or defining a method named 'registerPlayer'.
      await leaderboardManager.registerPlayer(leaderboardId, player1Id, 'Player One');
                               ^^^^^^^^^^^^^^
test/golden/battle_competitive_golden_test.dart:46:32: Error: The method 'registerPlayer' isn't defined for the type 'LeaderboardManager'.
 - 'LeaderboardManager' is from 'package:mg_common_game/competitive/leaderboard_manager.dart' ('lib/competitive/leaderboard_manager.dart').
Try correcting the name to the name of an existing method, or defining a method named 'registerPlayer'.
      await leaderboardManager.registerPlayer(leaderboardId, player2Id, 'Player Two');
                               ^^^^^^^^^^^^^^
test/golden/battle_competitive_golden_test.dart:50:34: Error: The method 'updateScore' isn't defined for the type 'LeaderboardManager'.
 - 'LeaderboardManager' is from 'package:mg_common_game/competitive/leaderboard_manager.dart' ('lib/competitive/leaderboard_manager.dart').
Try correcting the name to the name of an existing method, or defining a method named 'updateScore'.
        await leaderboardManager.updateScore(
                                 ^^^^^^^^^^^
test/golden/battle_competitive_golden_test.dart:55:34: Error: The method 'updateScore' isn't defined for the type 'LeaderboardManager'.
 - 'LeaderboardManager' is from 'package:mg_common_game/competitive/leaderboard_manager.dart' ('lib/competitive/leaderboard_manager.dart').
Try correcting the name to the name of an existing method, or defining a method named 'updateScore'.
        await leaderboardManager.updateScore(
                                 ^^^^^^^^^^^
test/golden/battle_competitive_golden_test.dart:88:34: Error: The method 'registerPlayer' isn't defined for the type 'LeaderboardManager'.
 - 'LeaderboardManager' is from 'package:mg_common_game/competitive/leaderboard_manager.dart' ('lib/competitive/leaderboard_manager.dart').
Try correcting the name to the name of an existing method, or defining a method named 'registerPlayer'.
        await leaderboardManager.registerPlayer(
                                 ^^^^^^^^^^^^^^
test/golden/battle_competitive_golden_test.dart:99:36: Error: The method 'updateScore' isn't defined for the type 'LeaderboardManager'.
 - 'LeaderboardManager' is from 'package:mg_common_game/competitive/leaderboard_manager.dart' ('lib/competitive/leaderboard_manager.dart').
Try correcting the name to the name of an existing method, or defining a method named 'updateScore'.
          await leaderboardManager.updateScore(
                                   ^^^^^^^^^^^
test/golden/battle_competitive_golden_test.dart:133:9: Error: No named parameter with the name 'leaderboardType'.
        leaderboardType: LeaderboardType.event,
        ^^^^^^^^^^^^^^^
test/golden/battle_competitive_golden_test.dart:137:32: Error: The method 'registerPlayer' isn't defined for the type 'LeaderboardManager'.
 - 'LeaderboardManager' is from 'package:mg_common_game/competitive/leaderboard_manager.dart' ('lib/competitive/leaderboard_manager.dart').
Try correcting the name to the name of an existing method, or defining a method named 'registerPlayer'.
      await leaderboardManager.registerPlayer(leaderboardId, playerId, 'Streak Player');
                               ^^^^^^^^^^^^^^
test/golden/battle_competitive_golden_test.dart:141:34: Error: The method 'recordWin' isn't defined for the type 'LeaderboardManager'.
 - 'LeaderboardManager' is from 'package:mg_common_game/competitive/leaderboard_manager.dart' ('lib/competitive/leaderboard_manager.dart').
Try correcting the name to the name of an existing method, or defining a method named 'recordWin'.
        await leaderboardManager.recordWin(leaderboardId, playerId, 100);
                                 ^^^^^^^^^
test/golden/battle_competitive_golden_test.dart:168:9: Error: No named parameter with the name 'leaderboardType'.
        leaderboardType: LeaderboardType.rank_based,
        ^^^^^^^^^^^^^^^
test/golden/battle_competitive_golden_test.dart:179:34: Error: The method 'registerPlayer' isn't defined for the type 'LeaderboardManager'.
 - 'LeaderboardManager' is from 'package:mg_common_game/competitive/leaderboard_manager.dart' ('lib/competitive/leaderboard_manager.dart').
Try correcting the name to the name of an existing method, or defining a method named 'registerPlayer'.
        await leaderboardManager.registerPlayer(leaderboardId, player, player);
                                 ^^^^^^^^^^^^^^
test/golden/battle_competitive_golden_test.dart:180:34: Error: The method 'updateScore' isn't defined for the type 'LeaderboardManager'.
 - 'LeaderboardManager' is from 'package:mg_common_game/competitive/leaderboard_manager.dart' ('lib/competitive/leaderboard_manager.dart').
Try correcting the name to the name of an existing method, or defining a method named 'updateScore'.
        await leaderboardManager.updateScore(leaderboardId, player, 500);
                                 ^^^^^^^^^^^
test/golden/battle_competitive_golden_test.dart:184:34: Error: The method 'registerPlayer' isn't defined for the type 'LeaderboardManager'.
 - 'LeaderboardManager' is from 'package:mg_common_game/competitive/leaderboard_manager.dart' ('lib/competitive/leaderboard_manager.dart').
Try correcting the name to the name of an existing method, or defining a method named 'registerPlayer'.
        await leaderboardManager.registerPlayer(leaderboardId, player, player);
                                 ^^^^^^^^^^^^^^
test/golden/battle_competitive_golden_test.dart:185:34: Error: The method 'updateScore' isn't defined for the type 'LeaderboardManager'.
 - 'LeaderboardManager' is from 'package:mg_common_game/competitive/leaderboard_manager.dart' ('lib/competitive/leaderboard_manager.dart').
Try correcting the name to the name of an existing method, or defining a method named 'updateScore'.
        await leaderboardManager.updateScore(leaderboardId, player, 1500);
                                 ^^^^^^^^^^^
test/golden/battle_competitive_golden_test.dart:189:34: Error: The method 'registerPlayer' isn't defined for the type 'LeaderboardManager'.
 - 'LeaderboardManager' is from 'package:mg_common_game/competitive/leaderboard_manager.dart' ('lib/competitive/leaderboard_manager.dart').
Try correcting the name to the name of an existing method, or defining a method named 'registerPlayer'.
        await leaderboardManager.registerPlayer(leaderboardId, player, player);
                                 ^^^^^^^^^^^^^^
test/golden/battle_competitive_golden_test.dart:190:34: Error: The method 'updateScore' isn't defined for the type 'LeaderboardManager'.
 - 'LeaderboardManager' is from 'package:mg_common_game/competitive/leaderboard_manager.dart' ('lib/competitive/leaderboard_manager.dart').
Try correcting the name to the name of an existing method, or defining a method named 'updateScore'.
        await leaderboardManager.updateScore(leaderboardId, player, 3000);
                                 ^^^^^^^^^^^
test/golden/battle_competitive_golden_test.dart:221:9: Error: No named parameter with the name 'leaderboardType'.
        leaderboardType: LeaderboardType.seasonal,
        ^^^^^^^^^^^^^^^
test/golden/battle_competitive_golden_test.dart:227:32: Error: The method 'registerPlayer' isn't defined for the type 'LeaderboardManager'.
 - 'LeaderboardManager' is from 'package:mg_common_game/competitive/leaderboard_manager.dart' ('lib/competitive/leaderboard_manager.dart').
Try correcting the name to the name of an existing method, or defining a method named 'registerPlayer'.
      await leaderboardManager.registerPlayer('season1_leaderboard', playerId, 'Season Player');
                               ^^^^^^^^^^^^^^
test/golden/battle_competitive_golden_test.dart:228:32: Error: The method 'updateScore' isn't defined for the type 'LeaderboardManager'.
 - 'LeaderboardManager' is from 'package:mg_common_game/competitive/leaderboard_manager.dart' ('lib/competitive/leaderboard_manager.dart').
Try correcting the name to the name of an existing method, or defining a method named 'updateScore'.
      await leaderboardManager.updateScore('season1_leaderboard', playerId, 5000);
                               ^^^^^^^^^^^
test/golden/battle_competitive_golden_test.dart:245:9: Error: No named parameter with the name 'leaderboardType'.
        leaderboardType: LeaderboardType.seasonal,
        ^^^^^^^^^^^^^^^
test/golden/battle_competitive_golden_test.dart:251:32: Error: The method 'registerPlayer' isn't defined for the type 'LeaderboardManager'.
 - 'LeaderboardManager' is from 'package:mg_common_game/competitive/leaderboard_manager.dart' ('lib/competitive/leaderboard_manager.dart').
Try correcting the name to the name of an existing method, or defining a method named 'registerPlayer'.
      await leaderboardManager.registerPlayer('season2_leaderboard', playerId, 'Season Player');
                               ^^^^^^^^^^^^^^
00:10 +1296 -10: D:/mg-games/repos/mg-common-game/test/features/puzzle/logic/match_solver_test.dart: MatchSolver Finds simple horizontal match-3
00:10 +1297 -10: D:/mg-games/repos/mg-common-game/test/features/puzzle/logic/match_solver_test.dart: MatchSolver Finds simple vertical match-3
00:10 +1298 -10: D:/mg-games/repos/mg-common-game/test/features/puzzle/logic/match_solver_test.dart: MatchSolver Finds no matches
00:10 +1299 -10: D:/mg-games/repos/mg-common-game/test/features/puzzle/logic/match_solver_test.dart: MatchSolver Intersecting Match (L-Shape) - Should merge or identify both
00:10 +1300 -10: D:/mg-games/repos/mg-common-game/test/features/puzzle/logic/match_solver_test.dart: MatchSolver Finds match-4
00:10 +1301 -11: loading D:/mg-games/repos/mg-common-game/test/golden/battle_competitive_golden_test.dart [E]
  Failed to load "D:/mg-games/repos/mg-common-game/test/golden/battle_competitive_golden_test.dart":
  Compilation failed for testPath=D:/mg-games/repos/mg-common-game/test/golden/battle_competitive_golden_test.dart: test/golden/battle_competitive_golden_test.dart:3:8: Error: Error when reading 'lib/competitive/matchmaking_manager.dart': 지정된 파일을 찾을 수 없습니다.
  
  import 'package:mg_common_game/competitive/matchmaking_manager.dart';
         ^
  test/golden/battle_competitive_golden_test.dart:6:8: Error: Error when reading 'lib/player/currency_manager.dart': 지정된 파일을 찾을 수 없습니다.
  
  import 'package:mg_common_game/player/currency_manager.dart';
         ^
  test/golden/battle_competitive_golden_test.dart:11:10: Error: 'MatchmakingManager' isn't a type.
      late MatchmakingManager matchmakingManager;
           ^^^^^^^^^^^^^^^^^^
  test/golden/battle_competitive_golden_test.dart:14:10: Error: 'CurrencyManager' isn't a type.
      late CurrencyManager currencyManager;
           ^^^^^^^^^^^^^^^
  test/golden/battle_competitive_golden_test.dart:18:28: Error: Undefined name 'MatchmakingManager'.
        matchmakingManager = MatchmakingManager.instance;
                             ^^^^^^^^^^^^^^^^^^
  test/golden/battle_competitive_golden_test.dart:21:25: Error: Undefined name 'CurrencyManager'.
        currencyManager = CurrencyManager.instance;
                          ^^^^^^^^^^^^^^^
  test/golden/battle_competitive_golden_test.dart:40:22: Error: Undefined name 'ScoringType'.
          scoringType: ScoringType.points,
                       ^^^^^^^^^^^
  test/golden/battle_competitive_golden_test.dart:69:33: Error: Method not found: 'notEqual'.
        expect(player1Entry.rank, notEqual(player2Entry.rank));
                                  ^^^^^^^^
  test/golden/battle_competitive_golden_test.dart:91:20: Error: Undefined name 'i'.
            'Player $i',
                     ^
  test/golden/battle_competitive_golden_test.dart:133:42: Error: Member not found: 'event'.
          leaderboardType: LeaderboardType.event,
                                           ^^^^^
  test/golden/battle_competitive_golden_test.dart:134:22: Error: Undefined name 'ScoringType'.
          scoringType: ScoringType.points,
                       ^^^^^^^^^^^
  test/golden/battle_competitive_golden_test.dart:168:42: Error: Member not found: 'rank_based'.
          leaderboardType: LeaderboardType.rank_based,
                                           ^^^^^^^^^^
  test/golden/battle_competitive_golden_test.dart:169:22: Error: Undefined name 'ScoringType'.
          scoringType: ScoringType.mmr,
                       ^^^^^^^^^^^
  test/golden/battle_competitive_golden_test.dart:222:22: Error: Undefined name 'ScoringType'.
          scoringType: ScoringType.points,
                       ^^^^^^^^^^^
  test/golden/battle_competitive_golden_test.dart:246:22: Error: Undefined name 'ScoringType'.
          scoringType: ScoringType.points,
                       ^^^^^^^^^^^
  test/golden/battle_competitive_golden_test.dart:26:41: Error: No named parameter with the name 'maxSlots'.
        await inventoryManager.initialize(maxSlots: 100);
                                          ^^^^^^^^
  test/golden/battle_competitive_golden_test.dart:39:9: Error: No named parameter with the name 'leaderboardType'.
          leaderboardType: LeaderboardType.seasonal,
          ^^^^^^^^^^^^^^^
  test/golden/battle_competitive_golden_test.dart:45:32: Error: The method 'registerPlayer' isn't defined for the type 'LeaderboardManager'.
   - 'LeaderboardManager' is from 'package:mg_common_game/competitive/leaderboard_manager.dart' ('lib/competitive/leaderboard_manager.dart').
  Try correcting the name to the name of an existing method, or defining a method named 'registerPlayer'.
        await leaderboardManager.registerPlayer(leaderboardId, player1Id, 'Player One');
                                 ^^^^^^^^^^^^^^
  test/golden/battle_competitive_golden_test.dart:46:32: Error: The method 'registerPlayer' isn't defined for the type 'LeaderboardManager'.
   - 'LeaderboardManager' is from 'package:mg_common_game/competitive/leaderboard_manager.dart' ('lib/competitive/leaderboard_manager.dart').
  Try correcting the name to the name of an existing method, or defining a method named 'registerPlayer'.
        await leaderboardManager.registerPlayer(leaderboardId, player2Id, 'Player Two');
                                 ^^^^^^^^^^^^^^
  test/golden/battle_competitive_golden_test.dart:50:34: Error: The method 'updateScore' isn't defined for the type 'LeaderboardManager'.
   - 'LeaderboardManager' is from 'package:mg_common_game/competitive/leaderboard_manager.dart' ('lib/competitive/leaderboard_manager.dart').
  Try correcting the name to the name of an existing method, or defining a method named 'updateScore'.
          await leaderboardManager.updateScore(
                                   ^^^^^^^^^^^
  test/golden/battle_competitive_golden_test.dart:55:34: Error: The method 'updateScore' isn't defined for the type 'LeaderboardManager'.
   - 'LeaderboardManager' is from 'package:mg_common_game/competitive/leaderboard_manager.dart' ('lib/competitive/leaderboard_manager.dart').
  Try correcting the name to the name of an existing method, or defining a method named 'updateScore'.
          await leaderboardManager.updateScore(
                                   ^^^^^^^^^^^
  test/golden/battle_competitive_golden_test.dart:88:34: Error: The method 'registerPlayer' isn't defined for the type 'LeaderboardManager'.
   - 'LeaderboardManager' is from 'package:mg_common_game/competitive/leaderboard_manager.dart' ('lib/competitive/leaderboard_manager.dart').
  Try correcting the name to the name of an existing method, or defining a method named 'registerPlayer'.
          await leaderboardManager.registerPlayer(
                                   ^^^^^^^^^^^^^^
  test/golden/battle_competitive_golden_test.dart:99:36: Error: The method 'updateScore' isn't defined for the type 'LeaderboardManager'.
   - 'LeaderboardManager' is from 'package:mg_common_game/competitive/leaderboard_manager.dart' ('lib/competitive/leaderboard_manager.dart').
  Try correcting the name to the name of an existing method, or defining a method named 'updateScore'.
            await leaderboardManager.updateScore(
                                     ^^^^^^^^^^^
  test/golden/battle_competitive_golden_test.dart:133:9: Error: No named parameter with the name 'leaderboardType'.
          leaderboardType: LeaderboardType.event,
          ^^^^^^^^^^^^^^^
  test/golden/battle_competitive_golden_test.dart:137:32: Error: The method 'registerPlayer' isn't defined for the type 'LeaderboardManager'.
   - 'LeaderboardManager' is from 'package:mg_common_game/competitive/leaderboard_manager.dart' ('lib/competitive/leaderboard_manager.dart').
  Try correcting the name to the name of an existing method, or defining a method named 'registerPlayer'.
        await leaderboardManager.registerPlayer(leaderboardId, playerId, 'Streak Player');
                                 ^^^^^^^^^^^^^^
  test/golden/battle_competitive_golden_test.dart:141:34: Error: The method 'recordWin' isn't defined for the type 'LeaderboardManager'.
   - 'LeaderboardManager' is from 'package:mg_common_game/competitive/leaderboard_manager.dart' ('lib/competitive/leaderboard_manager.dart').
  Try correcting the name to the name of an existing method, or defining a method named 'recordWin'.
          await leaderboardManager.recordWin(leaderboardId, playerId, 100);
                                   ^^^^^^^^^
  test/golden/battle_competitive_golden_test.dart:168:9: Error: No named parameter with the name 'leaderboardType'.
          leaderboardType: LeaderboardType.rank_based,
          ^^^^^^^^^^^^^^^
  test/golden/battle_competitive_golden_test.dart:179:34: Error: The method 'registerPlayer' isn't defined for the type 'LeaderboardManager'.
   - 'LeaderboardManager' is from 'package:mg_common_game/competitive/leaderboard_manager.dart' ('lib/competitive/leaderboard_manager.dart').
  Try correcting the name to the name of an existing method, or defining a method named 'registerPlayer'.
          await leaderboardManager.registerPlayer(leaderboardId, player, player);
                                   ^^^^^^^^^^^^^^
  test/golden/battle_competitive_golden_test.dart:180:34: Error: The method 'updateScore' isn't defined for the type 'LeaderboardManager'.
   - 'LeaderboardManager' is from 'package:mg_common_game/competitive/leaderboard_manager.dart' ('lib/competitive/leaderboard_manager.dart').
  Try correcting the name to the name of an existing method, or defining a method named 'updateScore'.
          await leaderboardManager.updateScore(leaderboardId, player, 500);
                                   ^^^^^^^^^^^
  test/golden/battle_competitive_golden_test.dart:184:34: Error: The method 'registerPlayer' isn't defined for the type 'LeaderboardManager'.
   - 'LeaderboardManager' is from 'package:mg_common_game/competitive/leaderboard_manager.dart' ('lib/competitive/leaderboard_manager.dart').
  Try correcting the name to the name of an existing method, or defining a method named 'registerPlayer'.
          await leaderboardManager.registerPlayer(leaderboardId, player, player);
                                   ^^^^^^^^^^^^^^
  test/golden/battle_competitive_golden_test.dart:185:34: Error: The method 'updateScore' isn't defined for the type 'LeaderboardManager'.
   - 'LeaderboardManager' is from 'package:mg_common_game/competitive/leaderboard_manager.dart' ('lib/competitive/leaderboard_manager.dart').
  Try correcting the name to the name of an existing method, or defining a method named 'updateScore'.
          await leaderboardManager.updateScore(leaderboardId, player, 1500);
                                   ^^^^^^^^^^^
  test/golden/battle_competitive_golden_test.dart:189:34: Error: The method 'registerPlayer' isn't defined for the type 'LeaderboardManager'.
   - 'LeaderboardManager' is from 'package:mg_common_game/competitive/leaderboard_manager.dart' ('lib/competitive/leaderboard_manager.dart').
  Try correcting the name to the name of an existing method, or defining a method named 'registerPlayer'.
          await leaderboardManager.registerPlayer(leaderboardId, player, player);
                                   ^^^^^^^^^^^^^^
  test/golden/battle_competitive_golden_test.dart:190:34: Error: The method 'updateScore' isn't defined for the type 'LeaderboardManager'.
   - 'LeaderboardManager' is from 'package:mg_common_game/competitive/leaderboard_manager.dart' ('lib/competitive/leaderboard_manager.dart').
  Try correcting the name to the name of an existing method, or defining a method named 'updateScore'.
          await leaderboardManager.updateScore(leaderboardId, player, 3000);
                                   ^^^^^^^^^^^
  test/golden/battle_competitive_golden_test.dart:221:9: Error: No named parameter with the name 'leaderboardType'.
          leaderboardType: LeaderboardType.seasonal,
          ^^^^^^^^^^^^^^^
  test/golden/battle_competitive_golden_test.dart:227:32: Error: The method 'registerPlayer' isn't defined for the type 'LeaderboardManager'.
   - 'LeaderboardManager' is from 'package:mg_common_game/competitive/leaderboard_manager.dart' ('lib/competitive/leaderboard_manager.dart').
  Try correcting the name to the name of an existing method, or defining a method named 'registerPlayer'.
        await leaderboardManager.registerPlayer('season1_leaderboard', playerId, 'Season Player');
                                 ^^^^^^^^^^^^^^
  test/golden/battle_competitive_golden_test.dart:228:32: Error: The method 'updateScore' isn't defined for the type 'LeaderboardManager'.
   - 'LeaderboardManager' is from 'package:mg_common_game/competitive/leaderboard_manager.dart' ('lib/competitive/leaderboard_manager.dart').
  Try correcting the name to the name of an existing method, or defining a method named 'updateScore'.
        await leaderboardManager.updateScore('season1_leaderboard', playerId, 5000);
                                 ^^^^^^^^^^^
  test/golden/battle_competitive_golden_test.dart:245:9: Error: No named parameter with the name 'leaderboardType'.
          leaderboardType: LeaderboardType.seasonal,
          ^^^^^^^^^^^^^^^
  test/golden/battle_competitive_golden_test.dart:251:32: Error: The method 'registerPlayer' isn't defined for the type 'LeaderboardManager'.
   - 'LeaderboardManager' is from 'package:mg_common_game/competitive/leaderboard_manager.dart' ('lib/competitive/leaderboard_manager.dart').
  Try correcting the name to the name of an existing method, or defining a method named 'registerPlayer'.
        await leaderboardManager.registerPlayer('season2_leaderboard', playerId, 'Season Player');
                                 ^^^^^^^^^^^^^^
  .
00:10 +1301 -11: D:/mg-games/repos/mg-common-game/test/gacha_manager_test.dart: GachaPool 등급별 기본 확률
00:10 +1302 -11: D:/mg-games/repos/mg-common-game/test/gacha_manager_test.dart: GachaPool 풀 활성화 여부
00:10 +1303 -11: D:/mg-games/repos/mg-common-game/test/gacha_manager_test.dart: PityConfig 소프트 천장 확률 증가
00:10 +1304 -11: D:/mg-games/repos/mg-common-game/test/gacha_manager_test.dart: GachaManager 풀 등록
00:10 +1305 -11: D:/mg-games/repos/mg-common-game/test/gacha_manager_test.dart: GachaManager 단일 뽑기
00:10 +1306 -11: D:/mg-games/repos/mg-common-game/test/gacha_manager_test.dart: GachaManager 10연차
00:10 +1307 -11: D:/mg-games/repos/mg-common-game/test/gacha_manager_test.dart: GachaManager 10연차 R 이상 보장
00:10 +1308 -11: D:/mg-games/repos/mg-common-game/test/gacha_manager_test.dart: GachaManager 천장 카운터 증가
00:10 +1309 -11: D:/mg-games/repos/mg-common-game/test/gacha_manager_test.dart: GachaManager 천장까지 남은 횟수
00:10 +1310 -11: D:/mg-games/repos/mg-common-game/test/gacha_manager_test.dart: GachaManager 통계 계산
00:10 +1311 -11: D:/mg-games/repos/mg-common-game/test/gacha_manager_test.dart: GachaManager 존재하지 않는 풀 뽑기 시 null
00:10 +1312 -11: D:/mg-games/repos/mg-common-game/test/gacha_manager_test.dart: GachaManager JSON 직렬화/역직렬화
test/golden/new_player_journey_golden_test.dart:4:8: Error: Error when reading 'lib/shop/shop_manager.dart': 지정된 경로를 찾을 수 없습니다.

import 'package:mg_common_game/shop/shop_manager.dart';
       ^
test/golden/new_player_journey_golden_test.dart:5:8: Error: Error when reading 'lib/quest/quest_manager.dart': 지정된 파일을 찾을 수 없습니다.

import 'package:mg_common_game/quest/quest_manager.dart';
       ^
test/golden/new_player_journey_golden_test.dart:7:8: Error: Error when reading 'lib/player/currency_manager.dart': 지정된 파일을 찾을 수 없습니다.

import 'package:mg_common_game/player/currency_manager.dart';
       ^
test/golden/new_player_journey_golden_test.dart:13:10: Error: 'ShopManager' isn't a type.
    late ShopManager shopManager;
         ^^^^^^^^^^^
test/golden/new_player_journey_golden_test.dart:14:10: Error: 'QuestManager' isn't a type.
    late QuestManager questManager;
         ^^^^^^^^^^^^
test/golden/new_player_journey_golden_test.dart:16:10: Error: 'CurrencyManager' isn't a type.
    late CurrencyManager currencyManager;
         ^^^^^^^^^^^^^^^
test/golden/new_player_journey_golden_test.dart:21:21: Error: Undefined name 'ShopManager'.
      shopManager = ShopManager.instance;
                    ^^^^^^^^^^^
test/golden/new_player_journey_golden_test.dart:22:22: Error: Undefined name 'QuestManager'.
      questManager = QuestManager.instance;
                     ^^^^^^^^^^^^
test/golden/new_player_journey_golden_test.dart:24:25: Error: Undefined name 'CurrencyManager'.
      currencyManager = CurrencyManager.instance;
                        ^^^^^^^^^^^^^^^
test/golden/new_player_journey_golden_test.dart:65:20: Error: Undefined name 'QuestType'.
        questType: QuestType.story,
                   ^^^^^^^^^
test/golden/new_player_journey_golden_test.dart:71:24: Error: Undefined name 'ObjectiveType'.
            questType: ObjectiveType.login,
                       ^^^^^^^^^^^^^
test/golden/new_player_journey_golden_test.dart:67:11: Error: Method not found: 'QuestObjective'.
          QuestObjective(
          ^^^^^^^^^^^^^^
test/golden/new_player_journey_golden_test.dart:75:11: Error: Method not found: 'QuestReward'.
          QuestReward(
          ^^^^^^^^^^^
test/golden/new_player_journey_golden_test.dart:80:11: Error: Method not found: 'QuestReward'.
          QuestReward(
          ^^^^^^^^^^^
test/golden/new_player_journey_golden_test.dart:115:19: Error: Undefined name 'ShopItemCategory'.
        category: ShopItemCategory.bundle,
                  ^^^^^^^^^^^^^^^^
test/golden/new_player_journey_golden_test.dart:137:39: Error: Member not found: 'gameplay'.
        category: AchievementCategory.gameplay,
                                      ^^^^^^^^
test/golden/new_player_journey_golden_test.dart:139:17: Error: Undefined name 'CriteriaType'.
          type: CriteriaType.custom,
                ^^^^^^^^^^^^
test/golden/new_player_journey_golden_test.dart:138:19: Error: Method not found: 'AchievementCriteria'.
        criteria: AchievementCriteria(
                  ^^^^^^^^^^^^^^^^^^^
test/golden/new_player_journey_golden_test.dart:144:13: Error: No named parameter with the name 'rewardId'.
            rewardId: 'achievement_xp',
            ^^^^^^^^
lib/achievement/achievement_manager.dart:101:9: Context: Found this candidate, but the arguments don't match.
  const AchievementReward({
        ^^^^^^^^^^^^^^^^^
test/golden/new_player_journey_golden_test.dart:208:22: Error: Undefined name 'QuestType'.
          questType: QuestType.story,
                     ^^^^^^^^^
test/golden/new_player_journey_golden_test.dart:214:26: Error: Undefined name 'ObjectiveType'.
              questType: ObjectiveType.task,
                         ^^^^^^^^^^^^^
test/golden/new_player_journey_golden_test.dart:210:13: Error: Method not found: 'QuestObjective'.
            QuestObjective(
            ^^^^^^^^^^^^^^
test/golden/new_player_journey_golden_test.dart:218:13: Error: Method not found: 'QuestReward'.
            QuestReward(
            ^^^^^^^^^^^
test/golden/new_player_journey_golden_test.dart:27:41: Error: No named parameter with the name 'maxSlots'.
      await inventoryManager.initialize(maxSlots: 50);
                                        ^^^^^^^^
test/golden/new_player_journey_golden_test.dart:129:25: Error: The getter 'items' isn't defined for the type 'Inventory'.
 - 'Inventory' is from 'package:mg_common_game/inventory/inventory_manager.dart' ('lib/inventory/inventory_manager.dart').
Try correcting the name to the name of an existing getter, or defining a getter or field named 'items'.
      expect(inventory!.items, isNotEmpty);
                        ^^^^^
test/golden/new_player_journey_golden_test.dart:132:32: Error: The method 'createAchievement' isn't defined for the type 'AchievementManager'.
 - 'AchievementManager' is from 'package:mg_common_game/achievement/achievement_manager.dart' ('lib/achievement/achievement_manager.dart').
Try correcting the name to the name of an existing method, or defining a method named 'createAchievement'.
      await achievementManager.createAchievement(
                               ^^^^^^^^^^^^^^^^^
test/golden/new_player_journey_golden_test.dart:152:32: Error: The method 'unlockAchievement' isn't defined for the type 'AchievementManager'.
 - 'AchievementManager' is from 'package:mg_common_game/achievement/achievement_manager.dart' ('lib/achievement/achievement_manager.dart').
Try correcting the name to the name of an existing method, or defining a method named 'unlockAchievement'.
      await achievementManager.unlockAchievement(
                               ^^^^^^^^^^^^^^^^^
test/golden/new_player_journey_golden_test.dart:157:54: Error: The method 'getAchievementProgress' isn't defined for the type 'AchievementManager'.
 - 'AchievementManager' is from 'package:mg_common_game/achievement/achievement_manager.dart' ('lib/achievement/achievement_manager.dart').
Try correcting the name to the name of an existing method, or defining a method named 'getAchievementProgress'.
      final achievementProgress = achievementManager.getAchievementProgress(
                                                     ^^^^^^^^^^^^^^^^^^^^^^
test/golden/new_player_journey_golden_test.dart:177:34: Error: The method 'recordDailyActivity' isn't defined for the type 'ProgressionManager'.
 - 'ProgressionManager' is from 'package:mg_common_game/player/progression_manager.dart' ('lib/player/progression_manager.dart').
Try correcting the name to the name of an existing method, or defining a method named 'recordDailyActivity'.
        await progressionManager.recordDailyActivity(playerId);
                                 ^^^^^^^^^^^^^^^^^^^
test/golden/new_player_journey_golden_test.dart:253:39: Error: Too many positional arguments: 0 allowed, but 2 found.
Try removing the extra positional arguments.
        await progressionManager.addXP(playerId, 500);
                                      ^
00:11 +1313 -12: loading D:/mg-games/repos/mg-common-game/test/golden/new_player_journey_golden_test.dart [E]
  Failed to load "D:/mg-games/repos/mg-common-game/test/golden/new_player_journey_golden_test.dart":
  Compilation failed for testPath=D:/mg-games/repos/mg-common-game/test/golden/new_player_journey_golden_test.dart: test/golden/new_player_journey_golden_test.dart:4:8: Error: Error when reading 'lib/shop/shop_manager.dart': 지정된 경로를 찾을 수 없습니다.
  
  import 'package:mg_common_game/shop/shop_manager.dart';
         ^
  test/golden/new_player_journey_golden_test.dart:5:8: Error: Error when reading 'lib/quest/quest_manager.dart': 지정된 파일을 찾을 수 없습니다.
  
  import 'package:mg_common_game/quest/quest_manager.dart';
         ^
  test/golden/new_player_journey_golden_test.dart:7:8: Error: Error when reading 'lib/player/currency_manager.dart': 지정된 파일을 찾을 수 없습니다.
  
  import 'package:mg_common_game/player/currency_manager.dart';
         ^
  test/golden/new_player_journey_golden_test.dart:13:10: Error: 'ShopManager' isn't a type.
      late ShopManager shopManager;
           ^^^^^^^^^^^
  test/golden/new_player_journey_golden_test.dart:14:10: Error: 'QuestManager' isn't a type.
      late QuestManager questManager;
           ^^^^^^^^^^^^
  test/golden/new_player_journey_golden_test.dart:16:10: Error: 'CurrencyManager' isn't a type.
      late CurrencyManager currencyManager;
           ^^^^^^^^^^^^^^^
  test/golden/new_player_journey_golden_test.dart:21:21: Error: Undefined name 'ShopManager'.
        shopManager = ShopManager.instance;
                      ^^^^^^^^^^^
  test/golden/new_player_journey_golden_test.dart:22:22: Error: Undefined name 'QuestManager'.
        questManager = QuestManager.instance;
                       ^^^^^^^^^^^^
  test/golden/new_player_journey_golden_test.dart:24:25: Error: Undefined name 'CurrencyManager'.
        currencyManager = CurrencyManager.instance;
                          ^^^^^^^^^^^^^^^
  test/golden/new_player_journey_golden_test.dart:65:20: Error: Undefined name 'QuestType'.
          questType: QuestType.story,
                     ^^^^^^^^^
  test/golden/new_player_journey_golden_test.dart:71:24: Error: Undefined name 'ObjectiveType'.
              questType: ObjectiveType.login,
                         ^^^^^^^^^^^^^
  test/golden/new_player_journey_golden_test.dart:67:11: Error: Method not found: 'QuestObjective'.
            QuestObjective(
            ^^^^^^^^^^^^^^
  test/golden/new_player_journey_golden_test.dart:75:11: Error: Method not found: 'QuestReward'.
            QuestReward(
            ^^^^^^^^^^^
  test/golden/new_player_journey_golden_test.dart:80:11: Error: Method not found: 'QuestReward'.
            QuestReward(
            ^^^^^^^^^^^
  test/golden/new_player_journey_golden_test.dart:115:19: Error: Undefined name 'ShopItemCategory'.
          category: ShopItemCategory.bundle,
                    ^^^^^^^^^^^^^^^^
  test/golden/new_player_journey_golden_test.dart:137:39: Error: Member not found: 'gameplay'.
          category: AchievementCategory.gameplay,
                                        ^^^^^^^^
  test/golden/new_player_journey_golden_test.dart:139:17: Error: Undefined name 'CriteriaType'.
            type: CriteriaType.custom,
                  ^^^^^^^^^^^^
  test/golden/new_player_journey_golden_test.dart:138:19: Error: Method not found: 'AchievementCriteria'.
          criteria: AchievementCriteria(
                    ^^^^^^^^^^^^^^^^^^^
  test/golden/new_player_journey_golden_test.dart:144:13: Error: No named parameter with the name 'rewardId'.
              rewardId: 'achievement_xp',
              ^^^^^^^^
  lib/achievement/achievement_manager.dart:101:9: Context: Found this candidate, but the arguments don't match.
    const AchievementReward({
          ^^^^^^^^^^^^^^^^^
  test/golden/new_player_journey_golden_test.dart:208:22: Error: Undefined name 'QuestType'.
            questType: QuestType.story,
                       ^^^^^^^^^
  test/golden/new_player_journey_golden_test.dart:214:26: Error: Undefined name 'ObjectiveType'.
                questType: ObjectiveType.task,
                           ^^^^^^^^^^^^^
  test/golden/new_player_journey_golden_test.dart:210:13: Error: Method not found: 'QuestObjective'.
              QuestObjective(
              ^^^^^^^^^^^^^^
  test/golden/new_player_journey_golden_test.dart:218:13: Error: Method not found: 'QuestReward'.
              QuestReward(
              ^^^^^^^^^^^
  test/golden/new_player_journey_golden_test.dart:27:41: Error: No named parameter with the name 'maxSlots'.
        await inventoryManager.initialize(maxSlots: 50);
                                          ^^^^^^^^
  test/golden/new_player_journey_golden_test.dart:129:25: Error: The getter 'items' isn't defined for the type 'Inventory'.
   - 'Inventory' is from 'package:mg_common_game/inventory/inventory_manager.dart' ('lib/inventory/inventory_manager.dart').
  Try correcting the name to the name of an existing getter, or defining a getter or field named 'items'.
        expect(inventory!.items, isNotEmpty);
                          ^^^^^
  test/golden/new_player_journey_golden_test.dart:132:32: Error: The method 'createAchievement' isn't defined for the type 'AchievementManager'.
   - 'AchievementManager' is from 'package:mg_common_game/achievement/achievement_manager.dart' ('lib/achievement/achievement_manager.dart').
  Try correcting the name to the name of an existing method, or defining a method named 'createAchievement'.
        await achievementManager.createAchievement(
                                 ^^^^^^^^^^^^^^^^^
  test/golden/new_player_journey_golden_test.dart:152:32: Error: The method 'unlockAchievement' isn't defined for the type 'AchievementManager'.
   - 'AchievementManager' is from 'package:mg_common_game/achievement/achievement_manager.dart' ('lib/achievement/achievement_manager.dart').
  Try correcting the name to the name of an existing method, or defining a method named 'unlockAchievement'.
        await achievementManager.unlockAchievement(
                                 ^^^^^^^^^^^^^^^^^
  test/golden/new_player_journey_golden_test.dart:157:54: Error: The method 'getAchievementProgress' isn't defined for the type 'AchievementManager'.
   - 'AchievementManager' is from 'package:mg_common_game/achievement/achievement_manager.dart' ('lib/achievement/achievement_manager.dart').
  Try correcting the name to the name of an existing method, or defining a method named 'getAchievementProgress'.
        final achievementProgress = achievementManager.getAchievementProgress(
                                                       ^^^^^^^^^^^^^^^^^^^^^^
  test/golden/new_player_journey_golden_test.dart:177:34: Error: The method 'recordDailyActivity' isn't defined for the type 'ProgressionManager'.
   - 'ProgressionManager' is from 'package:mg_common_game/player/progression_manager.dart' ('lib/player/progression_manager.dart').
  Try correcting the name to the name of an existing method, or defining a method named 'recordDailyActivity'.
          await progressionManager.recordDailyActivity(playerId);
                                   ^^^^^^^^^^^^^^^^^^^
  test/golden/new_player_journey_golden_test.dart:253:39: Error: Too many positional arguments: 0 allowed, but 2 found.
  Try removing the extra positional arguments.
          await progressionManager.addXP(playerId, 500);
                                        ^
  .
test/golden/social_economy_golden_test.dart:85:13: Error: Can't find ')' to match '('.
      expect(messages.length, greaterThanOrEqualTo(10);
            ^
test/golden/social_economy_golden_test.dart:6:8: Error: Error when reading 'lib/shop/shop_manager.dart': 지정된 경로를 찾을 수 없습니다.

import 'package:mg_common_game/shop/shop_manager.dart';
       ^
test/golden/social_economy_golden_test.dart:7:8: Error: Error when reading 'lib/player/currency_manager.dart': 지정된 파일을 찾을 수 없습니다.

import 'package:mg_common_game/player/currency_manager.dart';
       ^
test/golden/social_economy_golden_test.dart:16:10: Error: 'ShopManager' isn't a type.
    late ShopManager shopManager;
         ^^^^^^^^^^^
test/golden/social_economy_golden_test.dart:17:10: Error: 'CurrencyManager' isn't a type.
    late CurrencyManager currencyManager;
         ^^^^^^^^^^^^^^^
test/golden/social_economy_golden_test.dart:25:21: Error: Undefined name 'ShopManager'.
      shopManager = ShopManager.instance;
                    ^^^^^^^^^^^
test/golden/social_economy_golden_test.dart:26:25: Error: Undefined name 'CurrencyManager'.
      currencyManager = CurrencyManager.instance;
                        ^^^^^^^^^^^^^^^
test/golden/social_economy_golden_test.dart:60:22: Error: Undefined name 'ChannelType'.
        channelType: ChannelType.direct,
                     ^^^^^^^^^^^
test/golden/social_economy_golden_test.dart:97:25: Error: Required named parameter 'metadata' must be provided.
          MailAttachment(
                        ^
lib/communication/mail_manager.dart:29:9: Context: Found this candidate, but the arguments don't match.
  const MailAttachment({
        ^^^^^^^^^^^^^^
test/golden/social_economy_golden_test.dart:188:19: Error: Undefined name 'ShopItemCategory'.
        category: ShopItemCategory.equipment,
                  ^^^^^^^^^^^^^^^^
test/golden/social_economy_golden_test.dart:197:19: Error: Undefined name 'ShopItemCategory'.
        category: ShopItemCategory.consumable,
                  ^^^^^^^^^^^^^^^^
test/golden/social_economy_golden_test.dart:228:19: Error: Undefined name 'ShopItemCategory'.
        category: ShopItemCategory.cosmetic,
                  ^^^^^^^^^^^^^^^^
test/golden/social_economy_golden_test.dart:251:15: Error: Undefined name 'InventoryItemType'.
        type: InventoryItemType.material,
              ^^^^^^^^^^^^^^^^^
test/golden/social_economy_golden_test.dart:271:25: Error: Required named parameter 'metadata' must be provided.
          MailAttachment(
                        ^
lib/communication/mail_manager.dart:29:9: Context: Found this candidate, but the arguments don't match.
  const MailAttachment({
        ^^^^^^^^^^^^^^
test/golden/social_economy_golden_test.dart:318:29: Error: Required named parameter 'metadata' must be provided.
              MailAttachment(
                            ^
lib/communication/mail_manager.dart:29:9: Context: Found this candidate, but the arguments don't match.
  const MailAttachment({
        ^^^^^^^^^^^^^^
test/golden/social_economy_golden_test.dart:29:38: Error: No named parameter with the name 'maxFriends'.
      await friendManager.initialize(maxFriends: 100);
                                     ^^^^^^^^^^
test/golden/social_economy_golden_test.dart:32:41: Error: No named parameter with the name 'maxSlots'.
      await inventoryManager.initialize(maxSlots: 100);
                                        ^^^^^^^^
test/golden/social_economy_golden_test.dart:43:44: Error: Too many positional arguments: 0 allowed, but 2 found.
Try removing the extra positional arguments.
      await friendManager.sendFriendRequest(user1Id, user2Id);
                                           ^
test/golden/social_economy_golden_test.dart:45:36: Error: The method 'getFriendRequests' isn't defined for the type 'FriendManager'.
 - 'FriendManager' is from 'package:mg_common_game/social/friend_manager.dart' ('lib/social/friend_manager.dart').
Try correcting the name to the name of an existing method, or defining a method named 'getFriendRequests'.
      var requests = friendManager.getFriendRequests(user2Id);
                                   ^^^^^^^^^^^^^^^^^
test/golden/social_economy_golden_test.dart:49:46: Error: Too many positional arguments: 0 allowed, but 2 found.
Try removing the extra positional arguments.
      await friendManager.acceptFriendRequest(user2Id, user1Id);
                                             ^
test/golden/social_economy_golden_test.dart:60:9: Error: No named parameter with the name 'channelType'.
        channelType: ChannelType.direct,
        ^^^^^^^^^^^
test/golden/social_economy_golden_test.dart:84:47: Error: Too many positional arguments: 0 allowed, but 1 found.
Try removing the extra positional arguments.
      final messages = chatManager.getMessages('social_chat_1', limit: 20);
                                              ^
test/golden/social_economy_golden_test.dart:89:9: Error: No named parameter with the name 'mailId'.
        mailId: 'gift_mail_1',
        ^^^^^^
test/golden/social_economy_golden_test.dart:116:25: Error: The getter 'items' isn't defined for the type 'Inventory'.
 - 'Inventory' is from 'package:mg_common_game/inventory/inventory_manager.dart' ('lib/inventory/inventory_manager.dart').
Try correcting the name to the name of an existing getter, or defining a getter or field named 'items'.
      expect(inventory?.items.any((i) => i.itemId == 'gift_item'), isTrue);
                        ^^^^^
test/golden/social_economy_golden_test.dart:126:9: Error: No named parameter with the name 'guildId'.
        guildId: guildId,
        ^^^^^^^
test/golden/social_economy_golden_test.dart:139:28: Error: The method 'joinGuild' isn't defined for the type 'GuildManager'.
 - 'GuildManager' is from 'package:mg_common_game/guild/guild_manager.dart' ('lib/guild/guild_manager.dart').
Try correcting the name to the name of an existing method, or defining a method named 'joinGuild'.
        await guildManager.joinGuild(guildId, memberId);
                           ^^^^^^^^^
test/golden/social_economy_golden_test.dart:146:26: Error: The method 'sendAnnouncement' isn't defined for the type 'GuildManager'.
 - 'GuildManager' is from 'package:mg_common_game/guild/guild_manager.dart' ('lib/guild/guild_manager.dart').
Try correcting the name to the name of an existing method, or defining a method named 'sendAnnouncement'.
      await guildManager.sendAnnouncement(
                         ^^^^^^^^^^^^^^^^
test/golden/social_economy_golden_test.dart:154:28: Error: The method 'contribute' isn't defined for the type 'GuildManager'.
 - 'GuildManager' is from 'package:mg_common_game/guild/guild_manager.dart' ('lib/guild/guild_manager.dart').
Try correcting the name to the name of an existing method, or defining a method named 'contribute'.
        await guildManager.contribute(
                           ^^^^^^^^^^
test/golden/social_economy_golden_test.dart:162:26: Error: The getter 'totalContributions' isn't defined for the type 'Guild'.
 - 'Guild' is from 'package:mg_common_game/guild/guild_manager.dart' ('lib/guild/guild_manager.dart').
Try correcting the name to the name of an existing getter, or defining a getter or field named 'totalContributions'.
      expect(finalGuild?.totalContributions, greaterThanOrEqualTo(300));
                         ^^^^^^^^^^^^^^^^^^
test/golden/social_economy_golden_test.dart:208:25: Error: The getter 'items' isn't defined for the type 'Inventory'.
 - 'Inventory' is from 'package:mg_common_game/inventory/inventory_manager.dart' ('lib/inventory/inventory_manager.dart').
Try correcting the name to the name of an existing getter, or defining a getter or field named 'items'.
      expect(inventory?.items.length, greaterThan(0));
                        ^^^^^
test/golden/social_economy_golden_test.dart:211:37: Error: Too few positional arguments: 1 required, 0 given.
      await inventoryManager.useItem(
                                    ^
test/golden/social_economy_golden_test.dart:218:44: Error: The getter 'items' isn't defined for the type 'Inventory'.
 - 'Inventory' is from 'package:mg_common_game/inventory/inventory_manager.dart' ('lib/inventory/inventory_manager.dart').
Try correcting the name to the name of an existing getter, or defining a getter or field named 'items'.
      final potionItem = updatedInventory?.items.firstWhere((i) => i.itemId == 'potion');
                                           ^^^^^
test/golden/social_economy_golden_test.dart:247:9: Error: No named parameter with the name 'userId'.
        userId: player1Id,
        ^^^^^^
test/golden/social_economy_golden_test.dart:263:9: Error: No named parameter with the name 'mailId'.
        mailId: 'trade_offer_1',
        ^^^^^^
test/golden/social_economy_golden_test.dart:310:13: Error: No named parameter with the name 'mailId'.
            mailId: 'monthly_bonus',
            ^^^^^^
lib/social/friend_manager.dart:340:9: Error: This expression has type 'void' and can't be used.
    if (removed <= 0) return false;
        ^
lib/social/friend_manager.dart:340:17: Error: The operator '<=' isn't defined for the type 'void'.
Try correcting the operator to an existing operator, or defining a '<=' operator.
    if (removed <= 0) return false;
                ^^
lib/guild/guild_manager.dart:288:30: Error: Cannot invoke a non-'const' constructor where a const expression is expected.
Try using a constructor or factory that is 'const'.
          joinedAt: DateTime.now(),
                             ^^^
lib/guild/guild_manager.dart:678:30: Error: The method 'Random' isn't defined for the type 'GuildManager'.
 - 'GuildManager' is from 'package:mg_common_game/guild/guild_manager.dart' ('lib/guild/guild_manager.dart').
Try correcting the name to the name of an existing method, or defining a method named 'Random'.
    final scoreChange1 = 0 + Random().nextInt(5);
                             ^^^^^^
lib/guild/guild_manager.dart:679:30: Error: The method 'Random' isn't defined for the type 'GuildManager'.
 - 'GuildManager' is from 'package:mg_common_game/guild/guild_manager.dart' ('lib/guild/guild_manager.dart').
Try correcting the name to the name of an existing method, or defining a method named 'Random'.
    final scoreChange2 = 0 + Random().nextInt(5);
                             ^^^^^^
lib/guild/guild_manager.dart:688:26: Error: The argument type 'num' can't be assigned to the parameter type 'int'.
      score1: war.score1 + scoreChange1,
                         ^
lib/guild/guild_manager.dart:689:26: Error: The argument type 'num' can't be assigned to the parameter type 'int'.
      score2: war.score2 + scoreChange2,
                         ^
00:12 +1313 -13: loading D:/mg-games/repos/mg-common-game/test/golden/social_economy_golden_test.dart [E]
  Failed to load "D:/mg-games/repos/mg-common-game/test/golden/social_economy_golden_test.dart":
  Compilation failed for testPath=D:/mg-games/repos/mg-common-game/test/golden/social_economy_golden_test.dart: test/golden/social_economy_golden_test.dart:85:13: Error: Can't find ')' to match '('.
        expect(messages.length, greaterThanOrEqualTo(10);
              ^
  test/golden/social_economy_golden_test.dart:6:8: Error: Error when reading 'lib/shop/shop_manager.dart': 지정된 경로를 찾을 수 없습니다.
  
  import 'package:mg_common_game/shop/shop_manager.dart';
         ^
  test/golden/social_economy_golden_test.dart:7:8: Error: Error when reading 'lib/player/currency_manager.dart': 지정된 파일을 찾을 수 없습니다.
  
  import 'package:mg_common_game/player/currency_manager.dart';
         ^
  test/golden/social_economy_golden_test.dart:16:10: Error: 'ShopManager' isn't a type.
      late ShopManager shopManager;
           ^^^^^^^^^^^
  test/golden/social_economy_golden_test.dart:17:10: Error: 'CurrencyManager' isn't a type.
      late CurrencyManager currencyManager;
           ^^^^^^^^^^^^^^^
  test/golden/social_economy_golden_test.dart:25:21: Error: Undefined name 'ShopManager'.
        shopManager = ShopManager.instance;
                      ^^^^^^^^^^^
  test/golden/social_economy_golden_test.dart:26:25: Error: Undefined name 'CurrencyManager'.
        currencyManager = CurrencyManager.instance;
                          ^^^^^^^^^^^^^^^
  test/golden/social_economy_golden_test.dart:60:22: Error: Undefined name 'ChannelType'.
          channelType: ChannelType.direct,
                       ^^^^^^^^^^^
  test/golden/social_economy_golden_test.dart:97:25: Error: Required named parameter 'metadata' must be provided.
            MailAttachment(
                          ^
  lib/communication/mail_manager.dart:29:9: Context: Found this candidate, but the arguments don't match.
    const MailAttachment({
          ^^^^^^^^^^^^^^
  test/golden/social_economy_golden_test.dart:188:19: Error: Undefined name 'ShopItemCategory'.
          category: ShopItemCategory.equipment,
                    ^^^^^^^^^^^^^^^^
  test/golden/social_economy_golden_test.dart:197:19: Error: Undefined name 'ShopItemCategory'.
          category: ShopItemCategory.consumable,
                    ^^^^^^^^^^^^^^^^
  test/golden/social_economy_golden_test.dart:228:19: Error: Undefined name 'ShopItemCategory'.
          category: ShopItemCategory.cosmetic,
                    ^^^^^^^^^^^^^^^^
  test/golden/social_economy_golden_test.dart:251:15: Error: Undefined name 'InventoryItemType'.
          type: InventoryItemType.material,
                ^^^^^^^^^^^^^^^^^
  test/golden/social_economy_golden_test.dart:271:25: Error: Required named parameter 'metadata' must be provided.
            MailAttachment(
                          ^
  lib/communication/mail_manager.dart:29:9: Context: Found this candidate, but the arguments don't match.
    const MailAttachment({
          ^^^^^^^^^^^^^^
  test/golden/social_economy_golden_test.dart:318:29: Error: Required named parameter 'metadata' must be provided.
                MailAttachment(
                              ^
  lib/communication/mail_manager.dart:29:9: Context: Found this candidate, but the arguments don't match.
    const MailAttachment({
          ^^^^^^^^^^^^^^
  test/golden/social_economy_golden_test.dart:29:38: Error: No named parameter with the name 'maxFriends'.
        await friendManager.initialize(maxFriends: 100);
                                       ^^^^^^^^^^
  test/golden/social_economy_golden_test.dart:32:41: Error: No named parameter with the name 'maxSlots'.
        await inventoryManager.initialize(maxSlots: 100);
                                          ^^^^^^^^
  test/golden/social_economy_golden_test.dart:43:44: Error: Too many positional arguments: 0 allowed, but 2 found.
  Try removing the extra positional arguments.
        await friendManager.sendFriendRequest(user1Id, user2Id);
                                             ^
  test/golden/social_economy_golden_test.dart:45:36: Error: The method 'getFriendRequests' isn't defined for the type 'FriendManager'.
   - 'FriendManager' is from 'package:mg_common_game/social/friend_manager.dart' ('lib/social/friend_manager.dart').
  Try correcting the name to the name of an existing method, or defining a method named 'getFriendRequests'.
        var requests = friendManager.getFriendRequests(user2Id);
                                     ^^^^^^^^^^^^^^^^^
  test/golden/social_economy_golden_test.dart:49:46: Error: Too many positional arguments: 0 allowed, but 2 found.
  Try removing the extra positional arguments.
        await friendManager.acceptFriendRequest(user2Id, user1Id);
                                               ^
  test/golden/social_economy_golden_test.dart:60:9: Error: No named parameter with the name 'channelType'.
          channelType: ChannelType.direct,
          ^^^^^^^^^^^
  test/golden/social_economy_golden_test.dart:84:47: Error: Too many positional arguments: 0 allowed, but 1 found.
  Try removing the extra positional arguments.
        final messages = chatManager.getMessages('social_chat_1', limit: 20);
                                                ^
  test/golden/social_economy_golden_test.dart:89:9: Error: No named parameter with the name 'mailId'.
          mailId: 'gift_mail_1',
          ^^^^^^
  test/golden/social_economy_golden_test.dart:116:25: Error: The getter 'items' isn't defined for the type 'Inventory'.
   - 'Inventory' is from 'package:mg_common_game/inventory/inventory_manager.dart' ('lib/inventory/inventory_manager.dart').
  Try correcting the name to the name of an existing getter, or defining a getter or field named 'items'.
        expect(inventory?.items.any((i) => i.itemId == 'gift_item'), isTrue);
                          ^^^^^
  test/golden/social_economy_golden_test.dart:126:9: Error: No named parameter with the name 'guildId'.
          guildId: guildId,
          ^^^^^^^
  test/golden/social_economy_golden_test.dart:139:28: Error: The method 'joinGuild' isn't defined for the type 'GuildManager'.
   - 'GuildManager' is from 'package:mg_common_game/guild/guild_manager.dart' ('lib/guild/guild_manager.dart').
  Try correcting the name to the name of an existing method, or defining a method named 'joinGuild'.
          await guildManager.joinGuild(guildId, memberId);
                             ^^^^^^^^^
  test/golden/social_economy_golden_test.dart:146:26: Error: The method 'sendAnnouncement' isn't defined for the type 'GuildManager'.
   - 'GuildManager' is from 'package:mg_common_game/guild/guild_manager.dart' ('lib/guild/guild_manager.dart').
  Try correcting the name to the name of an existing method, or defining a method named 'sendAnnouncement'.
        await guildManager.sendAnnouncement(
                           ^^^^^^^^^^^^^^^^
  test/golden/social_economy_golden_test.dart:154:28: Error: The method 'contribute' isn't defined for the type 'GuildManager'.
   - 'GuildManager' is from 'package:mg_common_game/guild/guild_manager.dart' ('lib/guild/guild_manager.dart').
  Try correcting the name to the name of an existing method, or defining a method named 'contribute'.
          await guildManager.contribute(
                             ^^^^^^^^^^
  test/golden/social_economy_golden_test.dart:162:26: Error: The getter 'totalContributions' isn't defined for the type 'Guild'.
   - 'Guild' is from 'package:mg_common_game/guild/guild_manager.dart' ('lib/guild/guild_manager.dart').
  Try correcting the name to the name of an existing getter, or defining a getter or field named 'totalContributions'.
        expect(finalGuild?.totalContributions, greaterThanOrEqualTo(300));
                           ^^^^^^^^^^^^^^^^^^
  test/golden/social_economy_golden_test.dart:208:25: Error: The getter 'items' isn't defined for the type 'Inventory'.
   - 'Inventory' is from 'package:mg_common_game/inventory/inventory_manager.dart' ('lib/inventory/inventory_manager.dart').
  Try correcting the name to the name of an existing getter, or defining a getter or field named 'items'.
        expect(inventory?.items.length, greaterThan(0));
                          ^^^^^
  test/golden/social_economy_golden_test.dart:211:37: Error: Too few positional arguments: 1 required, 0 given.
        await inventoryManager.useItem(
                                      ^
  test/golden/social_economy_golden_test.dart:218:44: Error: The getter 'items' isn't defined for the type 'Inventory'.
   - 'Inventory' is from 'package:mg_common_game/inventory/inventory_manager.dart' ('lib/inventory/inventory_manager.dart').
  Try correcting the name to the name of an existing getter, or defining a getter or field named 'items'.
        final potionItem = updatedInventory?.items.firstWhere((i) => i.itemId == 'potion');
                                             ^^^^^
  test/golden/social_economy_golden_test.dart:247:9: Error: No named parameter with the name 'userId'.
          userId: player1Id,
          ^^^^^^
  test/golden/social_economy_golden_test.dart:263:9: Error: No named parameter with the name 'mailId'.
          mailId: 'trade_offer_1',
          ^^^^^^
  test/golden/social_economy_golden_test.dart:310:13: Error: No named parameter with the name 'mailId'.
              mailId: 'monthly_bonus',
              ^^^^^^
  lib/social/friend_manager.dart:340:9: Error: This expression has type 'void' and can't be used.
      if (removed <= 0) return false;
          ^
  lib/social/friend_manager.dart:340:17: Error: The operator '<=' isn't defined for the type 'void'.
  Try correcting the operator to an existing operator, or defining a '<=' operator.
      if (removed <= 0) return false;
                  ^^
  lib/guild/guild_manager.dart:288:30: Error: Cannot invoke a non-'const' constructor where a const expression is expected.
  Try using a constructor or factory that is 'const'.
            joinedAt: DateTime.now(),
                               ^^^
  lib/guild/guild_manager.dart:678:30: Error: The method 'Random' isn't defined for the type 'GuildManager'.
   - 'GuildManager' is from 'package:mg_common_game/guild/guild_manager.dart' ('lib/guild/guild_manager.dart').
  Try correcting the name to the name of an existing method, or defining a method named 'Random'.
      final scoreChange1 = 0 + Random().nextInt(5);
                               ^^^^^^
  lib/guild/guild_manager.dart:679:30: Error: The method 'Random' isn't defined for the type 'GuildManager'.
   - 'GuildManager' is from 'package:mg_common_game/guild/guild_manager.dart' ('lib/guild/guild_manager.dart').
  Try correcting the name to the name of an existing method, or defining a method named 'Random'.
      final scoreChange2 = 0 + Random().nextInt(5);
                               ^^^^^^
  lib/guild/guild_manager.dart:688:26: Error: The argument type 'num' can't be assigned to the parameter type 'int'.
        score1: war.score1 + scoreChange1,
                           ^
  lib/guild/guild_manager.dart:689:26: Error: The argument type 'num' can't be assigned to the parameter type 'int'.
        score2: war.score2 + scoreChange2,
                           ^
  .
test/integration/competitive_integration_test.dart:3:8: Error: Error when reading 'lib/competitive/matchmaking_manager.dart': 지정된 파일을 찾을 수 없습니다.

import 'package:mg_common_game/competitive/matchmaking_manager.dart';
       ^
test/integration/competitive_integration_test.dart:9:10: Error: 'MatchmakingManager' isn't a type.
    late MatchmakingManager matchmakingManager;
         ^^^^^^^^^^^^^^^^^^
test/integration/competitive_integration_test.dart:14:28: Error: Undefined name 'MatchmakingManager'.
      matchmakingManager = MatchmakingManager.instance;
                           ^^^^^^^^^^^^^^^^^^
test/integration/competitive_integration_test.dart:29:22: Error: Undefined name 'ScoringType'.
        scoringType: ScoringType.points,
                     ^^^^^^^^^^^
test/integration/competitive_integration_test.dart:50:22: Error: Undefined name 'ScoringType'.
        scoringType: ScoringType.points,
                     ^^^^^^^^^^^
test/integration/competitive_integration_test.dart:76:22: Error: Undefined name 'ScoringType'.
        scoringType: ScoringType.points,
                     ^^^^^^^^^^^
test/integration/competitive_integration_test.dart:104:22: Error: Undefined name 'ScoringType'.
        scoringType: ScoringType.points,
                     ^^^^^^^^^^^
test/integration/competitive_integration_test.dart:124:22: Error: Undefined name 'ScoringType'.
        scoringType: ScoringType.points,
                     ^^^^^^^^^^^
test/integration/competitive_integration_test.dart:164:22: Error: Undefined name 'ScoringType'.
        scoringType: ScoringType.points,
                     ^^^^^^^^^^^
test/integration/competitive_integration_test.dart:189:42: Error: Member not found: 'level_based'.
        leaderboardType: LeaderboardType.level_based,
                                         ^^^^^^^^^^^
test/integration/competitive_integration_test.dart:190:22: Error: Undefined name 'ScoringType'.
        scoringType: ScoringType.points,
                     ^^^^^^^^^^^
test/integration/competitive_integration_test.dart:28:9: Error: No named parameter with the name 'leaderboardType'.
        leaderboardType: LeaderboardType.global,
        ^^^^^^^^^^^^^^^
test/integration/competitive_integration_test.dart:32:32: Error: The method 'registerPlayer' isn't defined for the type 'LeaderboardManager'.
 - 'LeaderboardManager' is from 'package:mg_common_game/competitive/leaderboard_manager.dart' ('lib/competitive/leaderboard_manager.dart').
Try correcting the name to the name of an existing method, or defining a method named 'registerPlayer'.
      await leaderboardManager.registerPlayer(
                               ^^^^^^^^^^^^^^
test/integration/competitive_integration_test.dart:40:27: Error: The getter 'playerCount' isn't defined for the type 'Leaderboard'.
 - 'Leaderboard' is from 'package:mg_common_game/competitive/leaderboard_manager.dart' ('lib/competitive/leaderboard_manager.dart').
Try correcting the name to the name of an existing getter, or defining a getter or field named 'playerCount'.
      expect(leaderboard?.playerCount, greaterThan(0));
                          ^^^^^^^^^^^
test/integration/competitive_integration_test.dart:49:9: Error: No named parameter with the name 'leaderboardType'.
        leaderboardType: LeaderboardType.global,
        ^^^^^^^^^^^^^^^
test/integration/competitive_integration_test.dart:53:32: Error: The method 'registerPlayer' isn't defined for the type 'LeaderboardManager'.
 - 'LeaderboardManager' is from 'package:mg_common_game/competitive/leaderboard_manager.dart' ('lib/competitive/leaderboard_manager.dart').
Try correcting the name to the name of an existing method, or defining a method named 'registerPlayer'.
      await leaderboardManager.registerPlayer(leaderboardId, 'p1', 'Player 1');
                               ^^^^^^^^^^^^^^
test/integration/competitive_integration_test.dart:54:32: Error: The method 'registerPlayer' isn't defined for the type 'LeaderboardManager'.
 - 'LeaderboardManager' is from 'package:mg_common_game/competitive/leaderboard_manager.dart' ('lib/competitive/leaderboard_manager.dart').
Try correcting the name to the name of an existing method, or defining a method named 'registerPlayer'.
      await leaderboardManager.registerPlayer(leaderboardId, 'p2', 'Player 2');
                               ^^^^^^^^^^^^^^
test/integration/competitive_integration_test.dart:56:32: Error: The method 'updateScore' isn't defined for the type 'LeaderboardManager'.
 - 'LeaderboardManager' is from 'package:mg_common_game/competitive/leaderboard_manager.dart' ('lib/competitive/leaderboard_manager.dart').
Try correcting the name to the name of an existing method, or defining a method named 'updateScore'.
      await leaderboardManager.updateScore(
                               ^^^^^^^^^^^
test/integration/competitive_integration_test.dart:75:9: Error: No named parameter with the name 'leaderboardType'.
        leaderboardType: LeaderboardType.global,
        ^^^^^^^^^^^^^^^
test/integration/competitive_integration_test.dart:82:34: Error: The method 'registerPlayer' isn't defined for the type 'LeaderboardManager'.
 - 'LeaderboardManager' is from 'package:mg_common_game/competitive/leaderboard_manager.dart' ('lib/competitive/leaderboard_manager.dart').
Try correcting the name to the name of an existing method, or defining a method named 'registerPlayer'.
        await leaderboardManager.registerPlayer(leaderboardId, userId, 'Player $i');
                                 ^^^^^^^^^^^^^^
test/integration/competitive_integration_test.dart:83:34: Error: The method 'updateScore' isn't defined for the type 'LeaderboardManager'.
 - 'LeaderboardManager' is from 'package:mg_common_game/competitive/leaderboard_manager.dart' ('lib/competitive/leaderboard_manager.dart').
Try correcting the name to the name of an existing method, or defining a method named 'updateScore'.
        await leaderboardManager.updateScore(leaderboardId, userId, i * 100);
                                 ^^^^^^^^^^^
test/integration/competitive_integration_test.dart:103:9: Error: No named parameter with the name 'leaderboardType'.
        leaderboardType: LeaderboardType.global,
        ^^^^^^^^^^^^^^^
test/integration/competitive_integration_test.dart:107:32: Error: The method 'registerPlayer' isn't defined for the type 'LeaderboardManager'.
 - 'LeaderboardManager' is from 'package:mg_common_game/competitive/leaderboard_manager.dart' ('lib/competitive/leaderboard_manager.dart').
Try correcting the name to the name of an existing method, or defining a method named 'registerPlayer'.
      await leaderboardManager.registerPlayer(leaderboardId, 'streak_player', 'Streak Player');
                               ^^^^^^^^^^^^^^
test/integration/competitive_integration_test.dart:109:32: Error: The method 'recordWin' isn't defined for the type 'LeaderboardManager'.
 - 'LeaderboardManager' is from 'package:mg_common_game/competitive/leaderboard_manager.dart' ('lib/competitive/leaderboard_manager.dart').
Try correcting the name to the name of an existing method, or defining a method named 'recordWin'.
      await leaderboardManager.recordWin(leaderboardId, 'streak_player', 100);
                               ^^^^^^^^^
test/integration/competitive_integration_test.dart:123:9: Error: No named parameter with the name 'leaderboardType'.
        leaderboardType: LeaderboardType.global,
        ^^^^^^^^^^^^^^^
test/integration/competitive_integration_test.dart:127:32: Error: The method 'registerPlayer' isn't defined for the type 'LeaderboardManager'.
 - 'LeaderboardManager' is from 'package:mg_common_game/competitive/leaderboard_manager.dart' ('lib/competitive/leaderboard_manager.dart').
Try correcting the name to the name of an existing method, or defining a method named 'registerPlayer'.
      await leaderboardManager.registerPlayer(leaderboardId, 'loss_player', 'Loss Player');
                               ^^^^^^^^^^^^^^
test/integration/competitive_integration_test.dart:130:32: Error: The method 'recordWin' isn't defined for the type 'LeaderboardManager'.
 - 'LeaderboardManager' is from 'package:mg_common_game/competitive/leaderboard_manager.dart' ('lib/competitive/leaderboard_manager.dart').
Try correcting the name to the name of an existing method, or defining a method named 'recordWin'.
      await leaderboardManager.recordWin(leaderboardId, 'loss_player', 100);
                               ^^^^^^^^^
test/integration/competitive_integration_test.dart:131:32: Error: The method 'recordWin' isn't defined for the type 'LeaderboardManager'.
 - 'LeaderboardManager' is from 'package:mg_common_game/competitive/leaderboard_manager.dart' ('lib/competitive/leaderboard_manager.dart').
Try correcting the name to the name of an existing method, or defining a method named 'recordWin'.
      await leaderboardManager.recordWin(leaderboardId, 'loss_player', 100);
                               ^^^^^^^^^
test/integration/competitive_integration_test.dart:134:32: Error: The method 'recordLoss' isn't defined for the type 'LeaderboardManager'.
 - 'LeaderboardManager' is from 'package:mg_common_game/competitive/leaderboard_manager.dart' ('lib/competitive/leaderboard_manager.dart').
Try correcting the name to the name of an existing method, or defining a method named 'recordLoss'.
      await leaderboardManager.recordLoss(leaderboardId, 'loss_player', 50);
                               ^^^^^^^^^^
test/integration/competitive_integration_test.dart:163:9: Error: No named parameter with the name 'leaderboardType'.
        leaderboardType: LeaderboardType.global,
        ^^^^^^^^^^^^^^^
test/integration/competitive_integration_test.dart:167:32: Error: The method 'registerPlayer' isn't defined for the type 'LeaderboardManager'.
 - 'LeaderboardManager' is from 'package:mg_common_game/competitive/leaderboard_manager.dart' ('lib/competitive/leaderboard_manager.dart').
Try correcting the name to the name of an existing method, or defining a method named 'registerPlayer'.
      await leaderboardManager.registerPlayer(leaderboardId, 'high_rank', 'High Rank');
                               ^^^^^^^^^^^^^^
test/integration/competitive_integration_test.dart:168:32: Error: The method 'registerPlayer' isn't defined for the type 'LeaderboardManager'.
 - 'LeaderboardManager' is from 'package:mg_common_game/competitive/leaderboard_manager.dart' ('lib/competitive/leaderboard_manager.dart').
Try correcting the name to the name of an existing method, or defining a method named 'registerPlayer'.
      await leaderboardManager.registerPlayer(leaderboardId, 'low_rank', 'Low Rank');
                               ^^^^^^^^^^^^^^
test/integration/competitive_integration_test.dart:170:32: Error: The method 'updateScore' isn't defined for the type 'LeaderboardManager'.
 - 'LeaderboardManager' is from 'package:mg_common_game/competitive/leaderboard_manager.dart' ('lib/competitive/leaderboard_manager.dart').
Try correcting the name to the name of an existing method, or defining a method named 'updateScore'.
      await leaderboardManager.updateScore(leaderboardId, 'high_rank', 1000);
                               ^^^^^^^^^^^
test/integration/competitive_integration_test.dart:171:32: Error: The method 'updateScore' isn't defined for the type 'LeaderboardManager'.
 - 'LeaderboardManager' is from 'package:mg_common_game/competitive/leaderboard_manager.dart' ('lib/competitive/leaderboard_manager.dart').
Try correcting the name to the name of an existing method, or defining a method named 'updateScore'.
      await leaderboardManager.updateScore(leaderboardId, 'low_rank', 100);
                               ^^^^^^^^^^^
test/integration/competitive_integration_test.dart:189:9: Error: No named parameter with the name 'leaderboardType'.
        leaderboardType: LeaderboardType.level_based,
        ^^^^^^^^^^^^^^^
test/integration/competitive_integration_test.dart:193:32: Error: The method 'registerPlayer' isn't defined for the type 'LeaderboardManager'.
 - 'LeaderboardManager' is from 'package:mg_common_game/competitive/leaderboard_manager.dart' ('lib/competitive/leaderboard_manager.dart').
Try correcting the name to the name of an existing method, or defining a method named 'registerPlayer'.
      await leaderboardManager.registerPlayer(leaderboardId, userId, 'Progress Player');
                               ^^^^^^^^^^^^^^
test/integration/competitive_integration_test.dart:196:37: Error: Too many positional arguments: 0 allowed, but 2 found.
Try removing the extra positional arguments.
      await progressionManager.addXP(userId, 500);
                                    ^
00:13 +1313 -13: D:/mg-games/repos/mg-common-game/test/integration/battle_effect_integration_test.dart: Battle + Effect Integration Tests Poison effect deals damage over turns
00:13 +1313 -14: loading D:/mg-games/repos/mg-common-game/test/integration/competitive_integration_test.dart [E]
  Failed to load "D:/mg-games/repos/mg-common-game/test/integration/competitive_integration_test.dart":
  Compilation failed for testPath=D:/mg-games/repos/mg-common-game/test/integration/competitive_integration_test.dart: test/integration/competitive_integration_test.dart:3:8: Error: Error when reading 'lib/competitive/matchmaking_manager.dart': 지정된 파일을 찾을 수 없습니다.
  
  import 'package:mg_common_game/competitive/matchmaking_manager.dart';
         ^
  test/integration/competitive_integration_test.dart:9:10: Error: 'MatchmakingManager' isn't a type.
      late MatchmakingManager matchmakingManager;
           ^^^^^^^^^^^^^^^^^^
  test/integration/competitive_integration_test.dart:14:28: Error: Undefined name 'MatchmakingManager'.
        matchmakingManager = MatchmakingManager.instance;
                             ^^^^^^^^^^^^^^^^^^
  test/integration/competitive_integration_test.dart:29:22: Error: Undefined name 'ScoringType'.
          scoringType: ScoringType.points,
                       ^^^^^^^^^^^
  test/integration/competitive_integration_test.dart:50:22: Error: Undefined name 'ScoringType'.
          scoringType: ScoringType.points,
                       ^^^^^^^^^^^
  test/integration/competitive_integration_test.dart:76:22: Error: Undefined name 'ScoringType'.
          scoringType: ScoringType.points,
                       ^^^^^^^^^^^
  test/integration/competitive_integration_test.dart:104:22: Error: Undefined name 'ScoringType'.
          scoringType: ScoringType.points,
                       ^^^^^^^^^^^
  test/integration/competitive_integration_test.dart:124:22: Error: Undefined name 'ScoringType'.
          scoringType: ScoringType.points,
                       ^^^^^^^^^^^
  test/integration/competitive_integration_test.dart:164:22: Error: Undefined name 'ScoringType'.
          scoringType: ScoringType.points,
                       ^^^^^^^^^^^
  test/integration/competitive_integration_test.dart:189:42: Error: Member not found: 'level_based'.
          leaderboardType: LeaderboardType.level_based,
                                           ^^^^^^^^^^^
  test/integration/competitive_integration_test.dart:190:22: Error: Undefined name 'ScoringType'.
          scoringType: ScoringType.points,
                       ^^^^^^^^^^^
  test/integration/competitive_integration_test.dart:28:9: Error: No named parameter with the name 'leaderboardType'.
          leaderboardType: LeaderboardType.global,
          ^^^^^^^^^^^^^^^
  test/integration/competitive_integration_test.dart:32:32: Error: The method 'registerPlayer' isn't defined for the type 'LeaderboardManager'.
   - 'LeaderboardManager' is from 'package:mg_common_game/competitive/leaderboard_manager.dart' ('lib/competitive/leaderboard_manager.dart').
  Try correcting the name to the name of an existing method, or defining a method named 'registerPlayer'.
        await leaderboardManager.registerPlayer(
                                 ^^^^^^^^^^^^^^
  test/integration/competitive_integration_test.dart:40:27: Error: The getter 'playerCount' isn't defined for the type 'Leaderboard'.
   - 'Leaderboard' is from 'package:mg_common_game/competitive/leaderboard_manager.dart' ('lib/competitive/leaderboard_manager.dart').
  Try correcting the name to the name of an existing getter, or defining a getter or field named 'playerCount'.
        expect(leaderboard?.playerCount, greaterThan(0));
                            ^^^^^^^^^^^
  test/integration/competitive_integration_test.dart:49:9: Error: No named parameter with the name 'leaderboardType'.
          leaderboardType: LeaderboardType.global,
          ^^^^^^^^^^^^^^^
  test/integration/competitive_integration_test.dart:53:32: Error: The method 'registerPlayer' isn't defined for the type 'LeaderboardManager'.
   - 'LeaderboardManager' is from 'package:mg_common_game/competitive/leaderboard_manager.dart' ('lib/competitive/leaderboard_manager.dart').
  Try correcting the name to the name of an existing method, or defining a method named 'registerPlayer'.
        await leaderboardManager.registerPlayer(leaderboardId, 'p1', 'Player 1');
                                 ^^^^^^^^^^^^^^
  test/integration/competitive_integration_test.dart:54:32: Error: The method 'registerPlayer' isn't defined for the type 'LeaderboardManager'.
   - 'LeaderboardManager' is from 'package:mg_common_game/competitive/leaderboard_manager.dart' ('lib/competitive/leaderboard_manager.dart').
  Try correcting the name to the name of an existing method, or defining a method named 'registerPlayer'.
        await leaderboardManager.registerPlayer(leaderboardId, 'p2', 'Player 2');
                                 ^^^^^^^^^^^^^^
  test/integration/competitive_integration_test.dart:56:32: Error: The method 'updateScore' isn't defined for the type 'LeaderboardManager'.
   - 'LeaderboardManager' is from 'package:mg_common_game/competitive/leaderboard_manager.dart' ('lib/competitive/leaderboard_manager.dart').
  Try correcting the name to the name of an existing method, or defining a method named 'updateScore'.
        await leaderboardManager.updateScore(
                                 ^^^^^^^^^^^
  test/integration/competitive_integration_test.dart:75:9: Error: No named parameter with the name 'leaderboardType'.
          leaderboardType: LeaderboardType.global,
          ^^^^^^^^^^^^^^^
  test/integration/competitive_integration_test.dart:82:34: Error: The method 'registerPlayer' isn't defined for the type 'LeaderboardManager'.
   - 'LeaderboardManager' is from 'package:mg_common_game/competitive/leaderboard_manager.dart' ('lib/competitive/leaderboard_manager.dart').
  Try correcting the name to the name of an existing method, or defining a method named 'registerPlayer'.
          await leaderboardManager.registerPlayer(leaderboardId, userId, 'Player $i');
                                   ^^^^^^^^^^^^^^
  test/integration/competitive_integration_test.dart:83:34: Error: The method 'updateScore' isn't defined for the type 'LeaderboardManager'.
   - 'LeaderboardManager' is from 'package:mg_common_game/competitive/leaderboard_manager.dart' ('lib/competitive/leaderboard_manager.dart').
  Try correcting the name to the name of an existing method, or defining a method named 'updateScore'.
          await leaderboardManager.updateScore(leaderboardId, userId, i * 100);
                                   ^^^^^^^^^^^
  test/integration/competitive_integration_test.dart:103:9: Error: No named parameter with the name 'leaderboardType'.
          leaderboardType: LeaderboardType.global,
          ^^^^^^^^^^^^^^^
  test/integration/competitive_integration_test.dart:107:32: Error: The method 'registerPlayer' isn't defined for the type 'LeaderboardManager'.
   - 'LeaderboardManager' is from 'package:mg_common_game/competitive/leaderboard_manager.dart' ('lib/competitive/leaderboard_manager.dart').
  Try correcting the name to the name of an existing method, or defining a method named 'registerPlayer'.
        await leaderboardManager.registerPlayer(leaderboardId, 'streak_player', 'Streak Player');
                                 ^^^^^^^^^^^^^^
  test/integration/competitive_integration_test.dart:109:32: Error: The method 'recordWin' isn't defined for the type 'LeaderboardManager'.
   - 'LeaderboardManager' is from 'package:mg_common_game/competitive/leaderboard_manager.dart' ('lib/competitive/leaderboard_manager.dart').
  Try correcting the name to the name of an existing method, or defining a method named 'recordWin'.
        await leaderboardManager.recordWin(leaderboardId, 'streak_player', 100);
                                 ^^^^^^^^^
  test/integration/competitive_integration_test.dart:123:9: Error: No named parameter with the name 'leaderboardType'.
          leaderboardType: LeaderboardType.global,
          ^^^^^^^^^^^^^^^
  test/integration/competitive_integration_test.dart:127:32: Error: The method 'registerPlayer' isn't defined for the type 'LeaderboardManager'.
   - 'LeaderboardManager' is from 'package:mg_common_game/competitive/leaderboard_manager.dart' ('lib/competitive/leaderboard_manager.dart').
  Try correcting the name to the name of an existing method, or defining a method named 'registerPlayer'.
        await leaderboardManager.registerPlayer(leaderboardId, 'loss_player', 'Loss Player');
                                 ^^^^^^^^^^^^^^
  test/integration/competitive_integration_test.dart:130:32: Error: The method 'recordWin' isn't defined for the type 'LeaderboardManager'.
   - 'LeaderboardManager' is from 'package:mg_common_game/competitive/leaderboard_manager.dart' ('lib/competitive/leaderboard_manager.dart').
  Try correcting the name to the name of an existing method, or defining a method named 'recordWin'.
        await leaderboardManager.recordWin(leaderboardId, 'loss_player', 100);
                                 ^^^^^^^^^
  test/integration/competitive_integration_test.dart:131:32: Error: The method 'recordWin' isn't defined for the type 'LeaderboardManager'.
   - 'LeaderboardManager' is from 'package:mg_common_game/competitive/leaderboard_manager.dart' ('lib/competitive/leaderboard_manager.dart').
  Try correcting the name to the name of an existing method, or defining a method named 'recordWin'.
        await leaderboardManager.recordWin(leaderboardId, 'loss_player', 100);
                                 ^^^^^^^^^
  test/integration/competitive_integration_test.dart:134:32: Error: The method 'recordLoss' isn't defined for the type 'LeaderboardManager'.
   - 'LeaderboardManager' is from 'package:mg_common_game/competitive/leaderboard_manager.dart' ('lib/competitive/leaderboard_manager.dart').
  Try correcting the name to the name of an existing method, or defining a method named 'recordLoss'.
        await leaderboardManager.recordLoss(leaderboardId, 'loss_player', 50);
                                 ^^^^^^^^^^
  test/integration/competitive_integration_test.dart:163:9: Error: No named parameter with the name 'leaderboardType'.
          leaderboardType: LeaderboardType.global,
          ^^^^^^^^^^^^^^^
  test/integration/competitive_integration_test.dart:167:32: Error: The method 'registerPlayer' isn't defined for the type 'LeaderboardManager'.
   - 'LeaderboardManager' is from 'package:mg_common_game/competitive/leaderboard_manager.dart' ('lib/competitive/leaderboard_manager.dart').
  Try correcting the name to the name of an existing method, or defining a method named 'registerPlayer'.
        await leaderboardManager.registerPlayer(leaderboardId, 'high_rank', 'High Rank');
                                 ^^^^^^^^^^^^^^
  test/integration/competitive_integration_test.dart:168:32: Error: The method 'registerPlayer' isn't defined for the type 'LeaderboardManager'.
   - 'LeaderboardManager' is from 'package:mg_common_game/competitive/leaderboard_manager.dart' ('lib/competitive/leaderboard_manager.dart').
  Try correcting the name to the name of an existing method, or defining a method named 'registerPlayer'.
        await leaderboardManager.registerPlayer(leaderboardId, 'low_rank', 'Low Rank');
                                 ^^^^^^^^^^^^^^
  test/integration/competitive_integration_test.dart:170:32: Error: The method 'updateScore' isn't defined for the type 'LeaderboardManager'.
   - 'LeaderboardManager' is from 'package:mg_common_game/competitive/leaderboard_manager.dart' ('lib/competitive/leaderboard_manager.dart').
  Try correcting the name to the name of an existing method, or defining a method named 'updateScore'.
        await leaderboardManager.updateScore(leaderboardId, 'high_rank', 1000);
                                 ^^^^^^^^^^^
  test/integration/competitive_integration_test.dart:171:32: Error: The method 'updateScore' isn't defined for the type 'LeaderboardManager'.
   - 'LeaderboardManager' is from 'package:mg_common_game/competitive/leaderboard_manager.dart' ('lib/competitive/leaderboard_manager.dart').
  Try correcting the name to the name of an existing method, or defining a method named 'updateScore'.
        await leaderboardManager.updateScore(leaderboardId, 'low_rank', 100);
                                 ^^^^^^^^^^^
  test/integration/competitive_integration_test.dart:189:9: Error: No named parameter with the name 'leaderboardType'.
          leaderboardType: LeaderboardType.level_based,
          ^^^^^^^^^^^^^^^
  test/integration/competitive_integration_test.dart:193:32: Error: The method 'registerPlayer' isn't defined for the type 'LeaderboardManager'.
   - 'LeaderboardManager' is from 'package:mg_common_game/competitive/leaderboard_manager.dart' ('lib/competitive/leaderboard_manager.dart').
  Try correcting the name to the name of an existing method, or defining a method named 'registerPlayer'.
        await leaderboardManager.registerPlayer(leaderboardId, userId, 'Progress Player');
                                 ^^^^^^^^^^^^^^
  test/integration/competitive_integration_test.dart:196:37: Error: Too many positional arguments: 0 allowed, but 2 found.
  Try removing the extra positional arguments.
        await progressionManager.addXP(userId, 500);
                                      ^
  .
00:13 +1314 -14: D:/mg-games/repos/mg-common-game/test/integration/battle_effect_integration_test.dart: Battle + Effect Integration Tests Vulnerable effect increases incoming damage
00:13 +1315 -14: D:/mg-games/repos/mg-common-game/test/integration/battle_effect_integration_test.dart: Battle + Effect Integration Tests Weak effect reduces outgoing damage
00:13 +1316 -14: D:/mg-games/repos/mg-common-game/test/integration/battle_effect_integration_test.dart: Battle + Effect Integration Tests Strength effect increases attack power
00:13 +1317 -14: D:/mg-games/repos/mg-common-game/test/integration/battle_effect_integration_test.dart: Battle + Effect Integration Tests Block absorbs damage completely
00:13 +1318 -14: D:/mg-games/repos/mg-common-game/test/integration/battle_effect_integration_test.dart: Battle + Effect Integration Tests Burn effect ticks each turn
00:13 +1319 -14: D:/mg-games/repos/mg-common-game/test/integration/battle_effect_integration_test.dart: Battle + Effect Integration Tests Regeneration heals each turn
00:13 +1320 -14: D:/mg-games/repos/mg-common-game/test/integration/battle_effect_integration_test.dart: Battle + Effect Integration Tests Effect duration decays over turns
00:13 +1321 -14: D:/mg-games/repos/mg-common-game/test/integration/battle_effect_integration_test.dart: Battle + Effect Integration Tests Multiple effects stack and interact
00:13 +1322 -14: D:/mg-games/repos/mg-common-game/test/integration/battle_effect_integration_test.dart: Battle + Effect Integration Tests Critical hits deal increased damage
00:13 +1323 -14: D:/mg-games/repos/mg-common-game/test/integration/battle_effect_integration_test.dart: Battle + Effect Integration Tests Complete battle with effect management
00:13 +1323 -14: D:/mg-games/repos/mg-common-game/test/integration/cloud_save_integration_test.dart: CloudSaveManager Integration Tests 데이터 저장 및 로드
[CloudSave] Initialized
00:13 +1324 -14: D:/mg-games/repos/mg-common-game/test/integration/cloud_save_integration_test.dart: CloudSaveManager Integration Tests 데이터 저장 및 로드
00:13 +1325 -14: D:/mg-games/repos/mg-common-game/test/integration/cloud_save_integration_test.dart: CloudSaveManager Integration Tests 데이터 저장 및 로드
00:13 +1326 -14: D:/mg-games/repos/mg-common-game/test/integration/cloud_save_integration_test.dart: CloudSaveManager Integration Tests 데이터 저장 및 로드
00:13 +1327 -14: D:/mg-games/repos/mg-common-game/test/integration/cloud_save_integration_test.dart: CloudSaveManager Integration Tests 데이터 저장 및 로드
00:13 +1328 -14: D:/mg-games/repos/mg-common-game/test/integration/cloud_save_integration_test.dart: CloudSaveManager Integration Tests 데이터 저장 및 로드
00:13 +1329 -14: D:/mg-games/repos/mg-common-game/test/integration/cloud_save_integration_test.dart: CloudSaveManager Integration Tests 데이터 저장 및 로드
00:13 +1330 -14: D:/mg-games/repos/mg-common-game/test/integration/cloud_save_integration_test.dart: CloudSaveManager Integration Tests 데이터 저장 및 로드
[CloudSave] Synced to cloud
[CloudSave] Saved successfully
test/integration/inventory_shop_integration_test.dart:3:8: Error: Error when reading 'lib/shop/shop_manager.dart': 지정된 경로를 찾을 수 없습니다.

import 'package:mg_common_game/shop/shop_manager.dart';
       ^
test/integration/inventory_shop_integration_test.dart:4:8: Error: Error when reading 'lib/player/currency_manager.dart': 지정된 파일을 찾을 수 없습니다.

import 'package:mg_common_game/player/currency_manager.dart';
       ^
test/integration/inventory_shop_integration_test.dart:9:10: Error: 'ShopManager' isn't a type.
    late ShopManager shopManager;
         ^^^^^^^^^^^
test/integration/inventory_shop_integration_test.dart:10:10: Error: 'CurrencyManager' isn't a type.
    late CurrencyManager currencyManager;
         ^^^^^^^^^^^^^^^
test/integration/inventory_shop_integration_test.dart:14:21: Error: Undefined name 'ShopManager'.
      shopManager = ShopManager.instance;
                    ^^^^^^^^^^^
test/integration/inventory_shop_integration_test.dart:15:25: Error: Undefined name 'CurrencyManager'.
      currencyManager = CurrencyManager.instance;
                        ^^^^^^^^^^^^^^^
test/integration/inventory_shop_integration_test.dart:39:19: Error: Undefined name 'ShopItemCategory'.
        category: ShopItemCategory.consumable,
                  ^^^^^^^^^^^^^^^^
test/integration/inventory_shop_integration_test.dart:79:19: Error: Undefined name 'ShopItemCategory'.
        category: ShopItemCategory.consumable,
                  ^^^^^^^^^^^^^^^^
test/integration/inventory_shop_integration_test.dart:108:19: Error: Undefined name 'ShopItemCategory'.
        category: ShopItemCategory.consumable,
                  ^^^^^^^^^^^^^^^^
test/integration/inventory_shop_integration_test.dart:136:15: Error: Undefined name 'InventoryItemType'.
        type: InventoryItemType consumable,
              ^^^^^^^^^^^^^^^^^
test/integration/inventory_shop_integration_test.dart:136:33: Error: Expected ',' before this.
        type: InventoryItemType consumable,
                                ^^^^^^^^^^
test/integration/inventory_shop_integration_test.dart:136:33: Error: Undefined name 'consumable'.
        type: InventoryItemType consumable,
                                ^^^^^^^^^^
test/integration/inventory_shop_integration_test.dart:145:19: Error: Undefined name 'ShopItemCategory'.
        category: ShopItemCategory.consumable,
                  ^^^^^^^^^^^^^^^^
test/integration/inventory_shop_integration_test.dart:173:11: Error: Method not found: 'BundleItem'.
          BundleItem(itemId: 'item1', quantity: 2),
          ^^^^^^^^^^
test/integration/inventory_shop_integration_test.dart:174:11: Error: Method not found: 'BundleItem'.
          BundleItem(itemId: 'item2', quantity: 3),
          ^^^^^^^^^^
test/integration/inventory_shop_integration_test.dart:17:41: Error: No named parameter with the name 'maxSlots'.
      await inventoryManager.initialize(maxSlots: 100);
                                        ^^^^^^^^
test/integration/inventory_shop_integration_test.dart:53:31: Error: The getter 'items' isn't defined for the type 'Inventory'.
 - 'Inventory' is from 'package:mg_common_game/inventory/inventory_manager.dart' ('lib/inventory/inventory_manager.dart').
Try correcting the name to the name of an existing getter, or defining a getter or field named 'items'.
      final item = inventory?.items.firstWhere(
                              ^^^^^
test/integration/inventory_shop_integration_test.dart:123:41: Error: No named parameter with the name 'maxSlots'.
      await inventoryManager.initialize(maxSlots: 1);
                                        ^^^^^^^^
test/integration/inventory_shop_integration_test.dart:131:37: Error: Too many positional arguments: 0 allowed, but 1 found.
Try removing the extra positional arguments.
      await inventoryManager.addItem(
                                    ^
00:14 +1330 -15: loading D:/mg-games/repos/mg-common-game/test/integration/inventory_shop_integration_test.dart [E]
  Failed to load "D:/mg-games/repos/mg-common-game/test/integration/inventory_shop_integration_test.dart":
  Compilation failed for testPath=D:/mg-games/repos/mg-common-game/test/integration/inventory_shop_integration_test.dart: test/integration/inventory_shop_integration_test.dart:3:8: Error: Error when reading 'lib/shop/shop_manager.dart': 지정된 경로를 찾을 수 없습니다.
  
  import 'package:mg_common_game/shop/shop_manager.dart';
         ^
  test/integration/inventory_shop_integration_test.dart:4:8: Error: Error when reading 'lib/player/currency_manager.dart': 지정된 파일을 찾을 수 없습니다.
  
  import 'package:mg_common_game/player/currency_manager.dart';
         ^
  test/integration/inventory_shop_integration_test.dart:9:10: Error: 'ShopManager' isn't a type.
      late ShopManager shopManager;
           ^^^^^^^^^^^
  test/integration/inventory_shop_integration_test.dart:10:10: Error: 'CurrencyManager' isn't a type.
      late CurrencyManager currencyManager;
           ^^^^^^^^^^^^^^^
  test/integration/inventory_shop_integration_test.dart:14:21: Error: Undefined name 'ShopManager'.
        shopManager = ShopManager.instance;
                      ^^^^^^^^^^^
  test/integration/inventory_shop_integration_test.dart:15:25: Error: Undefined name 'CurrencyManager'.
        currencyManager = CurrencyManager.instance;
                          ^^^^^^^^^^^^^^^
  test/integration/inventory_shop_integration_test.dart:39:19: Error: Undefined name 'ShopItemCategory'.
          category: ShopItemCategory.consumable,
                    ^^^^^^^^^^^^^^^^
  test/integration/inventory_shop_integration_test.dart:79:19: Error: Undefined name 'ShopItemCategory'.
          category: ShopItemCategory.consumable,
                    ^^^^^^^^^^^^^^^^
  test/integration/inventory_shop_integration_test.dart:108:19: Error: Undefined name 'ShopItemCategory'.
          category: ShopItemCategory.consumable,
                    ^^^^^^^^^^^^^^^^
  test/integration/inventory_shop_integration_test.dart:136:15: Error: Undefined name 'InventoryItemType'.
          type: InventoryItemType consumable,
                ^^^^^^^^^^^^^^^^^
  test/integration/inventory_shop_integration_test.dart:136:33: Error: Expected ',' before this.
          type: InventoryItemType consumable,
                                  ^^^^^^^^^^
  test/integration/inventory_shop_integration_test.dart:136:33: Error: Undefined name 'consumable'.
          type: InventoryItemType consumable,
                                  ^^^^^^^^^^
  test/integration/inventory_shop_integration_test.dart:145:19: Error: Undefined name 'ShopItemCategory'.
          category: ShopItemCategory.consumable,
                    ^^^^^^^^^^^^^^^^
  test/integration/inventory_shop_integration_test.dart:173:11: Error: Method not found: 'BundleItem'.
            BundleItem(itemId: 'item1', quantity: 2),
            ^^^^^^^^^^
  test/integration/inventory_shop_integration_test.dart:174:11: Error: Method not found: 'BundleItem'.
            BundleItem(itemId: 'item2', quantity: 3),
            ^^^^^^^^^^
  test/integration/inventory_shop_integration_test.dart:17:41: Error: No named parameter with the name 'maxSlots'.
        await inventoryManager.initialize(maxSlots: 100);
                                          ^^^^^^^^
  test/integration/inventory_shop_integration_test.dart:53:31: Error: The getter 'items' isn't defined for the type 'Inventory'.
   - 'Inventory' is from 'package:mg_common_game/inventory/inventory_manager.dart' ('lib/inventory/inventory_manager.dart').
  Try correcting the name to the name of an existing getter, or defining a getter or field named 'items'.
        final item = inventory?.items.firstWhere(
                                ^^^^^
  test/integration/inventory_shop_integration_test.dart:123:41: Error: No named parameter with the name 'maxSlots'.
        await inventoryManager.initialize(maxSlots: 1);
                                          ^^^^^^^^
  test/integration/inventory_shop_integration_test.dart:131:37: Error: Too many positional arguments: 0 allowed, but 1 found.
  Try removing the extra positional arguments.
        await inventoryManager.addItem(
                                      ^
  .
00:14 +1331 -15: D:/mg-games/repos/mg-common-game/test/integration/cloud_save_integration_test.dart: CloudSaveManager Integration Tests 데이터 저장 및 로드
00:14 +1332 -15: D:/mg-games/repos/mg-common-game/test/integration/cloud_save_integration_test.dart: CloudSaveManager Integration Tests 데이터 저장 및 로드
00:14 +1333 -15: D:/mg-games/repos/mg-common-game/test/integration/cloud_save_integration_test.dart: CloudSaveManager Integration Tests 데이터 저장 및 로드
00:14 +1334 -15: D:/mg-games/repos/mg-common-game/test/integration/cloud_save_integration_test.dart: CloudSaveManager Integration Tests 데이터 저장 및 로드
00:14 +1335 -15: D:/mg-games/repos/mg-common-game/test/integration/cloud_save_integration_test.dart: CloudSaveManager Integration Tests 데이터 저장 및 로드
00:14 +1336 -15: D:/mg-games/repos/mg-common-game/test/integration/cloud_save_integration_test.dart: CloudSaveManager Integration Tests 데이터 저장 및 로드
00:14 +1337 -15: D:/mg-games/repos/mg-common-game/test/integration/cloud_save_integration_test.dart: CloudSaveManager Integration Tests 데이터 저장 및 로드
00:14 +1338 -15: D:/mg-games/repos/mg-common-game/test/integration/cloud_save_integration_test.dart: CloudSaveManager Integration Tests 데이터 저장 및 로드
00:14 +1339 -15: D:/mg-games/repos/mg-common-game/test/integration/cloud_save_integration_test.dart: CloudSaveManager Integration Tests 데이터 저장 및 로드
00:14 +1340 -15: D:/mg-games/repos/mg-common-game/test/integration/cloud_save_integration_test.dart: CloudSaveManager Integration Tests 데이터 저장 및 로드
00:14 +1341 -15: D:/mg-games/repos/mg-common-game/test/integration/cloud_save_integration_test.dart: CloudSaveManager Integration Tests 데이터 저장 및 로드
00:14 +1342 -15: D:/mg-games/repos/mg-common-game/test/integration/cloud_save_integration_test.dart: CloudSaveManager Integration Tests 데이터 저장 및 로드
00:14 +1343 -15: D:/mg-games/repos/mg-common-game/test/integration/cloud_save_integration_test.dart: CloudSaveManager Integration Tests 데이터 저장 및 로드
00:14 +1344 -15: D:/mg-games/repos/mg-common-game/test/integration/cloud_save_integration_test.dart: CloudSaveManager Integration Tests 데이터 저장 및 로드
00:14 +1345 -15: D:/mg-games/repos/mg-common-game/test/integration/cloud_save_integration_test.dart: CloudSaveManager Integration Tests 데이터 저장 및 로드
00:14 +1346 -15: D:/mg-games/repos/mg-common-game/test/integration/cloud_save_integration_test.dart: CloudSaveManager Integration Tests 데이터 저장 및 로드
00:14 +1347 -15: D:/mg-games/repos/mg-common-game/test/integration/cloud_save_integration_test.dart: CloudSaveManager Integration Tests 데이터 저장 및 로드
00:14 +1348 -15: D:/mg-games/repos/mg-common-game/test/integration/cloud_save_integration_test.dart: CloudSaveManager Integration Tests 데이터 저장 및 로드
00:14 +1349 -15: D:/mg-games/repos/mg-common-game/test/integration/cloud_save_integration_test.dart: CloudSaveManager Integration Tests 데이터 저장 및 로드
00:14 +1350 -15: D:/mg-games/repos/mg-common-game/test/integration/cloud_save_integration_test.dart: CloudSaveManager Integration Tests 데이터 저장 및 로드
00:14 +1351 -15: D:/mg-games/repos/mg-common-game/test/integration/cloud_save_integration_test.dart: CloudSaveManager Integration Tests 데이터 저장 및 로드
00:14 +1352 -15: D:/mg-games/repos/mg-common-game/test/integration/cloud_save_integration_test.dart: CloudSaveManager Integration Tests 데이터 저장 및 로드
[CloudSave] Synced from cloud
[CloudSave] Loaded successfully
00:14 +1353 -15: D:/mg-games/repos/mg-common-game/test/integration/cloud_save_integration_test.dart: CloudSaveManager Integration Tests 충돌 감지 및 해결 - 최신 타임스탬프
00:14 +1353 -16: D:/mg-games/repos/mg-common-game/test/integration/cloud_save_integration_test.dart: CloudSaveManager Integration Tests 충돌 감지 및 해결 - 최신 타임스탬프 [E]
  Bad state: Cannot add new events after calling close
  dart:async                                                          _BroadcastStreamController.add
  package:mg_common_game/core/storage/cloud_save_manager.dart 348:25  CloudSaveManager._setStatus
  package:mg_common_game/core/storage/cloud_save_manager.dart 140:5   CloudSaveManager.save
  test\integration\cloud_save_integration_test.dart 51:25             main.<fn>.<fn>
  
00:14 +1353 -16: D:/mg-games/repos/mg-common-game/test/integration/cloud_save_integration_test.dart: CloudSaveManager Integration Tests 데이터 내보내기 및 가져오기
00:14 +1353 -17: D:/mg-games/repos/mg-common-game/test/integration/cloud_save_integration_test.dart: CloudSaveManager Integration Tests 데이터 내보내기 및 가져오기 [E]
  Bad state: Cannot add new events after calling close
  dart:async                                                          _BroadcastStreamController.add
  package:mg_common_game/core/storage/cloud_save_manager.dart 348:25  CloudSaveManager._setStatus
  package:mg_common_game/core/storage/cloud_save_manager.dart 165:7   CloudSaveManager.save
  
00:14 +1353 -17: D:/mg-games/repos/mg-common-game/test/integration/cloud_save_integration_test.dart: CloudSaveManager Integration Tests 자동 저장 기능
[CloudSave] Auto-save enabled
00:14 +1353 -18: D:/mg-games/repos/mg-common-game/test/integration/cloud_save_integration_test.dart: CloudSaveManager Integration Tests 자동 저장 기능 [E]
  Bad state: Cannot add new events after calling close
  dart:async                                                          _BroadcastStreamController.add
  package:mg_common_game/core/storage/cloud_save_manager.dart 348:25  CloudSaveManager._setStatus
  package:mg_common_game/core/storage/cloud_save_manager.dart 140:5   CloudSaveManager.save
  test\integration\cloud_save_integration_test.dart 83:25             main.<fn>.<fn>
  
00:14 +1353 -18: D:/mg-games/repos/mg-common-game/test/integration/cloud_save_integration_test.dart: CloudSaveManager Integration Tests 상태 변경 감지
00:14 +1353 -19: D:/mg-games/repos/mg-common-game/test/integration/cloud_save_integration_test.dart: CloudSaveManager Integration Tests 상태 변경 감지 [E]
  Bad state: Cannot add new events after calling close
  dart:async                                                          _BroadcastStreamController.add
  package:mg_common_game/core/storage/cloud_save_manager.dart 348:25  CloudSaveManager._setStatus
  package:mg_common_game/core/storage/cloud_save_manager.dart 165:7   CloudSaveManager.save
  
test/integration/network_manager_integration_test.dart:101:3: Error: Type 'StreamSubscription' not found.
  StreamSubscription<dynamic> listen(
  ^^^^^^^^^^^^^^^^^^
test/integration/network_manager_integration_test.dart:111:38: Error: Type 'StreamSubscription' not found.
class MockStreamSubscription extends StreamSubscription<dynamic> {
                                     ^^^^^^^^^^^^^^^^^^
test/integration/network_manager_integration_test.dart:137:24: Error: Type 'StreamSink' not found.
class MockSink extends StreamSink<dynamic> {
                       ^^^^^^^^^^
test/integration/network_manager_integration_test.dart:93:36: Error: The class 'WebSocketChannel' can't be extended outside of its library because it's an interface class.
class MockWebSocketChannel extends WebSocketChannel {
                                   ^
test/integration/network_manager_integration_test.dart:93:7: Error: The non-abstract class 'MockWebSocketChannel' is missing implementations for these members:
 - StreamChannel.sink
 - StreamChannel.stream
 - WebSocketChannel.closeCode
 - WebSocketChannel.closeReason
 - WebSocketChannel.protocol
 - WebSocketChannel.ready
 - WebSocketChannel.sink
Try to either
 - provide an implementation,
 - inherit an implementation from a superclass or mixin,
 - mark the class as abstract, or
 - provide a 'noSuchMethod' implementation.
class MockWebSocketChannel extends WebSocketChannel {
      ^^^^^^^^^^^^^^^^^^^^
/C:/Users/USER-5/AppData/Local/Pub/Cache/hosted/pub.dev/stream_channel-2.1.4/lib/stream_channel.dart:66:21: Context: 'StreamChannel.sink' is defined here.
  StreamSink<T> get sink;
                    ^^^^
/C:/Users/USER-5/AppData/Local/Pub/Cache/hosted/pub.dev/stream_channel-2.1.4/lib/stream_channel.dart:63:17: Context: 'StreamChannel.stream' is defined here.
  Stream<T> get stream;
                ^^^^^^
/C:/Users/USER-5/AppData/Local/Pub/Cache/hosted/pub.dev/web_socket_channel-3.0.3/lib/src/channel.dart:38:12: Context: 'WebSocketChannel.closeCode' is defined here.
  int? get closeCode;
           ^^^^^^^^^
/C:/Users/USER-5/AppData/Local/Pub/Cache/hosted/pub.dev/web_socket_channel-3.0.3/lib/src/channel.dart:45:15: Context: 'WebSocketChannel.closeReason' is defined here.
  String? get closeReason;
              ^^^^^^^^^^^
/C:/Users/USER-5/AppData/Local/Pub/Cache/hosted/pub.dev/web_socket_channel-3.0.3/lib/src/channel.dart:31:15: Context: 'WebSocketChannel.protocol' is defined here.
  String? get protocol;
              ^^^^^^^^
/C:/Users/USER-5/AppData/Local/Pub/Cache/hosted/pub.dev/web_socket_channel-3.0.3/lib/src/channel.dart:72:20: Context: 'WebSocketChannel.ready' is defined here.
  Future<void> get ready;
                   ^^^^^
/C:/Users/USER-5/AppData/Local/Pub/Cache/hosted/pub.dev/web_socket_channel-3.0.3/lib/src/channel.dart:79:21: Context: 'WebSocketChannel.sink' is defined here.
  WebSocketSink get sink;
                    ^^^^
test/integration/network_manager_integration_test.dart:78:33: Error: Method not found: 'Completer'.
      final responseCompleter = Completer<Map<String, dynamic>>();
                                ^^^^^^^^^
test/integration/network_manager_integration_test.dart:44:14: Error: This expression has type 'void' and can't be used.
      expect(result, isA<bool>());
             ^
test/integration/network_manager_integration_test.dart:52:29: Error: The getter 'heartbeatInterval' isn't defined for the type 'NetworkManager'.
 - 'NetworkManager' is from 'package:mg_common_game/core/networking/network_manager.dart' ('lib/core/networking/network_manager.dart').
Try correcting the name to the name of an existing getter, or defining a getter or field named 'heartbeatInterval'.
      expect(networkManager.heartbeatInterval, isPositive);
                            ^^^^^^^^^^^^^^^^^
test/integration/network_manager_integration_test.dart:58:22: Error: The getter 'onReconnecting' isn't defined for the type 'NetworkManager'.
 - 'NetworkManager' is from 'package:mg_common_game/core/networking/network_manager.dart' ('lib/core/networking/network_manager.dart').
Try correcting the name to the name of an existing getter, or defining a getter or field named 'onReconnecting'.
      networkManager.onReconnecting.listen((_) {
                     ^^^^^^^^^^^^^^
test/integration/network_manager_integration_test.dart:65:11: Error: No named parameter with the name 'enableReconnect'.
          enableReconnect: true,
          ^^^^^^^^^^^^^^^
test/integration/network_manager_integration_test.dart:80:22: Error: The method 'request' isn't defined for the type 'NetworkManager'.
 - 'NetworkManager' is from 'package:mg_common_game/core/networking/network_manager.dart' ('lib/core/networking/network_manager.dart').
Try correcting the name to the name of an existing method, or defining a method named 'request'.
      networkManager.request('ping', {'timestamp': DateTime.now().millisecondsSinceEpoch}).then((response) {
                     ^^^^^^^
test/integration/network_manager_integration_test.dart:94:60: Error: Cannot invoke a non-'const' constructor where a const expression is expected.
Try using a constructor or factory that is 'const'.
  MockWebSocketChannel() : super(const MockStream(), const MockSink());
                                                           ^^^^^^^^
test/integration/network_manager_integration_test.dart:94:33: Error: Too many positional arguments: 0 allowed, but 2 found.
Try removing the extra positional arguments.
  MockWebSocketChannel() : super(const MockStream(), const MockSink());
                                ^
lib/core/networking/network_manager.dart:196:7: Error: The method '_reconnect' isn't defined for the type 'NetworkManager'.
 - 'NetworkManager' is from 'package:mg_common_game/core/networking/network_manager.dart' ('lib/core/networking/network_manager.dart').
Try correcting the name to the name of an existing method, or defining a method named '_reconnect'.
      _reconnect();
      ^^^^^^^^^^
lib/core/networking/network_manager.dart:204:7: Error: The method '_reconnect' isn't defined for the type 'NetworkManager'.
 - 'NetworkManager' is from 'package:mg_common_game/core/networking/network_manager.dart' ('lib/core/networking/network_manager.dart').
Try correcting the name to the name of an existing method, or defining a method named '_reconnect'.
      _reconnect();
      ^^^^^^^^^^
00:15 +1353 -20: loading D:/mg-games/repos/mg-common-game/test/integration/network_manager_integration_test.dart [E]
  Failed to load "D:/mg-games/repos/mg-common-game/test/integration/network_manager_integration_test.dart":
  Compilation failed for testPath=D:/mg-games/repos/mg-common-game/test/integration/network_manager_integration_test.dart: test/integration/network_manager_integration_test.dart:101:3: Error: Type 'StreamSubscription' not found.
    StreamSubscription<dynamic> listen(
    ^^^^^^^^^^^^^^^^^^
  test/integration/network_manager_integration_test.dart:111:38: Error: Type 'StreamSubscription' not found.
  class MockStreamSubscription extends StreamSubscription<dynamic> {
                                       ^^^^^^^^^^^^^^^^^^
  test/integration/network_manager_integration_test.dart:137:24: Error: Type 'StreamSink' not found.
  class MockSink extends StreamSink<dynamic> {
                         ^^^^^^^^^^
  test/integration/network_manager_integration_test.dart:93:36: Error: The class 'WebSocketChannel' can't be extended outside of its library because it's an interface class.
  class MockWebSocketChannel extends WebSocketChannel {
                                     ^
  test/integration/network_manager_integration_test.dart:93:7: Error: The non-abstract class 'MockWebSocketChannel' is missing implementations for these members:
   - StreamChannel.sink
   - StreamChannel.stream
   - WebSocketChannel.closeCode
   - WebSocketChannel.closeReason
   - WebSocketChannel.protocol
   - WebSocketChannel.ready
   - WebSocketChannel.sink
  Try to either
   - provide an implementation,
   - inherit an implementation from a superclass or mixin,
   - mark the class as abstract, or
   - provide a 'noSuchMethod' implementation.
  class MockWebSocketChannel extends WebSocketChannel {
        ^^^^^^^^^^^^^^^^^^^^
  /C:/Users/USER-5/AppData/Local/Pub/Cache/hosted/pub.dev/stream_channel-2.1.4/lib/stream_channel.dart:66:21: Context: 'StreamChannel.sink' is defined here.
    StreamSink<T> get sink;
                      ^^^^
  /C:/Users/USER-5/AppData/Local/Pub/Cache/hosted/pub.dev/stream_channel-2.1.4/lib/stream_channel.dart:63:17: Context: 'StreamChannel.stream' is defined here.
    Stream<T> get stream;
                  ^^^^^^
  /C:/Users/USER-5/AppData/Local/Pub/Cache/hosted/pub.dev/web_socket_channel-3.0.3/lib/src/channel.dart:38:12: Context: 'WebSocketChannel.closeCode' is defined here.
    int? get closeCode;
             ^^^^^^^^^
  /C:/Users/USER-5/AppData/Local/Pub/Cache/hosted/pub.dev/web_socket_channel-3.0.3/lib/src/channel.dart:45:15: Context: 'WebSocketChannel.closeReason' is defined here.
    String? get closeReason;
                ^^^^^^^^^^^
  /C:/Users/USER-5/AppData/Local/Pub/Cache/hosted/pub.dev/web_socket_channel-3.0.3/lib/src/channel.dart:31:15: Context: 'WebSocketChannel.protocol' is defined here.
    String? get protocol;
                ^^^^^^^^
  /C:/Users/USER-5/AppData/Local/Pub/Cache/hosted/pub.dev/web_socket_channel-3.0.3/lib/src/channel.dart:72:20: Context: 'WebSocketChannel.ready' is defined here.
    Future<void> get ready;
                     ^^^^^
  /C:/Users/USER-5/AppData/Local/Pub/Cache/hosted/pub.dev/web_socket_channel-3.0.3/lib/src/channel.dart:79:21: Context: 'WebSocketChannel.sink' is defined here.
    WebSocketSink get sink;
                      ^^^^
  test/integration/network_manager_integration_test.dart:78:33: Error: Method not found: 'Completer'.
        final responseCompleter = Completer<Map<String, dynamic>>();
                                  ^^^^^^^^^
  test/integration/network_manager_integration_test.dart:44:14: Error: This expression has type 'void' and can't be used.
        expect(result, isA<bool>());
               ^
  test/integration/network_manager_integration_test.dart:52:29: Error: The getter 'heartbeatInterval' isn't defined for the type 'NetworkManager'.
   - 'NetworkManager' is from 'package:mg_common_game/core/networking/network_manager.dart' ('lib/core/networking/network_manager.dart').
  Try correcting the name to the name of an existing getter, or defining a getter or field named 'heartbeatInterval'.
        expect(networkManager.heartbeatInterval, isPositive);
                              ^^^^^^^^^^^^^^^^^
  test/integration/network_manager_integration_test.dart:58:22: Error: The getter 'onReconnecting' isn't defined for the type 'NetworkManager'.
   - 'NetworkManager' is from 'package:mg_common_game/core/networking/network_manager.dart' ('lib/core/networking/network_manager.dart').
  Try correcting the name to the name of an existing getter, or defining a getter or field named 'onReconnecting'.
        networkManager.onReconnecting.listen((_) {
                       ^^^^^^^^^^^^^^
  test/integration/network_manager_integration_test.dart:65:11: Error: No named parameter with the name 'enableReconnect'.
            enableReconnect: true,
            ^^^^^^^^^^^^^^^
  test/integration/network_manager_integration_test.dart:80:22: Error: The method 'request' isn't defined for the type 'NetworkManager'.
   - 'NetworkManager' is from 'package:mg_common_game/core/networking/network_manager.dart' ('lib/core/networking/network_manager.dart').
  Try correcting the name to the name of an existing method, or defining a method named 'request'.
        networkManager.request('ping', {'timestamp': DateTime.now().millisecondsSinceEpoch}).then((response) {
                       ^^^^^^^
  test/integration/network_manager_integration_test.dart:94:60: Error: Cannot invoke a non-'const' constructor where a const expression is expected.
  Try using a constructor or factory that is 'const'.
    MockWebSocketChannel() : super(const MockStream(), const MockSink());
                                                             ^^^^^^^^
  test/integration/network_manager_integration_test.dart:94:33: Error: Too many positional arguments: 0 allowed, but 2 found.
  Try removing the extra positional arguments.
    MockWebSocketChannel() : super(const MockStream(), const MockSink());
                                  ^
  lib/core/networking/network_manager.dart:196:7: Error: The method '_reconnect' isn't defined for the type 'NetworkManager'.
   - 'NetworkManager' is from 'package:mg_common_game/core/networking/network_manager.dart' ('lib/core/networking/network_manager.dart').
  Try correcting the name to the name of an existing method, or defining a method named '_reconnect'.
        _reconnect();
        ^^^^^^^^^^
  lib/core/networking/network_manager.dart:204:7: Error: The method '_reconnect' isn't defined for the type 'NetworkManager'.
   - 'NetworkManager' is from 'package:mg_common_game/core/networking/network_manager.dart' ('lib/core/networking/network_manager.dart').
  Try correcting the name to the name of an existing method, or defining a method named '_reconnect'.
        _reconnect();
        ^^^^^^^^^^
  .
test/integration/player_progression_integration_test.dart:3:8: Error: Error when reading 'lib/quest/quest_manager.dart': 지정된 파일을 찾을 수 없습니다.

import 'package:mg_common_game/quest/quest_manager.dart';
       ^
test/integration/player_progression_integration_test.dart:9:10: Error: 'QuestManager' isn't a type.
    late QuestManager questManager;
         ^^^^^^^^^^^^
test/integration/player_progression_integration_test.dart:14:22: Error: Undefined name 'QuestManager'.
      questManager = QuestManager.instance;
                     ^^^^^^^^^^^^
test/integration/player_progression_integration_test.dart:45:20: Error: Undefined name 'QuestType'.
        questType: QuestType.daily,
                   ^^^^^^^^^
test/integration/player_progression_integration_test.dart:51:24: Error: Undefined name 'ObjectiveType'.
            questType: ObjectiveType.task,
                       ^^^^^^^^^^^^^
test/integration/player_progression_integration_test.dart:47:11: Error: Method not found: 'QuestObjective'.
          QuestObjective(
          ^^^^^^^^^^^^^^
test/integration/player_progression_integration_test.dart:55:11: Error: Method not found: 'QuestReward'.
          QuestReward(
          ^^^^^^^^^^^
test/integration/player_progression_integration_test.dart:89:39: Error: Member not found: 'gameplay'.
        category: AchievementCategory.gameplay,
                                      ^^^^^^^^
test/integration/player_progression_integration_test.dart:91:17: Error: Undefined name 'CriteriaType'.
          type: CriteriaType.level,
                ^^^^^^^^^^^^
test/integration/player_progression_integration_test.dart:90:19: Error: Method not found: 'AchievementCriteria'.
        criteria: AchievementCriteria(
                  ^^^^^^^^^^^^^^^^^^^
test/integration/player_progression_integration_test.dart:96:13: Error: No named parameter with the name 'rewardId'.
            rewardId: 'reward1',
            ^^^^^^^^
lib/achievement/achievement_manager.dart:101:9: Context: Found this candidate, but the arguments don't match.
  const AchievementReward({
        ^^^^^^^^^^^^^^^^^
test/integration/player_progression_integration_test.dart:30:37: Error: Too many positional arguments: 0 allowed, but 2 found.
Try removing the extra positional arguments.
      await progressionManager.addXP(userId, 100);
                                    ^
test/integration/player_progression_integration_test.dart:84:32: Error: The method 'createAchievement' isn't defined for the type 'AchievementManager'.
 - 'AchievementManager' is from 'package:mg_common_game/achievement/achievement_manager.dart' ('lib/achievement/achievement_manager.dart').
Try correcting the name to the name of an existing method, or defining a method named 'createAchievement'.
      await achievementManager.createAchievement(
                               ^^^^^^^^^^^^^^^^^
test/integration/player_progression_integration_test.dart:104:37: Error: Too many positional arguments: 0 allowed, but 2 found.
Try removing the extra positional arguments.
      await progressionManager.addXP(userId, 10);
                                    ^
test/integration/player_progression_integration_test.dart:107:43: Error: The method 'getAchievementProgress' isn't defined for the type 'AchievementManager'.
 - 'AchievementManager' is from 'package:mg_common_game/achievement/achievement_manager.dart' ('lib/achievement/achievement_manager.dart').
Try correcting the name to the name of an existing method, or defining a method named 'getAchievementProgress'.
      final progress = achievementManager.getAchievementProgress(
                                          ^^^^^^^^^^^^^^^^^^^^^^
test/integration/player_progression_integration_test.dart:118:32: Error: The method 'recordDailyActivity' isn't defined for the type 'ProgressionManager'.
 - 'ProgressionManager' is from 'package:mg_common_game/player/progression_manager.dart' ('lib/player/progression_manager.dart').
Try correcting the name to the name of an existing method, or defining a method named 'recordDailyActivity'.
      await progressionManager.recordDailyActivity(userId);
                               ^^^^^^^^^^^^^^^^^^^
test/integration/player_progression_integration_test.dart:127:32: Error: The method 'recordDailyActivity' isn't defined for the type 'ProgressionManager'.
 - 'ProgressionManager' is from 'package:mg_common_game/player/progression_manager.dart' ('lib/player/progression_manager.dart').
Try correcting the name to the name of an existing method, or defining a method named 'recordDailyActivity'.
      await progressionManager.recordDailyActivity(userId);
                               ^^^^^^^^^^^^^^^^^^^
00:16 +1353 -21: loading D:/mg-games/repos/mg-common-game/test/integration/player_progression_integration_test.dart [E]
  Failed to load "D:/mg-games/repos/mg-common-game/test/integration/player_progression_integration_test.dart":
  Compilation failed for testPath=D:/mg-games/repos/mg-common-game/test/integration/player_progression_integration_test.dart: test/integration/player_progression_integration_test.dart:3:8: Error: Error when reading 'lib/quest/quest_manager.dart': 지정된 파일을 찾을 수 없습니다.
  
  import 'package:mg_common_game/quest/quest_manager.dart';
         ^
  test/integration/player_progression_integration_test.dart:9:10: Error: 'QuestManager' isn't a type.
      late QuestManager questManager;
           ^^^^^^^^^^^^
  test/integration/player_progression_integration_test.dart:14:22: Error: Undefined name 'QuestManager'.
        questManager = QuestManager.instance;
                       ^^^^^^^^^^^^
  test/integration/player_progression_integration_test.dart:45:20: Error: Undefined name 'QuestType'.
          questType: QuestType.daily,
                     ^^^^^^^^^
  test/integration/player_progression_integration_test.dart:51:24: Error: Undefined name 'ObjectiveType'.
              questType: ObjectiveType.task,
                         ^^^^^^^^^^^^^
  test/integration/player_progression_integration_test.dart:47:11: Error: Method not found: 'QuestObjective'.
            QuestObjective(
            ^^^^^^^^^^^^^^
  test/integration/player_progression_integration_test.dart:55:11: Error: Method not found: 'QuestReward'.
            QuestReward(
            ^^^^^^^^^^^
  test/integration/player_progression_integration_test.dart:89:39: Error: Member not found: 'gameplay'.
          category: AchievementCategory.gameplay,
                                        ^^^^^^^^
  test/integration/player_progression_integration_test.dart:91:17: Error: Undefined name 'CriteriaType'.
            type: CriteriaType.level,
                  ^^^^^^^^^^^^
  test/integration/player_progression_integration_test.dart:90:19: Error: Method not found: 'AchievementCriteria'.
          criteria: AchievementCriteria(
                    ^^^^^^^^^^^^^^^^^^^
  test/integration/player_progression_integration_test.dart:96:13: Error: No named parameter with the name 'rewardId'.
              rewardId: 'reward1',
              ^^^^^^^^
  lib/achievement/achievement_manager.dart:101:9: Context: Found this candidate, but the arguments don't match.
    const AchievementReward({
          ^^^^^^^^^^^^^^^^^
  test/integration/player_progression_integration_test.dart:30:37: Error: Too many positional arguments: 0 allowed, but 2 found.
  Try removing the extra positional arguments.
        await progressionManager.addXP(userId, 100);
                                      ^
  test/integration/player_progression_integration_test.dart:84:32: Error: The method 'createAchievement' isn't defined for the type 'AchievementManager'.
   - 'AchievementManager' is from 'package:mg_common_game/achievement/achievement_manager.dart' ('lib/achievement/achievement_manager.dart').
  Try correcting the name to the name of an existing method, or defining a method named 'createAchievement'.
        await achievementManager.createAchievement(
                                 ^^^^^^^^^^^^^^^^^
  test/integration/player_progression_integration_test.dart:104:37: Error: Too many positional arguments: 0 allowed, but 2 found.
  Try removing the extra positional arguments.
        await progressionManager.addXP(userId, 10);
                                      ^
  test/integration/player_progression_integration_test.dart:107:43: Error: The method 'getAchievementProgress' isn't defined for the type 'AchievementManager'.
   - 'AchievementManager' is from 'package:mg_common_game/achievement/achievement_manager.dart' ('lib/achievement/achievement_manager.dart').
  Try correcting the name to the name of an existing method, or defining a method named 'getAchievementProgress'.
        final progress = achievementManager.getAchievementProgress(
                                            ^^^^^^^^^^^^^^^^^^^^^^
  test/integration/player_progression_integration_test.dart:118:32: Error: The method 'recordDailyActivity' isn't defined for the type 'ProgressionManager'.
   - 'ProgressionManager' is from 'package:mg_common_game/player/progression_manager.dart' ('lib/player/progression_manager.dart').
  Try correcting the name to the name of an existing method, or defining a method named 'recordDailyActivity'.
        await progressionManager.recordDailyActivity(userId);
                                 ^^^^^^^^^^^^^^^^^^^
  test/integration/player_progression_integration_test.dart:127:32: Error: The method 'recordDailyActivity' isn't defined for the type 'ProgressionManager'.
   - 'ProgressionManager' is from 'package:mg_common_game/player/progression_manager.dart' ('lib/player/progression_manager.dart').
  Try correcting the name to the name of an existing method, or defining a method named 'recordDailyActivity'.
        await progressionManager.recordDailyActivity(userId);
                                 ^^^^^^^^^^^^^^^^^^^
  .
lib/core/security/security_manager.dart:217:15: Error: Not a constant expression.
    if (const ListEquality().equals(receivedHmac, computedHmac.bytes)) {
              ^^^^^^^^^^^^
lib/core/security/security_manager.dart:426:10: Error: Functions marked 'async' must have a return type assignable to 'Future'.
  String generateToken({Map<String, dynamic>? payload}) async {
         ^^^^^^^^^^^^^
00:17 +1353 -21: D:/mg-games/repos/mg-common-game/test/integration/progression_achievement_integration_test.dart: Progression + Achievement Integration Tests Level up triggers achievement unlock
00:17 +1354 -21: D:/mg-games/repos/mg-common-game/test/integration/progression_achievement_integration_test.dart: Progression + Achievement Integration Tests Multiple level ups unlock multiple achievements
00:17 +1355 -21: D:/mg-games/repos/mg-common-game/test/integration/progression_achievement_integration_test.dart: Progression + Achievement Integration Tests XP milestone achievement
00:17 +1356 -21: D:/mg-games/repos/mg-common-game/test/integration/progression_achievement_integration_test.dart: Progression + Achievement Integration Tests Quick learner achievement for consecutive level ups
00:17 +1357 -21: D:/mg-games/repos/mg-common-game/test/integration/progression_achievement_integration_test.dart: Progression + Achievement Integration Tests Hidden achievement revealed when unlocked
00:17 +1358 -21: D:/mg-games/repos/mg-common-game/test/integration/progression_achievement_integration_test.dart: Progression + Achievement Integration Tests Achievement progress tracking
00:17 +1359 -21: D:/mg-games/repos/mg-common-game/test/integration/progression_achievement_integration_test.dart: Progression + Achievement Integration Tests Achievement unlocks are idempotent
00:17 +1360 -21: D:/mg-games/repos/mg-common-game/test/integration/progression_achievement_integration_test.dart: Progression + Achievement Integration Tests Save and load progression with achievements
00:17 +1360 -22: loading D:/mg-games/repos/mg-common-game/test/integration/security_manager_integration_test.dart [E]
  Failed to load "D:/mg-games/repos/mg-common-game/test/integration/security_manager_integration_test.dart":
  Compilation failed for testPath=D:/mg-games/repos/mg-common-game/test/integration/security_manager_integration_test.dart: lib/core/security/security_manager.dart:217:15: Error: Not a constant expression.
      if (const ListEquality().equals(receivedHmac, computedHmac.bytes)) {
                ^^^^^^^^^^^^
  lib/core/security/security_manager.dart:426:10: Error: Functions marked 'async' must have a return type assignable to 'Future'.
    String generateToken({Map<String, dynamic>? payload}) async {
           ^^^^^^^^^^^^^
  .
00:17 +1361 -22: D:/mg-games/repos/mg-common-game/test/integration/progression_achievement_integration_test.dart: Progression + Achievement Integration Tests Edge case: level up at exactly required XP
00:17 +1362 -22: D:/mg-games/repos/mg-common-game/test/integration/progression_achievement_integration_test.dart: Progression + Achievement Integration Tests Edge case: massive XP gain levels up many times
00:17 +1363 -22: D:/mg-games/repos/mg-common-game/test/integration/progression_achievement_integration_test.dart: Progression + Achievement Integration Tests Edge case: zero XP gain
00:17 +1364 -22: D:/mg-games/repos/mg-common-game/test/integration/progression_achievement_integration_test.dart: Progression + Achievement Integration Tests Edge case: negative XP gain (should be ignored)
00:17 +1365 -22: D:/mg-games/repos/mg-common-game/test/integration/progression_achievement_integration_test.dart: Progression + Achievement Integration Tests Real-world: complete gameplay loop
00:17 +1366 -22: D:/mg-games/repos/mg-common-game/test/integration/progression_achievement_integration_test.dart: Progression + Achievement Integration Tests Real-world: achievement notification queue
00:17 +1367 -22: D:/mg-games/repos/mg-common-game/test/integration/progression_achievement_integration_test.dart: Progression + Achievement Integration Tests Real-world: achievement categories and progress
00:17 +1368 -22: D:/mg-games/repos/mg-common-game/test/integration/progression_achievement_integration_test.dart: Progression + Achievement Integration Tests Real-world: prestige unlocks achievement
00:17 +1369 -22: D:/mg-games/repos/mg-common-game/test/integration/progression_achievement_integration_test.dart: Progression + Achievement Integration Tests Real-world: achievement rewards bonus XP
00:17 +1370 -22: D:/mg-games/repos/mg-common-game/test/integration/progression_achievement_integration_test.dart: Progression + Achievement Integration Tests Real-world: achievement completion percentage
00:17 +1371 -22: D:/mg-games/repos/mg-common-game/test/integration/save_cloud_integration_test.dart: Save + Cloud Integration Tests Local save then cloud sync workflow
CloudSaveManager initialized for game: test_game, user: test_user_123
00:17 +1372 -22: D:/mg-games/repos/mg-common-game/test/integration/save_cloud_integration_test.dart: Save + Cloud Integration Tests Cloud sync with incremental updates
00:17 +1373 -22: D:/mg-games/repos/mg-common-game/test/integration/save_cloud_integration_test.dart: Save + Cloud Integration Tests Conflict resolution: newer data wins
00:17 +1374 -22: D:/mg-games/repos/mg-common-game/test/integration/save_cloud_integration_test.dart: Save + Cloud Integration Tests Save corruption recovery using cloud backup
00:17 +1375 -22: D:/mg-games/repos/mg-common-game/test/integration/save_cloud_integration_test.dart: Save + Cloud Integration Tests Multi-key save and sync
00:17 +1376 -22: D:/mg-games/repos/mg-common-game/test/integration/save_cloud_integration_test.dart: Save + Cloud Integration Tests Sync status transitions
00:17 +1377 -22: D:/mg-games/repos/mg-common-game/test/integration/save_cloud_integration_test.dart: Save + Cloud Integration Tests Data merge on sync conflict
00:17 +1378 -22: D:/mg-games/repos/mg-common-game/test/integration/save_cloud_integration_test.dart: Save + Cloud Integration Tests Edge case: empty save data
00:17 +1379 -22: D:/mg-games/repos/mg-common-game/test/integration/save_cloud_integration_test.dart: Save + Cloud Integration Tests Edge case: large data payload
00:17 +1380 -22: D:/mg-games/repos/mg-common-game/test/integration/save_cloud_integration_test.dart: Save + Cloud Integration Tests Edge case: save key with special characters
00:17 +1381 -22: D:/mg-games/repos/mg-common-game/test/integration/save_cloud_integration_test.dart: Save + Cloud Integration Tests Real-world scenario: game session save and restore
test/integration/social_integration_test.dart:44:22: Error: Undefined name 'ChannelType'.
        channelType: ChannelType.direct,
                     ^^^^^^^^^^^
test/integration/social_integration_test.dart:76:25: Error: Required named parameter 'metadata' must be provided.
          MailAttachment(
                        ^
lib/communication/mail_manager.dart:29:9: Context: Found this candidate, but the arguments don't match.
  const MailAttachment({
        ^^^^^^^^^^^^^^
test/integration/social_integration_test.dart:102:25: Error: Required named parameter 'metadata' must be provided.
          MailAttachment(
                        ^
lib/communication/mail_manager.dart:29:9: Context: Found this candidate, but the arguments don't match.
  const MailAttachment({
        ^^^^^^^^^^^^^^
test/integration/social_integration_test.dart:127:22: Error: Undefined name 'ChannelType'.
        channelType: ChannelType.direct,
                     ^^^^^^^^^^^
test/integration/social_integration_test.dart:17:38: Error: No named parameter with the name 'maxFriends'.
      await friendManager.initialize(maxFriends: 100);
                                     ^^^^^^^^^^
test/integration/social_integration_test.dart:27:44: Error: Too many positional arguments: 0 allowed, but 2 found.
Try removing the extra positional arguments.
      await friendManager.sendFriendRequest(senderId, receiverId);
                                           ^
test/integration/social_integration_test.dart:30:38: Error: The method 'getFriendRequests' isn't defined for the type 'FriendManager'.
 - 'FriendManager' is from 'package:mg_common_game/social/friend_manager.dart' ('lib/social/friend_manager.dart').
Try correcting the name to the name of an existing method, or defining a method named 'getFriendRequests'.
      final requests = friendManager.getFriendRequests(receiverId);
                                     ^^^^^^^^^^^^^^^^^
test/integration/social_integration_test.dart:39:27: Error: The method 'addFriend' isn't defined for the type 'FriendManager'.
 - 'FriendManager' is from 'package:mg_common_game/social/friend_manager.dart' ('lib/social/friend_manager.dart').
Try correcting the name to the name of an existing method, or defining a method named 'addFriend'.
      await friendManager.addFriend(user1, user2);
                          ^^^^^^^^^
test/integration/social_integration_test.dart:44:9: Error: No named parameter with the name 'channelType'.
        channelType: ChannelType.direct,
        ^^^^^^^^^^^
test/integration/social_integration_test.dart:68:9: Error: No named parameter with the name 'mailId'.
        mailId: 'mail_test_1',
        ^^^^^^
test/integration/social_integration_test.dart:94:9: Error: No named parameter with the name 'mailId'.
        mailId: 'mail_collect_1',
        ^^^^^^
test/integration/social_integration_test.dart:123:36: Error: Too many positional arguments: 0 allowed, but 2 found.
Try removing the extra positional arguments.
      await friendManager.blockUser(user1, user2);
                                   ^
test/integration/social_integration_test.dart:127:9: Error: No named parameter with the name 'channelType'.
        channelType: ChannelType.direct,
        ^^^^^^^^^^^
test/integration/social_integration_test.dart:147:27: Error: The method 'addFriend' isn't defined for the type 'FriendManager'.
 - 'FriendManager' is from 'package:mg_common_game/social/friend_manager.dart' ('lib/social/friend_manager.dart').
Try correcting the name to the name of an existing method, or defining a method named 'addFriend'.
      await friendManager.addFriend(user1, user2);
                          ^^^^^^^^^
test/integration/social_integration_test.dart:150:39: Error: Too many positional arguments: 0 allowed, but 2 found.
Try removing the extra positional arguments.
      await friendManager.removeFriend(user1, user2);
                                      ^
test/integration/social_integration_test.dart:159:27: Error: The method 'addFriend' isn't defined for the type 'FriendManager'.
 - 'FriendManager' is from 'package:mg_common_game/social/friend_manager.dart' ('lib/social/friend_manager.dart').
Try correcting the name to the name of an existing method, or defining a method named 'addFriend'.
      await friendManager.addFriend(user1, user2);
                          ^^^^^^^^^
test/integration/social_integration_test.dart:161:61: Error: Too many positional arguments: 0 allowed, but 1 found.
Try removing the extra positional arguments.
      final suggestions = friendManager.getFriendSuggestions(user3, limit: 10);
                                                            ^
test/integration/social_integration_test.dart:169:9: Error: No named parameter with the name 'mailId'.
        mailId: 'read_mail_test',
        ^^^^^^
lib/social/friend_manager.dart:340:9: Error: This expression has type 'void' and can't be used.
    if (removed <= 0) return false;
        ^
lib/social/friend_manager.dart:340:17: Error: The operator '<=' isn't defined for the type 'void'.
Try correcting the operator to an existing operator, or defining a '<=' operator.
    if (removed <= 0) return false;
                ^^
00:18 +1382 -23: loading D:/mg-games/repos/mg-common-game/test/integration/social_integration_test.dart [E]
  Failed to load "D:/mg-games/repos/mg-common-game/test/integration/social_integration_test.dart":
  Compilation failed for testPath=D:/mg-games/repos/mg-common-game/test/integration/social_integration_test.dart: test/integration/social_integration_test.dart:44:22: Error: Undefined name 'ChannelType'.
          channelType: ChannelType.direct,
                       ^^^^^^^^^^^
  test/integration/social_integration_test.dart:76:25: Error: Required named parameter 'metadata' must be provided.
            MailAttachment(
                          ^
  lib/communication/mail_manager.dart:29:9: Context: Found this candidate, but the arguments don't match.
    const MailAttachment({
          ^^^^^^^^^^^^^^
  test/integration/social_integration_test.dart:102:25: Error: Required named parameter 'metadata' must be provided.
            MailAttachment(
                          ^
  lib/communication/mail_manager.dart:29:9: Context: Found this candidate, but the arguments don't match.
    const MailAttachment({
          ^^^^^^^^^^^^^^
  test/integration/social_integration_test.dart:127:22: Error: Undefined name 'ChannelType'.
          channelType: ChannelType.direct,
                       ^^^^^^^^^^^
  test/integration/social_integration_test.dart:17:38: Error: No named parameter with the name 'maxFriends'.
        await friendManager.initialize(maxFriends: 100);
                                       ^^^^^^^^^^
  test/integration/social_integration_test.dart:27:44: Error: Too many positional arguments: 0 allowed, but 2 found.
  Try removing the extra positional arguments.
        await friendManager.sendFriendRequest(senderId, receiverId);
                                             ^
  test/integration/social_integration_test.dart:30:38: Error: The method 'getFriendRequests' isn't defined for the type 'FriendManager'.
   - 'FriendManager' is from 'package:mg_common_game/social/friend_manager.dart' ('lib/social/friend_manager.dart').
  Try correcting the name to the name of an existing method, or defining a method named 'getFriendRequests'.
        final requests = friendManager.getFriendRequests(receiverId);
                                       ^^^^^^^^^^^^^^^^^
  test/integration/social_integration_test.dart:39:27: Error: The method 'addFriend' isn't defined for the type 'FriendManager'.
   - 'FriendManager' is from 'package:mg_common_game/social/friend_manager.dart' ('lib/social/friend_manager.dart').
  Try correcting the name to the name of an existing method, or defining a method named 'addFriend'.
        await friendManager.addFriend(user1, user2);
                            ^^^^^^^^^
  test/integration/social_integration_test.dart:44:9: Error: No named parameter with the name 'channelType'.
          channelType: ChannelType.direct,
          ^^^^^^^^^^^
  test/integration/social_integration_test.dart:68:9: Error: No named parameter with the name 'mailId'.
          mailId: 'mail_test_1',
          ^^^^^^
  test/integration/social_integration_test.dart:94:9: Error: No named parameter with the name 'mailId'.
          mailId: 'mail_collect_1',
          ^^^^^^
  test/integration/social_integration_test.dart:123:36: Error: Too many positional arguments: 0 allowed, but 2 found.
  Try removing the extra positional arguments.
        await friendManager.blockUser(user1, user2);
                                     ^
  test/integration/social_integration_test.dart:127:9: Error: No named parameter with the name 'channelType'.
          channelType: ChannelType.direct,
          ^^^^^^^^^^^
  test/integration/social_integration_test.dart:147:27: Error: The method 'addFriend' isn't defined for the type 'FriendManager'.
   - 'FriendManager' is from 'package:mg_common_game/social/friend_manager.dart' ('lib/social/friend_manager.dart').
  Try correcting the name to the name of an existing method, or defining a method named 'addFriend'.
        await friendManager.addFriend(user1, user2);
                            ^^^^^^^^^
  test/integration/social_integration_test.dart:150:39: Error: Too many positional arguments: 0 allowed, but 2 found.
  Try removing the extra positional arguments.
        await friendManager.removeFriend(user1, user2);
                                        ^
  test/integration/social_integration_test.dart:159:27: Error: The method 'addFriend' isn't defined for the type 'FriendManager'.
   - 'FriendManager' is from 'package:mg_common_game/social/friend_manager.dart' ('lib/social/friend_manager.dart').
  Try correcting the name to the name of an existing method, or defining a method named 'addFriend'.
        await friendManager.addFriend(user1, user2);
                            ^^^^^^^^^
  test/integration/social_integration_test.dart:161:61: Error: Too many positional arguments: 0 allowed, but 1 found.
  Try removing the extra positional arguments.
        final suggestions = friendManager.getFriendSuggestions(user3, limit: 10);
                                                              ^
  test/integration/social_integration_test.dart:169:9: Error: No named parameter with the name 'mailId'.
          mailId: 'read_mail_test',
          ^^^^^^
  lib/social/friend_manager.dart:340:9: Error: This expression has type 'void' and can't be used.
      if (removed <= 0) return false;
          ^
  lib/social/friend_manager.dart:340:17: Error: The operator '<=' isn't defined for the type 'void'.
  Try correcting the operator to an existing operator, or defining a '<=' operator.
      if (removed <= 0) return false;
                  ^^
  .
test/ml/recommendation_engine_test.dart:19:9: Error: No named parameter with the name 'tags'.
        tags: ['액션', 'RPG'],
        ^^^^
lib/ml/recommendation_engine.dart:28:9: Context: Found this candidate, but the arguments don't match.
  const RecommendableItem({
        ^^^^^^^^^^^^^^^^^
test/ml/recommendation_engine_test.dart:40:21: Error: Undefined name 'BehaviorAction'.
            action: BehaviorAction.play,
                    ^^^^^^^^^^^^^^
test/ml/recommendation_engine_test.dart:38:11: Error: Method not found: 'UserBehavior'.
          UserBehavior(
          ^^^^^^^^^^^^
test/ml/recommendation_engine_test.dart:61:11: Error: No named parameter with the name 'tags'.
          tags: ['액션'],
          ^^^^
lib/ml/recommendation_engine.dart:28:9: Context: Found this candidate, but the arguments don't match.
  const RecommendableItem({
        ^^^^^^^^^^^^^^^^^
test/ml/recommendation_engine_test.dart:71:11: Error: No named parameter with the name 'tags'.
          tags: ['RPG'],
          ^^^^
lib/ml/recommendation_engine.dart:28:9: Context: Found this candidate, but the arguments don't match.
  const RecommendableItem({
        ^^^^^^^^^^^^^^^^^
test/ml/recommendation_engine_test.dart:108:23: Error: Undefined name 'BehaviorAction'.
              action: BehaviorAction.play,
                      ^^^^^^^^^^^^^^
test/ml/recommendation_engine_test.dart:106:13: Error: Method not found: 'UserBehavior'.
            UserBehavior(
            ^^^^^^^^^^^^
test/ml/recommendation_engine_test.dart:151:11: Error: No named parameter with the name 'tags'.
          tags: ['액션'],
          ^^^^
lib/ml/recommendation_engine.dart:28:9: Context: Found this candidate, but the arguments don't match.
  const RecommendableItem({
        ^^^^^^^^^^^^^^^^^
test/ml/recommendation_engine_test.dart:205:11: Error: No named parameter with the name 'tags'.
          tags: ['액션'],
          ^^^^
lib/ml/recommendation_engine.dart:28:9: Context: Found this candidate, but the arguments don't match.
  const RecommendableItem({
        ^^^^^^^^^^^^^^^^^
test/ml/recommendation_engine_test.dart:10:14: Error: The method 'clear' isn't defined for the type 'RecommendationEngine'.
 - 'RecommendationEngine' is from 'package:mg_common_game/ml/recommendation_engine.dart' ('lib/ml/recommendation_engine.dart').
Try correcting the name to the name of an existing method, or defining a method named 'clear'.
      engine.clear();
             ^^^^^
test/ml/recommendation_engine_test.dart:25:20: Error: The method 'registerItem' isn't defined for the type 'RecommendationEngine'.
 - 'RecommendationEngine' is from 'package:mg_common_game/ml/recommendation_engine.dart' ('lib/ml/recommendation_engine.dart').
Try correcting the name to the name of an existing method, or defining a method named 'registerItem'.
      await engine.registerItem(item);
                   ^^^^^^^^^^^^
test/ml/recommendation_engine_test.dart:27:32: Error: The method 'getItem' isn't defined for the type 'RecommendationEngine'.
 - 'RecommendationEngine' is from 'package:mg_common_game/ml/recommendation_engine.dart' ('lib/ml/recommendation_engine.dart').
Try correcting the name to the name of an existing method, or defining a method named 'getItem'.
      final retrieved = engine.getItem('game_001');
                               ^^^^^^^
test/ml/recommendation_engine_test.dart:34:20: Error: The method 'updateUserProfile' isn't defined for the type 'RecommendationEngine'.
 - 'RecommendationEngine' is from 'package:mg_common_game/ml/recommendation_engine.dart' ('lib/ml/recommendation_engine.dart').
Try correcting the name to the name of an existing method, or defining a method named 'updateUserProfile'.
      await engine.updateUserProfile(
                   ^^^^^^^^^^^^^^^^^
test/ml/recommendation_engine_test.dart:47:30: Error: The method 'getUserProfile' isn't defined for the type 'RecommendationEngine'.
 - 'RecommendationEngine' is from 'package:mg_common_game/ml/recommendation_engine.dart' ('lib/ml/recommendation_engine.dart').
Try correcting the name to the name of an existing method, or defining a method named 'getUserProfile'.
      final profile = engine.getUserProfile('user_001');
                             ^^^^^^^^^^^^^^
test/ml/recommendation_engine_test.dart:79:22: Error: The method 'registerItem' isn't defined for the type 'RecommendationEngine'.
 - 'RecommendationEngine' is from 'package:mg_common_game/ml/recommendation_engine.dart' ('lib/ml/recommendation_engine.dart').
Try correcting the name to the name of an existing method, or defining a method named 'registerItem'.
        await engine.registerItem(item);
                     ^^^^^^^^^^^^
test/ml/recommendation_engine_test.dart:83:20: Error: The method 'updateUserProfile' isn't defined for the type 'RecommendationEngine'.
 - 'RecommendationEngine' is from 'package:mg_common_game/ml/recommendation_engine.dart' ('lib/ml/recommendation_engine.dart').
Try correcting the name to the name of an existing method, or defining a method named 'updateUserProfile'.
      await engine.updateUserProfile(
                   ^^^^^^^^^^^^^^^^^
test/ml/recommendation_engine_test.dart:96:36: Error: The getter 'itemId' isn't defined for the type 'RecommendationResult'.
 - 'RecommendationResult' is from 'package:mg_common_game/ml/recommendation_engine.dart' ('lib/ml/recommendation_engine.dart').
Try correcting the name to the name of an existing getter, or defining a getter or field named 'itemId'.
      expect(recommendations.first.itemId, 'game_001');
                                   ^^^^^^
test/ml/recommendation_engine_test.dart:102:22: Error: The method 'updateUserProfile' isn't defined for the type 'RecommendationEngine'.
 - 'RecommendationEngine' is from 'package:mg_common_game/ml/recommendation_engine.dart' ('lib/ml/recommendation_engine.dart').
Try correcting the name to the name of an existing method, or defining a method named 'updateUserProfile'.
        await engine.updateUserProfile(
                     ^^^^^^^^^^^^^^^^^
test/ml/recommendation_engine_test.dart:115:22: Error: The method 'recordRating' isn't defined for the type 'RecommendationEngine'.
 - 'RecommendationEngine' is from 'package:mg_common_game/ml/recommendation_engine.dart' ('lib/ml/recommendation_engine.dart').
Try correcting the name to the name of an existing method, or defining a method named 'recordRating'.
        await engine.recordRating(
                     ^^^^^^^^^^^^
test/ml/recommendation_engine_test.dart:123:20: Error: The method 'updateUserProfile' isn't defined for the type 'RecommendationEngine'.
 - 'RecommendationEngine' is from 'package:mg_common_game/ml/recommendation_engine.dart' ('lib/ml/recommendation_engine.dart').
Try correcting the name to the name of an existing method, or defining a method named 'updateUserProfile'.
      await engine.updateUserProfile(
                   ^^^^^^^^^^^^^^^^^
test/ml/recommendation_engine_test.dart:129:20: Error: The method 'recordRating' isn't defined for the type 'RecommendationEngine'.
 - 'RecommendationEngine' is from 'package:mg_common_game/ml/recommendation_engine.dart' ('lib/ml/recommendation_engine.dart').
Try correcting the name to the name of an existing method, or defining a method named 'recordRating'.
      await engine.recordRating(
                   ^^^^^^^^^^^^
test/ml/recommendation_engine_test.dart:145:20: Error: The method 'registerItem' isn't defined for the type 'RecommendationEngine'.
 - 'RecommendationEngine' is from 'package:mg_common_game/ml/recommendation_engine.dart' ('lib/ml/recommendation_engine.dart').
Try correcting the name to the name of an existing method, or defining a method named 'registerItem'.
      await engine.registerItem(
                   ^^^^^^^^^^^^
test/ml/recommendation_engine_test.dart:159:20: Error: The method 'updateUserProfile' isn't defined for the type 'RecommendationEngine'.
 - 'RecommendationEngine' is from 'package:mg_common_game/ml/recommendation_engine.dart' ('lib/ml/recommendation_engine.dart').
Try correcting the name to the name of an existing method, or defining a method named 'updateUserProfile'.
      await engine.updateUserProfile(
                   ^^^^^^^^^^^^^^^^^
test/ml/recommendation_engine_test.dart:177:20: Error: The method 'recordRating' isn't defined for the type 'RecommendationEngine'.
 - 'RecommendationEngine' is from 'package:mg_common_game/ml/recommendation_engine.dart' ('lib/ml/recommendation_engine.dart').
Try correcting the name to the name of an existing method, or defining a method named 'recordRating'.
      await engine.recordRating(
                   ^^^^^^^^^^^^
test/ml/recommendation_engine_test.dart:183:30: Error: The method 'getUserRatings' isn't defined for the type 'RecommendationEngine'.
 - 'RecommendationEngine' is from 'package:mg_common_game/ml/recommendation_engine.dart' ('lib/ml/recommendation_engine.dart').
Try correcting the name to the name of an existing method, or defining a method named 'getUserRatings'.
      final ratings = engine.getUserRatings('user_001');
                             ^^^^^^^^^^^^^^
test/ml/recommendation_engine_test.dart:191:29: Error: The method 'getABTestGroup' isn't defined for the type 'RecommendationEngine'.
 - 'RecommendationEngine' is from 'package:mg_common_game/ml/recommendation_engine.dart' ('lib/ml/recommendation_engine.dart').
Try correcting the name to the name of an existing method, or defining a method named 'getABTestGroup'.
      final group1 = engine.getABTestGroup(userId, testName);
                            ^^^^^^^^^^^^^^
test/ml/recommendation_engine_test.dart:192:29: Error: The method 'getABTestGroup' isn't defined for the type 'RecommendationEngine'.
 - 'RecommendationEngine' is from 'package:mg_common_game/ml/recommendation_engine.dart' ('lib/ml/recommendation_engine.dart').
Try correcting the name to the name of an existing method, or defining a method named 'getABTestGroup'.
      final group2 = engine.getABTestGroup(userId, testName);
                            ^^^^^^^^^^^^^^
test/ml/recommendation_engine_test.dart:199:20: Error: The method 'registerItem' isn't defined for the type 'RecommendationEngine'.
 - 'RecommendationEngine' is from 'package:mg_common_game/ml/recommendation_engine.dart' ('lib/ml/recommendation_engine.dart').
Try correcting the name to the name of an existing method, or defining a method named 'registerItem'.
      await engine.registerItem(
                   ^^^^^^^^^^^^
test/ml/recommendation_engine_test.dart:212:20: Error: The method 'updateUserProfile' isn't defined for the type 'RecommendationEngine'.
 - 'RecommendationEngine' is from 'package:mg_common_game/ml/recommendation_engine.dart' ('lib/ml/recommendation_engine.dart').
Try correcting the name to the name of an existing method, or defining a method named 'updateUserProfile'.
      await engine.updateUserProfile(
                   ^^^^^^^^^^^^^^^^^
test/ml/recommendation_engine_test.dart:219:14: Error: The getter 'onRealtimeUpdate' isn't defined for the type 'RecommendationEngine'.
 - 'RecommendationEngine' is from 'package:mg_common_game/ml/recommendation_engine.dart' ('lib/ml/recommendation_engine.dart').
Try correcting the name to the name of an existing getter, or defining a getter or field named 'onRealtimeUpdate'.
      engine.onRealtimeUpdate.listen((_) {
             ^^^^^^^^^^^^^^^^
test/ml/recommendation_engine_test.dart:223:20: Error: The method 'recordRating' isn't defined for the type 'RecommendationEngine'.
 - 'RecommendationEngine' is from 'package:mg_common_game/ml/recommendation_engine.dart' ('lib/ml/recommendation_engine.dart').
Try correcting the name to the name of an existing method, or defining a method named 'recordRating'.
      await engine.recordRating(
                   ^^^^^^^^^^^^
00:19 +1382 -24: loading D:/mg-games/repos/mg-common-game/test/ml/recommendation_engine_test.dart [E]
  Failed to load "D:/mg-games/repos/mg-common-game/test/ml/recommendation_engine_test.dart":
  Compilation failed for testPath=D:/mg-games/repos/mg-common-game/test/ml/recommendation_engine_test.dart: test/ml/recommendation_engine_test.dart:19:9: Error: No named parameter with the name 'tags'.
          tags: ['액션', 'RPG'],
          ^^^^
  lib/ml/recommendation_engine.dart:28:9: Context: Found this candidate, but the arguments don't match.
    const RecommendableItem({
          ^^^^^^^^^^^^^^^^^
  test/ml/recommendation_engine_test.dart:40:21: Error: Undefined name 'BehaviorAction'.
              action: BehaviorAction.play,
                      ^^^^^^^^^^^^^^
  test/ml/recommendation_engine_test.dart:38:11: Error: Method not found: 'UserBehavior'.
            UserBehavior(
            ^^^^^^^^^^^^
  test/ml/recommendation_engine_test.dart:61:11: Error: No named parameter with the name 'tags'.
            tags: ['액션'],
            ^^^^
  lib/ml/recommendation_engine.dart:28:9: Context: Found this candidate, but the arguments don't match.
    const RecommendableItem({
          ^^^^^^^^^^^^^^^^^
  test/ml/recommendation_engine_test.dart:71:11: Error: No named parameter with the name 'tags'.
            tags: ['RPG'],
            ^^^^
  lib/ml/recommendation_engine.dart:28:9: Context: Found this candidate, but the arguments don't match.
    const RecommendableItem({
          ^^^^^^^^^^^^^^^^^
  test/ml/recommendation_engine_test.dart:108:23: Error: Undefined name 'BehaviorAction'.
                action: BehaviorAction.play,
                        ^^^^^^^^^^^^^^
  test/ml/recommendation_engine_test.dart:106:13: Error: Method not found: 'UserBehavior'.
              UserBehavior(
              ^^^^^^^^^^^^
  test/ml/recommendation_engine_test.dart:151:11: Error: No named parameter with the name 'tags'.
            tags: ['액션'],
            ^^^^
  lib/ml/recommendation_engine.dart:28:9: Context: Found this candidate, but the arguments don't match.
    const RecommendableItem({
          ^^^^^^^^^^^^^^^^^
  test/ml/recommendation_engine_test.dart:205:11: Error: No named parameter with the name 'tags'.
            tags: ['액션'],
            ^^^^
  lib/ml/recommendation_engine.dart:28:9: Context: Found this candidate, but the arguments don't match.
    const RecommendableItem({
          ^^^^^^^^^^^^^^^^^
  test/ml/recommendation_engine_test.dart:10:14: Error: The method 'clear' isn't defined for the type 'RecommendationEngine'.
   - 'RecommendationEngine' is from 'package:mg_common_game/ml/recommendation_engine.dart' ('lib/ml/recommendation_engine.dart').
  Try correcting the name to the name of an existing method, or defining a method named 'clear'.
        engine.clear();
               ^^^^^
  test/ml/recommendation_engine_test.dart:25:20: Error: The method 'registerItem' isn't defined for the type 'RecommendationEngine'.
   - 'RecommendationEngine' is from 'package:mg_common_game/ml/recommendation_engine.dart' ('lib/ml/recommendation_engine.dart').
  Try correcting the name to the name of an existing method, or defining a method named 'registerItem'.
        await engine.registerItem(item);
                     ^^^^^^^^^^^^
  test/ml/recommendation_engine_test.dart:27:32: Error: The method 'getItem' isn't defined for the type 'RecommendationEngine'.
   - 'RecommendationEngine' is from 'package:mg_common_game/ml/recommendation_engine.dart' ('lib/ml/recommendation_engine.dart').
  Try correcting the name to the name of an existing method, or defining a method named 'getItem'.
        final retrieved = engine.getItem('game_001');
                                 ^^^^^^^
  test/ml/recommendation_engine_test.dart:34:20: Error: The method 'updateUserProfile' isn't defined for the type 'RecommendationEngine'.
   - 'RecommendationEngine' is from 'package:mg_common_game/ml/recommendation_engine.dart' ('lib/ml/recommendation_engine.dart').
  Try correcting the name to the name of an existing method, or defining a method named 'updateUserProfile'.
        await engine.updateUserProfile(
                     ^^^^^^^^^^^^^^^^^
  test/ml/recommendation_engine_test.dart:47:30: Error: The method 'getUserProfile' isn't defined for the type 'RecommendationEngine'.
   - 'RecommendationEngine' is from 'package:mg_common_game/ml/recommendation_engine.dart' ('lib/ml/recommendation_engine.dart').
  Try correcting the name to the name of an existing method, or defining a method named 'getUserProfile'.
        final profile = engine.getUserProfile('user_001');
                               ^^^^^^^^^^^^^^
  test/ml/recommendation_engine_test.dart:79:22: Error: The method 'registerItem' isn't defined for the type 'RecommendationEngine'.
   - 'RecommendationEngine' is from 'package:mg_common_game/ml/recommendation_engine.dart' ('lib/ml/recommendation_engine.dart').
  Try correcting the name to the name of an existing method, or defining a method named 'registerItem'.
          await engine.registerItem(item);
                       ^^^^^^^^^^^^
  test/ml/recommendation_engine_test.dart:83:20: Error: The method 'updateUserProfile' isn't defined for the type 'RecommendationEngine'.
   - 'RecommendationEngine' is from 'package:mg_common_game/ml/recommendation_engine.dart' ('lib/ml/recommendation_engine.dart').
  Try correcting the name to the name of an existing method, or defining a method named 'updateUserProfile'.
        await engine.updateUserProfile(
                     ^^^^^^^^^^^^^^^^^
  test/ml/recommendation_engine_test.dart:96:36: Error: The getter 'itemId' isn't defined for the type 'RecommendationResult'.
   - 'RecommendationResult' is from 'package:mg_common_game/ml/recommendation_engine.dart' ('lib/ml/recommendation_engine.dart').
  Try correcting the name to the name of an existing getter, or defining a getter or field named 'itemId'.
        expect(recommendations.first.itemId, 'game_001');
                                     ^^^^^^
  test/ml/recommendation_engine_test.dart:102:22: Error: The method 'updateUserProfile' isn't defined for the type 'RecommendationEngine'.
   - 'RecommendationEngine' is from 'package:mg_common_game/ml/recommendation_engine.dart' ('lib/ml/recommendation_engine.dart').
  Try correcting the name to the name of an existing method, or defining a method named 'updateUserProfile'.
          await engine.updateUserProfile(
                       ^^^^^^^^^^^^^^^^^
  test/ml/recommendation_engine_test.dart:115:22: Error: The method 'recordRating' isn't defined for the type 'RecommendationEngine'.
   - 'RecommendationEngine' is from 'package:mg_common_game/ml/recommendation_engine.dart' ('lib/ml/recommendation_engine.dart').
  Try correcting the name to the name of an existing method, or defining a method named 'recordRating'.
          await engine.recordRating(
                       ^^^^^^^^^^^^
  test/ml/recommendation_engine_test.dart:123:20: Error: The method 'updateUserProfile' isn't defined for the type 'RecommendationEngine'.
   - 'RecommendationEngine' is from 'package:mg_common_game/ml/recommendation_engine.dart' ('lib/ml/recommendation_engine.dart').
  Try correcting the name to the name of an existing method, or defining a method named 'updateUserProfile'.
        await engine.updateUserProfile(
                     ^^^^^^^^^^^^^^^^^
  test/ml/recommendation_engine_test.dart:129:20: Error: The method 'recordRating' isn't defined for the type 'RecommendationEngine'.
   - 'RecommendationEngine' is from 'package:mg_common_game/ml/recommendation_engine.dart' ('lib/ml/recommendation_engine.dart').
  Try correcting the name to the name of an existing method, or defining a method named 'recordRating'.
        await engine.recordRating(
                     ^^^^^^^^^^^^
  test/ml/recommendation_engine_test.dart:145:20: Error: The method 'registerItem' isn't defined for the type 'RecommendationEngine'.
   - 'RecommendationEngine' is from 'package:mg_common_game/ml/recommendation_engine.dart' ('lib/ml/recommendation_engine.dart').
  Try correcting the name to the name of an existing method, or defining a method named 'registerItem'.
        await engine.registerItem(
                     ^^^^^^^^^^^^
  test/ml/recommendation_engine_test.dart:159:20: Error: The method 'updateUserProfile' isn't defined for the type 'RecommendationEngine'.
   - 'RecommendationEngine' is from 'package:mg_common_game/ml/recommendation_engine.dart' ('lib/ml/recommendation_engine.dart').
  Try correcting the name to the name of an existing method, or defining a method named 'updateUserProfile'.
        await engine.updateUserProfile(
                     ^^^^^^^^^^^^^^^^^
  test/ml/recommendation_engine_test.dart:177:20: Error: The method 'recordRating' isn't defined for the type 'RecommendationEngine'.
   - 'RecommendationEngine' is from 'package:mg_common_game/ml/recommendation_engine.dart' ('lib/ml/recommendation_engine.dart').
  Try correcting the name to the name of an existing method, or defining a method named 'recordRating'.
        await engine.recordRating(
                     ^^^^^^^^^^^^
  test/ml/recommendation_engine_test.dart:183:30: Error: The method 'getUserRatings' isn't defined for the type 'RecommendationEngine'.
   - 'RecommendationEngine' is from 'package:mg_common_game/ml/recommendation_engine.dart' ('lib/ml/recommendation_engine.dart').
  Try correcting the name to the name of an existing method, or defining a method named 'getUserRatings'.
        final ratings = engine.getUserRatings('user_001');
                               ^^^^^^^^^^^^^^
  test/ml/recommendation_engine_test.dart:191:29: Error: The method 'getABTestGroup' isn't defined for the type 'RecommendationEngine'.
   - 'RecommendationEngine' is from 'package:mg_common_game/ml/recommendation_engine.dart' ('lib/ml/recommendation_engine.dart').
  Try correcting the name to the name of an existing method, or defining a method named 'getABTestGroup'.
        final group1 = engine.getABTestGroup(userId, testName);
                              ^^^^^^^^^^^^^^
  test/ml/recommendation_engine_test.dart:192:29: Error: The method 'getABTestGroup' isn't defined for the type 'RecommendationEngine'.
   - 'RecommendationEngine' is from 'package:mg_common_game/ml/recommendation_engine.dart' ('lib/ml/recommendation_engine.dart').
  Try correcting the name to the name of an existing method, or defining a method named 'getABTestGroup'.
        final group2 = engine.getABTestGroup(userId, testName);
                              ^^^^^^^^^^^^^^
  test/ml/recommendation_engine_test.dart:199:20: Error: The method 'registerItem' isn't defined for the type 'RecommendationEngine'.
   - 'RecommendationEngine' is from 'package:mg_common_game/ml/recommendation_engine.dart' ('lib/ml/recommendation_engine.dart').
  Try correcting the name to the name of an existing method, or defining a method named 'registerItem'.
        await engine.registerItem(
                     ^^^^^^^^^^^^
  test/ml/recommendation_engine_test.dart:212:20: Error: The method 'updateUserProfile' isn't defined for the type 'RecommendationEngine'.
   - 'RecommendationEngine' is from 'package:mg_common_game/ml/recommendation_engine.dart' ('lib/ml/recommendation_engine.dart').
  Try correcting the name to the name of an existing method, or defining a method named 'updateUserProfile'.
        await engine.updateUserProfile(
                     ^^^^^^^^^^^^^^^^^
  test/ml/recommendation_engine_test.dart:219:14: Error: The getter 'onRealtimeUpdate' isn't defined for the type 'RecommendationEngine'.
   - 'RecommendationEngine' is from 'package:mg_common_game/ml/recommendation_engine.dart' ('lib/ml/recommendation_engine.dart').
  Try correcting the name to the name of an existing getter, or defining a getter or field named 'onRealtimeUpdate'.
        engine.onRealtimeUpdate.listen((_) {
               ^^^^^^^^^^^^^^^^
  test/ml/recommendation_engine_test.dart:223:20: Error: The method 'recordRating' isn't defined for the type 'RecommendationEngine'.
   - 'RecommendationEngine' is from 'package:mg_common_game/ml/recommendation_engine.dart' ('lib/ml/recommendation_engine.dart').
  Try correcting the name to the name of an existing method, or defining a method named 'recordRating'.
        await engine.recordRating(
                     ^^^^^^^^^^^^
  .
test/platform/platform_adapter_test.dart:16:23: Error: Couldn't find constructor 'Text'.
        mobile: const Text('Mobile'),
                      ^^^^
test/platform/platform_adapter_test.dart:17:23: Error: Couldn't find constructor 'Text'.
        tablet: const Text('Tablet'),
                      ^^^^
test/platform/platform_adapter_test.dart:18:24: Error: Couldn't find constructor 'Text'.
        desktop: const Text('Desktop'),
                       ^^^^
test/platform/platform_adapter_test.dart:21:32: Error: 'LayoutBuilder' isn't a type.
      expect(mobileWidget, isA<LayoutBuilder>());
                               ^^^^^^^^^^^^^
lib/platform/platform_adapter.dart:45:42: Error: The getter 'rootContext' isn't defined for the type 'WidgetsBinding'.
 - 'WidgetsBinding' is from 'package:flutter/src/widgets/binding.dart' ('/C:/Users/USER-5/develop/flutter/packages/flutter/lib/src/widgets/binding.dart').
Try correcting the name to the name of an existing getter, or defining a getter or field named 'rootContext'.
    if (Theme.of(WidgetsBinding.instance.rootContext as BuildContext).platform ==
                                         ^^^^^^^^^^^
lib/platform/platform_adapter.dart:47:42: Error: The getter 'rootContext' isn't defined for the type 'WidgetsBinding'.
 - 'WidgetsBinding' is from 'package:flutter/src/widgets/binding.dart' ('/C:/Users/USER-5/develop/flutter/packages/flutter/lib/src/widgets/binding.dart').
Try correcting the name to the name of an existing getter, or defining a getter or field named 'rootContext'.
        Theme.of(WidgetsBinding.instance.rootContext as BuildContext).platform ==
                                         ^^^^^^^^^^^
00:20 +1382 -25: loading D:/mg-games/repos/mg-common-game/test/platform/platform_adapter_test.dart [E]
  Failed to load "D:/mg-games/repos/mg-common-game/test/platform/platform_adapter_test.dart":
  Compilation failed for testPath=D:/mg-games/repos/mg-common-game/test/platform/platform_adapter_test.dart: test/platform/platform_adapter_test.dart:16:23: Error: Couldn't find constructor 'Text'.
          mobile: const Text('Mobile'),
                        ^^^^
  test/platform/platform_adapter_test.dart:17:23: Error: Couldn't find constructor 'Text'.
          tablet: const Text('Tablet'),
                        ^^^^
  test/platform/platform_adapter_test.dart:18:24: Error: Couldn't find constructor 'Text'.
          desktop: const Text('Desktop'),
                         ^^^^
  test/platform/platform_adapter_test.dart:21:32: Error: 'LayoutBuilder' isn't a type.
        expect(mobileWidget, isA<LayoutBuilder>());
                                 ^^^^^^^^^^^^^
  lib/platform/platform_adapter.dart:45:42: Error: The getter 'rootContext' isn't defined for the type 'WidgetsBinding'.
   - 'WidgetsBinding' is from 'package:flutter/src/widgets/binding.dart' ('/C:/Users/USER-5/develop/flutter/packages/flutter/lib/src/widgets/binding.dart').
  Try correcting the name to the name of an existing getter, or defining a getter or field named 'rootContext'.
      if (Theme.of(WidgetsBinding.instance.rootContext as BuildContext).platform ==
                                           ^^^^^^^^^^^
  lib/platform/platform_adapter.dart:47:42: Error: The getter 'rootContext' isn't defined for the type 'WidgetsBinding'.
   - 'WidgetsBinding' is from 'package:flutter/src/widgets/binding.dart' ('/C:/Users/USER-5/develop/flutter/packages/flutter/lib/src/widgets/binding.dart').
  Try correcting the name to the name of an existing getter, or defining a getter or field named 'rootContext'.
          Theme.of(WidgetsBinding.instance.rootContext as BuildContext).platform ==
                                           ^^^^^^^^^^^
  .
test/social/guild_system_test.dart:93:15: Error: Undefined name 'GuildMemberRole'.
        role: GuildMemberRole.member,
              ^^^^^^^^^^^^^^^
test/social/guild_system_test.dart:22:21: Error: The getter 'leaderId' isn't defined for the type 'Guild'.
 - 'Guild' is from 'package:mg_common_game/social/guild_system.dart' ('lib/social/guild_system.dart').
Try correcting the name to the name of an existing getter, or defining a getter or field named 'leaderId'.
      expect(guild?.leaderId, 'user_001');
                    ^^^^^^^^
test/social/guild_system_test.dart:41:9: Error: No named parameter with the name 'username'.
        username: '테스터2',
        ^^^^^^^^
test/social/guild_system_test.dart:45:41: Error: The method 'getGuild' isn't defined for the type 'GuildManager'.
 - 'GuildManager' is from 'package:mg_common_game/social/guild_system.dart' ('lib/social/guild_system.dart').
Try correcting the name to the name of an existing method, or defining a method named 'getGuild'.
      final updatedGuild = guildManager.getGuild(guild.id);
                                        ^^^^^^^^
test/social/guild_system_test.dart:63:9: Error: No named parameter with the name 'username'.
        username: '테스터2',
        ^^^^^^^^
test/social/guild_system_test.dart:71:9: Error: No named parameter with the name 'approvedBy'.
        approvedBy: 'user_001',
        ^^^^^^^^^^
test/social/guild_system_test.dart:74:41: Error: The method 'getGuild' isn't defined for the type 'GuildManager'.
 - 'GuildManager' is from 'package:mg_common_game/social/guild_system.dart' ('lib/social/guild_system.dart').
Try correcting the name to the name of an existing method, or defining a method named 'getGuild'.
      final updatedGuild = guildManager.getGuild(guild.id);
                                        ^^^^^^^^
test/social/guild_system_test.dart:89:26: Error: The method 'addMember' isn't defined for the type 'GuildManager'.
 - 'GuildManager' is from 'package:mg_common_game/social/guild_system.dart' ('lib/social/guild_system.dart').
Try correcting the name to the name of an existing method, or defining a method named 'addMember'.
      await guildManager.addMember(
                         ^^^^^^^^^
test/social/guild_system_test.dart:96:27: Error: The method 'getGuild' isn't defined for the type 'GuildManager'.
 - 'GuildManager' is from 'package:mg_common_game/social/guild_system.dart' ('lib/social/guild_system.dart').
Try correcting the name to the name of an existing method, or defining a method named 'getGuild'.
      expect(guildManager.getGuild(guild.id)?.members.length, 2);
                          ^^^^^^^^
test/social/guild_system_test.dart:99:26: Error: The method 'kickMember' isn't defined for the type 'GuildManager'.
 - 'GuildManager' is from 'package:mg_common_game/social/guild_system.dart' ('lib/social/guild_system.dart').
Try correcting the name to the name of an existing method, or defining a method named 'kickMember'.
      await guildManager.kickMember(
                         ^^^^^^^^^^
test/social/guild_system_test.dart:105:27: Error: The method 'getGuild' isn't defined for the type 'GuildManager'.
 - 'GuildManager' is from 'package:mg_common_game/social/guild_system.dart' ('lib/social/guild_system.dart').
Try correcting the name to the name of an existing method, or defining a method named 'getGuild'.
      expect(guildManager.getGuild(guild.id)?.members.length, 1);
                          ^^^^^^^^
test/social/guild_system_test.dart:133:32: Error: The method 'getGuildWar' isn't defined for the type 'GuildManager'.
 - 'GuildManager' is from 'package:mg_common_game/social/guild_system.dart' ('lib/social/guild_system.dart').
Try correcting the name to the name of an existing method, or defining a method named 'getGuildWar'.
      final war = guildManager.getGuildWar(warId!);
                               ^^^^^^^^^^^
test/social/guild_system_test.dart:162:26: Error: The method 'recordWarResult' isn't defined for the type 'GuildManager'.
 - 'GuildManager' is from 'package:mg_common_game/social/guild_system.dart' ('lib/social/guild_system.dart').
Try correcting the name to the name of an existing method, or defining a method named 'recordWarResult'.
      await guildManager.recordWarResult(
                         ^^^^^^^^^^^^^^^
test/social/guild_system_test.dart:171:32: Error: The method 'getGuildWar' isn't defined for the type 'GuildManager'.
 - 'GuildManager' is from 'package:mg_common_game/social/guild_system.dart' ('lib/social/guild_system.dart').
Try correcting the name to the name of an existing method, or defining a method named 'getGuildWar'.
      final war = guildManager.getGuildWar(warId);
                               ^^^^^^^^^^^
test/social/guild_system_test.dart:187:37: Error: The method 'getGuildRankings' isn't defined for the type 'GuildManager'.
 - 'GuildManager' is from 'package:mg_common_game/social/guild_system.dart' ('lib/social/guild_system.dart').
Try correcting the name to the name of an existing method, or defining a method named 'getGuildRankings'.
      final rankings = guildManager.getGuildRankings(limit: 10);
                                    ^^^^^^^^^^^^^^^^
test/social/guild_system_test.dart:204:43: Error: The method 'getGuild' isn't defined for the type 'GuildManager'.
 - 'GuildManager' is from 'package:mg_common_game/social/guild_system.dart' ('lib/social/guild_system.dart').
Try correcting the name to the name of an existing method, or defining a method named 'getGuild'.
      final disbandedGuild = guildManager.getGuild(guild.id);
                                          ^^^^^^^^
lib/social/guild_system.dart:253:38: Error: The method 'jsonDecode' isn't defined for the type 'GuildManager'.
 - 'GuildManager' is from 'package:mg_common_game/social/guild_system.dart' ('lib/social/guild_system.dart').
Try correcting the name to the name of an existing method, or defining a method named 'jsonDecode'.
        final guild = Guild.fromJson(jsonDecode(json) as Map<String, dynamic>);
                                     ^^^^^^^^^^
lib/social/guild_system.dart:262:20: Error: The method 'jsonDecode' isn't defined for the type 'GuildManager'.
 - 'GuildManager' is from 'package:mg_common_game/social/guild_system.dart' ('lib/social/guild_system.dart').
Try correcting the name to the name of an existing method, or defining a method named 'jsonDecode'.
      final json = jsonDecode(mapJson) as Map<String, dynamic>;
                   ^^^^^^^^^^
lib/social/guild_system.dart:273:39: Error: The method 'jsonDecode' isn't defined for the type 'GuildManager'.
 - 'GuildManager' is from 'package:mg_common_game/social/guild_system.dart' ('lib/social/guild_system.dart').
Try correcting the name to the name of an existing method, or defining a method named 'jsonDecode'.
        final war = GuildWar.fromJson(jsonDecode(json) as Map<String, dynamic>);
                                      ^^^^^^^^^^
lib/social/guild_system.dart:328:37: Error: The method 'logEvent' isn't defined for the type 'AnalyticsManager'.
 - 'AnalyticsManager' is from 'package:mg_common_game/analytics/analytics_manager.dart' ('lib/analytics/analytics_manager.dart').
Try correcting the name to the name of an existing method, or defining a method named 'logEvent'.
    await AnalyticsManager.instance.logEvent('guild_created', parameters: {
                                    ^^^^^^^^
lib/social/guild_system.dart:734:50: Error: The method 'jsonEncode' isn't defined for the type 'GuildManager'.
 - 'GuildManager' is from 'package:mg_common_game/social/guild_system.dart' ('lib/social/guild_system.dart').
Try correcting the name to the name of an existing method, or defining a method named 'jsonEncode'.
    final guildsJson = _guilds.values.map((g) => jsonEncode(g.toJson())).toList();
                                                 ^^^^^^^^^^
lib/social/guild_system.dart:735:43: Error: The argument type 'List<dynamic>' can't be assigned to the parameter type 'List<String>'.
 - 'List' is from 'dart:core'.
    await _prefs!.setStringList('guilds', guildsJson);
                                          ^
lib/social/guild_system.dart:739:47: Error: The method 'jsonEncode' isn't defined for the type 'GuildManager'.
 - 'GuildManager' is from 'package:mg_common_game/social/guild_system.dart' ('lib/social/guild_system.dart').
Try correcting the name to the name of an existing method, or defining a method named 'jsonEncode'.
    await _prefs!.setString('user_guild_map', jsonEncode(_userGuildMap));
                                              ^^^^^^^^^^
lib/social/guild_system.dart:743:46: Error: The method 'jsonEncode' isn't defined for the type 'GuildManager'.
 - 'GuildManager' is from 'package:mg_common_game/social/guild_system.dart' ('lib/social/guild_system.dart').
Try correcting the name to the name of an existing method, or defining a method named 'jsonEncode'.
    final warsJson = _wars.values.map((w) => jsonEncode(w.toJson())).toList();
                                             ^^^^^^^^^^
lib/social/guild_system.dart:744:47: Error: The argument type 'List<dynamic>' can't be assigned to the parameter type 'List<String>'.
 - 'List' is from 'dart:core'.
    await _prefs!.setStringList('guild_wars', warsJson);
                                              ^
00:21 +1382 -26: loading D:/mg-games/repos/mg-common-game/test/social/guild_system_test.dart [E]
  Failed to load "D:/mg-games/repos/mg-common-game/test/social/guild_system_test.dart":
  Compilation failed for testPath=D:/mg-games/repos/mg-common-game/test/social/guild_system_test.dart: test/social/guild_system_test.dart:93:15: Error: Undefined name 'GuildMemberRole'.
          role: GuildMemberRole.member,
                ^^^^^^^^^^^^^^^
  test/social/guild_system_test.dart:22:21: Error: The getter 'leaderId' isn't defined for the type 'Guild'.
   - 'Guild' is from 'package:mg_common_game/social/guild_system.dart' ('lib/social/guild_system.dart').
  Try correcting the name to the name of an existing getter, or defining a getter or field named 'leaderId'.
        expect(guild?.leaderId, 'user_001');
                      ^^^^^^^^
  test/social/guild_system_test.dart:41:9: Error: No named parameter with the name 'username'.
          username: '테스터2',
          ^^^^^^^^
  test/social/guild_system_test.dart:45:41: Error: The method 'getGuild' isn't defined for the type 'GuildManager'.
   - 'GuildManager' is from 'package:mg_common_game/social/guild_system.dart' ('lib/social/guild_system.dart').
  Try correcting the name to the name of an existing method, or defining a method named 'getGuild'.
        final updatedGuild = guildManager.getGuild(guild.id);
                                          ^^^^^^^^
  test/social/guild_system_test.dart:63:9: Error: No named parameter with the name 'username'.
          username: '테스터2',
          ^^^^^^^^
  test/social/guild_system_test.dart:71:9: Error: No named parameter with the name 'approvedBy'.
          approvedBy: 'user_001',
          ^^^^^^^^^^
  test/social/guild_system_test.dart:74:41: Error: The method 'getGuild' isn't defined for the type 'GuildManager'.
   - 'GuildManager' is from 'package:mg_common_game/social/guild_system.dart' ('lib/social/guild_system.dart').
  Try correcting the name to the name of an existing method, or defining a method named 'getGuild'.
        final updatedGuild = guildManager.getGuild(guild.id);
                                          ^^^^^^^^
  test/social/guild_system_test.dart:89:26: Error: The method 'addMember' isn't defined for the type 'GuildManager'.
   - 'GuildManager' is from 'package:mg_common_game/social/guild_system.dart' ('lib/social/guild_system.dart').
  Try correcting the name to the name of an existing method, or defining a method named 'addMember'.
        await guildManager.addMember(
                           ^^^^^^^^^
  test/social/guild_system_test.dart:96:27: Error: The method 'getGuild' isn't defined for the type 'GuildManager'.
   - 'GuildManager' is from 'package:mg_common_game/social/guild_system.dart' ('lib/social/guild_system.dart').
  Try correcting the name to the name of an existing method, or defining a method named 'getGuild'.
        expect(guildManager.getGuild(guild.id)?.members.length, 2);
                            ^^^^^^^^
  test/social/guild_system_test.dart:99:26: Error: The method 'kickMember' isn't defined for the type 'GuildManager'.
   - 'GuildManager' is from 'package:mg_common_game/social/guild_system.dart' ('lib/social/guild_system.dart').
  Try correcting the name to the name of an existing method, or defining a method named 'kickMember'.
        await guildManager.kickMember(
                           ^^^^^^^^^^
  test/social/guild_system_test.dart:105:27: Error: The method 'getGuild' isn't defined for the type 'GuildManager'.
   - 'GuildManager' is from 'package:mg_common_game/social/guild_system.dart' ('lib/social/guild_system.dart').
  Try correcting the name to the name of an existing method, or defining a method named 'getGuild'.
        expect(guildManager.getGuild(guild.id)?.members.length, 1);
                            ^^^^^^^^
  test/social/guild_system_test.dart:133:32: Error: The method 'getGuildWar' isn't defined for the type 'GuildManager'.
   - 'GuildManager' is from 'package:mg_common_game/social/guild_system.dart' ('lib/social/guild_system.dart').
  Try correcting the name to the name of an existing method, or defining a method named 'getGuildWar'.
        final war = guildManager.getGuildWar(warId!);
                                 ^^^^^^^^^^^
  test/social/guild_system_test.dart:162:26: Error: The method 'recordWarResult' isn't defined for the type 'GuildManager'.
   - 'GuildManager' is from 'package:mg_common_game/social/guild_system.dart' ('lib/social/guild_system.dart').
  Try correcting the name to the name of an existing method, or defining a method named 'recordWarResult'.
        await guildManager.recordWarResult(
                           ^^^^^^^^^^^^^^^
  test/social/guild_system_test.dart:171:32: Error: The method 'getGuildWar' isn't defined for the type 'GuildManager'.
   - 'GuildManager' is from 'package:mg_common_game/social/guild_system.dart' ('lib/social/guild_system.dart').
  Try correcting the name to the name of an existing method, or defining a method named 'getGuildWar'.
        final war = guildManager.getGuildWar(warId);
                                 ^^^^^^^^^^^
  test/social/guild_system_test.dart:187:37: Error: The method 'getGuildRankings' isn't defined for the type 'GuildManager'.
   - 'GuildManager' is from 'package:mg_common_game/social/guild_system.dart' ('lib/social/guild_system.dart').
  Try correcting the name to the name of an existing method, or defining a method named 'getGuildRankings'.
        final rankings = guildManager.getGuildRankings(limit: 10);
                                      ^^^^^^^^^^^^^^^^
  test/social/guild_system_test.dart:204:43: Error: The method 'getGuild' isn't defined for the type 'GuildManager'.
   - 'GuildManager' is from 'package:mg_common_game/social/guild_system.dart' ('lib/social/guild_system.dart').
  Try correcting the name to the name of an existing method, or defining a method named 'getGuild'.
        final disbandedGuild = guildManager.getGuild(guild.id);
                                            ^^^^^^^^
  lib/social/guild_system.dart:253:38: Error: The method 'jsonDecode' isn't defined for the type 'GuildManager'.
   - 'GuildManager' is from 'package:mg_common_game/social/guild_system.dart' ('lib/social/guild_system.dart').
  Try correcting the name to the name of an existing method, or defining a method named 'jsonDecode'.
          final guild = Guild.fromJson(jsonDecode(json) as Map<String, dynamic>);
                                       ^^^^^^^^^^
  lib/social/guild_system.dart:262:20: Error: The method 'jsonDecode' isn't defined for the type 'GuildManager'.
   - 'GuildManager' is from 'package:mg_common_game/social/guild_system.dart' ('lib/social/guild_system.dart').
  Try correcting the name to the name of an existing method, or defining a method named 'jsonDecode'.
        final json = jsonDecode(mapJson) as Map<String, dynamic>;
                     ^^^^^^^^^^
  lib/social/guild_system.dart:273:39: Error: The method 'jsonDecode' isn't defined for the type 'GuildManager'.
   - 'GuildManager' is from 'package:mg_common_game/social/guild_system.dart' ('lib/social/guild_system.dart').
  Try correcting the name to the name of an existing method, or defining a method named 'jsonDecode'.
          final war = GuildWar.fromJson(jsonDecode(json) as Map<String, dynamic>);
                                        ^^^^^^^^^^
  lib/social/guild_system.dart:328:37: Error: The method 'logEvent' isn't defined for the type 'AnalyticsManager'.
   - 'AnalyticsManager' is from 'package:mg_common_game/analytics/analytics_manager.dart' ('lib/analytics/analytics_manager.dart').
  Try correcting the name to the name of an existing method, or defining a method named 'logEvent'.
      await AnalyticsManager.instance.logEvent('guild_created', parameters: {
                                      ^^^^^^^^
  lib/social/guild_system.dart:734:50: Error: The method 'jsonEncode' isn't defined for the type 'GuildManager'.
   - 'GuildManager' is from 'package:mg_common_game/social/guild_system.dart' ('lib/social/guild_system.dart').
  Try correcting the name to the name of an existing method, or defining a method named 'jsonEncode'.
      final guildsJson = _guilds.values.map((g) => jsonEncode(g.toJson())).toList();
                                                   ^^^^^^^^^^
  lib/social/guild_system.dart:735:43: Error: The argument type 'List<dynamic>' can't be assigned to the parameter type 'List<String>'.
   - 'List' is from 'dart:core'.
      await _prefs!.setStringList('guilds', guildsJson);
                                            ^
  lib/social/guild_system.dart:739:47: Error: The method 'jsonEncode' isn't defined for the type 'GuildManager'.
   - 'GuildManager' is from 'package:mg_common_game/social/guild_system.dart' ('lib/social/guild_system.dart').
  Try correcting the name to the name of an existing method, or defining a method named 'jsonEncode'.
      await _prefs!.setString('user_guild_map', jsonEncode(_userGuildMap));
                                                ^^^^^^^^^^
  lib/social/guild_system.dart:743:46: Error: The method 'jsonEncode' isn't defined for the type 'GuildManager'.
   - 'GuildManager' is from 'package:mg_common_game/social/guild_system.dart' ('lib/social/guild_system.dart').
  Try correcting the name to the name of an existing method, or defining a method named 'jsonEncode'.
      final warsJson = _wars.values.map((w) => jsonEncode(w.toJson())).toList();
                                               ^^^^^^^^^^
  lib/social/guild_system.dart:744:47: Error: The argument type 'List<dynamic>' can't be assigned to the parameter type 'List<String>'.
   - 'List' is from 'dart:core'.
      await _prefs!.setStringList('guild_wars', warsJson);
                                                ^
  .
test/social/matchmaking_manager_test.dart:16:9: Error: No named parameter with the name 'username'.
        username: '테스터',
        ^^^^^^^^
lib/social/matchmaking_manager.dart:113:9: Context: Found this candidate, but the arguments don't match.
  const MatchRequest({
        ^^^^^^^^^^^^
test/social/matchmaking_manager_test.dart:50:56: Error: Member not found: 'bronze'.
      expect(matchmaker.getTierForRating(0), MatchTier.bronze);
                                                       ^^^^^^
test/social/matchmaking_manager_test.dart:51:59: Error: Member not found: 'silver'.
      expect(matchmaker.getTierForRating(1200), MatchTier.silver);
                                                          ^^^^^^
test/social/matchmaking_manager_test.dart:52:59: Error: Member not found: 'gold'.
      expect(matchmaker.getTierForRating(1600), MatchTier.gold);
                                                          ^^^^
test/social/matchmaking_manager_test.dart:53:59: Error: Member not found: 'platinum'.
      expect(matchmaker.getTierForRating(2000), MatchTier.platinum);
                                                          ^^^^^^^^
test/social/matchmaking_manager_test.dart:54:59: Error: Member not found: 'diamond'.
      expect(matchmaker.getTierForRating(2400), MatchTier.diamond);
                                                          ^^^^^^^
test/social/matchmaking_manager_test.dart:55:59: Error: Member not found: 'master'.
      expect(matchmaker.getTierForRating(2800), MatchTier.master);
                                                          ^^^^^^
test/social/matchmaking_manager_test.dart:56:59: Error: Member not found: 'challenger'.
      expect(matchmaker.getTierForRating(3200), MatchTier.challenger);
                                                          ^^^^^^^^^^
test/social/matchmaking_manager_test.dart:64:9: Error: No named parameter with the name 'username'.
        username: '플레이어1',
        ^^^^^^^^
lib/social/matchmaking_manager.dart:113:9: Context: Found this candidate, but the arguments don't match.
  const MatchRequest({
        ^^^^^^^^^^^^
test/social/matchmaking_manager_test.dart:73:9: Error: No named parameter with the name 'username'.
        username: '플레이어2',
        ^^^^^^^^
lib/social/matchmaking_manager.dart:113:9: Context: Found this candidate, but the arguments don't match.
  const MatchRequest({
        ^^^^^^^^^^^^
test/social/matchmaking_manager_test.dart:94:9: Error: No named parameter with the name 'username'.
        username: '테스터',
        ^^^^^^^^
lib/social/matchmaking_manager.dart:113:9: Context: Found this candidate, but the arguments don't match.
  const MatchRequest({
        ^^^^^^^^^^^^
test/social/matchmaking_manager_test.dart:22:36: Error: Too many positional arguments: 0 allowed, but 1 found.
Try removing the extra positional arguments.
      await matchmaker.requestMatch(request);
                                   ^
test/social/matchmaking_manager_test.dart:24:33: Error: The method 'getActiveRequest' isn't defined for the type 'MatchmakingManager'.
 - 'MatchmakingManager' is from 'package:mg_common_game/social/matchmaking_manager.dart' ('lib/social/matchmaking_manager.dart').
Try correcting the name to the name of an existing method, or defining a method named 'getActiveRequest'.
      final active = matchmaker.getActiveRequest('user_001');
                                ^^^^^^^^^^^^^^^^
test/social/matchmaking_manager_test.dart:33:39: Error: The method 'calculateNewRating' isn't defined for the type 'MatchmakingManager'.
 - 'MatchmakingManager' is from 'package:mg_common_game/social/matchmaking_manager.dart' ('lib/social/matchmaking_manager.dart').
Try correcting the name to the name of an existing method, or defining a method named 'calculateNewRating'.
      final newRatingWin = matchmaker.calculateNewRating(
                                      ^^^^^^^^^^^^^^^^^^
test/social/matchmaking_manager_test.dart:39:40: Error: The method 'calculateNewRating' isn't defined for the type 'MatchmakingManager'.
 - 'MatchmakingManager' is from 'package:mg_common_game/social/matchmaking_manager.dart' ('lib/social/matchmaking_manager.dart').
Try correcting the name to the name of an existing method, or defining a method named 'calculateNewRating'.
      final newRatingLoss = matchmaker.calculateNewRating(
                                       ^^^^^^^^^^^^^^^^^^
test/social/matchmaking_manager_test.dart:50:25: Error: The method 'getTierForRating' isn't defined for the type 'MatchmakingManager'.
 - 'MatchmakingManager' is from 'package:mg_common_game/social/matchmaking_manager.dart' ('lib/social/matchmaking_manager.dart').
Try correcting the name to the name of an existing method, or defining a method named 'getTierForRating'.
      expect(matchmaker.getTierForRating(0), MatchTier.bronze);
                        ^^^^^^^^^^^^^^^^
test/social/matchmaking_manager_test.dart:51:25: Error: The method 'getTierForRating' isn't defined for the type 'MatchmakingManager'.
 - 'MatchmakingManager' is from 'package:mg_common_game/social/matchmaking_manager.dart' ('lib/social/matchmaking_manager.dart').
Try correcting the name to the name of an existing method, or defining a method named 'getTierForRating'.
      expect(matchmaker.getTierForRating(1200), MatchTier.silver);
                        ^^^^^^^^^^^^^^^^
test/social/matchmaking_manager_test.dart:52:25: Error: The method 'getTierForRating' isn't defined for the type 'MatchmakingManager'.
 - 'MatchmakingManager' is from 'package:mg_common_game/social/matchmaking_manager.dart' ('lib/social/matchmaking_manager.dart').
Try correcting the name to the name of an existing method, or defining a method named 'getTierForRating'.
      expect(matchmaker.getTierForRating(1600), MatchTier.gold);
                        ^^^^^^^^^^^^^^^^
test/social/matchmaking_manager_test.dart:53:25: Error: The method 'getTierForRating' isn't defined for the type 'MatchmakingManager'.
 - 'MatchmakingManager' is from 'package:mg_common_game/social/matchmaking_manager.dart' ('lib/social/matchmaking_manager.dart').
Try correcting the name to the name of an existing method, or defining a method named 'getTierForRating'.
      expect(matchmaker.getTierForRating(2000), MatchTier.platinum);
                        ^^^^^^^^^^^^^^^^
test/social/matchmaking_manager_test.dart:54:25: Error: The method 'getTierForRating' isn't defined for the type 'MatchmakingManager'.
 - 'MatchmakingManager' is from 'package:mg_common_game/social/matchmaking_manager.dart' ('lib/social/matchmaking_manager.dart').
Try correcting the name to the name of an existing method, or defining a method named 'getTierForRating'.
      expect(matchmaker.getTierForRating(2400), MatchTier.diamond);
                        ^^^^^^^^^^^^^^^^
test/social/matchmaking_manager_test.dart:55:25: Error: The method 'getTierForRating' isn't defined for the type 'MatchmakingManager'.
 - 'MatchmakingManager' is from 'package:mg_common_game/social/matchmaking_manager.dart' ('lib/social/matchmaking_manager.dart').
Try correcting the name to the name of an existing method, or defining a method named 'getTierForRating'.
      expect(matchmaker.getTierForRating(2800), MatchTier.master);
                        ^^^^^^^^^^^^^^^^
test/social/matchmaking_manager_test.dart:56:25: Error: The method 'getTierForRating' isn't defined for the type 'MatchmakingManager'.
 - 'MatchmakingManager' is from 'package:mg_common_game/social/matchmaking_manager.dart' ('lib/social/matchmaking_manager.dart').
Try correcting the name to the name of an existing method, or defining a method named 'getTierForRating'.
      expect(matchmaker.getTierForRating(3200), MatchTier.challenger);
                        ^^^^^^^^^^^^^^^^
test/social/matchmaking_manager_test.dart:79:36: Error: Too many positional arguments: 0 allowed, but 1 found.
Try removing the extra positional arguments.
      await matchmaker.requestMatch(request1);
                                   ^
test/social/matchmaking_manager_test.dart:80:36: Error: Too many positional arguments: 0 allowed, but 1 found.
Try removing the extra positional arguments.
      await matchmaker.requestMatch(request2);
                                   ^
test/social/matchmaking_manager_test.dart:82:38: Error: The method 'findMatch' isn't defined for the type 'MatchmakingManager'.
 - 'MatchmakingManager' is from 'package:mg_common_game/social/matchmaking_manager.dart' ('lib/social/matchmaking_manager.dart').
Try correcting the name to the name of an existing method, or defining a method named 'findMatch'.
      final match = await matchmaker.findMatch(
                                     ^^^^^^^^^
test/social/matchmaking_manager_test.dart:100:36: Error: Too many positional arguments: 0 allowed, but 1 found.
Try removing the extra positional arguments.
      await matchmaker.requestMatch(request);
                                   ^
test/social/matchmaking_manager_test.dart:103:14: Error: This expression has type 'void' and can't be used.
      expect(cancelled, true);
             ^
test/social/matchmaking_manager_test.dart:105:33: Error: The method 'getActiveRequest' isn't defined for the type 'MatchmakingManager'.
 - 'MatchmakingManager' is from 'package:mg_common_game/social/matchmaking_manager.dart' ('lib/social/matchmaking_manager.dart').
Try correcting the name to the name of an existing method, or defining a method named 'getActiveRequest'.
      final active = matchmaker.getActiveRequest('user_001');
                                ^^^^^^^^^^^^^^^^
test/social/matchmaking_manager_test.dart:110:24: Error: The method 'recordMatchResult' isn't defined for the type 'MatchmakingManager'.
 - 'MatchmakingManager' is from 'package:mg_common_game/social/matchmaking_manager.dart' ('lib/social/matchmaking_manager.dart').
Try correcting the name to the name of an existing method, or defining a method named 'recordMatchResult'.
      await matchmaker.recordMatchResult(
                       ^^^^^^^^^^^^^^^^^
test/social/matchmaking_manager_test.dart:119:38: Error: The method 'getPlayerStats' isn't defined for the type 'MatchmakingManager'.
 - 'MatchmakingManager' is from 'package:mg_common_game/social/matchmaking_manager.dart' ('lib/social/matchmaking_manager.dart').
Try correcting the name to the name of an existing method, or defining a method named 'getPlayerStats'.
      final winnerStats = matchmaker.getPlayerStats('user_001');
                                     ^^^^^^^^^^^^^^
test/social/matchmaking_manager_test.dart:120:37: Error: The method 'getPlayerStats' isn't defined for the type 'MatchmakingManager'.
 - 'MatchmakingManager' is from 'package:mg_common_game/social/matchmaking_manager.dart' ('lib/social/matchmaking_manager.dart').
Try correcting the name to the name of an existing method, or defining a method named 'getPlayerStats'.
      final loserStats = matchmaker.getPlayerStats('user_002');
                                    ^^^^^^^^^^^^^^
test/social/matchmaking_manager_test.dart:129:26: Error: The method 'recordMatchResult' isn't defined for the type 'MatchmakingManager'.
 - 'MatchmakingManager' is from 'package:mg_common_game/social/matchmaking_manager.dart' ('lib/social/matchmaking_manager.dart').
Try correcting the name to the name of an existing method, or defining a method named 'recordMatchResult'.
        await matchmaker.recordMatchResult(
                         ^^^^^^^^^^^^^^^^^
test/social/matchmaking_manager_test.dart:139:35: Error: The method 'getRankings' isn't defined for the type 'MatchmakingManager'.
 - 'MatchmakingManager' is from 'package:mg_common_game/social/matchmaking_manager.dart' ('lib/social/matchmaking_manager.dart').
Try correcting the name to the name of an existing method, or defining a method named 'getRankings'.
      final rankings = matchmaker.getRankings(
                                  ^^^^^^^^^^^
test/social/matchmaking_manager_test.dart:151:24: Error: The method 'setPlayerReady' isn't defined for the type 'MatchmakingManager'.
 - 'MatchmakingManager' is from 'package:mg_common_game/social/matchmaking_manager.dart' ('lib/social/matchmaking_manager.dart').
Try correcting the name to the name of an existing method, or defining a method named 'setPlayerReady'.
      await matchmaker.setPlayerReady(matchId, 'user_001', true);
                       ^^^^^^^^^^^^^^
test/social/matchmaking_manager_test.dart:152:24: Error: The method 'setPlayerReady' isn't defined for the type 'MatchmakingManager'.
 - 'MatchmakingManager' is from 'package:mg_common_game/social/matchmaking_manager.dart' ('lib/social/matchmaking_manager.dart').
Try correcting the name to the name of an existing method, or defining a method named 'setPlayerReady'.
      await matchmaker.setPlayerReady(matchId, 'user_002', true);
                       ^^^^^^^^^^^^^^
test/social/matchmaking_manager_test.dart:154:41: Error: The method 'checkAllReady' isn't defined for the type 'MatchmakingManager'.
 - 'MatchmakingManager' is from 'package:mg_common_game/social/matchmaking_manager.dart' ('lib/social/matchmaking_manager.dart').
Try correcting the name to the name of an existing method, or defining a method named 'checkAllReady'.
      final allReady = await matchmaker.checkAllReady(matchId);
                                        ^^^^^^^^^^^^^
lib/social/matchmaking_manager.dart:195:20: Error: The method 'jsonDecode' isn't defined for the type 'MatchmakingManager'.
 - 'MatchmakingManager' is from 'package:mg_common_game/social/matchmaking_manager.dart' ('lib/social/matchmaking_manager.dart').
Try correcting the name to the name of an existing method, or defining a method named 'jsonDecode'.
      final json = jsonDecode(ratingsJson) as Map<String, dynamic>;
                   ^^^^^^^^^^
lib/social/matchmaking_manager.dart:242:37: Error: The method 'logEvent' isn't defined for the type 'AnalyticsManager'.
 - 'AnalyticsManager' is from 'package:mg_common_game/analytics/analytics_manager.dart' ('lib/analytics/analytics_manager.dart').
Try correcting the name to the name of an existing method, or defining a method named 'logEvent'.
    await AnalyticsManager.instance.logEvent('match_requested', parameters: {
                                    ^^^^^^^^
lib/social/matchmaking_manager.dart:378:31: Error: The method 'logEvent' isn't defined for the type 'AnalyticsManager'.
 - 'AnalyticsManager' is from 'package:mg_common_game/analytics/analytics_manager.dart' ('lib/analytics/analytics_manager.dart').
Try correcting the name to the name of an existing method, or defining a method named 'logEvent'.
    AnalyticsManager.instance.logEvent('match_found', parameters: {
                              ^^^^^^^^
lib/social/matchmaking_manager.dart:418:37: Error: The method 'logEvent' isn't defined for the type 'AnalyticsManager'.
 - 'AnalyticsManager' is from 'package:mg_common_game/analytics/analytics_manager.dart' ('lib/analytics/analytics_manager.dart').
Try correcting the name to the name of an existing method, or defining a method named 'logEvent'.
    await AnalyticsManager.instance.logEvent('match_completed', parameters: {
                                    ^^^^^^^^
lib/social/matchmaking_manager.dart:497:47: Error: The method 'jsonEncode' isn't defined for the type 'MatchmakingManager'.
 - 'MatchmakingManager' is from 'package:mg_common_game/social/matchmaking_manager.dart' ('lib/social/matchmaking_manager.dart').
Try correcting the name to the name of an existing method, or defining a method named 'jsonEncode'.
    await _prefs!.setString('player_ratings', jsonEncode(_playerRatings));
                                              ^^^^^^^^^^
00:22 +1382 -27: loading D:/mg-games/repos/mg-common-game/test/social/matchmaking_manager_test.dart [E]
  Failed to load "D:/mg-games/repos/mg-common-game/test/social/matchmaking_manager_test.dart":
  Compilation failed for testPath=D:/mg-games/repos/mg-common-game/test/social/matchmaking_manager_test.dart: test/social/matchmaking_manager_test.dart:16:9: Error: No named parameter with the name 'username'.
          username: '테스터',
          ^^^^^^^^
  lib/social/matchmaking_manager.dart:113:9: Context: Found this candidate, but the arguments don't match.
    const MatchRequest({
          ^^^^^^^^^^^^
  test/social/matchmaking_manager_test.dart:50:56: Error: Member not found: 'bronze'.
        expect(matchmaker.getTierForRating(0), MatchTier.bronze);
                                                         ^^^^^^
  test/social/matchmaking_manager_test.dart:51:59: Error: Member not found: 'silver'.
        expect(matchmaker.getTierForRating(1200), MatchTier.silver);
                                                            ^^^^^^
  test/social/matchmaking_manager_test.dart:52:59: Error: Member not found: 'gold'.
        expect(matchmaker.getTierForRating(1600), MatchTier.gold);
                                                            ^^^^
  test/social/matchmaking_manager_test.dart:53:59: Error: Member not found: 'platinum'.
        expect(matchmaker.getTierForRating(2000), MatchTier.platinum);
                                                            ^^^^^^^^
  test/social/matchmaking_manager_test.dart:54:59: Error: Member not found: 'diamond'.
        expect(matchmaker.getTierForRating(2400), MatchTier.diamond);
                                                            ^^^^^^^
  test/social/matchmaking_manager_test.dart:55:59: Error: Member not found: 'master'.
        expect(matchmaker.getTierForRating(2800), MatchTier.master);
                                                            ^^^^^^
  test/social/matchmaking_manager_test.dart:56:59: Error: Member not found: 'challenger'.
        expect(matchmaker.getTierForRating(3200), MatchTier.challenger);
                                                            ^^^^^^^^^^
  test/social/matchmaking_manager_test.dart:64:9: Error: No named parameter with the name 'username'.
          username: '플레이어1',
          ^^^^^^^^
  lib/social/matchmaking_manager.dart:113:9: Context: Found this candidate, but the arguments don't match.
    const MatchRequest({
          ^^^^^^^^^^^^
  test/social/matchmaking_manager_test.dart:73:9: Error: No named parameter with the name 'username'.
          username: '플레이어2',
          ^^^^^^^^
  lib/social/matchmaking_manager.dart:113:9: Context: Found this candidate, but the arguments don't match.
    const MatchRequest({
          ^^^^^^^^^^^^
  test/social/matchmaking_manager_test.dart:94:9: Error: No named parameter with the name 'username'.
          username: '테스터',
          ^^^^^^^^
  lib/social/matchmaking_manager.dart:113:9: Context: Found this candidate, but the arguments don't match.
    const MatchRequest({
          ^^^^^^^^^^^^
  test/social/matchmaking_manager_test.dart:22:36: Error: Too many positional arguments: 0 allowed, but 1 found.
  Try removing the extra positional arguments.
        await matchmaker.requestMatch(request);
                                     ^
  test/social/matchmaking_manager_test.dart:24:33: Error: The method 'getActiveRequest' isn't defined for the type 'MatchmakingManager'.
   - 'MatchmakingManager' is from 'package:mg_common_game/social/matchmaking_manager.dart' ('lib/social/matchmaking_manager.dart').
  Try correcting the name to the name of an existing method, or defining a method named 'getActiveRequest'.
        final active = matchmaker.getActiveRequest('user_001');
                                  ^^^^^^^^^^^^^^^^
  test/social/matchmaking_manager_test.dart:33:39: Error: The method 'calculateNewRating' isn't defined for the type 'MatchmakingManager'.
   - 'MatchmakingManager' is from 'package:mg_common_game/social/matchmaking_manager.dart' ('lib/social/matchmaking_manager.dart').
  Try correcting the name to the name of an existing method, or defining a method named 'calculateNewRating'.
        final newRatingWin = matchmaker.calculateNewRating(
                                        ^^^^^^^^^^^^^^^^^^
  test/social/matchmaking_manager_test.dart:39:40: Error: The method 'calculateNewRating' isn't defined for the type 'MatchmakingManager'.
   - 'MatchmakingManager' is from 'package:mg_common_game/social/matchmaking_manager.dart' ('lib/social/matchmaking_manager.dart').
  Try correcting the name to the name of an existing method, or defining a method named 'calculateNewRating'.
        final newRatingLoss = matchmaker.calculateNewRating(
                                         ^^^^^^^^^^^^^^^^^^
  test/social/matchmaking_manager_test.dart:50:25: Error: The method 'getTierForRating' isn't defined for the type 'MatchmakingManager'.
   - 'MatchmakingManager' is from 'package:mg_common_game/social/matchmaking_manager.dart' ('lib/social/matchmaking_manager.dart').
  Try correcting the name to the name of an existing method, or defining a method named 'getTierForRating'.
        expect(matchmaker.getTierForRating(0), MatchTier.bronze);
                          ^^^^^^^^^^^^^^^^
  test/social/matchmaking_manager_test.dart:51:25: Error: The method 'getTierForRating' isn't defined for the type 'MatchmakingManager'.
   - 'MatchmakingManager' is from 'package:mg_common_game/social/matchmaking_manager.dart' ('lib/social/matchmaking_manager.dart').
  Try correcting the name to the name of an existing method, or defining a method named 'getTierForRating'.
        expect(matchmaker.getTierForRating(1200), MatchTier.silver);
                          ^^^^^^^^^^^^^^^^
  test/social/matchmaking_manager_test.dart:52:25: Error: The method 'getTierForRating' isn't defined for the type 'MatchmakingManager'.
   - 'MatchmakingManager' is from 'package:mg_common_game/social/matchmaking_manager.dart' ('lib/social/matchmaking_manager.dart').
  Try correcting the name to the name of an existing method, or defining a method named 'getTierForRating'.
        expect(matchmaker.getTierForRating(1600), MatchTier.gold);
                          ^^^^^^^^^^^^^^^^
  test/social/matchmaking_manager_test.dart:53:25: Error: The method 'getTierForRating' isn't defined for the type 'MatchmakingManager'.
   - 'MatchmakingManager' is from 'package:mg_common_game/social/matchmaking_manager.dart' ('lib/social/matchmaking_manager.dart').
  Try correcting the name to the name of an existing method, or defining a method named 'getTierForRating'.
        expect(matchmaker.getTierForRating(2000), MatchTier.platinum);
                          ^^^^^^^^^^^^^^^^
  test/social/matchmaking_manager_test.dart:54:25: Error: The method 'getTierForRating' isn't defined for the type 'MatchmakingManager'.
   - 'MatchmakingManager' is from 'package:mg_common_game/social/matchmaking_manager.dart' ('lib/social/matchmaking_manager.dart').
  Try correcting the name to the name of an existing method, or defining a method named 'getTierForRating'.
        expect(matchmaker.getTierForRating(2400), MatchTier.diamond);
                          ^^^^^^^^^^^^^^^^
  test/social/matchmaking_manager_test.dart:55:25: Error: The method 'getTierForRating' isn't defined for the type 'MatchmakingManager'.
   - 'MatchmakingManager' is from 'package:mg_common_game/social/matchmaking_manager.dart' ('lib/social/matchmaking_manager.dart').
  Try correcting the name to the name of an existing method, or defining a method named 'getTierForRating'.
        expect(matchmaker.getTierForRating(2800), MatchTier.master);
                          ^^^^^^^^^^^^^^^^
  test/social/matchmaking_manager_test.dart:56:25: Error: The method 'getTierForRating' isn't defined for the type 'MatchmakingManager'.
   - 'MatchmakingManager' is from 'package:mg_common_game/social/matchmaking_manager.dart' ('lib/social/matchmaking_manager.dart').
  Try correcting the name to the name of an existing method, or defining a method named 'getTierForRating'.
        expect(matchmaker.getTierForRating(3200), MatchTier.challenger);
                          ^^^^^^^^^^^^^^^^
  test/social/matchmaking_manager_test.dart:79:36: Error: Too many positional arguments: 0 allowed, but 1 found.
  Try removing the extra positional arguments.
        await matchmaker.requestMatch(request1);
                                     ^
  test/social/matchmaking_manager_test.dart:80:36: Error: Too many positional arguments: 0 allowed, but 1 found.
  Try removing the extra positional arguments.
        await matchmaker.requestMatch(request2);
                                     ^
  test/social/matchmaking_manager_test.dart:82:38: Error: The method 'findMatch' isn't defined for the type 'MatchmakingManager'.
   - 'MatchmakingManager' is from 'package:mg_common_game/social/matchmaking_manager.dart' ('lib/social/matchmaking_manager.dart').
  Try correcting the name to the name of an existing method, or defining a method named 'findMatch'.
        final match = await matchmaker.findMatch(
                                       ^^^^^^^^^
  test/social/matchmaking_manager_test.dart:100:36: Error: Too many positional arguments: 0 allowed, but 1 found.
  Try removing the extra positional arguments.
        await matchmaker.requestMatch(request);
                                     ^
  test/social/matchmaking_manager_test.dart:103:14: Error: This expression has type 'void' and can't be used.
        expect(cancelled, true);
               ^
  test/social/matchmaking_manager_test.dart:105:33: Error: The method 'getActiveRequest' isn't defined for the type 'MatchmakingManager'.
   - 'MatchmakingManager' is from 'package:mg_common_game/social/matchmaking_manager.dart' ('lib/social/matchmaking_manager.dart').
  Try correcting the name to the name of an existing method, or defining a method named 'getActiveRequest'.
        final active = matchmaker.getActiveRequest('user_001');
                                  ^^^^^^^^^^^^^^^^
  test/social/matchmaking_manager_test.dart:110:24: Error: The method 'recordMatchResult' isn't defined for the type 'MatchmakingManager'.
   - 'MatchmakingManager' is from 'package:mg_common_game/social/matchmaking_manager.dart' ('lib/social/matchmaking_manager.dart').
  Try correcting the name to the name of an existing method, or defining a method named 'recordMatchResult'.
        await matchmaker.recordMatchResult(
                         ^^^^^^^^^^^^^^^^^
  test/social/matchmaking_manager_test.dart:119:38: Error: The method 'getPlayerStats' isn't defined for the type 'MatchmakingManager'.
   - 'MatchmakingManager' is from 'package:mg_common_game/social/matchmaking_manager.dart' ('lib/social/matchmaking_manager.dart').
  Try correcting the name to the name of an existing method, or defining a method named 'getPlayerStats'.
        final winnerStats = matchmaker.getPlayerStats('user_001');
                                       ^^^^^^^^^^^^^^
  test/social/matchmaking_manager_test.dart:120:37: Error: The method 'getPlayerStats' isn't defined for the type 'MatchmakingManager'.
   - 'MatchmakingManager' is from 'package:mg_common_game/social/matchmaking_manager.dart' ('lib/social/matchmaking_manager.dart').
  Try correcting the name to the name of an existing method, or defining a method named 'getPlayerStats'.
        final loserStats = matchmaker.getPlayerStats('user_002');
                                      ^^^^^^^^^^^^^^
  test/social/matchmaking_manager_test.dart:129:26: Error: The method 'recordMatchResult' isn't defined for the type 'MatchmakingManager'.
   - 'MatchmakingManager' is from 'package:mg_common_game/social/matchmaking_manager.dart' ('lib/social/matchmaking_manager.dart').
  Try correcting the name to the name of an existing method, or defining a method named 'recordMatchResult'.
          await matchmaker.recordMatchResult(
                           ^^^^^^^^^^^^^^^^^
  test/social/matchmaking_manager_test.dart:139:35: Error: The method 'getRankings' isn't defined for the type 'MatchmakingManager'.
   - 'MatchmakingManager' is from 'package:mg_common_game/social/matchmaking_manager.dart' ('lib/social/matchmaking_manager.dart').
  Try correcting the name to the name of an existing method, or defining a method named 'getRankings'.
        final rankings = matchmaker.getRankings(
                                    ^^^^^^^^^^^
  test/social/matchmaking_manager_test.dart:151:24: Error: The method 'setPlayerReady' isn't defined for the type 'MatchmakingManager'.
   - 'MatchmakingManager' is from 'package:mg_common_game/social/matchmaking_manager.dart' ('lib/social/matchmaking_manager.dart').
  Try correcting the name to the name of an existing method, or defining a method named 'setPlayerReady'.
        await matchmaker.setPlayerReady(matchId, 'user_001', true);
                         ^^^^^^^^^^^^^^
  test/social/matchmaking_manager_test.dart:152:24: Error: The method 'setPlayerReady' isn't defined for the type 'MatchmakingManager'.
   - 'MatchmakingManager' is from 'package:mg_common_game/social/matchmaking_manager.dart' ('lib/social/matchmaking_manager.dart').
  Try correcting the name to the name of an existing method, or defining a method named 'setPlayerReady'.
        await matchmaker.setPlayerReady(matchId, 'user_002', true);
                         ^^^^^^^^^^^^^^
  test/social/matchmaking_manager_test.dart:154:41: Error: The method 'checkAllReady' isn't defined for the type 'MatchmakingManager'.
   - 'MatchmakingManager' is from 'package:mg_common_game/social/matchmaking_manager.dart' ('lib/social/matchmaking_manager.dart').
  Try correcting the name to the name of an existing method, or defining a method named 'checkAllReady'.
        final allReady = await matchmaker.checkAllReady(matchId);
                                          ^^^^^^^^^^^^^
  lib/social/matchmaking_manager.dart:195:20: Error: The method 'jsonDecode' isn't defined for the type 'MatchmakingManager'.
   - 'MatchmakingManager' is from 'package:mg_common_game/social/matchmaking_manager.dart' ('lib/social/matchmaking_manager.dart').
  Try correcting the name to the name of an existing method, or defining a method named 'jsonDecode'.
        final json = jsonDecode(ratingsJson) as Map<String, dynamic>;
                     ^^^^^^^^^^
  lib/social/matchmaking_manager.dart:242:37: Error: The method 'logEvent' isn't defined for the type 'AnalyticsManager'.
   - 'AnalyticsManager' is from 'package:mg_common_game/analytics/analytics_manager.dart' ('lib/analytics/analytics_manager.dart').
  Try correcting the name to the name of an existing method, or defining a method named 'logEvent'.
      await AnalyticsManager.instance.logEvent('match_requested', parameters: {
                                      ^^^^^^^^
  lib/social/matchmaking_manager.dart:378:31: Error: The method 'logEvent' isn't defined for the type 'AnalyticsManager'.
   - 'AnalyticsManager' is from 'package:mg_common_game/analytics/analytics_manager.dart' ('lib/analytics/analytics_manager.dart').
  Try correcting the name to the name of an existing method, or defining a method named 'logEvent'.
      AnalyticsManager.instance.logEvent('match_found', parameters: {
                                ^^^^^^^^
  lib/social/matchmaking_manager.dart:418:37: Error: The method 'logEvent' isn't defined for the type 'AnalyticsManager'.
   - 'AnalyticsManager' is from 'package:mg_common_game/analytics/analytics_manager.dart' ('lib/analytics/analytics_manager.dart').
  Try correcting the name to the name of an existing method, or defining a method named 'logEvent'.
      await AnalyticsManager.instance.logEvent('match_completed', parameters: {
                                      ^^^^^^^^
  lib/social/matchmaking_manager.dart:497:47: Error: The method 'jsonEncode' isn't defined for the type 'MatchmakingManager'.
   - 'MatchmakingManager' is from 'package:mg_common_game/social/matchmaking_manager.dart' ('lib/social/matchmaking_manager.dart').
  Try correcting the name to the name of an existing method, or defining a method named 'jsonEncode'.
      await _prefs!.setString('player_ratings', jsonEncode(_playerRatings));
                                                ^^^^^^^^^^
  .
00:24 +1382 -27: D:/mg-games/repos/mg-common-game/test/systems/ab_test/ab_test_manager_test.dart: ExperimentVariant 기본 생성
00:24 +1383 -27: D:/mg-games/repos/mg-common-game/test/systems/ab_test/ab_test_manager_test.dart: ExperimentVariant 파라미터와 가중치
00:24 +1384 -27: D:/mg-games/repos/mg-common-game/test/systems/ab_test/ab_test_manager_test.dart: ExperimentVariant JSON 직렬화
00:24 +1385 -27: D:/mg-games/repos/mg-common-game/test/systems/ab_test/ab_test_manager_test.dart: ExperimentVariant toString
00:24 +1386 -27: D:/mg-games/repos/mg-common-game/test/systems/ab_test/ab_test_manager_test.dart: ExperimentConfig 기본 생성
00:24 +1387 -27: D:/mg-games/repos/mg-common-game/test/systems/ab_test/ab_test_manager_test.dart: ExperimentConfig controlVariant
00:24 +1388 -27: D:/mg-games/repos/mg-common-game/test/systems/ab_test/ab_test_manager_test.dart: ExperimentConfig totalWeight
00:24 +1389 -27: D:/mg-games/repos/mg-common-game/test/systems/ab_test/ab_test_manager_test.dart: ExperimentConfig isActive - draft
00:24 +1390 -27: D:/mg-games/repos/mg-common-game/test/systems/ab_test/ab_test_manager_test.dart: ExperimentConfig isActive - running
00:24 +1391 -27: D:/mg-games/repos/mg-common-game/test/systems/ab_test/ab_test_manager_test.dart: ExperimentConfig isActive - 시작 전
00:24 +1392 -27: D:/mg-games/repos/mg-common-game/test/systems/ab_test/ab_test_manager_test.dart: ExperimentConfig isActive - 종료 후
00:24 +1393 -27: D:/mg-games/repos/mg-common-game/test/systems/ab_test/ab_test_manager_test.dart: ExperimentConfig JSON 직렬화
00:24 +1394 -27: D:/mg-games/repos/mg-common-game/test/systems/ab_test/ab_test_manager_test.dart: ExperimentConfig copyWith
00:24 +1395 -27: D:/mg-games/repos/mg-common-game/test/systems/ab_test/ab_test_manager_test.dart: UserExperimentAssignment JSON 직렬화
00:24 +1396 -27: D:/mg-games/repos/mg-common-game/test/systems/ab_test/ab_test_manager_test.dart: ExperimentEvent JSON 직렬화
00:24 +1397 -27: D:/mg-games/repos/mg-common-game/test/systems/ab_test/ab_test_manager_test.dart: VariantMetrics 기본 생성 및 JSON
00:24 +1398 -27: D:/mg-games/repos/mg-common-game/test/systems/ab_test/ab_test_manager_test.dart: SimpleABTest getRandomVariant
00:24 +1399 -27: D:/mg-games/repos/mg-common-game/test/systems/ab_test/ab_test_manager_test.dart: SimpleABTest getVariantForUser - 일관성
00:24 +1400 -27: D:/mg-games/repos/mg-common-game/test/systems/ab_test/ab_test_manager_test.dart: SimpleABTest getWeightedVariant
00:24 +1401 -27: D:/mg-games/repos/mg-common-game/test/systems/ab_test/ab_test_manager_test.dart: ABTestManager 유저 설정
00:24 +1402 -27: D:/mg-games/repos/mg-common-game/test/systems/ab_test/ab_test_manager_test.dart: ABTestManager 유저 변경 시 할당 클리어
Experiment registered: exp1 (Experiment 1)
00:24 +1403 -27: D:/mg-games/repos/mg-common-game/test/systems/ab_test/ab_test_manager_test.dart: ABTestManager 실험 등록
Experiment registered: exp1 (Experiment 1)
00:24 +1404 -27: D:/mg-games/repos/mg-common-game/test/systems/ab_test/ab_test_manager_test.dart: ABTestManager 여러 실험 등록
2 experiments registered
00:24 +1405 -27: D:/mg-games/repos/mg-common-game/test/systems/ab_test/ab_test_manager_test.dart: ABTestManager 실험 제거
Experiment registered: exp1 (Experiment 1)
00:24 +1406 -27: D:/mg-games/repos/mg-common-game/test/systems/ab_test/ab_test_manager_test.dart: ABTestManager 활성 실험 필터링
2 experiments registered
00:24 +1407 -27: D:/mg-games/repos/mg-common-game/test/systems/ab_test/ab_test_manager_test.dart: ABTestManager 변형 할당 - 미등록 실험
Experiment not found: nonexistent
00:24 +1408 -27: D:/mg-games/repos/mg-common-game/test/systems/ab_test/ab_test_manager_test.dart: ABTestManager 변형 할당 - 비활성 실험
Experiment registered: exp1 (Experiment 1)
00:24 +1409 -27: D:/mg-games/repos/mg-common-game/test/systems/ab_test/ab_test_manager_test.dart: ABTestManager 변형 할당 - 활성 실험
Experiment registered: exp1 (Experiment 1)
00:24 +1410 -27: D:/mg-games/repos/mg-common-game/test/systems/ab_test/ab_test_manager_test.dart: ABTestManager 변형 할당 - 캐시 사용
Experiment registered: exp1 (Experiment 1)
00:24 +1411 -27: D:/mg-games/repos/mg-common-game/test/systems/ab_test/ab_test_manager_test.dart: ABTestManager 변형 할당 - 유저 ID 해시 일관성
Experiment registered: exp1 (Experiment 1)
Experiment registered: exp1 (Experiment 1)
00:24 +1412 -27: D:/mg-games/repos/mg-common-game/test/systems/ab_test/ab_test_manager_test.dart: ABTestManager getVariantSync
Experiment registered: exp1 (Experiment 1)
00:24 +1413 -27: D:/mg-games/repos/mg-common-game/test/systems/ab_test/ab_test_manager_test.dart: ABTestManager getParameter
Experiment registered: exp1 (Experiment 1)
00:24 +1414 -27: D:/mg-games/repos/mg-common-game/test/systems/ab_test/ab_test_manager_test.dart: ABTestManager isVariant
Experiment registered: exp1 (Experiment 1)
00:24 +1415 -27: D:/mg-games/repos/mg-common-game/test/systems/ab_test/ab_test_manager_test.dart: ABTestManager isControl
Experiment registered: exp1 (Experiment 1)
00:24 +1416 -27: D:/mg-games/repos/mg-common-game/test/systems/ab_test/ab_test_manager_test.dart: ABTestManager 오버라이드
Experiment registered: exp1 (Experiment 1)
00:24 +1417 -27: D:/mg-games/repos/mg-common-game/test/systems/ab_test/ab_test_manager_test.dart: ABTestManager 오버라이드 제거
Experiment registered: exp1 (Experiment 1)
00:24 +1418 -27: D:/mg-games/repos/mg-common-game/test/systems/ab_test/ab_test_manager_test.dart: ABTestManager 모든 오버라이드 클리어
00:24 +1419 -27: D:/mg-games/repos/mg-common-game/test/systems/ab_test/ab_test_manager_test.dart: ABTestManager 이벤트 추적
Experiment registered: exp1 (Experiment 1)
00:24 +1420 -27: D:/mg-games/repos/mg-common-game/test/systems/ab_test/ab_test_manager_test.dart: ABTestManager 전환 이벤트 추적
Experiment registered: exp1 (Experiment 1)
00:24 +1421 -27: D:/mg-games/repos/mg-common-game/test/systems/ab_test/ab_test_manager_test.dart: ABTestManager 모든 실험에 이벤트 추적
2 experiments registered
00:24 +1422 -27: D:/mg-games/repos/mg-common-game/test/systems/ab_test/ab_test_manager_test.dart: ABTestManager 추적 이벤트 클리어
Experiment registered: exp1 (Experiment 1)
00:24 +1423 -27: D:/mg-games/repos/mg-common-game/test/systems/ab_test/ab_test_manager_test.dart: ABTestManager JSON 저장/복원
Experiment registered: exp1 (Experiment 1)
00:24 +1424 -27: D:/mg-games/repos/mg-common-game/test/systems/ab_test/ab_test_manager_test.dart: ABTestManager 전체 클리어
Experiment registered: exp1 (Experiment 1)
00:24 +1425 -27: D:/mg-games/repos/mg-common-game/test/systems/ab_test/ab_test_manager_test.dart: ABTestManager ChangeNotifier 동작
Experiment registered: exp1 (Experiment 1)
00:24 +1426 -27: D:/mg-games/repos/mg-common-game/test/systems/ab_test/ab_test_manager_test.dart: ABTestManager - 트래픽 비율 100% 트래픽
Experiment registered: exp1 (Experiment 1)
00:24 +1427 -27: D:/mg-games/repos/mg-common-game/test/systems/ab_test/ab_test_manager_test.dart: ABTestManager - 트래픽 비율 0% 트래픽
Experiment registered: exp1 (Experiment 1)
00:24 +1428 -27: D:/mg-games/repos/mg-common-game/test/systems/ab_test/ab_test_manager_test.dart: ABTestManager - 가중치 기반 할당 가중치에 따른 분포
Experiment registered: exp1 (Experiment 1)
Experiment registered: exp1 (Experiment 1)
Experiment registered: exp1 (Experiment 1)
Experiment registered: exp1 (Experiment 1)
Experiment registered: exp1 (Experiment 1)
Experiment registered: exp1 (Experiment 1)
Experiment registered: exp1 (Experiment 1)
Experiment registered: exp1 (Experiment 1)
Experiment registered: exp1 (Experiment 1)
Experiment registered: exp1 (Experiment 1)
Experiment registered: exp1 (Experiment 1)
Experiment registered: exp1 (Experiment 1)
Experiment registered: exp1 (Experiment 1)
Experiment registered: exp1 (Experiment 1)
Experiment registered: exp1 (Experiment 1)
Experiment registered: exp1 (Experiment 1)
Experiment registered: exp1 (Experiment 1)
Experiment registered: exp1 (Experiment 1)
Experiment registered: exp1 (Experiment 1)
Experiment registered: exp1 (Experiment 1)
Experiment registered: exp1 (Experiment 1)
Experiment registered: exp1 (Experiment 1)
Experiment registered: exp1 (Experiment 1)
Experiment registered: exp1 (Experiment 1)
Experiment registered: exp1 (Experiment 1)
Experiment registered: exp1 (Experiment 1)
Experiment registered: exp1 (Experiment 1)
Experiment registered: exp1 (Experiment 1)
Experiment registered: exp1 (Experiment 1)
Experiment registered: exp1 (Experiment 1)
Experiment registered: exp1 (Experiment 1)
Experiment registered: exp1 (Experiment 1)
Experiment registered: exp1 (Experiment 1)
Experiment registered: exp1 (Experiment 1)
Experiment registered: exp1 (Experiment 1)
Experiment registered: exp1 (Experiment 1)
Experiment registered: exp1 (Experiment 1)
Experiment registered: exp1 (Experiment 1)
Experiment registered: exp1 (Experiment 1)
Experiment registered: exp1 (Experiment 1)
Experiment registered: exp1 (Experiment 1)
Experiment registered: exp1 (Experiment 1)
Experiment registered: exp1 (Experiment 1)
Experiment registered: exp1 (Experiment 1)
Experiment registered: exp1 (Experiment 1)
Experiment registered: exp1 (Experiment 1)
Experiment registered: exp1 (Experiment 1)
Experiment registered: exp1 (Experiment 1)
Experiment registered: exp1 (Experiment 1)
Experiment registered: exp1 (Experiment 1)
Experiment registered: exp1 (Experiment 1)
Experiment registered: exp1 (Experiment 1)
Experiment registered: exp1 (Experiment 1)
Experiment registered: exp1 (Experiment 1)
Experiment registered: exp1 (Experiment 1)
Experiment registered: exp1 (Experiment 1)
Experiment registered: exp1 (Experiment 1)
Experiment registered: exp1 (Experiment 1)
Experiment registered: exp1 (Experiment 1)
Experiment registered: exp1 (Experiment 1)
Experiment registered: exp1 (Experiment 1)
Experiment registered: exp1 (Experiment 1)
Experiment registered: exp1 (Experiment 1)
Experiment registered: exp1 (Experiment 1)
Experiment registered: exp1 (Experiment 1)
Experiment registered: exp1 (Experiment 1)
Experiment registered: exp1 (Experiment 1)
Experiment registered: exp1 (Experiment 1)
Experiment registered: exp1 (Experiment 1)
Experiment registered: exp1 (Experiment 1)
Experiment registered: exp1 (Experiment 1)
Experiment registered: exp1 (Experiment 1)
Experiment registered: exp1 (Experiment 1)
Experiment registered: exp1 (Experiment 1)
Experiment registered: exp1 (Experiment 1)
Experiment registered: exp1 (Experiment 1)
Experiment registered: exp1 (Experiment 1)
Experiment registered: exp1 (Experiment 1)
00:24 +1429 -27: D:/mg-games/repos/mg-common-game/test/systems/ab_test/ab_test_manager_test.dart: ABTestManager - 가중치 기반 할당 가중치에 따른 분포
Experiment registered: exp1 (Experiment 1)
Experiment registered: exp1 (Experiment 1)
Experiment registered: exp1 (Experiment 1)
Experiment registered: exp1 (Experiment 1)
Experiment registered: exp1 (Experiment 1)
Experiment registered: exp1 (Experiment 1)
Experiment registered: exp1 (Experiment 1)
Experiment registered: exp1 (Experiment 1)
Experiment registered: exp1 (Experiment 1)
Experiment registered: exp1 (Experiment 1)
Experiment registered: exp1 (Experiment 1)
Experiment registered: exp1 (Experiment 1)
Experiment registered: exp1 (Experiment 1)
Experiment registered: exp1 (Experiment 1)
Experiment registered: exp1 (Experiment 1)
00:24 +1430 -27: D:/mg-games/repos/mg-common-game/test/systems/ab_test/ab_test_manager_test.dart: ABTestManager - 가중치 기반 할당 가중치에 따른 분포
Experiment registered: exp1 (Experiment 1)
Experiment registered: exp1 (Experiment 1)
Experiment registered: exp1 (Experiment 1)
Experiment registered: exp1 (Experiment 1)
Experiment registered: exp1 (Experiment 1)
Experiment registered: exp1 (Experiment 1)
Experiment registered: exp1 (Experiment 1)
Experiment registered: exp1 (Experiment 1)
Experiment registered: exp1 (Experiment 1)
Experiment registered: exp1 (Experiment 1)
Experiment registered: exp1 (Experiment 1)
Experiment registered: exp1 (Experiment 1)
Experiment registered: exp1 (Experiment 1)
Experiment registered: exp1 (Experiment 1)
Experiment registered: exp1 (Experiment 1)
Experiment registered: exp1 (Experiment 1)
Experiment registered: exp1 (Experiment 1)
Experiment registered: exp1 (Experiment 1)
Experiment registered: exp1 (Experiment 1)
Experiment registered: exp1 (Experiment 1)
Experiment registered: exp1 (Experiment 1)
Experiment registered: exp1 (Experiment 1)
Experiment registered: exp1 (Experiment 1)
00:24 +1431 -27: D:/mg-games/repos/mg-common-game/test/systems/ab_test/ab_test_manager_test.dart: ABTestManager - 가중치 기반 할당 가중치에 따른 분포
Experiment registered: exp1 (Experiment 1)
Experiment registered: exp1 (Experiment 1)
Experiment registered: exp1 (Experiment 1)
Experiment registered: exp1 (Experiment 1)
Experiment registered: exp1 (Experiment 1)
Experiment registered: exp1 (Experiment 1)
Experiment registered: exp1 (Experiment 1)
Experiment registered: exp1 (Experiment 1)
Experiment registered: exp1 (Experiment 1)
Experiment registered: exp1 (Experiment 1)
Experiment registered: exp1 (Experiment 1)
Experiment registered: exp1 (Experiment 1)
Experiment registered: exp1 (Experiment 1)
Experiment registered: exp1 (Experiment 1)
Experiment registered: exp1 (Experiment 1)
00:24 +1432 -27: D:/mg-games/repos/mg-common-game/test/systems/ab_test/ab_test_manager_test.dart: ABTestManager - 가중치 기반 할당 가중치에 따른 분포
Experiment registered: exp1 (Experiment 1)
Experiment registered: exp1 (Experiment 1)
Experiment registered: exp1 (Experiment 1)
Experiment registered: exp1 (Experiment 1)
Experiment registered: exp1 (Experiment 1)
Experiment registered: exp1 (Experiment 1)
Experiment registered: exp1 (Experiment 1)
Experiment registered: exp1 (Experiment 1)
Experiment registered: exp1 (Experiment 1)
Experiment registered: exp1 (Experiment 1)
Experiment registered: exp1 (Experiment 1)
Experiment registered: exp1 (Experiment 1)
Experiment registered: exp1 (Experiment 1)
Experiment registered: exp1 (Experiment 1)
00:24 +1433 -27: D:/mg-games/repos/mg-common-game/test/systems/ab_test/ab_test_manager_test.dart: ABTestManager - 가중치 기반 할당 가중치에 따른 분포
Experiment registered: exp1 (Experiment 1)
Experiment registered: exp1 (Experiment 1)
Experiment registered: exp1 (Experiment 1)
Experiment registered: exp1 (Experiment 1)
Experiment registered: exp1 (Experiment 1)
Experiment registered: exp1 (Experiment 1)
Experiment registered: exp1 (Experiment 1)
Experiment registered: exp1 (Experiment 1)
Experiment registered: exp1 (Experiment 1)
Experiment registered: exp1 (Experiment 1)
Experiment registered: exp1 (Experiment 1)
Experiment registered: exp1 (Experiment 1)
Experiment registered: exp1 (Experiment 1)
Experiment registered: exp1 (Experiment 1)
Experiment registered: exp1 (Experiment 1)
Experiment registered: exp1 (Experiment 1)
Experiment registered: exp1 (Experiment 1)
Experiment registered: exp1 (Experiment 1)
Experiment registered: exp1 (Experiment 1)
Experiment registered: exp1 (Experiment 1)
Experiment registered: exp1 (Experiment 1)
Experiment registered: exp1 (Experiment 1)
Experiment registered: exp1 (Experiment 1)
Experiment registered: exp1 (Experiment 1)
Experiment registered: exp1 (Experiment 1)
Experiment registered: exp1 (Experiment 1)
Experiment registered: exp1 (Experiment 1)
Experiment registered: exp1 (Experiment 1)
Experiment registered: exp1 (Experiment 1)
Experiment registered: exp1 (Experiment 1)
00:24 +1434 -27: D:/mg-games/repos/mg-common-game/test/systems/ab_test/ab_test_manager_test.dart: ABTestManager - 가중치 기반 할당 가중치에 따른 분포
Experiment registered: exp1 (Experiment 1)
Experiment registered: exp1 (Experiment 1)
Experiment registered: exp1 (Experiment 1)
Experiment registered: exp1 (Experiment 1)
Experiment registered: exp1 (Experiment 1)
Experiment registered: exp1 (Experiment 1)
Experiment registered: exp1 (Experiment 1)
Experiment registered: exp1 (Experiment 1)
Experiment registered: exp1 (Experiment 1)
Experiment registered: exp1 (Experiment 1)
Experiment registered: exp1 (Experiment 1)
Experiment registered: exp1 (Experiment 1)
Experiment registered: exp1 (Experiment 1)
Experiment registered: exp1 (Experiment 1)
Experiment registered: exp1 (Experiment 1)
Experiment registered: exp1 (Experiment 1)
Experiment registered: exp1 (Experiment 1)
Experiment registered: exp1 (Experiment 1)
Experiment registered: exp1 (Experiment 1)
Experiment registered: exp1 (Experiment 1)
Experiment registered: exp1 (Experiment 1)
Experiment registered: exp1 (Experiment 1)
Experiment registered: exp1 (Experiment 1)
Experiment registered: exp1 (Experiment 1)
Experiment registered: exp1 (Experiment 1)
Experiment registered: exp1 (Experiment 1)
Experiment registered: exp1 (Experiment 1)
Experiment registered: exp1 (Experiment 1)
Experiment registered: exp1 (Experiment 1)
Experiment registered: exp1 (Experiment 1)
Experiment registered: exp1 (Experiment 1)
Experiment registered: exp1 (Experiment 1)
Experiment registered: exp1 (Experiment 1)
Experiment registered: exp1 (Experiment 1)
Experiment registered: exp1 (Experiment 1)
Experiment registered: exp1 (Experiment 1)
Experiment registered: exp1 (Experiment 1)
Experiment registered: exp1 (Experiment 1)
Experiment registered: exp1 (Experiment 1)
Experiment registered: exp1 (Experiment 1)
Experiment registered: exp1 (Experiment 1)
Experiment registered: exp1 (Experiment 1)
Experiment registered: exp1 (Experiment 1)
Experiment registered: exp1 (Experiment 1)
Experiment registered: exp1 (Experiment 1)
Experiment registered: exp1 (Experiment 1)
Experiment registered: exp1 (Experiment 1)
Experiment registered: exp1 (Experiment 1)
Experiment registered: exp1 (Experiment 1)
Experiment registered: exp1 (Experiment 1)
Experiment registered: exp1 (Experiment 1)
Experiment registered: exp1 (Experiment 1)
Experiment registered: exp1 (Experiment 1)
Experiment registered: exp1 (Experiment 1)
Experiment registered: exp1 (Experiment 1)
Experiment registered: exp1 (Experiment 1)
Experiment registered: exp1 (Experiment 1)
Experiment registered: exp1 (Experiment 1)
Experiment registered: exp1 (Experiment 1)
Experiment registered: exp1 (Experiment 1)
Experiment registered: exp1 (Experiment 1)
Experiment registered: exp1 (Experiment 1)
Experiment registered: exp1 (Experiment 1)
Experiment registered: exp1 (Experiment 1)
Experiment registered: exp1 (Experiment 1)
Experiment registered: exp1 (Experiment 1)
Experiment registered: exp1 (Experiment 1)
Experiment registered: exp1 (Experiment 1)
Experiment registered: exp1 (Experiment 1)
Experiment registered: exp1 (Experiment 1)
Experiment registered: exp1 (Experiment 1)
Experiment registered: exp1 (Experiment 1)
Experiment registered: exp1 (Experiment 1)
Experiment registered: exp1 (Experiment 1)
Experiment registered: exp1 (Experiment 1)
Experiment registered: exp1 (Experiment 1)
Experiment registered: exp1 (Experiment 1)
Experiment registered: exp1 (Experiment 1)
Experiment registered: exp1 (Experiment 1)
Experiment registered: exp1 (Experiment 1)
Experiment registered: exp1 (Experiment 1)
Experiment registered: exp1 (Experiment 1)
Experiment registered: exp1 (Experiment 1)
Experiment registered: exp1 (Experiment 1)
Experiment registered: exp1 (Experiment 1)
00:24 +1435 -27: D:/mg-games/repos/mg-common-game/test/systems/ab_test/ab_test_manager_test.dart: ABTestManager - 가중치 기반 할당 가중치에 따른 분포
Experiment registered: exp1 (Experiment 1)
Experiment registered: exp1 (Experiment 1)
Experiment registered: exp1 (Experiment 1)
Experiment registered: exp1 (Experiment 1)
Experiment registered: exp1 (Experiment 1)
Experiment registered: exp1 (Experiment 1)
Experiment registered: exp1 (Experiment 1)
Experiment registered: exp1 (Experiment 1)
Experiment registered: exp1 (Experiment 1)
00:24 +1436 -27: D:/mg-games/repos/mg-common-game/test/systems/ab_test/ab_test_manager_test.dart: ABTestManager - 가중치 기반 할당 가중치에 따른 분포
00:24 +1437 -27: D:/mg-games/repos/mg-common-game/test/systems/ads/ad_manager_test.dart: AdStats copyWith
00:24 +1438 -27: D:/mg-games/repos/mg-common-game/test/systems/ab_test/ab_test_manager_test.dart: ABTestManager - 백엔드 콜백 기존 할당 조회 콜백
00:24 +1439 -27: D:/mg-games/repos/mg-common-game/test/systems/ads/ad_manager_test.dart: AdStats recalculateCtr
00:24 +1440 -27: D:/mg-games/repos/mg-common-game/test/systems/ab_test/ab_test_manager_test.dart: ABTestManager - 백엔드 콜백 할당 저장 콜백
00:24 +1441 -27: D:/mg-games/repos/mg-common-game/test/systems/ads/ad_manager_test.dart: AdStats recalculateCtr - 0 impressions
00:24 +1442 -27: D:/mg-games/repos/mg-common-game/test/systems/ab_test/ab_test_manager_test.dart: ABTestManager - 백엔드 콜백 이벤트 추적 콜백
00:24 +1443 -27: D:/mg-games/repos/mg-common-game/test/systems/ads/ad_manager_test.dart: AdStats JSON 직렬화
00:24 +1444 -27: D:/mg-games/repos/mg-common-game/test/systems/ab_test/ab_test_manager_test.dart: ABTestManager - 백엔드 콜백 실험 목록 조회 콜백
00:24 +1445 -27: D:/mg-games/repos/mg-common-game/test/systems/ab_test/ab_test_manager_test.dart: ABTestManager - 백엔드 콜백 실험 목록 조회 콜백
00:24 +1446 -27: D:/mg-games/repos/mg-common-game/test/systems/ads/ad_manager_test.dart: AdFrequencyControl isInCooldown
00:24 +1447 -27: D:/mg-games/repos/mg-common-game/test/systems/ads/ad_manager_test.dart: AdFrequencyControl isInCooldown - 쿨다운 지남
00:24 +1448 -27: D:/mg-games/repos/mg-common-game/test/systems/ads/ad_manager_test.dart: AdFrequencyControl recordImpression
00:24 +1449 -27: D:/mg-games/repos/mg-common-game/test/systems/ads/ad_manager_test.dart: AdFrequencyControl needsDailyReset
00:24 +1450 -27: D:/mg-games/repos/mg-common-game/test/systems/ads/ad_manager_test.dart: AdFrequencyControl resetDaily
00:24 +1451 -27: D:/mg-games/repos/mg-common-game/test/systems/ads/ad_manager_test.dart: AdFrequencyControl JSON 직렬화
00:24 +1452 -27: D:/mg-games/repos/mg-common-game/test/systems/ads/ad_manager_test.dart: RewardedAdResult success factory
00:24 +1453 -27: D:/mg-games/repos/mg-common-game/test/systems/ads/ad_manager_test.dart: RewardedAdResult noReward factory
00:24 +1454 -27: D:/mg-games/repos/mg-common-game/test/systems/ads/ad_manager_test.dart: RewardedAdResult failure factory
00:24 +1455 -27: D:/mg-games/repos/mg-common-game/test/systems/ads/ad_manager_test.dart: AdManager 초기화
AdManager initialized with 2 ad units
00:24 +1456 -27: D:/mg-games/repos/mg-common-game/test/systems/ads/ad_manager_test.dart: AdManager 중복 초기화 방지
AdManager initialized with 2 ad units
00:24 +1457 -27: D:/mg-games/repos/mg-common-game/test/systems/ads/ad_manager_test.dart: AdManager 광고 단위 등록
AdManager initialized with 2 ad units
00:24 +1458 -27: D:/mg-games/repos/mg-common-game/test/systems/ads/ad_manager_test.dart: AdManager 광고 상태
AdManager initialized with 2 ad units
00:24 +1459 -27: D:/mg-games/repos/mg-common-game/test/systems/ads/ad_manager_test.dart: AdManager 광고 비활성화
AdManager initialized with 2 ad units
00:24 +1460 -27: D:/mg-games/repos/mg-common-game/test/systems/ads/ad_manager_test.dart: AdManager 광고 활성화
AdManager initialized with 2 ad units
00:24 +1461 -27: D:/mg-games/repos/mg-common-game/test/systems/ads/ad_manager_test.dart: AdManager 광고 로드 - 테스트 모드
AdManager initialized with 2 ad units
00:24 +1462 -27: D:/mg-games/repos/mg-common-game/test/systems/ads/ad_manager_test.dart: AdManager 광고 로드 - 미등록 광고
AdManager initialized with 2 ad units
Ad unit not found: nonexistent
00:24 +1463 -27: D:/mg-games/repos/mg-common-game/test/systems/ads/ad_manager_test.dart: AdManager 광고 로드 - 미초기화
AdManager initialized with 2 ad units
AdManager not initialized
00:24 +1464 -27: D:/mg-games/repos/mg-common-game/test/systems/ads/ad_manager_test.dart: AdManager 전면 광고 표시 - 테스트 모드
AdManager initialized with 2 ad units
00:24 +1465 -27: D:/mg-games/repos/mg-common-game/test/systems/ads/ad_manager_test.dart: AdManager 전면 광고 표시 - 로드 안됨
AdManager initialized with 2 ad units
00:24 +1466 -27: D:/mg-games/repos/mg-common-game/test/systems/ads/ad_manager_test.dart: AdManager 전면 광고 표시 - 잘못된 타입
AdManager initialized with 2 ad units
00:24 +1467 -27: D:/mg-games/repos/mg-common-game/test/systems/ads/ad_manager_test.dart: AdManager 보상형 광고 표시 - 테스트 모드
AdManager initialized with 2 ad units
00:24 +1468 -27: D:/mg-games/repos/mg-common-game/test/systems/ads/ad_manager_test.dart: AdManager 보상형 광고 - 커스텀 보상
AdManager initialized with 2 ad units
00:24 +1469 -27: D:/mg-games/repos/mg-common-game/test/systems/ads/ad_manager_test.dart: AdManager 보상형 광고 - 잘못된 타입
AdManager initialized with 2 ad units
00:24 +1470 -27: D:/mg-games/repos/mg-common-game/test/systems/ads/ad_manager_test.dart: AdManager 클릭 기록
AdManager initialized with 2 ad units
00:24 +1471 -27: D:/mg-games/repos/mg-common-game/test/systems/ads/ad_manager_test.dart: AdManager 이벤트 로그
AdManager initialized with 2 ad units
00:24 +1472 -27: D:/mg-games/repos/mg-common-game/test/systems/ads/ad_manager_test.dart: AdManager 이벤트 로그 필터링
AdManager initialized with 2 ad units
00:24 +1473 -27: D:/mg-games/repos/mg-common-game/test/systems/ads/ad_manager_test.dart: AdManager 이벤트 로그 제한
AdManager initialized with 2 ad units
00:24 +1474 -27: D:/mg-games/repos/mg-common-game/test/systems/ads/ad_manager_test.dart: AdManager 이벤트 로그 클리어
AdManager initialized with 2 ad units
00:24 +1475 -27: D:/mg-games/repos/mg-common-game/test/systems/ads/ad_manager_test.dart: AdManager 통계 리셋
AdManager initialized with 2 ad units
00:24 +1476 -27: D:/mg-games/repos/mg-common-game/test/systems/ads/ad_manager_test.dart: AdManager 전체 클리어
AdManager initialized with 2 ad units
00:24 +1477 -27: D:/mg-games/repos/mg-common-game/test/systems/ads/ad_manager_test.dart: AdManager JSON 저장/복원
AdManager initialized with 2 ad units
AdManager initialized with 1 ad units
00:24 +1478 -27: D:/mg-games/repos/mg-common-game/test/systems/battle/battle_manager_test.dart: BattleEntity 기본 생성
00:24 +1478 -27: D:/mg-games/repos/mg-common-game/test/systems/ads/ad_manager_test.dart: AdManager ChangeNotifier 동작
AdManager initialized with 2 ad units
00:24 +1479 -27: D:/mg-games/repos/mg-common-game/test/systems/battle/battle_manager_test.dart: BattleEntity 기본 생성
00:24 +1479 -27: D:/mg-games/repos/mg-common-game/test/systems/ads/ad_manager_test.dart: AdManager - 빈도 제어 일일 노출 제한
AdManager initialized with 1 ad units
00:24 +1480 -27: D:/mg-games/repos/mg-common-game/test/systems/battle/battle_manager_test.dart: BattleEntity 기본 생성
00:24 +1480 -27: D:/mg-games/repos/mg-common-game/test/systems/ads/ad_manager_test.dart: AdManager - 빈도 제어 남은 일일 노출 수
AdManager initialized with 1 ad units
00:24 +1481 -27: D:/mg-games/repos/mg-common-game/test/systems/battle/battle_manager_test.dart: BattleEntity 기본 생성
00:24 +1481 -27: D:/mg-games/repos/mg-common-game/test/systems/ads/ad_manager_test.dart: AdManager - 빈도 제어 쿨다운
AdManager initialized with 1 ad units
00:24 +1482 -27: D:/mg-games/repos/mg-common-game/test/systems/battle/battle_manager_test.dart: BattleEntity 기본 생성
00:24 +1482 -27: D:/mg-games/repos/mg-common-game/test/systems/ads/ad_manager_test.dart: AdManager - 콜백 로드 콜백 성공
AdManager initialized with 2 ad units
00:24 +1483 -27: D:/mg-games/repos/mg-common-game/test/systems/battle/battle_manager_test.dart: BattleEntity 기본 생성
00:24 +1484 -27: D:/mg-games/repos/mg-common-game/test/systems/ads/ad_manager_test.dart: AdManager - 콜백 로드 콜백 실패
AdManager initialized with 2 ad units
00:24 +1485 -27: D:/mg-games/repos/mg-common-game/test/systems/battle/battle_manager_test.dart: BattleEntity HP 퍼센트 계산
00:24 +1485 -27: D:/mg-games/repos/mg-common-game/test/systems/ads/ad_manager_test.dart: AdManager - 콜백 표시 콜백
AdManager initialized with 2 ad units
00:24 +1486 -27: D:/mg-games/repos/mg-common-game/test/systems/battle/battle_manager_test.dart: BattleEntity HP 퍼센트 계산
00:24 +1487 -27: D:/mg-games/repos/mg-common-game/test/systems/ads/ad_manager_test.dart: AdManager - 콜백 보상형 광고 콜백
AdManager initialized with 2 ad units
00:24 +1488 -27: D:/mg-games/repos/mg-common-game/test/systems/battle/battle_manager_test.dart: BattleEntity 데미지 받기
00:24 +1488 -27: D:/mg-games/repos/mg-common-game/test/systems/ads/ad_manager_test.dart: AdManager - 콜백 이벤트 콜백
AdManager initialized with 2 ad units
00:24 +1489 -27: D:/mg-games/repos/mg-common-game/test/systems/ads/ad_manager_test.dart: AdManager - 콜백 이벤트 콜백
00:24 +1490 -27: D:/mg-games/repos/mg-common-game/test/systems/ads/ad_manager_test.dart: AdManager - 미리 로드 모든 광고 미리 로드
00:24 +1491 -27: D:/mg-games/repos/mg-common-game/test/systems/ads/ad_manager_test.dart: AdManager - 미리 로드 모든 광고 미리 로드
AdManager initialized with 3 ad units
00:24 +1492 -27: D:/mg-games/repos/mg-common-game/test/systems/battle/battle_manager_test.dart: BattleEntity HP가 0 이하로 내려가지 않음
00:24 +1493 -27: D:/mg-games/repos/mg-common-game/test/systems/ads/ad_manager_test.dart: AdManager - 미리 로드 타입별 광고 미리 로드
AdManager initialized with 3 ad units
00:24 +1494 -27: D:/mg-games/repos/mg-common-game/test/systems/battle/battle_manager_test.dart: BattleEntity 회복
00:24 +1495 -27: D:/mg-games/repos/mg-common-game/test/systems/battle/battle_manager_test.dart: BattleEntity 회복 - 최대 HP 초과 불가
00:24 +1496 -27: D:/mg-games/repos/mg-common-game/test/systems/battle/battle_manager_test.dart: BattleEntity 블록 추가
00:24 +1497 -27: D:/mg-games/repos/mg-common-game/test/systems/battle/battle_manager_test.dart: BattleEntity 블록으로 데미지 흡수
00:24 +1498 -27: D:/mg-games/repos/mg-common-game/test/systems/battle/battle_manager_test.dart: BattleEntity 블록 초과 데미지
00:24 +1499 -27: D:/mg-games/repos/mg-common-game/test/systems/battle/battle_manager_test.dart: BattleEntity 블록 리셋
00:24 +1500 -27: D:/mg-games/repos/mg-common-game/test/systems/battle/battle_manager_test.dart: BattleEntity 공격력 수정
00:24 +1501 -27: D:/mg-games/repos/mg-common-game/test/systems/battle/battle_manager_test.dart: BattleEntity 리셋
00:24 +1502 -27: D:/mg-games/repos/mg-common-game/test/systems/battle/battle_manager_test.dart: BattleEffect 기본 생성
00:24 +1503 -27: D:/mg-games/repos/mg-common-game/test/systems/battle/battle_manager_test.dart: BattleEffect 기본 value는 0
00:24 +1504 -27: D:/mg-games/repos/mg-common-game/test/systems/battle/battle_manager_test.dart: BattleEffect 영구 효과 - 정확히 999
00:24 +1505 -27: D:/mg-games/repos/mg-common-game/test/systems/battle/battle_manager_test.dart: BattleEffect 영구 효과 - 999 이상
00:24 +1506 -27: D:/mg-games/repos/mg-common-game/test/systems/battle/battle_manager_test.dart: BattleEffect 비영구 효과
00:24 +1507 -27: D:/mg-games/repos/mg-common-game/test/systems/battle/battle_manager_test.dart: BattleEffect copyWith - type만 변경
00:24 +1508 -27: D:/mg-games/repos/mg-common-game/test/systems/battle/battle_manager_test.dart: BattleEffect copyWith - duration만 변경
00:24 +1509 -27: D:/mg-games/repos/mg-common-game/test/systems/battle/battle_manager_test.dart: BattleEffect copyWith - value만 변경
00:24 +1510 -27: D:/mg-games/repos/mg-common-game/test/systems/battle/battle_manager_test.dart: BattleEffect copyWith - 모든 필드 변경
00:24 +1511 -27: D:/mg-games/repos/mg-common-game/test/systems/battle/battle_manager_test.dart: BattleEffect toString
00:24 +1512 -27: D:/mg-games/repos/mg-common-game/test/systems/battle/battle_manager_test.dart: Effectable Entity 효과 적용
00:24 +1513 -27: D:/mg-games/repos/mg-common-game/test/systems/battle/battle_manager_test.dart: Effectable Entity 효과 스태킹
00:24 +1514 -27: D:/mg-games/repos/mg-common-game/test/systems/battle/battle_manager_test.dart: Effectable Entity 효과 제거
00:24 +1515 -27: D:/mg-games/repos/mg-common-game/test/systems/battle/battle_manager_test.dart: Effectable Entity 효과 감소 (턴 종료)
00:24 +1516 -27: D:/mg-games/repos/mg-common-game/test/systems/battle/battle_manager_test.dart: Effectable Entity 취약 효과 - 피해 증가
00:24 +1517 -27: D:/mg-games/repos/mg-common-game/test/systems/battle/battle_manager_test.dart: AttackResult 기본 생성
00:24 +1518 -27: D:/mg-games/repos/mg-common-game/test/systems/battle/battle_manager_test.dart: AttackResult 크리티컬 히트
00:24 +1519 -27: D:/mg-games/repos/mg-common-game/test/systems/battle/battle_manager_test.dart: AttackResult 블록된 데미지
00:24 +1520 -27: D:/mg-games/repos/mg-common-game/test/systems/battle/battle_manager_test.dart: AttackResult actualDamage - 블록되지 않은 경우
00:24 +1521 -27: D:/mg-games/repos/mg-common-game/test/systems/battle/battle_manager_test.dart: AttackResult actualDamage - 완전 블록
00:24 +1522 -27: D:/mg-games/repos/mg-common-game/test/systems/battle/battle_manager_test.dart: AttackResult actualDamage - 정확히 같은 블록
00:24 +1523 -27: D:/mg-games/repos/mg-common-game/test/systems/battle/battle_manager_test.dart: AttackResult appliedEffects 포함
00:24 +1524 -27: D:/mg-games/repos/mg-common-game/test/systems/battle/battle_manager_test.dart: HealResult 기본 생성
00:24 +1525 -27: D:/mg-games/repos/mg-common-game/test/systems/battle/battle_manager_test.dart: HealResult 오버힐
00:24 +1526 -27: D:/mg-games/repos/mg-common-game/test/systems/battle/battle_manager_test.dart: TurnPhase 모든 단계 정의
00:24 +1527 -27: D:/mg-games/repos/mg-common-game/test/systems/battle/battle_manager_test.dart: BattleState 모든 상태 정의
00:24 +1528 -27: D:/mg-games/repos/mg-common-game/test/systems/battle/battle_manager_test.dart: EffectType 모든 효과 타입 정의
00:24 +1529 -27: D:/mg-games/repos/mg-common-game/test/systems/battle/battle_manager_test.dart: Turn Processing 턴 시작 - 블록 리셋 및 DoT 처리
00:24 +1530 -27: D:/mg-games/repos/mg-common-game/test/systems/battle/battle_manager_test.dart: Turn Processing 턴 종료 - 효과 감소
00:24 +1531 -27: D:/mg-games/repos/mg-common-game/test/systems/battle/battle_manager_test.dart: BattleEntityFactory 플레이어 생성
00:24 +1532 -27: D:/mg-games/repos/mg-common-game/test/systems/battle/battle_manager_test.dart: BattleEntityFactory 적 생성
00:24 +1533 -27: D:/mg-games/repos/mg-common-game/test/systems/gacha/gacha_pool_test.dart: GachaRarity 모든 등급 정의
00:24 +1534 -27: D:/mg-games/repos/mg-common-game/test/systems/gacha/gacha_pool_test.dart: GachaRarity 등급 인덱스
00:24 +1535 -27: D:/mg-games/repos/mg-common-game/test/systems/gacha/gacha_pool_test.dart: GachaRarityExtension baseRate normal = 50.0%
00:24 +1536 -27: D:/mg-games/repos/mg-common-game/test/systems/gacha/gacha_pool_test.dart: GachaRarityExtension baseRate rare = 35.0%
00:24 +1537 -27: D:/mg-games/repos/mg-common-game/test/systems/gacha/gacha_pool_test.dart: GachaRarityExtension baseRate superRare = 12.0%
00:24 +1538 -27: D:/mg-games/repos/mg-common-game/test/systems/gacha/gacha_pool_test.dart: GachaRarityExtension baseRate superSuperRare = 2.7%
00:24 +1539 -27: D:/mg-games/repos/mg-common-game/test/systems/gacha/gacha_pool_test.dart: GachaRarityExtension baseRate ultraRare = 2.7%
00:24 +1540 -27: D:/mg-games/repos/mg-common-game/test/systems/gacha/gacha_pool_test.dart: GachaRarityExtension baseRate legendary = 0.3%
00:24 +1541 -27: D:/mg-games/repos/mg-common-game/test/systems/gacha/gacha_pool_test.dart: GachaRarityExtension baseRate 확률 총합
00:24 +1542 -27: D:/mg-games/repos/mg-common-game/test/systems/gacha/gacha_pool_test.dart: GachaRarityExtension nameKr normal = N
00:24 +1543 -27: D:/mg-games/repos/mg-common-game/test/systems/gacha/gacha_pool_test.dart: GachaRarityExtension nameKr rare = R
00:24 +1544 -27: D:/mg-games/repos/mg-common-game/test/systems/gacha/gacha_pool_test.dart: GachaRarityExtension nameKr superRare = SR
00:24 +1545 -27: D:/mg-games/repos/mg-common-game/test/systems/gacha/gacha_pool_test.dart: GachaRarityExtension nameKr superSuperRare = SSR
00:24 +1546 -27: D:/mg-games/repos/mg-common-game/test/systems/gacha/gacha_pool_test.dart: GachaRarityExtension nameKr ultraRare = SSR
00:24 +1547 -27: D:/mg-games/repos/mg-common-game/test/systems/gacha/gacha_pool_test.dart: GachaRarityExtension nameKr legendary = UR
00:24 +1548 -27: D:/mg-games/repos/mg-common-game/test/systems/gacha/gacha_pool_test.dart: GachaRarityExtension colorHex normal = #808080 (회색)
00:24 +1549 -27: D:/mg-games/repos/mg-common-game/test/systems/gacha/gacha_pool_test.dart: GachaRarityExtension colorHex rare = #1EFF00 (녹색)
00:24 +1550 -27: D:/mg-games/repos/mg-common-game/test/systems/gacha/gacha_pool_test.dart: GachaRarityExtension colorHex superRare = #0070DD (파란색)
00:24 +1551 -27: D:/mg-games/repos/mg-common-game/test/systems/gacha/gacha_pool_test.dart: GachaRarityExtension colorHex superSuperRare = #A335EE (보라색)
00:24 +1552 -27: D:/mg-games/repos/mg-common-game/test/systems/gacha/gacha_pool_test.dart: GachaRarityExtension colorHex ultraRare = #A335EE (보라색)
00:24 +1553 -27: D:/mg-games/repos/mg-common-game/test/systems/gacha/gacha_pool_test.dart: GachaRarityExtension colorHex legendary = #FF8000 (주황색)
00:24 +1554 -27: D:/mg-games/repos/mg-common-game/test/systems/gacha/gacha_pool_test.dart: GachaItem 기본 생성자
00:24 +1555 -27: D:/mg-games/repos/mg-common-game/test/systems/gacha/gacha_pool_test.dart: GachaItem 기본값
00:24 +1556 -27: D:/mg-games/repos/mg-common-game/test/systems/gacha/gacha_pool_test.dart: GachaItem nameKr 파라미터 사용
00:24 +1557 -27: D:/mg-games/repos/mg-common-game/test/systems/gacha/gacha_pool_test.dart: GachaItem name 우선순위 (name > nameKr)
00:24 +1558 -27: D:/mg-games/repos/mg-common-game/test/systems/gacha/gacha_pool_test.dart: GachaItem name과 nameKr 모두 없으면 빈 문자열
00:24 +1559 -27: D:/mg-games/repos/mg-common-game/test/systems/gacha/gacha_pool_test.dart: GachaItem 커스텀 값
00:24 +1560 -27: D:/mg-games/repos/mg-common-game/test/systems/gacha/gacha_pool_test.dart: GachaItem copyWith - isPickup 변경
00:24 +1561 -27: D:/mg-games/repos/mg-common-game/test/systems/gacha/gacha_pool_test.dart: GachaItem copyWith - isPickup null (기존값 유지)
00:24 +1562 -27: D:/mg-games/repos/mg-common-game/test/systems/gacha/gacha_pool_test.dart: GachaPool 기본 생성자
00:24 +1563 -27: D:/mg-games/repos/mg-common-game/test/systems/gacha/gacha_pool_test.dart: GachaPool 기본값
00:24 +1564 -27: D:/mg-games/repos/mg-common-game/test/systems/gacha/gacha_pool_test.dart: GachaPool nameKr 파라미터
00:24 +1565 -27: D:/mg-games/repos/mg-common-game/test/systems/gacha/gacha_pool_test.dart: GachaPool getRateForRarity - 기본 확률
00:24 +1566 -27: D:/mg-games/repos/mg-common-game/test/systems/gacha/gacha_pool_test.dart: GachaPool getRateForRarity - 확률 오버라이드
00:24 +1567 -27: D:/mg-games/repos/mg-common-game/test/systems/gacha/gacha_pool_test.dart: GachaPool getItemsByRarity
00:24 +1568 -27: D:/mg-games/repos/mg-common-game/test/systems/gacha/gacha_pool_test.dart: GachaPool getItemsByRarity - 빈 결과
00:24 +1569 -27: D:/mg-games/repos/mg-common-game/test/systems/gacha/gacha_pool_test.dart: GachaPool pickupItems
00:24 +1570 -27: D:/mg-games/repos/mg-common-game/test/systems/gacha/gacha_pool_test.dart: GachaPool pickupItems - 빈 결과
00:24 +1571 -27: D:/mg-games/repos/mg-common-game/test/systems/gacha/gacha_pool_test.dart: GachaPool isCurrentlyActive isActive = false일 때 비활성
00:24 +1572 -27: D:/mg-games/repos/mg-common-game/test/systems/gacha/gacha_pool_test.dart: GachaPool isCurrentlyActive 날짜 없으면 활성
00:24 +1573 -27: D:/mg-games/repos/mg-common-game/test/systems/gacha/gacha_pool_test.dart: GachaPool isCurrentlyActive 시작일 전이면 비활성
00:24 +1574 -27: D:/mg-games/repos/mg-common-game/test/systems/gacha/gacha_pool_test.dart: GachaPool isCurrentlyActive 종료일 후면 비활성
00:24 +1575 -27: D:/mg-games/repos/mg-common-game/test/systems/gacha/gacha_pool_test.dart: GachaPool isCurrentlyActive 기간 내면 활성
00:24 +1576 -27: D:/mg-games/repos/mg-common-game/test/systems/gacha/gacha_pool_test.dart: GachaPool remainingSeconds endDate 없으면 null
00:24 +1577 -27: D:/mg-games/repos/mg-common-game/test/systems/gacha/gacha_pool_test.dart: GachaPool remainingSeconds 종료일 후면 0
00:24 +1578 -27: D:/mg-games/repos/mg-common-game/test/systems/gacha/gacha_pool_test.dart: GachaPool remainingSeconds 종료일 전이면 양수
00:24 +1579 -27: D:/mg-games/repos/mg-common-game/test/systems/gacha/gacha_pool_test.dart: PityConfig 기본값
00:24 +1580 -27: D:/mg-games/repos/mg-common-game/test/systems/gacha/gacha_pool_test.dart: PityConfig 커스텀 값
00:24 +1581 -27: D:/mg-games/repos/mg-common-game/test/systems/gacha/gacha_pool_test.dart: PityConfig calculateAdjustedRate 소프트 천장 전 기본 확률
00:24 +1582 -27: D:/mg-games/repos/mg-common-game/test/systems/gacha/gacha_pool_test.dart: PityConfig calculateAdjustedRate 소프트 천장 시작점
00:24 +1583 -27: D:/mg-games/repos/mg-common-game/test/systems/gacha/gacha_pool_test.dart: PityConfig calculateAdjustedRate 소프트 천장 중간
00:24 +1584 -27: D:/mg-games/repos/mg-common-game/test/systems/gacha/gacha_pool_test.dart: PityConfig calculateAdjustedRate 하드 천장 직전
00:24 +1585 -27: D:/mg-games/repos/mg-common-game/test/systems/gacha/gacha_pool_test.dart: PityConfig calculateAdjustedRate 하드 천장에서 100%
00:24 +1586 -27: D:/mg-games/repos/mg-common-game/test/systems/gacha/gacha_pool_test.dart: PityConfig calculateAdjustedRate 하드 천장 초과에서도 100%
00:24 +1587 -27: D:/mg-games/repos/mg-common-game/test/systems/gacha/gacha_pool_test.dart: PityConfig calculateAdjustedRate 확률 100% clamp
00:24 +1588 -27: D:/mg-games/repos/mg-common-game/test/systems/gacha/gacha_pool_test.dart: PityConfig calculateAdjustedRate 확률 0 clamp (음수 방지)
00:24 +1589 -27: D:/mg-games/repos/mg-common-game/test/systems/gacha/gacha_pool_test.dart: MultiPullGuarantee 기본값
00:24 +1590 -27: D:/mg-games/repos/mg-common-game/test/systems/gacha/gacha_pool_test.dart: MultiPullGuarantee 커스텀 값
00:24 +1591 -27: D:/mg-games/repos/mg-common-game/test/systems/gacha/gacha_pool_test.dart: MultiPullGuarantee 5연차 설정
00:24 +1592 -27: D:/mg-games/repos/mg-common-game/test/systems/gacha/gacha_pool_test.dart: Edge Cases 빈 아이템 리스트로 풀 생성
00:24 +1593 -27: D:/mg-games/repos/mg-common-game/test/systems/gacha/gacha_pool_test.dart: Edge Cases 존재하지 않는 픽업 ID
00:24 +1594 -27: D:/mg-games/repos/mg-common-game/test/systems/gacha/gacha_pool_test.dart: Edge Cases 같은 등급 다수 아이템
00:24 +1595 -27: D:/mg-games/repos/mg-common-game/test/systems/gacha/gacha_pool_test.dart: Edge Cases 메타데이터에 복잡한 객체 저장
00:24 +1596 -27: D:/mg-games/repos/mg-common-game/test/systems/gacha/gacha_pool_test.dart: Edge Cases PityConfig 경계값
00:24 +1597 -27: D:/mg-games/repos/mg-common-game/test/systems/gacha/gacha_pool_test.dart: Edge Cases GachaPool 동시에 시작일과 종료일 같음
00:24 +1598 -27: D:/mg-games/repos/mg-common-game/test/systems/idle/auto_clicker_manager_test.dart: AutoClickerConfig 기본 생성
00:24 +1599 -27: D:/mg-games/repos/mg-common-game/test/systems/idle/auto_clicker_manager_test.dart: AutoClickerConfig 커스텀 값으로 생성
00:24 +1600 -27: D:/mg-games/repos/mg-common-game/test/systems/idle/auto_clicker_manager_test.dart: AutoClickerState 기본 생성
00:24 +1601 -27: D:/mg-games/repos/mg-common-game/test/systems/idle/auto_clicker_manager_test.dart: AutoClickerState 커스텀 값으로 생성
00:24 +1602 -27: D:/mg-games/repos/mg-common-game/test/systems/idle/auto_clicker_manager_test.dart: AutoClickerState toJson
00:24 +1603 -27: D:/mg-games/repos/mg-common-game/test/systems/idle/auto_clicker_manager_test.dart: AutoClickerState fromJson
00:24 +1604 -27: D:/mg-games/repos/mg-common-game/test/systems/idle/auto_clicker_manager_test.dart: AutoClickerState fromJson with null values uses defaults
00:24 +1605 -27: D:/mg-games/repos/mg-common-game/test/systems/idle/auto_clicker_manager_test.dart: AutoClickerManager 기본 상태
00:24 +1606 -27: D:/mg-games/repos/mg-common-game/test/systems/idle/auto_clicker_manager_test.dart: AutoClickerManager registerAutoClicker
00:24 +1607 -27: D:/mg-games/repos/mg-common-game/test/systems/idle/auto_clicker_manager_test.dart: AutoClickerManager registerAutoClickers - 여러 개 등록
00:24 +1608 -27: D:/mg-games/repos/mg-common-game/test/systems/idle/auto_clicker_manager_test.dart: AutoClickerManager unregisterAutoClicker
00:24 +1609 -27: D:/mg-games/repos/mg-common-game/test/systems/idle/auto_clicker_manager_test.dart: AutoClickerManager cost가 0이면 자동으로 unlock
00:24 +1610 -27: D:/mg-games/repos/mg-common-game/test/systems/idle/auto_clicker_manager_test.dart: AutoClickerManager cost가 있으면 locked 상태
00:24 +1611 -27: D:/mg-games/repos/mg-common-game/test/systems/idle/auto_clicker_manager_test.dart: AutoClickerManager unlock
00:24 +1612 -27: D:/mg-games/repos/mg-common-game/test/systems/idle/auto_clicker_manager_test.dart: AutoClickerManager unlock - 이미 unlock된 경우
00:24 +1613 -27: D:/mg-games/repos/mg-common-game/test/systems/idle/auto_clicker_manager_test.dart: AutoClickerManager upgrade
00:24 +1614 -27: D:/mg-games/repos/mg-common-game/test/systems/idle/auto_clicker_manager_test.dart: AutoClickerManager upgrade - locked 상태면 unlock
00:24 +1615 -27: D:/mg-games/repos/mg-common-game/test/systems/idle/auto_clicker_manager_test.dart: AutoClickerManager upgrade - maxLevel 도달 시 실패
00:24 +1616 -27: D:/mg-games/repos/mg-common-game/test/systems/idle/auto_clicker_manager_test.dart: AutoClickerManager toggleActive
00:24 +1617 -27: D:/mg-games/repos/mg-common-game/test/systems/idle/auto_clicker_manager_test.dart: AutoClickerManager setActive
00:24 +1618 -27: D:/mg-games/repos/mg-common-game/test/systems/idle/auto_clicker_manager_test.dart: AutoClickerManager getCps - unlocked and active
00:24 +1619 -27: D:/mg-games/repos/mg-common-game/test/systems/idle/auto_clicker_manager_test.dart: AutoClickerManager getCps - not unlocked returns 0
00:24 +1620 -27: D:/mg-games/repos/mg-common-game/test/systems/idle/auto_clicker_manager_test.dart: AutoClickerManager getCps - not active returns 0
00:24 +1621 -27: D:/mg-games/repos/mg-common-game/test/systems/idle/auto_clicker_manager_test.dart: AutoClickerManager getCps with global multiplier
00:24 +1622 -27: D:/mg-games/repos/mg-common-game/test/systems/idle/auto_clicker_manager_test.dart: AutoClickerManager getDamagePerClick
00:24 +1623 -27: D:/mg-games/repos/mg-common-game/test/systems/idle/auto_clicker_manager_test.dart: AutoClickerManager getDamagePerClick with global multiplier
00:24 +1624 -27: D:/mg-games/repos/mg-common-game/test/systems/idle/auto_clicker_manager_test.dart: AutoClickerManager totalCps
00:24 +1625 -27: D:/mg-games/repos/mg-common-game/test/systems/idle/auto_clicker_manager_test.dart: AutoClickerManager totalDps
00:24 +1626 -27: D:/mg-games/repos/mg-common-game/test/systems/idle/auto_clicker_manager_test.dart: AutoClickerManager getUpgradeCost - locked
00:24 +1627 -27: D:/mg-games/repos/mg-common-game/test/systems/idle/auto_clicker_manager_test.dart: AutoClickerManager getUpgradeCost - level scaling
00:24 +1628 -27: D:/mg-games/repos/mg-common-game/test/systems/idle/auto_clicker_manager_test.dart: AutoClickerManager getUpgradeCost - max level returns 0
00:24 +1629 -27: D:/mg-games/repos/mg-common-game/test/systems/idle/auto_clicker_manager_test.dart: AutoClickerManager unlockedAutoClickers
00:24 +1630 -27: D:/mg-games/repos/mg-common-game/test/systems/idle/auto_clicker_manager_test.dart: AutoClickerManager activeAutoClickers
00:24 +1631 -27: D:/mg-games/repos/mg-common-game/test/systems/idle/auto_clicker_manager_test.dart: AutoClickerManager start and stop
00:24 +1632 -27: D:/mg-games/repos/mg-common-game/test/systems/idle/auto_clicker_manager_test.dart: AutoClickerManager start - already running does nothing
00:24 +1633 -27: D:/mg-games/repos/mg-common-game/test/systems/idle/auto_clicker_manager_test.dart: AutoClickerManager toJson
00:24 +1634 -27: D:/mg-games/repos/mg-common-game/test/systems/idle/auto_clicker_manager_test.dart: AutoClickerManager fromJson
00:24 +1635 -27: D:/mg-games/repos/mg-common-game/test/systems/idle/auto_clicker_manager_test.dart: AutoClickerManager fromJson with null values
00:24 +1636 -27: D:/mg-games/repos/mg-common-game/test/systems/idle/auto_clicker_manager_test.dart: AutoClickerManager reset
00:24 +1637 -27: D:/mg-games/repos/mg-common-game/test/systems/idle/auto_clicker_manager_test.dart: AutoClickerManager toString
00:24 +1638 -27: D:/mg-games/repos/mg-common-game/test/systems/idle/auto_clicker_manager_test.dart: AutoClickerManager onUpgrade callback
00:24 +1639 -27: D:/mg-games/repos/mg-common-game/test/systems/idle/auto_clicker_manager_test.dart: AutoClickerManager getConfig returns null for unknown id
00:24 +1640 -27: D:/mg-games/repos/mg-common-game/test/systems/idle/auto_clicker_manager_test.dart: AutoClickerManager getState returns null for unknown id
00:24 +1641 -27: D:/mg-games/repos/mg-common-game/test/systems/idle/auto_clicker_manager_test.dart: AutoClickerManager isUnlocked returns false for unknown id
00:24 +1642 -27: D:/mg-games/repos/mg-common-game/test/systems/idle/auto_clicker_manager_test.dart: AutoClickerManager isActive returns true for unknown id (default)
00:24 +1643 -27: D:/mg-games/repos/mg-common-game/test/systems/idle/auto_clicker_manager_test.dart: AutoClickerManager getLevel returns 0 for unknown id
00:24 +1644 -27: D:/mg-games/repos/mg-common-game/test/systems/idle/auto_clicker_manager_test.dart: AutoClickerManager getCps returns 0 for unknown id
00:24 +1645 -27: D:/mg-games/repos/mg-common-game/test/systems/idle/auto_clicker_manager_test.dart: AutoClickerManager getDamagePerClick returns 0 for unknown id
00:24 +1646 -27: D:/mg-games/repos/mg-common-game/test/systems/idle/auto_clicker_manager_test.dart: AutoClickerManager getUpgradeCost returns 0 for unknown id
00:24 +1647 -27: D:/mg-games/repos/mg-common-game/test/systems/idle/auto_clicker_manager_test.dart: AutoClickerManager unlock returns false for unknown id
00:24 +1648 -27: D:/mg-games/repos/mg-common-game/test/systems/idle/auto_clicker_manager_test.dart: AutoClickerManager upgrade returns false for unknown id
00:24 +1649 -27: D:/mg-games/repos/mg-common-game/test/systems/idle/auto_clicker_manager_test.dart: AutoClickerManager tickIntervalMs default
00:24 +1650 -27: D:/mg-games/repos/mg-common-game/test/systems/idle/auto_clicker_manager_test.dart: AutoClickerManager ChangeNotifier unlock notifies listeners
00:24 +1651 -27: D:/mg-games/repos/mg-common-game/test/systems/idle/auto_clicker_manager_test.dart: AutoClickerManager ChangeNotifier upgrade notifies listeners
00:24 +1652 -27: D:/mg-games/repos/mg-common-game/test/systems/idle/auto_clicker_manager_test.dart: AutoClickerManager ChangeNotifier toggleActive notifies listeners
00:24 +1653 -27: D:/mg-games/repos/mg-common-game/test/systems/idle/auto_clicker_manager_test.dart: AutoClickerManager ChangeNotifier setActive notifies listeners
00:24 +1654 -27: D:/mg-games/repos/mg-common-game/test/systems/idle/auto_clicker_manager_test.dart: AutoClickerManager ChangeNotifier fromJson notifies listeners
00:24 +1655 -27: D:/mg-games/repos/mg-common-game/test/systems/idle/auto_clicker_manager_test.dart: AutoClickerManager ChangeNotifier reset notifies listeners
00:24 +1656 -27: D:/mg-games/repos/mg-common-game/test/systems/idle/idle_achievements_test.dart: IdleAchievementCategory 모든 카테고리 정의
00:25 +1657 -27: D:/mg-games/repos/mg-common-game/test/systems/idle/idle_achievements_test.dart: IdleAchievementCategory 카테고리 인덱스
00:25 +1658 -27: D:/mg-games/repos/mg-common-game/test/systems/idle/idle_achievements_test.dart: AchievementTier 모든 티어 정의
00:25 +1659 -27: D:/mg-games/repos/mg-common-game/test/systems/idle/idle_achievements_test.dart: AchievementTier 티어 인덱스
00:25 +1660 -27: D:/mg-games/repos/mg-common-game/test/systems/idle/idle_achievements_test.dart: AchievementReward 기본 생성자
00:25 +1661 -27: D:/mg-games/repos/mg-common-game/test/systems/idle/idle_achievements_test.dart: AchievementReward resourceId 포함 생성자
00:25 +1662 -27: D:/mg-games/repos/mg-common-game/test/systems/idle/idle_achievements_test.dart: AchievementReward 미리 정의된 상수 - gems10
00:25 +1663 -27: D:/mg-games/repos/mg-common-game/test/systems/idle/idle_achievements_test.dart: AchievementReward 미리 정의된 상수 - gems25
00:25 +1664 -27: D:/mg-games/repos/mg-common-game/test/systems/idle/idle_achievements_test.dart: AchievementReward 미리 정의된 상수 - gems50
00:25 +1665 -27: D:/mg-games/repos/mg-common-game/test/systems/idle/idle_achievements_test.dart: AchievementReward 미리 정의된 상수 - gems100
00:25 +1666 -27: D:/mg-games/repos/mg-common-game/test/systems/idle/idle_achievements_test.dart: AchievementReward gold 팩토리
00:25 +1667 -27: D:/mg-games/repos/mg-common-game/test/systems/idle/idle_achievements_test.dart: AchievementReward multiplier 팩토리
00:25 +1668 -27: D:/mg-games/repos/mg-common-game/test/systems/idle/idle_achievements_test.dart: AchievementReward multiplier 정수 값
00:25 +1669 -27: D:/mg-games/repos/mg-common-game/test/systems/idle/idle_achievements_test.dart: AchievementReward multiplier 소수 값
00:25 +1670 -27: D:/mg-games/repos/mg-common-game/test/systems/idle/idle_achievements_test.dart: IdleAchievementConfig 기본 생성자
00:25 +1671 -27: D:/mg-games/repos/mg-common-game/test/systems/idle/idle_achievements_test.dart: IdleAchievementConfig 기본값
00:25 +1672 -27: D:/mg-games/repos/mg-common-game/test/systems/idle/idle_achievements_test.dart: IdleAchievementConfig 커스텀 값
00:25 +1673 -27: D:/mg-games/repos/mg-common-game/test/systems/idle/idle_achievements_test.dart: IdleAchievementConfig tierColor bronze 색상
00:25 +1674 -27: D:/mg-games/repos/mg-common-game/test/systems/idle/idle_achievements_test.dart: IdleAchievementConfig tierColor silver 색상
00:25 +1675 -27: D:/mg-games/repos/mg-common-game/test/systems/idle/idle_achievements_test.dart: IdleAchievementConfig tierColor gold 색상
00:25 +1676 -27: D:/mg-games/repos/mg-common-game/test/systems/idle/idle_achievements_test.dart: IdleAchievementConfig tierColor platinum 색상
00:25 +1677 -27: D:/mg-games/repos/mg-common-game/test/systems/idle/idle_achievements_test.dart: IdleAchievementConfig tierColor diamond 색상
00:25 +1678 -27: D:/mg-games/repos/mg-common-game/test/systems/idle/idle_achievements_test.dart: IdleAchievementState 기본 생성자
00:25 +1679 -27: D:/mg-games/repos/mg-common-game/test/systems/idle/idle_achievements_test.dart: IdleAchievementState 커스텀 값 생성
00:25 +1680 -27: D:/mg-games/repos/mg-common-game/test/systems/idle/idle_achievements_test.dart: IdleAchievementState toJson
00:25 +1681 -27: D:/mg-games/repos/mg-common-game/test/systems/idle/idle_achievements_test.dart: IdleAchievementState toJson - unlockedAt null
00:25 +1682 -27: D:/mg-games/repos/mg-common-game/test/systems/idle/idle_achievements_test.dart: IdleAchievementState fromJson
00:25 +1683 -27: D:/mg-games/repos/mg-common-game/test/systems/idle/idle_achievements_test.dart: IdleAchievementState fromJson - 기본값
00:25 +1684 -27: D:/mg-games/repos/mg-common-game/test/systems/idle/idle_achievements_test.dart: IdleAchievementState round-trip 직렬화
00:25 +1685 -27: D:/mg-games/repos/mg-common-game/test/systems/idle/idle_achievements_test.dart: IdleAchievementState mutable 상태 변경
00:25 +1686 -27: D:/mg-games/repos/mg-common-game/test/systems/idle/idle_achievements_test.dart: IdleAchievementManager 초기 상태 초기 업적 없음
00:25 +1687 -27: D:/mg-games/repos/mg-common-game/test/systems/idle/idle_achievements_test.dart: IdleAchievementManager 초기 상태 초기 해금 업적 없음
00:25 +1688 -27: D:/mg-games/repos/mg-common-game/test/systems/idle/idle_achievements_test.dart: IdleAchievementManager 초기 상태 초기 포인트 0
00:25 +1689 -27: D:/mg-games/repos/mg-common-game/test/systems/idle/idle_achievements_test.dart: IdleAchievementManager 초기 상태 초기 완료율 0
00:25 +1690 -27: D:/mg-games/repos/mg-common-game/test/systems/idle/idle_achievements_test.dart: IdleAchievementManager 업적 등록 registerAchievement 동작
00:25 +1691 -27: D:/mg-games/repos/mg-common-game/test/systems/idle/idle_achievements_test.dart: IdleAchievementManager 업적 등록 registerAchievements 동작
00:25 +1692 -27: D:/mg-games/repos/mg-common-game/test/systems/idle/idle_achievements_test.dart: IdleAchievementManager 업적 등록 registerCommonAchievements 동작
00:25 +1693 -27: D:/mg-games/repos/mg-common-game/test/systems/idle/idle_achievements_test.dart: IdleAchievementManager 업적 등록 같은 ID 재등록시 상태 유지
00:25 +1694 -27: D:/mg-games/repos/mg-common-game/test/systems/idle/idle_achievements_test.dart: IdleAchievementManager 카테고리별 조회 getByCategory - collection
00:25 +1695 -27: D:/mg-games/repos/mg-common-game/test/systems/idle/idle_achievements_test.dart: IdleAchievementManager 카테고리별 조회 getByCategory - clicking
00:25 +1696 -27: D:/mg-games/repos/mg-common-game/test/systems/idle/idle_achievements_test.dart: IdleAchievementManager 카테고리별 조회 getByCategory - 빈 카테고리
00:25 +1697 -27: D:/mg-games/repos/mg-common-game/test/systems/idle/idle_achievements_test.dart: IdleAchievementManager 진행 상황 updateProgress 동작
00:25 +1698 -27: D:/mg-games/repos/mg-common-game/test/systems/idle/idle_achievements_test.dart: IdleAchievementManager 진행 상황 incrementProgress 동작
00:25 +1699 -27: D:/mg-games/repos/mg-common-game/test/systems/idle/idle_achievements_test.dart: IdleAchievementManager 진행 상황 getProgressPercentage 동작
00:25 +1700 -27: D:/mg-games/repos/mg-common-game/test/systems/idle/idle_achievements_test.dart: IdleAchievementManager 진행 상황 존재하지 않는 업적 진행
00:25 +1701 -27: D:/mg-games/repos/mg-common-game/test/systems/idle/idle_achievements_test.dart: IdleAchievementManager 진행 상황 존재하지 않는 업적 퍼센티지
00:25 +1702 -27: D:/mg-games/repos/mg-common-game/test/systems/idle/idle_achievements_test.dart: IdleAchievementManager 업적 해금 목표 달성시 자동 해금
00:25 +1703 -27: D:/mg-games/repos/mg-common-game/test/systems/idle/idle_achievements_test.dart: IdleAchievementManager 업적 해금 목표 초과시 해금
00:25 +1704 -27: D:/mg-games/repos/mg-common-game/test/systems/idle/idle_achievements_test.dart: IdleAchievementManager 업적 해금 forceUnlock 동작
00:25 +1705 -27: D:/mg-games/repos/mg-common-game/test/systems/idle/idle_achievements_test.dart: IdleAchievementManager 업적 해금 해금 콜백 호출
00:25 +1706 -27: D:/mg-games/repos/mg-common-game/test/systems/idle/idle_achievements_test.dart: IdleAchievementManager 업적 해금 이미 해금된 업적은 진행 무시
00:25 +1707 -27: D:/mg-games/repos/mg-common-game/test/systems/idle/idle_achievements_test.dart: IdleAchievementManager 선행 조건 선행 조건 미충족시 진행 안됨
00:25 +1708 -27: D:/mg-games/repos/mg-common-game/test/systems/idle/idle_achievements_test.dart: IdleAchievementManager 선행 조건 선행 조건 충족 후 진행 가능
00:25 +1709 -27: D:/mg-games/repos/mg-common-game/test/systems/idle/idle_achievements_test.dart: IdleAchievementManager 보상 해금 전 보상 수령 불가
00:25 +1710 -27: D:/mg-games/repos/mg-common-game/test/systems/idle/idle_achievements_test.dart: IdleAchievementManager 보상 해금 후 보상 수령
00:25 +1711 -27: D:/mg-games/repos/mg-common-game/test/systems/idle/idle_achievements_test.dart: IdleAchievementManager 보상 중복 보상 수령 불가
00:25 +1712 -27: D:/mg-games/repos/mg-common-game/test/systems/idle/idle_achievements_test.dart: IdleAchievementManager 보상 보상 없는 업적 수령 시도
00:25 +1713 -27: D:/mg-games/repos/mg-common-game/test/systems/idle/idle_achievements_test.dart: IdleAchievementManager 보상 achievementsWithUnclaimedRewards
00:25 +1714 -27: D:/mg-games/repos/mg-common-game/test/systems/idle/idle_achievements_test.dart: IdleAchievementManager 보상 claimAllRewards 동작
00:25 +1715 -27: D:/mg-games/repos/mg-common-game/test/systems/idle/idle_achievements_test.dart: IdleAchievementManager 보상 보상 수령 콜백
00:25 +1716 -27: D:/mg-games/repos/mg-common-game/test/systems/idle/idle_achievements_test.dart: IdleAchievementManager 포인트 계산 bronze = 10 포인트
00:25 +1717 -27: D:/mg-games/repos/mg-common-game/test/systems/idle/idle_achievements_test.dart: IdleAchievementManager 포인트 계산 silver = 25 포인트
00:25 +1718 -27: D:/mg-games/repos/mg-common-game/test/systems/idle/idle_achievements_test.dart: IdleAchievementManager 포인트 계산 gold = 50 포인트
00:25 +1719 -27: D:/mg-games/repos/mg-common-game/test/systems/idle/idle_achievements_test.dart: IdleAchievementManager 포인트 계산 platinum = 100 포인트
00:25 +1720 -27: D:/mg-games/repos/mg-common-game/test/systems/idle/idle_achievements_test.dart: IdleAchievementManager 포인트 계산 diamond = 200 포인트
00:25 +1721 -27: D:/mg-games/repos/mg-common-game/test/systems/idle/idle_achievements_test.dart: IdleAchievementManager 포인트 계산 총 포인트 합산
00:25 +1722 -27: D:/mg-games/repos/mg-common-game/test/systems/idle/idle_achievements_test.dart: IdleAchievementManager 완료율 0% 완료
00:25 +1723 -27: D:/mg-games/repos/mg-common-game/test/systems/idle/idle_achievements_test.dart: IdleAchievementManager 완료율 25% 완료
00:25 +1724 -27: D:/mg-games/repos/mg-common-game/test/systems/idle/idle_achievements_test.dart: IdleAchievementManager 완료율 50% 완료
00:25 +1725 -27: D:/mg-games/repos/mg-common-game/test/systems/idle/idle_achievements_test.dart: IdleAchievementManager 완료율 100% 완료
00:25 +1726 -27: D:/mg-games/repos/mg-common-game/test/systems/idle/idle_achievements_test.dart: IdleAchievementManager 숨김 업적 lockedAchievements에서 숨김 업적 제외
00:25 +1727 -27: D:/mg-games/repos/mg-common-game/test/systems/idle/idle_achievements_test.dart: IdleAchievementManager 숨김 업적 숨김 업적도 해금 가능
00:25 +1728 -27: D:/mg-games/repos/mg-common-game/test/systems/idle/idle_achievements_test.dart: IdleAchievementManager 숨김 업적 해금된 숨김 업적은 unlockedAchievements에 포함
00:25 +1729 -27: D:/mg-games/repos/mg-common-game/test/systems/idle/idle_achievements_test.dart: IdleAchievementManager 직렬화 toJson
00:25 +1730 -27: D:/mg-games/repos/mg-common-game/test/systems/idle/idle_achievements_test.dart: IdleAchievementManager 직렬화 fromJson
00:25 +1731 -27: D:/mg-games/repos/mg-common-game/test/systems/idle/idle_achievements_test.dart: IdleAchievementManager 직렬화 round-trip 직렬화
00:25 +1732 -27: D:/mg-games/repos/mg-common-game/test/systems/idle/idle_test.dart: IdleResource 기본 생성
00:25 +1733 -27: D:/mg-games/repos/mg-common-game/test/systems/idle/idle_test.dart: IdleResource 기본 생성
00:25 +1734 -27: D:/mg-games/repos/mg-common-game/test/systems/idle/idle_test.dart: IdleResource 기본 생성
00:25 +1735 -27: D:/mg-games/repos/mg-common-game/test/systems/idle/idle_test.dart: IdleResource 기본 생성
00:25 +1736 -27: D:/mg-games/repos/mg-common-game/test/systems/idle/idle_test.dart: IdleResource 기본 생성
00:25 +1737 -27: D:/mg-games/repos/mg-common-game/test/systems/idle/idle_test.dart: IdleResource 기본 생성
00:25 +1738 -27: D:/mg-games/repos/mg-common-game/test/systems/idle/idle_test.dart: IdleResource 기본 생성
00:25 +1739 -27: D:/mg-games/repos/mg-common-game/test/systems/idle/idle_test.dart: IdleResource 기본 생성
00:25 +1740 -27: D:/mg-games/repos/mg-common-game/test/systems/idle/idle_test.dart: IdleResource 기본 생성
00:25 +1741 -27: D:/mg-games/repos/mg-common-game/test/systems/idle/idle_achievements_test.dart: IdleAchievementManager Edge Cases 존재하지 않는 ID로 incrementProgress
00:25 +1742 -27: D:/mg-games/repos/mg-common-game/test/systems/idle/idle_test.dart: IdleResource 생산량 계산 - 1시간
00:25 +1743 -27: D:/mg-games/repos/mg-common-game/test/systems/idle/idle_achievements_test.dart: IdleAchievementManager Edge Cases 빈 prerequisites
00:25 +1744 -27: D:/mg-games/repos/mg-common-game/test/systems/idle/idle_test.dart: IdleResource 생산량 계산 - 30분
00:25 +1745 -27: D:/mg-games/repos/mg-common-game/test/systems/idle/idle_achievements_test.dart: IdleAchievementManager Edge Cases 여러 prerequisites
00:25 +1746 -27: D:/mg-games/repos/mg-common-game/test/systems/idle/idle_test.dart: IdleResource 생산량 계산 - 모디파이어 적용
00:25 +1747 -27: D:/mg-games/repos/mg-common-game/test/systems/idle/idle_test.dart: IdleResource 생산 중지 시 생산량 0
00:25 +1748 -27: D:/mg-games/repos/mg-common-game/test/systems/idle/idle_test.dart: IdleResource 생산물 추가 - 저장소 여유 있음
00:25 +1749 -27: D:/mg-games/repos/mg-common-game/test/systems/idle/idle_test.dart: IdleResource 생산물 추가 - 저장소 초과
00:25 +1750 -27: D:/mg-games/repos/mg-common-game/test/systems/idle/idle_test.dart: IdleResource 수집
00:25 +1751 -27: D:/mg-games/repos/mg-common-game/test/systems/idle/idle_test.dart: IdleResource 수집 - 보유량 초과 요청
00:25 +1752 -27: D:/mg-games/repos/mg-common-game/test/systems/idle/idle_test.dart: IdleResource 전체 수집
00:25 +1753 -27: D:/mg-games/repos/mg-common-game/test/systems/idle/idle_test.dart: IdleResource 저장소 퍼센트 계산
00:25 +1754 -27: D:/mg-games/repos/mg-common-game/test/systems/idle/idle_test.dart: IdleResource toJson/fromJson
00:25 +1755 -27: D:/mg-games/repos/mg-common-game/test/systems/idle/idle_test.dart: IdleResource 동등성 비교
00:25 +1756 -27: D:/mg-games/repos/mg-common-game/test/systems/idle/idle_test.dart: IdleResource hashCode는 id 기반
00:25 +1757 -27: D:/mg-games/repos/mg-common-game/test/systems/idle/idle_test.dart: IdleResource toString
00:25 +1758 -27: D:/mg-games/repos/mg-common-game/test/systems/idle/idle_test.dart: IdleResource getProductionRate
00:25 +1759 -27: D:/mg-games/repos/mg-common-game/test/systems/idle/idle_test.dart: IdleResource calculateProduction - 음수 생산율
00:25 +1760 -27: D:/mg-games/repos/mg-common-game/test/systems/idle/idle_test.dart: IdleResource calculateProduction - 0 생산율
00:25 +1761 -27: D:/mg-games/repos/mg-common-game/test/systems/idle/idle_test.dart: IdleResource addProduction - 0 추가
00:25 +1762 -27: D:/mg-games/repos/mg-common-game/test/systems/idle/idle_test.dart: IdleResource collect - 0 수집
00:25 +1763 -27: D:/mg-games/repos/mg-common-game/test/systems/idle/idle_test.dart: IdleResource isFull - 정확히 최대
00:25 +1764 -27: D:/mg-games/repos/mg-common-game/test/systems/idle/idle_test.dart: IdleResource isFull - 최대 미만
00:25 +1765 -27: D:/mg-games/repos/mg-common-game/test/systems/idle/idle_test.dart: IdleResource updateTime
00:25 +1766 -27: D:/mg-games/repos/mg-common-game/test/systems/idle/idle_test.dart: IdleResource fromJson - null currentAmount
00:25 +1767 -27: D:/mg-games/repos/mg-common-game/test/systems/idle/idle_test.dart: IdleResource calculateProduction - 분수 시간
00:25 +1768 -27: D:/mg-games/repos/mg-common-game/test/systems/idle/idle_test.dart: IdleResource calculateProduction - 초 단위
00:25 +1769 -27: D:/mg-games/repos/mg-common-game/test/systems/idle/idle_test.dart: IdleManager 리소스 등록
00:25 +1770 -27: D:/mg-games/repos/mg-common-game/test/systems/idle/idle_test.dart: IdleManager 리소스 등록 해제
00:25 +1771 -27: D:/mg-games/repos/mg-common-game/test/systems/idle/idle_test.dart: IdleManager 글로벌 모디파이어 설정
00:25 +1772 -27: D:/mg-games/repos/mg-common-game/test/systems/idle/idle_test.dart: IdleManager 리소스별 모디파이어 설정
00:25 +1773 -27: D:/mg-games/repos/mg-common-game/test/systems/idle/idle_test.dart: IdleManager 총 모디파이어 계산
00:25 +1774 -27: D:/mg-games/repos/mg-common-game/test/systems/idle/idle_test.dart: IdleManager 오프라인 보상 계산
00:25 +1775 -27: D:/mg-games/repos/mg-common-game/test/systems/idle/idle_test.dart: IdleManager 오프라인 보상 - 최대 시간 제한
00:25 +1776 -27: D:/mg-games/repos/mg-common-game/test/systems/idle/idle_test.dart: IdleManager 수집
00:25 +1777 -27: D:/mg-games/repos/mg-common-game/test/systems/idle/idle_test.dart: IdleManager 전체 수집
00:25 +1778 -27: D:/mg-games/repos/mg-common-game/test/systems/idle/idle_test.dart: IdleManager 모든 리소스 수집
00:25 +1779 -27: D:/mg-games/repos/mg-common-game/test/systems/idle/idle_test.dart: IdleManager 생산율 계산
00:25 +1780 -27: D:/mg-games/repos/mg-common-game/test/systems/idle/idle_test.dart: IdleManager 생산 일시정지/재개
00:25 +1781 -27: D:/mg-games/repos/mg-common-game/test/systems/idle/idle_test.dart: IdleManager 총 저장소 용량
00:25 +1782 -27: D:/mg-games/repos/mg-common-game/test/systems/idle/idle_test.dart: IdleManager 총 현재 보유량
00:25 +1783 -27: D:/mg-games/repos/mg-common-game/test/systems/idle/idle_test.dart: IdleManager 전체 저장소 비율
00:25 +1784 -27: D:/mg-games/repos/mg-common-game/test/systems/idle/idle_test.dart: IdleManager toJson/fromJson
00:25 +1785 -27: D:/mg-games/repos/mg-common-game/test/systems/idle/idle_test.dart: IdleManager fromJson 상태 복원
00:25 +1786 -27: D:/mg-games/repos/mg-common-game/test/systems/idle/idle_test.dart: IdleManager processOfflineTime
00:25 +1787 -27: D:/mg-games/repos/mg-common-game/test/systems/idle/idle_test.dart: IdleManager getTimeToFillStorage - 생산 중
00:25 +1788 -27: D:/mg-games/repos/mg-common-game/test/systems/idle/idle_test.dart: IdleManager getTimeToFillStorage - 이미 가득 참
00:25 +1789 -27: D:/mg-games/repos/mg-common-game/test/systems/idle/idle_test.dart: IdleManager getTimeToFillStorage - 존재하지 않는 리소스
00:25 +1790 -27: D:/mg-games/repos/mg-common-game/test/systems/idle/idle_test.dart: IdleManager getTimeToFillStorage - 생산 중지 상태
00:25 +1791 -27: D:/mg-games/repos/mg-common-game/test/systems/idle/idle_test.dart: IdleManager collect - 존재하지 않는 리소스
00:25 +1792 -27: D:/mg-games/repos/mg-common-game/test/systems/idle/idle_test.dart: IdleManager collectAll - 존재하지 않는 리소스
00:25 +1793 -27: D:/mg-games/repos/mg-common-game/test/systems/idle/idle_test.dart: IdleManager getProductionRate - 존재하지 않는 리소스
00:25 +1794 -27: D:/mg-games/repos/mg-common-game/test/systems/idle/idle_test.dart: IdleManager pauseProduction - 존재하지 않는 리소스
00:25 +1795 -27: D:/mg-games/repos/mg-common-game/test/systems/idle/idle_test.dart: IdleManager resumeProduction - 존재하지 않는 리소스
00:25 +1796 -27: D:/mg-games/repos/mg-common-game/test/systems/idle/idle_test.dart: IdleManager onResourceProduced 콜백
00:25 +1797 -27: D:/mg-games/repos/mg-common-game/test/systems/idle/idle_test.dart: IdleManager onResourceProduced 콜백
00:25 +1798 -27: D:/mg-games/repos/mg-common-game/test/systems/idle/idle_test.dart: IdleManager onResourceProduced 콜백
00:25 +1799 -27: D:/mg-games/repos/mg-common-game/test/systems/idle/idle_test.dart: IdleManager onResourceProduced 콜백
00:25 +1800 -27: D:/mg-games/repos/mg-common-game/test/systems/idle/idle_test.dart: IdleManager onResourceProduced 콜백
00:25 +1801 -27: D:/mg-games/repos/mg-common-game/test/systems/idle/idle_test.dart: IdleManager onResourceProduced 콜백
00:25 +1802 -27: D:/mg-games/repos/mg-common-game/test/systems/idle/idle_test.dart: IdleManager onResourceProduced 콜백
00:25 +1803 -27: D:/mg-games/repos/mg-common-game/test/systems/idle/idle_test.dart: IdleManager onResourceProduced 콜백
00:25 +1804 -27: D:/mg-games/repos/mg-common-game/test/systems/idle/idle_test.dart: IdleManager onResourceProduced 콜백
00:25 +1805 -27: D:/mg-games/repos/mg-common-game/test/systems/idle/idle_test.dart: IdleManager onResourceProduced 콜백
00:25 +1806 -27: D:/mg-games/repos/mg-common-game/test/systems/idle/idle_test.dart: IdleManager onResourceProduced 콜백
00:25 +1807 -27: D:/mg-games/repos/mg-common-game/test/systems/idle/idle_test.dart: IdleManager onResourceProduced 콜백
00:25 +1808 -27: D:/mg-games/repos/mg-common-game/test/systems/idle/idle_test.dart: IdleManager onResourceProduced 콜백
00:25 +1809 -27: D:/mg-games/repos/mg-common-game/test/systems/idle/idle_test.dart: IdleManager onResourceProduced 콜백
00:25 +1810 -27: D:/mg-games/repos/mg-common-game/test/systems/idle/idle_test.dart: IdleManager onResourceProduced 콜백
00:25 +1811 -27: D:/mg-games/repos/mg-common-game/test/systems/idle/idle_test.dart: IdleManager onResourceProduced 콜백
00:25 +1812 -27: D:/mg-games/repos/mg-common-game/test/systems/idle/idle_test.dart: IdleManager onResourceProduced 콜백
00:25 +1813 -27: D:/mg-games/repos/mg-common-game/test/systems/idle/idle_test.dart: IdleManager onResourceProduced 콜백
00:25 +1814 -27: D:/mg-games/repos/mg-common-game/test/systems/idle/idle_test.dart: IdleManager onResourceProduced 콜백
00:25 +1815 -27: D:/mg-games/repos/mg-common-game/test/systems/idle/idle_test.dart: IdleManager onResourceProduced 콜백
00:25 +1816 -27: D:/mg-games/repos/mg-common-game/test/systems/idle/idle_test.dart: IdleManager onResourceProduced 콜백
00:25 +1817 -27: D:/mg-games/repos/mg-common-game/test/systems/idle/idle_test.dart: IdleManager onResourceProduced 콜백
00:25 +1818 -27: D:/mg-games/repos/mg-common-game/test/systems/idle/idle_test.dart: IdleManager onResourceProduced 콜백
00:25 +1819 -27: D:/mg-games/repos/mg-common-game/test/systems/idle/idle_test.dart: IdleManager onResourceProduced 콜백
00:25 +1820 -27: D:/mg-games/repos/mg-common-game/test/systems/idle/idle_test.dart: IdleManager onResourceProduced 콜백
00:25 +1821 -27: D:/mg-games/repos/mg-common-game/test/systems/idle/idle_test.dart: IdleManager onResourceProduced 콜백
00:25 +1822 -27: D:/mg-games/repos/mg-common-game/test/systems/idle/idle_test.dart: IdleManager onResourceProduced 콜백
00:25 +1823 -27: D:/mg-games/repos/mg-common-game/test/systems/idle/idle_test.dart: IdleManager onResourceProduced 콜백
00:25 +1824 -27: D:/mg-games/repos/mg-common-game/test/systems/idle/idle_test.dart: IdleManager onResourceProduced 콜백
00:25 +1825 -27: D:/mg-games/repos/mg-common-game/test/systems/idle/idle_test.dart: IdleManager onResourceProduced 콜백
00:25 +1826 -27: D:/mg-games/repos/mg-common-game/test/systems/idle/idle_test.dart: IdleManager onResourceProduced 콜백
00:25 +1827 -27: D:/mg-games/repos/mg-common-game/test/systems/idle/idle_test.dart: IdleManager onResourceProduced 콜백
00:25 +1828 -27: D:/mg-games/repos/mg-common-game/test/systems/idle/idle_test.dart: IdleManager onResourceProduced 콜백
00:25 +1829 -27: D:/mg-games/repos/mg-common-game/test/systems/idle/idle_test.dart: IdleManager onResourceProduced 콜백
00:25 +1830 -27: D:/mg-games/repos/mg-common-game/test/systems/idle/idle_test.dart: IdleManager onResourceProduced 콜백
00:25 +1831 -27: D:/mg-games/repos/mg-common-game/test/systems/idle/idle_test.dart: IdleManager onResourceProduced 콜백
00:25 +1832 -27: D:/mg-games/repos/mg-common-game/test/systems/idle/idle_test.dart: IdleManager onResourceProduced 콜백
00:25 +1833 -27: D:/mg-games/repos/mg-common-game/test/systems/idle/idle_test.dart: IdleManager onResourceProduced 콜백
00:25 +1834 -27: D:/mg-games/repos/mg-common-game/test/systems/idle/idle_test.dart: IdleManager onResourceProduced 콜백
00:25 +1835 -27: D:/mg-games/repos/mg-common-game/test/systems/idle/idle_test.dart: IdleManager onResourceProduced 콜백
00:25 +1836 -27: D:/mg-games/repos/mg-common-game/test/systems/idle/idle_test.dart: IdleManager onResourceProduced 콜백
00:25 +1837 -27: D:/mg-games/repos/mg-common-game/test/systems/idle/idle_test.dart: IdleManager onResourceProduced 콜백
00:25 +1838 -27: D:/mg-games/repos/mg-common-game/test/systems/idle/idle_test.dart: IdleManager onResourceProduced 콜백
00:25 +1839 -27: D:/mg-games/repos/mg-common-game/test/systems/idle/idle_test.dart: IdleManager onResourceProduced 콜백
00:25 +1840 -27: D:/mg-games/repos/mg-common-game/test/systems/idle/idle_test.dart: IdleManager onResourceProduced 콜백
00:25 +1841 -27: D:/mg-games/repos/mg-common-game/test/systems/idle/idle_test.dart: IdleManager onResourceProduced 콜백
00:25 +1842 -27: D:/mg-games/repos/mg-common-game/test/systems/idle/idle_test.dart: IdleManager onResourceProduced 콜백
00:25 +1843 -27: D:/mg-games/repos/mg-common-game/test/systems/idle/idle_test.dart: IdleManager onResourceProduced 콜백
00:25 +1844 -27: D:/mg-games/repos/mg-common-game/test/systems/idle/idle_test.dart: IdleManager onResourceProduced 콜백
00:25 +1845 -27: D:/mg-games/repos/mg-common-game/test/systems/idle/idle_test.dart: IdleManager onResourceProduced 콜백
00:25 +1846 -27: D:/mg-games/repos/mg-common-game/test/systems/idle/idle_test.dart: IdleManager onResourceProduced 콜백
00:25 +1847 -27: D:/mg-games/repos/mg-common-game/test/systems/idle/prestige_manager_test.dart: PrestigeManager prestigeBonus and prestigeBonusPercentage bonus accumulates over prestiges
00:25 +1848 -27: D:/mg-games/repos/mg-common-game/test/systems/leaderboard/leaderboard_manager_test.dart: LeaderboardConfig 기본 생성
00:25 +1849 -27: D:/mg-games/repos/mg-common-game/test/systems/leaderboard/leaderboard_manager_test.dart: LeaderboardConfig 기본 생성
00:25 +1850 -27: D:/mg-games/repos/mg-common-game/test/systems/leaderboard/leaderboard_manager_test.dart: LeaderboardConfig 기본 생성
00:25 +1851 -27: D:/mg-games/repos/mg-common-game/test/systems/leaderboard/leaderboard_manager_test.dart: LeaderboardConfig 기본 생성
00:25 +1852 -27: D:/mg-games/repos/mg-common-game/test/systems/leaderboard/leaderboard_manager_test.dart: LeaderboardConfig 기본 생성
00:25 +1853 -27: D:/mg-games/repos/mg-common-game/test/systems/leaderboard/leaderboard_manager_test.dart: LeaderboardConfig 기본 생성
00:25 +1854 -27: D:/mg-games/repos/mg-common-game/test/systems/leaderboard/leaderboard_manager_test.dart: LeaderboardConfig 기본 생성
00:25 +1855 -27: D:/mg-games/repos/mg-common-game/test/systems/idle/idle_test.dart: IdleManager onStorageFull 콜백
00:25 +1856 -27: D:/mg-games/repos/mg-common-game/test/systems/idle/idle_test.dart: IdleManager onStorageFull 콜백
00:25 +1857 -27: D:/mg-games/repos/mg-common-game/test/systems/idle/idle_test.dart: IdleManager onStorageFull 콜백
00:25 +1858 -27: D:/mg-games/repos/mg-common-game/test/systems/idle/idle_test.dart: IdleManager onStorageFull 콜백
00:25 +1859 -27: D:/mg-games/repos/mg-common-game/test/systems/idle/idle_test.dart: IdleManager onStorageFull 콜백
00:25 +1860 -27: D:/mg-games/repos/mg-common-game/test/systems/idle/idle_test.dart: IdleManager onStorageFull 콜백
00:25 +1861 -27: D:/mg-games/repos/mg-common-game/test/systems/idle/idle_test.dart: IdleManager onStorageFull 콜백
00:25 +1862 -27: D:/mg-games/repos/mg-common-game/test/systems/idle/idle_test.dart: IdleManager onStorageFull 콜백
00:25 +1863 -27: D:/mg-games/repos/mg-common-game/test/systems/idle/idle_test.dart: IdleManager onStorageFull 콜백
00:25 +1864 -27: D:/mg-games/repos/mg-common-game/test/systems/idle/idle_test.dart: IdleManager onStorageFull 콜백
00:25 +1865 -27: D:/mg-games/repos/mg-common-game/test/systems/idle/idle_test.dart: IdleManager onStorageFull 콜백
00:25 +1866 -27: D:/mg-games/repos/mg-common-game/test/systems/idle/idle_test.dart: IdleManager onStorageFull 콜백
00:25 +1867 -27: D:/mg-games/repos/mg-common-game/test/systems/idle/idle_test.dart: IdleManager onStorageFull 콜백
00:25 +1868 -27: D:/mg-games/repos/mg-common-game/test/systems/idle/idle_test.dart: IdleManager onStorageFull 콜백
00:25 +1869 -27: D:/mg-games/repos/mg-common-game/test/systems/idle/idle_test.dart: IdleManager onStorageFull 콜백
00:25 +1870 -27: D:/mg-games/repos/mg-common-game/test/systems/idle/idle_test.dart: IdleManager onStorageFull 콜백
00:25 +1871 -27: D:/mg-games/repos/mg-common-game/test/systems/idle/idle_test.dart: IdleManager onStorageFull 콜백
00:25 +1872 -27: D:/mg-games/repos/mg-common-game/test/systems/idle/idle_test.dart: IdleManager onStorageFull 콜백
00:25 +1873 -27: D:/mg-games/repos/mg-common-game/test/systems/idle/idle_test.dart: IdleManager onStorageFull 콜백
00:25 +1874 -27: D:/mg-games/repos/mg-common-game/test/systems/idle/idle_test.dart: IdleManager onStorageFull 콜백
00:25 +1875 -27: D:/mg-games/repos/mg-common-game/test/systems/idle/idle_test.dart: IdleManager onStorageFull 콜백
00:25 +1876 -27: D:/mg-games/repos/mg-common-game/test/systems/idle/idle_test.dart: IdleManager onStorageFull 콜백
00:25 +1877 -27: D:/mg-games/repos/mg-common-game/test/systems/idle/idle_test.dart: IdleManager onStorageFull 콜백
00:25 +1878 -27: D:/mg-games/repos/mg-common-game/test/systems/idle/idle_test.dart: IdleManager onStorageFull 콜백
00:25 +1879 -27: D:/mg-games/repos/mg-common-game/test/systems/idle/idle_test.dart: IdleManager onStorageFull 콜백
00:25 +1880 -27: D:/mg-games/repos/mg-common-game/test/systems/idle/idle_test.dart: IdleManager onStorageFull 콜백
00:25 +1881 -27: D:/mg-games/repos/mg-common-game/test/systems/idle/idle_test.dart: IdleManager onStorageFull 콜백
00:25 +1882 -27: D:/mg-games/repos/mg-common-game/test/systems/idle/idle_test.dart: IdleManager onStorageFull 콜백
00:25 +1883 -27: D:/mg-games/repos/mg-common-game/test/systems/idle/idle_test.dart: IdleManager onStorageFull 콜백
00:25 +1884 -27: D:/mg-games/repos/mg-common-game/test/systems/idle/idle_test.dart: IdleManager onStorageFull 콜백
00:25 +1885 -27: D:/mg-games/repos/mg-common-game/test/systems/idle/idle_test.dart: IdleManager onStorageFull 콜백
00:25 +1886 -27: D:/mg-games/repos/mg-common-game/test/systems/idle/idle_test.dart: IdleManager onStorageFull 콜백
00:25 +1887 -27: D:/mg-games/repos/mg-common-game/test/systems/idle/idle_test.dart: IdleManager onStorageFull 콜백
00:25 +1888 -27: D:/mg-games/repos/mg-common-game/test/systems/idle/idle_test.dart: IdleManager onStorageFull 콜백
00:25 +1889 -27: D:/mg-games/repos/mg-common-game/test/systems/idle/idle_test.dart: IdleManager onStorageFull 콜백
00:25 +1890 -27: D:/mg-games/repos/mg-common-game/test/systems/idle/idle_test.dart: IdleManager onStorageFull 콜백
00:25 +1891 -27: D:/mg-games/repos/mg-common-game/test/systems/idle/idle_test.dart: IdleManager onStorageFull 콜백
00:25 +1891 -27: D:/mg-games/repos/mg-common-game/test/systems/leaderboard/leaderboard_manager_test.dart: LeaderboardManager 리더보드 등록
Leaderboard registered: score (High Score)
00:25 +1892 -27: D:/mg-games/repos/mg-common-game/test/systems/idle/idle_test.dart: IdleManager onStorageFull 콜백
00:25 +1893 -27: D:/mg-games/repos/mg-common-game/test/systems/idle/idle_test.dart: IdleManager onStorageFull 콜백
00:25 +1894 -27: D:/mg-games/repos/mg-common-game/test/systems/idle/idle_test.dart: IdleManager onStorageFull 콜백
00:25 +1894 -27: D:/mg-games/repos/mg-common-game/test/systems/leaderboard/leaderboard_manager_test.dart: LeaderboardManager 여러 리더보드 등록
3 leaderboards registered
00:25 +1895 -27: D:/mg-games/repos/mg-common-game/test/systems/idle/idle_test.dart: IdleManager onStorageFull 콜백
00:25 +1896 -27: D:/mg-games/repos/mg-common-game/test/systems/idle/idle_test.dart: IdleManager onStorageFull 콜백
00:25 +1896 -27: D:/mg-games/repos/mg-common-game/test/systems/leaderboard/leaderboard_manager_test.dart: LeaderboardManager 리더보드 등록 해제
Leaderboard registered: temp (Temp)
00:25 +1897 -27: D:/mg-games/repos/mg-common-game/test/systems/idle/idle_test.dart: IdleManager onStorageFull 콜백
00:25 +1898 -27: D:/mg-games/repos/mg-common-game/test/systems/idle/idle_test.dart: IdleManager onStorageFull 콜백
00:25 +1899 -27: D:/mg-games/repos/mg-common-game/test/systems/idle/idle_test.dart: IdleManager onStorageFull 콜백
00:25 +1899 -27: D:/mg-games/repos/mg-common-game/test/systems/leaderboard/leaderboard_manager_test.dart: LeaderboardManager 점수 제출 - 로컬 모드
Leaderboard registered: score (High Score)
00:25 +1900 -27: D:/mg-games/repos/mg-common-game/test/systems/idle/idle_test.dart: IdleManager onStorageFull 콜백
00:25 +1901 -27: D:/mg-games/repos/mg-common-game/test/systems/idle/idle_test.dart: IdleManager onStorageFull 콜백
00:25 +1902 -27: D:/mg-games/repos/mg-common-game/test/systems/idle/idle_test.dart: IdleManager onStorageFull 콜백
00:25 +1902 -27: D:/mg-games/repos/mg-common-game/test/systems/leaderboard/leaderboard_manager_test.dart: LeaderboardManager 점수 제출 - 새 최고 점수
Leaderboard registered: score (High Score)
00:25 +1903 -27: D:/mg-games/repos/mg-common-game/test/systems/idle/idle_test.dart: IdleManager onStorageFull 콜백
00:25 +1903 -27: D:/mg-games/repos/mg-common-game/test/systems/leaderboard/leaderboard_manager_test.dart: LeaderboardManager 점수 제출 - 낮은 점수는 최고 점수 아님
Leaderboard registered: score (High Score)
00:25 +1904 -27: D:/mg-games/repos/mg-common-game/test/systems/idle/idle_test.dart: IdleManager onStorageFull 콜백
00:25 +1904 -27: D:/mg-games/repos/mg-common-game/test/systems/leaderboard/leaderboard_manager_test.dart: LeaderboardManager 점수 제출 - 오름차순 정렬 (시간 기록)
Leaderboard registered: time (Best Time)
00:25 +1905 -27: D:/mg-games/repos/mg-common-game/test/systems/idle/idle_test.dart: IdleManager onStorageFull 콜백
00:25 +1905 -27: D:/mg-games/repos/mg-common-game/test/systems/leaderboard/leaderboard_manager_test.dart: LeaderboardManager 점수 제출 - 플레이어 미설정
Leaderboard registered: score (High Score)
00:25 +1906 -27: D:/mg-games/repos/mg-common-game/test/systems/idle/idle_test.dart: IdleManager onStorageFull 콜백
00:25 +1907 -27: D:/mg-games/repos/mg-common-game/test/systems/idle/idle_test.dart: IdleManager onStorageFull 콜백
00:25 +1907 -27: D:/mg-games/repos/mg-common-game/test/systems/leaderboard/leaderboard_manager_test.dart: LeaderboardManager 로컬 리더보드 업데이트
Leaderboard registered: score (High Score)
00:25 +1908 -27: D:/mg-games/repos/mg-common-game/test/systems/idle/idle_test.dart: IdleManager onStorageFull 콜백
00:25 +1908 -27: D:/mg-games/repos/mg-common-game/test/systems/leaderboard/leaderboard_manager_test.dart: LeaderboardManager 테스트 엔트리 추가
Leaderboard registered: score (High Score)
00:25 +1909 -27: D:/mg-games/repos/mg-common-game/test/systems/idle/idle_test.dart: IdleManager onStorageFull 콜백
00:25 +1909 -27: D:/mg-games/repos/mg-common-game/test/systems/leaderboard/leaderboard_manager_test.dart: LeaderboardManager 순위 정렬 - 내림차순
Leaderboard registered: score (High Score)
00:25 +1910 -27: D:/mg-games/repos/mg-common-game/test/systems/idle/idle_test.dart: IdleManager onStorageFull 콜백
00:25 +1910 -27: D:/mg-games/repos/mg-common-game/test/systems/leaderboard/leaderboard_manager_test.dart: LeaderboardManager 순위 정렬 - 오름차순
Leaderboard registered: time (Best Time)
00:25 +1911 -27: D:/mg-games/repos/mg-common-game/test/systems/idle/idle_test.dart: IdleManager onStorageFull 콜백
00:25 +1911 -27: D:/mg-games/repos/mg-common-game/test/systems/leaderboard/leaderboard_manager_test.dart: LeaderboardManager 범위 엔트리 가져오기
Leaderboard registered: score (High Score)
00:25 +1912 -27: D:/mg-games/repos/mg-common-game/test/systems/idle/idle_test.dart: IdleManager onStorageFull 콜백
00:25 +1913 -27: D:/mg-games/repos/mg-common-game/test/systems/idle/idle_test.dart: IdleManager onStorageFull 콜백
00:25 +1913 -27: D:/mg-games/repos/mg-common-game/test/systems/leaderboard/leaderboard_manager_test.dart: LeaderboardManager JSON 저장/복원
Leaderboard registered: score (High Score)
00:25 +1914 -27: D:/mg-games/repos/mg-common-game/test/systems/idle/idle_test.dart: IdleManager onStorageFull 콜백
00:25 +1914 -27: D:/mg-games/repos/mg-common-game/test/systems/leaderboard/leaderboard_manager_test.dart: LeaderboardManager 캐시 클리어
Leaderboard registered: score (High Score)
00:25 +1915 -27: D:/mg-games/repos/mg-common-game/test/systems/idle/idle_test.dart: IdleManager onStorageFull 콜백
00:25 +1915 -27: D:/mg-games/repos/mg-common-game/test/systems/leaderboard/leaderboard_manager_test.dart: LeaderboardManager 전체 클리어
Leaderboard registered: score (High Score)
00:25 +1916 -27: D:/mg-games/repos/mg-common-game/test/systems/idle/idle_test.dart: IdleManager onStorageFull 콜백
00:25 +1916 -27: D:/mg-games/repos/mg-common-game/test/systems/leaderboard/leaderboard_manager_test.dart: LeaderboardManager ChangeNotifier 동작
Leaderboard registered: score (High Score)
00:25 +1917 -27: D:/mg-games/repos/mg-common-game/test/systems/idle/idle_test.dart: IdleManager onStorageFull 콜백
00:25 +1917 -27: D:/mg-games/repos/mg-common-game/test/systems/leaderboard/leaderboard_manager_test.dart: LeaderboardManager - 백엔드 콜백 점수 제출 콜백 성공
Leaderboard registered: score (High Score)
00:25 +1918 -27: D:/mg-games/repos/mg-common-game/test/systems/idle/idle_test.dart: IdleManager onStorageFull 콜백
00:25 +1918 -27: D:/mg-games/repos/mg-common-game/test/systems/leaderboard/leaderboard_manager_test.dart: LeaderboardManager - 백엔드 콜백 점수 제출 콜백 실패 - 대기열 추가
Leaderboard registered: score (High Score)
Score queued for later submission: 1000 to score
00:25 +1919 -27: D:/mg-games/repos/mg-common-game/test/systems/idle/idle_test.dart: IdleManager onStorageFull 콜백
00:25 +1919 -27: D:/mg-games/repos/mg-common-game/test/systems/leaderboard/leaderboard_manager_test.dart: LeaderboardManager - 백엔드 콜백 대기 중인 점수 제출
Leaderboard registered: score (High Score)
Score queued for later submission: 1000 to score
Score queued for later submission: 2000 to score
00:25 +1920 -27: D:/mg-games/repos/mg-common-game/test/systems/idle/idle_test.dart: IdleManager onStorageFull 콜백
00:25 +1920 -27: D:/mg-games/repos/mg-common-game/test/systems/leaderboard/leaderboard_manager_test.dart: LeaderboardManager - 백엔드 콜백 리더보드 조회 콜백
Leaderboard registered: score (High Score)
00:25 +1921 -27: D:/mg-games/repos/mg-common-game/test/systems/idle/idle_test.dart: IdleManager onStorageFull 콜백
00:25 +1921 -27: D:/mg-games/repos/mg-common-game/test/systems/leaderboard/leaderboard_manager_test.dart: LeaderboardManager - 백엔드 콜백 플레이어 엔트리 조회
Leaderboard registered: score (High Score)
00:25 +1922 -27: D:/mg-games/repos/mg-common-game/test/systems/idle/idle_test.dart: IdleManager onStorageFull 콜백
00:25 +1922 -27: D:/mg-games/repos/mg-common-game/test/systems/leaderboard/leaderboard_manager_test.dart: LeaderboardManager - 백엔드 콜백 주변 순위 조회
Leaderboard registered: score (High Score)
00:25 +1923 -27: D:/mg-games/repos/mg-common-game/test/systems/idle/idle_test.dart: IdleManager onStorageFull 콜백
00:25 +1923 -27: D:/mg-games/repos/mg-common-game/test/systems/leaderboard/leaderboard_manager_test.dart: LeaderboardManager - 백엔드 콜백 캐시 사용 여부
Leaderboard registered: score (High Score)
00:25 +1924 -27: D:/mg-games/repos/mg-common-game/test/systems/idle/idle_test.dart: IdleManager onStorageFull 콜백
00:25 +1924 -27: D:/mg-games/repos/mg-common-game/test/systems/leaderboard/leaderboard_manager_test.dart: LeaderboardManager - maxEntries 제한 최대 엔트리 수 제한
Leaderboard registered: score (High Score)
00:25 +1925 -27: D:/mg-games/repos/mg-common-game/test/systems/idle/idle_test.dart: IdleManager onStorageFull 콜백
00:25 +1926 -27: D:/mg-games/repos/mg-common-game/test/systems/progression/achievement_manager_test.dart: Achievement 기본 생성
00:25 +1927 -27: D:/mg-games/repos/mg-common-game/test/systems/idle/idle_test.dart: IdleManager startProduction 중복 호출 무시
00:25 +1928 -27: D:/mg-games/repos/mg-common-game/test/systems/progression/achievement_manager_test.dart: Achievement 숨김 업적
00:25 +1929 -27: D:/mg-games/repos/mg-common-game/test/systems/idle/idle_test.dart: IdleManager 전체 저장소 비율 - 리소스 없음
00:25 +1930 -27: D:/mg-games/repos/mg-common-game/test/systems/progression/achievement_manager_test.dart: Achievement 해금/잠금
00:25 +1931 -27: D:/mg-games/repos/mg-common-game/test/systems/idle/idle_test.dart: IdleManager toString
00:25 +1932 -27: D:/mg-games/repos/mg-common-game/test/systems/progression/achievement_manager_test.dart: AchievementManager 업적 등록
00:25 +1933 -27: D:/mg-games/repos/mg-common-game/test/systems/progression/achievement_manager_test.dart: AchievementManager 업적 등록
00:25 +1934 -27: D:/mg-games/repos/mg-common-game/test/systems/progression/achievement_manager_test.dart: AchievementManager 업적 등록
00:25 +1935 -27: D:/mg-games/repos/mg-common-game/test/systems/idle/idle_test.dart: OfflineProgressData 기본 생성
00:25 +1936 -27: D:/mg-games/repos/mg-common-game/test/systems/progression/achievement_manager_test.dart: AchievementManager 업적 해금
00:25 +1937 -27: D:/mg-games/repos/mg-common-game/test/systems/idle/idle_test.dart: OfflineProgressData 보상 없음 체크
00:25 +1938 -27: D:/mg-games/repos/mg-common-game/test/systems/progression/achievement_manager_test.dart: AchievementManager 이미 해금된 업적 재해금 불가
00:25 +1939 -27: D:/mg-games/repos/mg-common-game/test/systems/idle/idle_test.dart: OfflineProgressData 시간 포맷팅 - 일
00:25 +1940 -27: D:/mg-games/repos/mg-common-game/test/systems/progression/achievement_manager_test.dart: AchievementManager 해금 콜백
00:25 +1941 -27: D:/mg-games/repos/mg-common-game/test/systems/idle/idle_test.dart: OfflineProgressData 시간 포맷팅 - 시간
00:25 +1942 -27: D:/mg-games/repos/mg-common-game/test/systems/progression/achievement_manager_test.dart: AchievementManager 해금된 업적 목록
00:25 +1943 -27: D:/mg-games/repos/mg-common-game/test/systems/idle/idle_test.dart: OfflineProgressData 시간 포맷팅 - 분
00:25 +1944 -27: D:/mg-games/repos/mg-common-game/test/systems/progression/achievement_manager_test.dart: AchievementManager setUnlocked
00:25 +1945 -27: D:/mg-games/repos/mg-common-game/test/systems/progression/achievement_manager_test.dart: AchievementManager setUnlocked
00:25 +1946 -27: D:/mg-games/repos/mg-common-game/test/systems/idle/idle_test.dart: PrestigeConfig 기본값
00:25 +1947 -27: D:/mg-games/repos/mg-common-game/test/systems/progression/achievement_manager_test.dart: AchievementManager toSaveData/fromSaveData
00:25 +1948 -27: D:/mg-games/repos/mg-common-game/test/systems/idle/idle_test.dart: PrestigeConfig 커스텀 설정
00:25 +1949 -27: D:/mg-games/repos/mg-common-game/test/systems/progression/achievement_manager_test.dart: AchievementManager saveKey
00:25 +1950 -27: D:/mg-games/repos/mg-common-game/test/systems/idle/idle_test.dart: PrestigeData 기본 생성
00:25 +1951 -27: D:/mg-games/repos/mg-common-game/test/systems/idle/idle_test.dart: PrestigeManager 초기 상태
00:25 +1952 -27: D:/mg-games/repos/mg-common-game/test/systems/idle/idle_test.dart: PrestigeManager 설정 업데이트
00:25 +1953 -27: D:/mg-games/repos/mg-common-game/test/systems/idle/idle_test.dart: PrestigeManager 프레스티지 가능 여부 - 불가
00:25 +1954 -27: D:/mg-games/repos/mg-common-game/test/systems/idle/idle_test.dart: PrestigeManager 프레스티지 가능 여부 - 가능
00:25 +1955 -27: D:/mg-games/repos/mg-common-game/test/systems/idle/idle_test.dart: PrestigeManager 프레스티지 포인트 계산
00:25 +1956 -27: D:/mg-games/repos/mg-common-game/test/systems/idle/idle_test.dart: PrestigeManager 프레스티지 진행률
00:25 +1957 -27: D:/mg-games/repos/mg-common-game/test/systems/idle/idle_test.dart: PrestigeManager 업적 보너스 추가
00:25 +1958 -27: D:/mg-games/repos/mg-common-game/test/systems/idle/idle_test.dart: PrestigeManager toJson/fromJson
00:25 +1959 -27: D:/mg-games/repos/mg-common-game/test/systems/idle/idle_test.dart: AutoClickerConfig 기본값
00:25 +1960 -27: D:/mg-games/repos/mg-common-game/test/systems/idle/idle_test.dart: AutoClickerConfig 커스텀 설정
00:25 +1961 -27: D:/mg-games/repos/mg-common-game/test/systems/idle/idle_test.dart: AutoClickerState 기본 생성
00:25 +1962 -27: D:/mg-games/repos/mg-common-game/test/systems/idle/idle_test.dart: AutoClickerState toJson/fromJson
00:25 +1963 -27: D:/mg-games/repos/mg-common-game/test/systems/idle/idle_test.dart: AutoClickerManager 자동 클리커 등록
00:25 +1964 -27: D:/mg-games/repos/mg-common-game/test/systems/idle/idle_test.dart: AutoClickerManager 여러 자동 클리커 등록
00:25 +1965 -27: D:/mg-games/repos/mg-common-game/test/systems/idle/idle_test.dart: AutoClickerManager 자동 클리커 해금
00:25 +1966 -27: D:/mg-games/repos/mg-common-game/test/systems/idle/idle_test.dart: AutoClickerManager 자동 클리커 업그레이드
00:25 +1967 -27: D:/mg-games/repos/mg-common-game/test/systems/idle/idle_test.dart: AutoClickerManager CPS 계산
00:25 +1968 -27: D:/mg-games/repos/mg-common-game/test/systems/idle/idle_test.dart: AutoClickerManager 데미지 계산
00:25 +1969 -27: D:/mg-games/repos/mg-common-game/test/systems/idle/idle_test.dart: AutoClickerManager 총 CPS/DPS
00:25 +1970 -27: D:/mg-games/repos/mg-common-game/test/systems/idle/idle_test.dart: AutoClickerManager 업그레이드 비용 계산
00:25 +1971 -27: D:/mg-games/repos/mg-common-game/test/systems/idle/idle_test.dart: AutoClickerManager 활성화/비활성화 토글
00:25 +1972 -27: D:/mg-games/repos/mg-common-game/test/systems/idle/idle_test.dart: AutoClickerManager 비활성화된 클리커 CPS는 0
00:25 +1973 -27: D:/mg-games/repos/mg-common-game/test/systems/idle/idle_test.dart: AutoClickerManager 글로벌 승수
00:25 +1974 -27: D:/mg-games/repos/mg-common-game/test/systems/idle/idle_test.dart: AutoClickerManager 최대 레벨 제한
00:25 +1975 -27: D:/mg-games/repos/mg-common-game/test/systems/idle/idle_test.dart: AutoClickerManager toJson/fromJson
00:25 +1976 -27: D:/mg-games/repos/mg-common-game/test/systems/idle/idle_test.dart: AutoClickerManager 리셋
00:25 +1977 -27: D:/mg-games/repos/mg-common-game/test/systems/progression/prestige_manager_test.dart: PrestigeUpgrade 기본 생성자
00:25 +1978 -27: D:/mg-games/repos/mg-common-game/test/systems/progression/prestige_manager_test.dart: PrestigeUpgrade 초기 레벨은 0
00:25 +1979 -27: D:/mg-games/repos/mg-common-game/test/systems/progression/prestige_manager_test.dart: PrestigeUpgrade costForNextLevel 반환
00:25 +1980 -27: D:/mg-games/repos/mg-common-game/test/systems/progression/prestige_manager_test.dart: PrestigeUpgrade 최대 레벨에서 costForNextLevel은 -1
00:25 +1981 -27: D:/mg-games/repos/mg-common-game/test/systems/progression/prestige_manager_test.dart: PrestigeUpgrade totalMultiplier 계산
00:25 +1982 -27: D:/mg-games/repos/mg-common-game/test/systems/progression/prestige_manager_test.dart: PrestigeUpgrade levelUp 동작
00:25 +1983 -27: D:/mg-games/repos/mg-common-game/test/systems/progression/prestige_manager_test.dart: PrestigeUpgrade setLevel clamp 동작
00:25 +1984 -27: D:/mg-games/repos/mg-common-game/test/systems/progression/prestige_manager_test.dart: PrestigeUpgrade reset 동작
00:25 +1985 -27: D:/mg-games/repos/mg-common-game/test/systems/progression/prestige_manager_test.dart: PrestigeManager 초기 상태 saveKey가 prestige
00:25 +1986 -27: D:/mg-games/repos/mg-common-game/test/systems/progression/prestige_manager_test.dart: PrestigeManager 초기 상태 초기 프레스티지 레벨 0
00:25 +1987 -27: D:/mg-games/repos/mg-common-game/test/systems/progression/prestige_manager_test.dart: PrestigeManager 초기 상태 초기 프레스티지 포인트 0
00:25 +1988 -27: D:/mg-games/repos/mg-common-game/test/systems/progression/prestige_manager_test.dart: PrestigeManager 초기 상태 초기 업그레이드 리스트 비어있음
00:25 +1989 -27: D:/mg-games/repos/mg-common-game/test/systems/progression/prestige_manager_test.dart: PrestigeManager 업그레이드 등록 registerPrestigeUpgrade 동작
00:25 +1990 -27: D:/mg-games/repos/mg-common-game/test/systems/progression/prestige_manager_test.dart: PrestigeManager 업그레이드 등록 getPrestigeUpgrade 동작
00:25 +1991 -27: D:/mg-games/repos/mg-common-game/test/systems/progression/prestige_manager_test.dart: PrestigeManager 업그레이드 등록 여러 업그레이드 등록
00:25 +1992 -27: D:/mg-games/repos/mg-common-game/test/systems/progression/prestige_manager_test.dart: PrestigeManager calculatePrestigePoints 레벨 10 미만은 0 포인트
00:25 +1993 -27: D:/mg-games/repos/mg-common-game/test/systems/progression/prestige_manager_test.dart: PrestigeManager calculatePrestigePoints 레벨 10은 1 포인트
00:25 +1994 -27: D:/mg-games/repos/mg-common-game/test/systems/progression/prestige_manager_test.dart: PrestigeManager calculatePrestigePoints 레벨 50은 5 포인트
00:25 +1995 -27: D:/mg-games/repos/mg-common-game/test/systems/progression/prestige_manager_test.dart: PrestigeManager calculatePrestigePoints 레벨 100은 10 포인트
00:25 +1996 -27: D:/mg-games/repos/mg-common-game/test/systems/progression/prestige_manager_test.dart: PrestigeManager calculatePrestigePoints 레벨 123은 12 포인트 (floor)
00:25 +1997 -27: D:/mg-games/repos/mg-common-game/test/systems/progression/prestige_manager_test.dart: PrestigeManager performPrestige 레벨 0에서 프레스티지는 0 포인트 반환
00:25 +1998 -27: D:/mg-games/repos/mg-common-game/test/systems/progression/prestige_manager_test.dart: PrestigeManager performPrestige 레벨 50에서 프레스티지
00:25 +1999 -27: D:/mg-games/repos/mg-common-game/test/systems/progression/prestige_manager_test.dart: PrestigeManager performPrestige 연속 프레스티지
00:26 +2000 -27: D:/mg-games/repos/mg-common-game/test/systems/progression/prestige_manager_test.dart: PrestigeManager performPrestige 프레스티지는 notifyListeners 호출
00:26 +2001 -27: D:/mg-games/repos/mg-common-game/test/systems/progression/prestige_manager_test.dart: PrestigeManager addPrestigePoints 포인트 추가
00:26 +2002 -27: D:/mg-games/repos/mg-common-game/test/systems/progression/prestige_manager_test.dart: PrestigeManager addPrestigePoints 0 이하 포인트는 무시
00:26 +2003 -27: D:/mg-games/repos/mg-common-game/test/systems/progression/prestige_manager_test.dart: PrestigeManager addPrestigePoints addPrestigePoints는 notifyListeners 호출
00:26 +2004 -27: D:/mg-games/repos/mg-common-game/test/systems/progression/prestige_manager_test.dart: PrestigeManager canAffordPrestigeUpgrade 포인트 부족시 false
00:26 +2005 -27: D:/mg-games/repos/mg-common-game/test/systems/progression/prestige_manager_test.dart: PrestigeManager canAffordPrestigeUpgrade 포인트 충분시 true
00:26 +2006 -27: D:/mg-games/repos/mg-common-game/test/systems/progression/prestige_manager_test.dart: PrestigeManager canAffordPrestigeUpgrade 포인트 초과시 true
00:26 +2007 -27: D:/mg-games/repos/mg-common-game/test/systems/progression/prestige_manager_test.dart: PrestigeManager canAffordPrestigeUpgrade 존재하지 않는 업그레이드는 false
00:26 +2008 -27: D:/mg-games/repos/mg-common-game/test/systems/progression/prestige_manager_test.dart: PrestigeManager canAffordPrestigeUpgrade 최대 레벨 업그레이드는 false
00:26 +2009 -27: D:/mg-games/repos/mg-common-game/test/systems/progression/prestige_manager_test.dart: PrestigeManager purchasePrestigeUpgrade 포인트 부족시 false
00:26 +2010 -27: D:/mg-games/repos/mg-common-game/test/systems/progression/prestige_manager_test.dart: PrestigeManager purchasePrestigeUpgrade 구매 성공
00:26 +2011 -27: D:/mg-games/repos/mg-common-game/test/systems/progression/prestige_manager_test.dart: PrestigeManager purchasePrestigeUpgrade 존재하지 않는 업그레이드 구매 실패
00:26 +2012 -27: D:/mg-games/repos/mg-common-game/test/systems/progression/prestige_manager_test.dart: PrestigeManager purchasePrestigeUpgrade 최대 레벨 업그레이드 구매 실패
00:26 +2013 -27: D:/mg-games/repos/mg-common-game/test/systems/progression/prestige_manager_test.dart: PrestigeManager purchasePrestigeUpgrade 구매는 notifyListeners 호출
00:26 +2014 -27: D:/mg-games/repos/mg-common-game/test/systems/progression/prestige_manager_test.dart: PrestigeManager getPrestigeMultiplier 존재하지 않는 업그레이드는 1.0
00:26 +2015 -27: D:/mg-games/repos/mg-common-game/test/systems/progression/prestige_manager_test.dart: PrestigeManager getPrestigeMultiplier 업그레이드 멀티플라이어 반환
00:26 +2016 -27: D:/mg-games/repos/mg-common-game/test/systems/progression/prestige_manager_test.dart: PrestigeManager getTotalXpMultiplier XP 업그레이드 없으면 1.0
00:26 +2017 -27: D:/mg-games/repos/mg-common-game/test/systems/progression/prestige_manager_test.dart: PrestigeManager getTotalXpMultiplier XP 업그레이드 있으면 합산
00:26 +2018 -27: D:/mg-games/repos/mg-common-game/test/systems/progression/prestige_manager_test.dart: PrestigeManager getTotalXpMultiplier XP가 아닌 업그레이드는 무시
00:26 +2019 -27: D:/mg-games/repos/mg-common-game/test/systems/progression/prestige_manager_test.dart: PrestigeManager getTotalGoldMultiplier Gold 업그레이드 없으면 1.0
00:26 +2020 -27: D:/mg-games/repos/mg-common-game/test/systems/progression/prestige_manager_test.dart: PrestigeManager getTotalGoldMultiplier Gold 업그레이드 합산
00:26 +2021 -27: D:/mg-games/repos/mg-common-game/test/systems/progression/prestige_manager_test.dart: PrestigeManager getTotalGoldMultiplier Income 업그레이드도 포함
00:26 +2022 -27: D:/mg-games/repos/mg-common-game/test/systems/progression/prestige_manager_test.dart: PrestigeManager getTotalGoldMultiplier Gold와 Income 모두 합산
00:26 +2023 -27: D:/mg-games/repos/mg-common-game/test/systems/progression/prestige_manager_test.dart: PrestigeManager setPrestigeLevel 프레스티지 레벨 설정
00:26 +2024 -27: D:/mg-games/repos/mg-common-game/test/systems/progression/prestige_manager_test.dart: PrestigeManager setPrestigeLevel notifyListeners 호출
00:26 +2025 -27: D:/mg-games/repos/mg-common-game/test/systems/progression/prestige_manager_test.dart: PrestigeManager setPrestigePoints 프레스티지 포인트 설정
00:26 +2026 -27: D:/mg-games/repos/mg-common-game/test/systems/progression/prestige_manager_test.dart: PrestigeManager setPrestigePoints notifyListeners 호출
00:26 +2027 -27: D:/mg-games/repos/mg-common-game/test/systems/progression/prestige_manager_test.dart: PrestigeManager setPrestigeUpgradeLevel 업그레이드 레벨 설정
00:26 +2028 -27: D:/mg-games/repos/mg-common-game/test/systems/progression/prestige_manager_test.dart: PrestigeManager setPrestigeUpgradeLevel 존재하지 않는 업그레이드는 무시
00:26 +2029 -27: D:/mg-games/repos/mg-common-game/test/systems/progression/prestige_manager_test.dart: PrestigeManager setPrestigeUpgradeLevel notifyListeners 호출
00:26 +2030 -27: D:/mg-games/repos/mg-common-game/test/systems/progression/prestige_manager_test.dart: PrestigeManager reset 모든 상태 초기화
00:26 +2031 -27: D:/mg-games/repos/mg-common-game/test/systems/progression/prestige_manager_test.dart: PrestigeManager reset notifyListeners 호출
00:26 +2032 -27: D:/mg-games/repos/mg-common-game/test/systems/progression/progression_manager_test.dart: ProgressionManager 초기 레벨 1
00:26 +2033 -27: D:/mg-games/repos/mg-common-game/test/systems/progression/progression_manager_test.dart: ProgressionManager 초기 레벨 1
00:26 +2034 -27: D:/mg-games/repos/mg-common-game/test/systems/progression/progression_manager_test.dart: ProgressionManager 초기 레벨 1
00:26 +2035 -27: D:/mg-games/repos/mg-common-game/test/systems/progression/progression_manager_test.dart: ProgressionManager 초기 레벨 1
00:26 +2036 -27: D:/mg-games/repos/mg-common-game/test/systems/progression/progression_manager_test.dart: ProgressionManager 초기 레벨 1
00:26 +2037 -27: D:/mg-games/repos/mg-common-game/test/systems/progression/progression_manager_test.dart: ProgressionManager 초기 레벨 1
00:26 +2038 -27: D:/mg-games/repos/mg-common-game/test/systems/progression/progression_manager_test.dart: ProgressionManager 초기 레벨 1
00:26 +2039 -27: D:/mg-games/repos/mg-common-game/test/systems/progression/progression_manager_test.dart: ProgressionManager 초기 레벨 1
00:26 +2040 -27: D:/mg-games/repos/mg-common-game/test/systems/progression/prestige_manager_test.dart: PrestigeManager SharedPreferences 저장/로드 savePrestigeData
00:26 +2041 -27: D:/mg-games/repos/mg-common-game/test/systems/progression/progression_manager_test.dart: ProgressionManager 경험치 추가
00:26 +2042 -27: D:/mg-games/repos/mg-common-game/test/systems/progression/prestige_manager_test.dart: PrestigeManager SharedPreferences 저장/로드 loadPrestigeData
00:26 +2043 -27: D:/mg-games/repos/mg-common-game/test/systems/progression/progression_manager_test.dart: ProgressionManager 음수 경험치 무시
00:26 +2044 -27: D:/mg-games/repos/mg-common-game/test/systems/progression/prestige_manager_test.dart: PrestigeManager SharedPreferences 저장/로드 clearPrestigeData
00:26 +2045 -27: D:/mg-games/repos/mg-common-game/test/systems/progression/prestige_manager_test.dart: PrestigeManager SharedPreferences 저장/로드 clearPrestigeData
00:26 +2046 -27: D:/mg-games/repos/mg-common-game/test/systems/progression/progression_manager_test.dart: ProgressionManager 레벨업
00:26 +2047 -27: D:/mg-games/repos/mg-common-game/test/systems/progression/prestige_manager_test.dart: PrestigeManager Edge Cases 여러 업그레이드 동시 등록 및 구매
00:26 +2048 -27: D:/mg-games/repos/mg-common-game/test/systems/progression/progression_manager_test.dart: ProgressionManager 레벨업 콜백
00:26 +2049 -27: D:/mg-games/repos/mg-common-game/test/systems/progression/prestige_manager_test.dart: PrestigeManager Edge Cases 같은 ID로 업그레이드 재등록시 덮어쓰기
00:26 +2050 -27: D:/mg-games/repos/mg-common-game/test/systems/progression/progression_manager_test.dart: ProgressionManager 레벨업 시 경험치 이월
00:26 +2051 -27: D:/mg-games/repos/mg-common-game/test/systems/progression/prestige_manager_test.dart: PrestigeManager Edge Cases 매우 높은 레벨에서 프레스티지
00:26 +2052 -27: D:/mg-games/repos/mg-common-game/test/systems/progression/progression_manager_test.dart: ProgressionManager 다중 레벨업
00:26 +2053 -27: D:/mg-games/repos/mg-common-game/test/systems/progression/prestige_manager_test.dart: PrestigeManager Edge Cases XP와 Gold 모두 포함된 업그레이드
00:26 +2054 -27: D:/mg-games/repos/mg-common-game/test/systems/progression/progression_manager_test.dart: ProgressionManager setLevel
00:26 +2055 -27: D:/mg-games/repos/mg-common-game/test/systems/progression/progression_manager_test.dart: ProgressionManager 리셋
00:26 +2056 -27: D:/mg-games/repos/mg-common-game/test/systems/progression/progression_manager_test.dart: ProgressionManager xpToNextLevel 계산
00:26 +2057 -27: D:/mg-games/repos/mg-common-game/test/systems/progression/progression_manager_test.dart: ProgressionManager 레벨별 경험치 증가
00:26 +2058 -27: D:/mg-games/repos/mg-common-game/test/systems/progression/progression_manager_test.dart: ProgressionManager toSaveData/fromSaveData
00:26 +2059 -27: D:/mg-games/repos/mg-common-game/test/systems/progression/progression_manager_test.dart: ProgressionManager saveKey
/C:/Users/USER-5/AppData/Local/Temp/flutter_tools.ec0746de/flutter_test_listener.f413d60a/listener.dart:21:21: Error: Undefined name 'main'.
  await Future(test.main);
                    ^^^^
00:26 +2060 -27: D:/mg-games/repos/mg-common-game/test/systems/progression/upgrade_manager_test.dart: Upgrade 기본 생성
00:26 +2060 -28: loading D:/mg-games/repos/mg-common-game/test/unit/achievement_manager_test.dart [E]
  Failed to load "D:/mg-games/repos/mg-common-game/test/unit/achievement_manager_test.dart":
  Compilation failed for testPath=D:/mg-games/repos/mg-common-game/test/unit/achievement_manager_test.dart: /C:/Users/USER-5/AppData/Local/Temp/flutter_tools.ec0746de/flutter_test_listener.f413d60a/listener.dart:21:21: Error: Undefined name 'main'.
    await Future(test.main);
                      ^^^^
  .
00:26 +2061 -28: D:/mg-games/repos/mg-common-game/test/systems/progression/upgrade_manager_test.dart: Upgrade 비용 계산
00:26 +2062 -28: D:/mg-games/repos/mg-common-game/test/systems/progression/upgrade_manager_test.dart: Upgrade 효과 계산
00:26 +2063 -28: D:/mg-games/repos/mg-common-game/test/systems/progression/upgrade_manager_test.dart: Upgrade 최대 레벨 제한
00:26 +2064 -28: D:/mg-games/repos/mg-common-game/test/systems/progression/upgrade_manager_test.dart: Upgrade setLevel
00:26 +2065 -28: D:/mg-games/repos/mg-common-game/test/systems/progression/upgrade_manager_test.dart: UpgradeManager 업그레이드 등록
00:26 +2066 -28: D:/mg-games/repos/mg-common-game/test/systems/progression/upgrade_manager_test.dart: UpgradeManager 구매 가능 여부 확인
00:26 +2067 -28: D:/mg-games/repos/mg-common-game/test/systems/progression/upgrade_manager_test.dart: UpgradeManager 구매 처리
00:26 +2068 -28: D:/mg-games/repos/mg-common-game/test/systems/progression/upgrade_manager_test.dart: UpgradeManager 잔액 부족 시 구매 실패
00:26 +2069 -28: D:/mg-games/repos/mg-common-game/test/systems/progression/upgrade_manager_test.dart: UpgradeManager 존재하지 않는 업그레이드
00:26 +2070 -28: D:/mg-games/repos/mg-common-game/test/systems/progression/upgrade_manager_test.dart: UpgradeManager 전체 업그레이드 목록
00:26 +2071 -28: D:/mg-games/repos/mg-common-game/test/systems/progression/upgrade_manager_test.dart: UpgradeManager setUpgradeLevel
00:26 +2072 -28: D:/mg-games/repos/mg-common-game/test/systems/progression/upgrade_manager_test.dart: UpgradeManager toSaveData/fromSaveData
00:26 +2073 -28: D:/mg-games/repos/mg-common-game/test/systems/progression/upgrade_manager_test.dart: UpgradeManager saveKey
00:26 +2074 -28: D:/mg-games/repos/mg-common-game/test/systems/save_manager_test.dart: SaveManager - Registration registerSaveable adds system to registered systems
[SaveManager] Registered: test_system
[SaveManager] Auto-save stopped
00:26 +2075 -28: D:/mg-games/repos/mg-common-game/test/systems/save_manager_test.dart: SaveManager - Registration registerSaveable allows multiple systems with different keys
[SaveManager] Registered: system_1
[SaveManager] Registered: system_2
[SaveManager] Registered: system_3
[SaveManager] Auto-save stopped
00:26 +2076 -28: D:/mg-games/repos/mg-common-game/test/systems/save_manager_test.dart: SaveManager - Registration registerSaveable replaces system with same key
[SaveManager] Registered: duplicate_key
[SaveManager] Registered: duplicate_key
[SaveManager] Auto-save stopped
00:26 +2077 -28: D:/mg-games/repos/mg-common-game/test/systems/save_manager_test.dart: SaveManager - Registration unregisterSaveable removes system from registered systems
[SaveManager] Registered: test_system
[SaveManager] Unregistered: test_system
[SaveManager] Auto-save stopped
00:26 +2078 -28: D:/mg-games/repos/mg-common-game/test/systems/save_manager_test.dart: SaveManager - Registration unregisterSaveable does nothing for non-existent key
[SaveManager] Registered: existing_system
[SaveManager] Unregistered: non_existent
[SaveManager] Auto-save stopped
00:26 +2079 -28: D:/mg-games/repos/mg-common-game/test/systems/save_manager_test.dart: SaveManager - Registration getRegisteredKeys returns empty list when no systems registered
[SaveManager] Auto-save stopped
00:26 +2080 -28: D:/mg-games/repos/mg-common-game/test/systems/save_manager_test.dart: SaveManager - Auto-save Configuration autoSaveEnabled defaults to true
[SaveManager] Auto-save stopped
00:26 +2081 -28: D:/mg-games/repos/mg-common-game/test/systems/save_manager_test.dart: SaveManager - Auto-save Configuration autoSaveIntervalSeconds defaults to 30
[SaveManager] Auto-save stopped
00:26 +2082 -28: D:/mg-games/repos/mg-common-game/test/systems/save_manager_test.dart: SaveManager - Auto-save Configuration setAutoSaveEnabled updates enabled state
[SaveManager] Auto-save stopped
[SaveManager] Auto-save started (interval: 30s)
[SaveManager] Auto-save stopped
00:26 +2083 -28: D:/mg-games/repos/mg-common-game/test/systems/save_manager_test.dart: SaveManager - Auto-save Configuration setAutoSaveEnabled notifies listeners
[SaveManager] Auto-save stopped
[SaveManager] Auto-save started (interval: 30s)
[SaveManager] Auto-save stopped
00:26 +2084 -28: D:/mg-games/repos/mg-common-game/test/systems/save_manager_test.dart: SaveManager - Auto-save Configuration setAutoSaveInterval updates interval
[SaveManager] Auto-save stopped
[SaveManager] Auto-save started (interval: 60s)
[SaveManager] Auto-save stopped
00:26 +2085 -28: D:/mg-games/repos/mg-common-game/test/systems/save_manager_test.dart: SaveManager - Auto-save Configuration setAutoSaveInterval enforces minimum of 5 seconds
[SaveManager] Auto-save interval too short, using minimum of 5 seconds
[SaveManager] Auto-save stopped
[SaveManager] Auto-save started (interval: 5s)
[SaveManager] Auto-save interval too short, using minimum of 5 seconds
[SaveManager] Auto-save stopped
[SaveManager] Auto-save started (interval: 5s)
[SaveManager] Auto-save interval too short, using minimum of 5 seconds
[SaveManager] Auto-save stopped
[SaveManager] Auto-save started (interval: 5s)
[SaveManager] Auto-save stopped
00:26 +2086 -28: D:/mg-games/repos/mg-common-game/test/systems/save_manager_test.dart: SaveManager - Auto-save Configuration setAutoSaveInterval notifies listeners
[SaveManager] Auto-save stopped
[SaveManager] Auto-save started (interval: 45s)
[SaveManager] Auto-save stopped
00:26 +2087 -28: D:/mg-games/repos/mg-common-game/test/systems/save_manager_test.dart: SaveManager - Auto-save Configuration setAutoSaveInterval accepts values at or above minimum
[SaveManager] Auto-save stopped
[SaveManager] Auto-save started (interval: 5s)
[SaveManager] Auto-save stopped
[SaveManager] Auto-save started (interval: 10s)
[SaveManager] Auto-save stopped
[SaveManager] Auto-save started (interval: 120s)
[SaveManager] Auto-save stopped
00:26 +2088 -28: D:/mg-games/repos/mg-common-game/test/systems/save_manager_test.dart: SaveManager - Save All saveAll saves all registered systems
[SaveManager] Registered: system_1
[SaveManager] Registered: system_2
[SaveManager] Saved 2 systems
[SaveManager] Auto-save stopped
00:26 +2089 -28: D:/mg-games/repos/mg-common-game/test/systems/save_manager_test.dart: SaveManager - Save All saveAll updates lastSaveTime
[SaveManager] Saved 0 systems
[SaveManager] Auto-save stopped
00:26 +2090 -28: D:/mg-games/repos/mg-common-game/test/systems/save_manager_test.dart: SaveManager - Save All saveAll notifies listeners
[SaveManager] Saved 0 systems
[SaveManager] Auto-save stopped
00:26 +2091 -28: D:/mg-games/repos/mg-common-game/test/systems/save_manager_test.dart: SaveManager - Save All saveAll persists data to SharedPreferences
[SaveManager] Registered: test_system
[SaveManager] Saved 1 systems
[SaveManager] Auto-save stopped
00:26 +2092 -28: D:/mg-games/repos/mg-common-game/test/systems/save_manager_test.dart: SaveManager - Save All saveAll with no registered systems completes without error
[SaveManager] Saved 0 systems
[SaveManager] Auto-save stopped
00:26 +2093 -28: D:/mg-games/repos/mg-common-game/test/systems/save_manager_test.dart: SaveManager - Load All loadAll loads all registered systems
[SaveManager] Registered: system_1
[SaveManager] Registered: system_2
[SaveManager] Saved 2 systems
[SaveManager] Loaded 2 systems
[SaveManager] Auto-save stopped
00:26 +2094 -28: D:/mg-games/repos/mg-common-game/test/systems/save_manager_test.dart: SaveManager - Load All loadAll restores saved data
[SaveManager] Registered: test_system
[SaveManager] Saved 1 systems
[SaveManager] Loaded 1 systems
[SaveManager] Auto-save stopped
00:26 +2095 -28: D:/mg-games/repos/mg-common-game/test/systems/save_manager_test.dart: SaveManager - Load All loadAll updates lastLoadTime
[SaveManager] Loaded 0 systems
[SaveManager] Auto-save stopped
00:26 +2096 -28: D:/mg-games/repos/mg-common-game/test/systems/save_manager_test.dart: SaveManager - Load All loadAll notifies listeners
[SaveManager] Loaded 0 systems
[SaveManager] Auto-save stopped
00:26 +2097 -28: D:/mg-games/repos/mg-common-game/test/systems/save_manager_test.dart: SaveManager - Load All loadAll does not call fromSaveData for systems without saved data
[SaveManager] Registered: new_system
[SaveManager] Loaded 1 systems
[SaveManager] Auto-save stopped
00:26 +2098 -28: D:/mg-games/repos/mg-common-game/test/systems/save_manager_test.dart: SaveManager - Load All loadAll with no registered systems completes without error
[SaveManager] Loaded 0 systems
[SaveManager] Auto-save stopped
00:26 +2099 -28: D:/mg-games/repos/mg-common-game/test/systems/save_manager_test.dart: SaveManager - Load All loadAll restores lastSaveTime from storage
[SaveManager] Registered: test
[SaveManager] Saved 1 systems
[SaveManager] Registered: test
[SaveManager] Loaded 1 systems
[SaveManager] Auto-save stopped
[SaveManager] Auto-save stopped
00:26 +2100 -28: D:/mg-games/repos/mg-common-game/test/systems/save_manager_test.dart: SaveManager - Save System saveSystem saves specific system
[SaveManager] Registered: system_1
[SaveManager] Registered: system_2
[SaveManager] Saved system: system_1
[SaveManager] Auto-save stopped
00:26 +2101 -28: D:/mg-games/repos/mg-common-game/test/systems/save_manager_test.dart: SaveManager - Save System saveSystem persists data for specific system
[SaveManager] Registered: specific_system
[SaveManager] Saved system: specific_system
[SaveManager] Auto-save stopped
00:26 +2102 -28: D:/mg-games/repos/mg-common-game/test/systems/save_manager_test.dart: SaveManager - Save System saveSystem does nothing for non-existent key
[SaveManager] Registered: existing
[SaveManager] System not found: non_existent
[SaveManager] Auto-save stopped
00:26 +2103 -28: D:/mg-games/repos/mg-common-game/test/systems/save_manager_test.dart: SaveManager - Load System loadSystem loads specific system
[SaveManager] Registered: system_1
[SaveManager] Registered: system_2
[SaveManager] Saved 2 systems
[SaveManager] Loaded system: system_1
[SaveManager] Auto-save stopped
00:26 +2104 -28: D:/mg-games/repos/mg-common-game/test/systems/save_manager_test.dart: SaveManager - Load System loadSystem restores data for specific system
[SaveManager] Registered: specific_system
[SaveManager] Saved system: specific_system
[SaveManager] Loaded system: specific_system
[SaveManager] Auto-save stopped
00:26 +2105 -28: D:/mg-games/repos/mg-common-game/test/systems/save_manager_test.dart: SaveManager - Load System loadSystem does nothing for non-existent key
[SaveManager] Registered: existing
[SaveManager] System not found: non_existent
[SaveManager] Auto-save stopped
00:26 +2106 -28: D:/mg-games/repos/mg-common-game/test/systems/save_manager_test.dart: SaveManager - Load System loadSystem does nothing when no saved data exists
[SaveManager] Registered: no_saved_data
[SaveManager] Auto-save stopped
00:26 +2107 -28: D:/mg-games/repos/mg-common-game/test/systems/save_manager_test.dart: SaveManager - Clear All clearAll removes all saved data
[SaveManager] Registered: system_1
[SaveManager] Registered: system_2
[SaveManager] Saved 2 systems
[SaveManager] Cleared all save data
[SaveManager] Auto-save stopped
00:26 +2108 -28: D:/mg-games/repos/mg-common-game/test/systems/save_manager_test.dart: SaveManager - Clear All clearAll resets lastSaveTime and lastLoadTime
[SaveManager] Saved 0 systems
[SaveManager] Loaded 0 systems
[SaveManager] Cleared all save data
[SaveManager] Auto-save stopped
00:26 +2109 -28: D:/mg-games/repos/mg-common-game/test/systems/save_manager_test.dart: SaveManager - Clear All clearAll notifies listeners
[SaveManager] Cleared all save data
[SaveManager] Auto-save stopped
00:26 +2110 -28: D:/mg-games/repos/mg-common-game/test/systems/save_manager_test.dart: SaveManager - Clear All clearAll with no registered systems completes without error
[SaveManager] Cleared all save data
[SaveManager] Auto-save stopped
00:26 +2111 -28: D:/mg-games/repos/mg-common-game/test/systems/save_manager_test.dart: SaveManager - Has Save Data hasSaveData returns true for existing save
[SaveManager] Registered: existing_save
[SaveManager] Saved 1 systems
[SaveManager] Auto-save stopped
00:26 +2112 -28: D:/mg-games/repos/mg-common-game/test/systems/save_manager_test.dart: SaveManager - Has Save Data hasSaveData returns false for non-existent save
[SaveManager] Auto-save stopped
00:26 +2113 -28: D:/mg-games/repos/mg-common-game/test/systems/save_manager_test.dart: SaveManager - Has Save Data hasSaveData returns false after clearAll
[SaveManager] Registered: cleared_save
[SaveManager] Saved 1 systems
[SaveManager] Cleared all save data
[SaveManager] Auto-save stopped
00:26 +2114 -28: D:/mg-games/repos/mg-common-game/test/systems/save_manager_test.dart: SaveManager - JSON Encoding/Decoding correctly encodes and decodes string values
[SaveManager] Registered: string_test
[SaveManager] Saved 1 systems
[SaveManager] Loaded 1 systems
[SaveManager] Auto-save stopped
00:26 +2115 -28: D:/mg-games/repos/mg-common-game/test/systems/save_manager_test.dart: SaveManager - JSON Encoding/Decoding correctly encodes and decodes integer values
[SaveManager] Registered: int_test
[SaveManager] Saved 1 systems
[SaveManager] Loaded 1 systems
[SaveManager] Auto-save stopped
00:26 +2116 -28: D:/mg-games/repos/mg-common-game/test/systems/save_manager_test.dart: SaveManager - JSON Encoding/Decoding correctly encodes and decodes double values
[SaveManager] Registered: double_test
[SaveManager] Saved 1 systems
[SaveManager] Loaded 1 systems
[SaveManager] Auto-save stopped
00:26 +2117 -28: D:/mg-games/repos/mg-common-game/test/systems/save_manager_test.dart: SaveManager - JSON Encoding/Decoding correctly encodes and decodes boolean values
[SaveManager] Registered: bool_test
[SaveManager] Saved 1 systems
[SaveManager] Loaded 1 systems
[SaveManager] Auto-save stopped
00:26 +2118 -28: D:/mg-games/repos/mg-common-game/test/systems/save_manager_test.dart: SaveManager - JSON Encoding/Decoding correctly encodes and decodes null values
[SaveManager] Registered: null_test
[SaveManager] Saved 1 systems
[SaveManager] Loaded 1 systems
[SaveManager] Auto-save stopped
00:26 +2119 -28: D:/mg-games/repos/mg-common-game/test/systems/save_manager_test.dart: SaveManager - JSON Encoding/Decoding correctly encodes and decodes mixed data types
[SaveManager] Registered: mixed_test
[SaveManager] Saved 1 systems
[SaveManager] Loaded 1 systems
[SaveManager] Auto-save stopped
00:26 +2120 -28: D:/mg-games/repos/mg-common-game/test/systems/save_manager_test.dart: SaveManager - JSON Encoding/Decoding correctly encodes strings with special characters
[SaveManager] Registered: special_chars
[SaveManager] Saved 1 systems
[SaveManager] Loaded 1 systems
[SaveManager] Auto-save stopped
00:26 +2121 -28: D:/mg-games/repos/mg-common-game/test/systems/save_manager_test.dart: SaveManager - JSON Encoding/Decoding correctly handles empty map
[SaveManager] Registered: empty_map
[SaveManager] Saved 1 systems
[SaveManager] Loaded 1 systems
[SaveManager] Auto-save stopped
00:26 +2122 -28: D:/mg-games/repos/mg-common-game/test/systems/save_manager_test.dart: SaveManager - JSON Encoding/Decoding correctly handles large integer values
[SaveManager] Registered: large_int
[SaveManager] Saved 1 systems
[SaveManager] Loaded 1 systems
[SaveManager] Auto-save stopped
00:26 +2123 -28: D:/mg-games/repos/mg-common-game/test/systems/save_manager_test.dart: SaveManager - JSON Encoding/Decoding correctly handles negative numbers
[SaveManager] Registered: negative_test
[SaveManager] Saved 1 systems
[SaveManager] Loaded 1 systems
[SaveManager] Auto-save stopped
00:26 +2124 -28: D:/mg-games/repos/mg-common-game/test/systems/save_manager_test.dart: SaveManager - Listener Notifications addListener and removeListener work correctly
[SaveManager] Auto-save stopped
[SaveManager] Auto-save started (interval: 30s)
[SaveManager] Auto-save stopped
00:26 +2125 -28: D:/mg-games/repos/mg-common-game/test/systems/save_manager_test.dart: SaveManager - Listener Notifications multiple listeners are notified
[SaveManager] Auto-save stopped
[SaveManager] Auto-save stopped
00:26 +2126 -28: D:/mg-games/repos/mg-common-game/test/systems/save_manager_test.dart: SaveManager - Dispose dispose stops auto-save timer
[SaveManager] Auto-save started (interval: 30s)
[SaveManager] Auto-save stopped
[SaveManager] Auto-save started (interval: 5s)
[SaveManager] Auto-save stopped
[SaveManager] Auto-save stopped
00:26 +2127 -28: D:/mg-games/repos/mg-common-game/test/systems/save_manager_test.dart: SaveManager - Dispose dispose completes successfully
[SaveManager] Auto-save started (interval: 30s)
[SaveManager] Auto-save stopped
[SaveManager] Auto-save stopped
00:26 +2128 -28: D:/mg-games/repos/mg-common-game/test/systems/save_manager_test.dart: SaveManager - Edge Cases save and load with zero integer
[SaveManager] Registered: zero_test
[SaveManager] Saved 1 systems
[SaveManager] Loaded 1 systems
[SaveManager] Auto-save stopped
00:26 +2129 -28: D:/mg-games/repos/mg-common-game/test/systems/save_manager_test.dart: SaveManager - Edge Cases save and load with empty string
[SaveManager] Registered: empty_string_test
[SaveManager] Saved 1 systems
[SaveManager] Loaded 1 systems
[SaveManager] Auto-save stopped
00:26 +2130 -28: D:/mg-games/repos/mg-common-game/test/systems/save_manager_test.dart: SaveManager - Edge Cases multiple save operations overwrite previous data
[SaveManager] Registered: overwrite_test
[SaveManager] Saved 1 systems
[SaveManager] Saved 1 systems
[SaveManager] Saved 1 systems
[SaveManager] Loaded 1 systems
[SaveManager] Auto-save stopped
00:26 +2131 -28: D:/mg-games/repos/mg-common-game/test/systems/save_manager_test.dart: SaveManager - Edge Cases registering same saveable twice only keeps one reference
[SaveManager] Registered: duplicate_register
[SaveManager] Registered: duplicate_register
[SaveManager] Saved 1 systems
[SaveManager] Auto-save stopped
00:26 +2132 -28: D:/mg-games/repos/mg-common-game/test/systems/save_manager_test.dart: SaveManager - Integration Scenarios full save/load cycle with multiple systems
[SaveManager] Registered: inventory
[SaveManager] Registered: progress
[SaveManager] Registered: settings
[SaveManager] Saved 3 systems
[SaveManager] Loaded 3 systems
[SaveManager] Auto-save stopped
00:26 +2133 -28: D:/mg-games/repos/mg-common-game/test/systems/save_manager_test.dart: SaveManager - Integration Scenarios unregistering system prevents its save but not others
[SaveManager] Registered: system1
[SaveManager] Registered: system2
[SaveManager] Saved 2 systems
[SaveManager] Unregistered: system1
[SaveManager] Saved 1 systems
[SaveManager] Auto-save stopped
00:26 +2134 -28: D:/mg-games/repos/mg-common-game/test/systems/save_manager_test.dart: SaveManager - Integration Scenarios saveKey property returns correct key
[SaveManager] Auto-save stopped
test/unit/analytics_unit_test.dart:56:76: Error: Member not found: 'error'.
      final errorEvents = events.where((e) => e.type == AnalyticsEventType.error);
                                                                           ^^^^^
test/unit/analytics_unit_test.dart:76:79: Error: Member not found: 'pageView'.
      final pageViewEvents = events.where((e) => e.type == AnalyticsEventType.pageView);
                                                                              ^^^^^^^^
test/unit/analytics_unit_test.dart:89:79: Error: Member not found: 'purchase'.
      final purchaseEvents = events.where((e) => e.type == AnalyticsEventType.purchase);
                                                                              ^^^^^^^^
test/unit/analytics_unit_test.dart:122:21: Error: Method not found: 'AnalyticsEvent'.
      final event = AnalyticsEvent(
                    ^^^^^^^^^^^^^^
test/unit/analytics_unit_test.dart:133:24: Error: Undefined name 'AnalyticsEvent'.
      final restored = AnalyticsEvent.fromJson(json);
                       ^^^^^^^^^^^^^^
test/unit/analytics_unit_test.dart:28:39: Error: The method 'getEvents' isn't defined for the type 'AnalyticsManager'.
 - 'AnalyticsManager' is from 'package:mg_common_game/core/analytics/analytics_manager.dart' ('lib/core/analytics/analytics_manager.dart').
Try correcting the name to the name of an existing method, or defining a method named 'getEvents'.
      final events = analyticsManager.getEvents();
                                      ^^^^^^^^^
test/unit/analytics_unit_test.dart:37:14: Error: This expression has type 'void' and can't be used.
      expect(sessionId, isNotEmpty);
             ^
test/unit/analytics_unit_test.dart:42:14: Error: This expression has type 'void' and can't be used.
      expect(duration?.inSeconds, greaterThan(0));
             ^
test/unit/analytics_unit_test.dart:42:24: Error: The getter 'inSeconds' isn't defined for the type 'void'.
Try correcting the name to the name of an existing getter, or defining a getter or field named 'inSeconds'.
      expect(duration?.inSeconds, greaterThan(0));
                       ^^^^^^^^^
test/unit/analytics_unit_test.dart:49:30: Error: The method 'logError' isn't defined for the type 'AnalyticsManager'.
 - 'AnalyticsManager' is from 'package:mg_common_game/core/analytics/analytics_manager.dart' ('lib/core/analytics/analytics_manager.dart').
Try correcting the name to the name of an existing method, or defining a method named 'logError'.
      await analyticsManager.logError(
                             ^^^^^^^^
test/unit/analytics_unit_test.dart:55:39: Error: The method 'getEvents' isn't defined for the type 'AnalyticsManager'.
 - 'AnalyticsManager' is from 'package:mg_common_game/core/analytics/analytics_manager.dart' ('lib/core/analytics/analytics_manager.dart').
Try correcting the name to the name of an existing method, or defining a method named 'getEvents'.
      final events = analyticsManager.getEvents();
                                      ^^^^^^^^^
test/unit/analytics_unit_test.dart:62:30: Error: The method 'setUserProperty' isn't defined for the type 'AnalyticsManager'.
 - 'AnalyticsManager' is from 'package:mg_common_game/core/analytics/analytics_manager.dart' ('lib/core/analytics/analytics_manager.dart').
Try correcting the name to the name of an existing method, or defining a method named 'setUserProperty'.
      await analyticsManager.setUserProperty('level', '10');
                             ^^^^^^^^^^^^^^^
test/unit/analytics_unit_test.dart:63:30: Error: The method 'setUserProperty' isn't defined for the type 'AnalyticsManager'.
 - 'AnalyticsManager' is from 'package:mg_common_game/core/analytics/analytics_manager.dart' ('lib/core/analytics/analytics_manager.dart').
Try correcting the name to the name of an existing method, or defining a method named 'setUserProperty'.
      await analyticsManager.setUserProperty('country', 'KR');
                             ^^^^^^^^^^^^^^^
test/unit/analytics_unit_test.dart:65:43: Error: The method 'getUserProperties' isn't defined for the type 'AnalyticsManager'.
 - 'AnalyticsManager' is from 'package:mg_common_game/core/analytics/analytics_manager.dart' ('lib/core/analytics/analytics_manager.dart').
Try correcting the name to the name of an existing method, or defining a method named 'getUserProperties'.
      final properties = analyticsManager.getUserProperties();
                                          ^^^^^^^^^^^^^^^^^
test/unit/analytics_unit_test.dart:72:30: Error: The method 'logPageView' isn't defined for the type 'AnalyticsManager'.
 - 'AnalyticsManager' is from 'package:mg_common_game/core/analytics/analytics_manager.dart' ('lib/core/analytics/analytics_manager.dart').
Try correcting the name to the name of an existing method, or defining a method named 'logPageView'.
      await analyticsManager.logPageView('home_screen');
                             ^^^^^^^^^^^
test/unit/analytics_unit_test.dart:73:30: Error: The method 'logPageView' isn't defined for the type 'AnalyticsManager'.
 - 'AnalyticsManager' is from 'package:mg_common_game/core/analytics/analytics_manager.dart' ('lib/core/analytics/analytics_manager.dart').
Try correcting the name to the name of an existing method, or defining a method named 'logPageView'.
      await analyticsManager.logPageView('game_screen');
                             ^^^^^^^^^^^
test/unit/analytics_unit_test.dart:75:39: Error: The method 'getEvents' isn't defined for the type 'AnalyticsManager'.
 - 'AnalyticsManager' is from 'package:mg_common_game/core/analytics/analytics_manager.dart' ('lib/core/analytics/analytics_manager.dart').
Try correcting the name to the name of an existing method, or defining a method named 'getEvents'.
      final events = analyticsManager.getEvents();
                                      ^^^^^^^^^
test/unit/analytics_unit_test.dart:82:30: Error: The method 'logPurchase' isn't defined for the type 'AnalyticsManager'.
 - 'AnalyticsManager' is from 'package:mg_common_game/core/analytics/analytics_manager.dart' ('lib/core/analytics/analytics_manager.dart').
Try correcting the name to the name of an existing method, or defining a method named 'logPurchase'.
      await analyticsManager.logPurchase(
                             ^^^^^^^^^^^
test/unit/analytics_unit_test.dart:88:39: Error: The method 'getEvents' isn't defined for the type 'AnalyticsManager'.
 - 'AnalyticsManager' is from 'package:mg_common_game/core/analytics/analytics_manager.dart' ('lib/core/analytics/analytics_manager.dart').
Try correcting the name to the name of an existing method, or defining a method named 'getEvents'.
      final events = analyticsManager.getEvents();
                                      ^^^^^^^^^
test/unit/analytics_unit_test.dart:99:30: Error: The method 'logQuestComplete' isn't defined for the type 'AnalyticsManager'.
 - 'AnalyticsManager' is from 'package:mg_common_game/core/analytics/analytics_manager.dart' ('lib/core/analytics/analytics_manager.dart').
Try correcting the name to the name of an existing method, or defining a method named 'logQuestComplete'.
      await analyticsManager.logQuestComplete(
                             ^^^^^^^^^^^^^^^^
test/unit/analytics_unit_test.dart:105:39: Error: The method 'getEvents' isn't defined for the type 'AnalyticsManager'.
 - 'AnalyticsManager' is from 'package:mg_common_game/core/analytics/analytics_manager.dart' ('lib/core/analytics/analytics_manager.dart').
Try correcting the name to the name of an existing method, or defining a method named 'getEvents'.
      final events = analyticsManager.getEvents();
                                      ^^^^^^^^^
test/unit/analytics_unit_test.dart:114:47: Error: The method 'exportData' isn't defined for the type 'AnalyticsManager'.
 - 'AnalyticsManager' is from 'package:mg_common_game/core/analytics/analytics_manager.dart' ('lib/core/analytics/analytics_manager.dart').
Try correcting the name to the name of an existing method, or defining a method named 'exportData'.
      final jsonData = await analyticsManager.exportData();
                                              ^^^^^^^^^^
00:27 +2135 -29: loading D:/mg-games/repos/mg-common-game/test/unit/analytics_unit_test.dart [E]
  Failed to load "D:/mg-games/repos/mg-common-game/test/unit/analytics_unit_test.dart":
  Compilation failed for testPath=D:/mg-games/repos/mg-common-game/test/unit/analytics_unit_test.dart: test/unit/analytics_unit_test.dart:56:76: Error: Member not found: 'error'.
        final errorEvents = events.where((e) => e.type == AnalyticsEventType.error);
                                                                             ^^^^^
  test/unit/analytics_unit_test.dart:76:79: Error: Member not found: 'pageView'.
        final pageViewEvents = events.where((e) => e.type == AnalyticsEventType.pageView);
                                                                                ^^^^^^^^
  test/unit/analytics_unit_test.dart:89:79: Error: Member not found: 'purchase'.
        final purchaseEvents = events.where((e) => e.type == AnalyticsEventType.purchase);
                                                                                ^^^^^^^^
  test/unit/analytics_unit_test.dart:122:21: Error: Method not found: 'AnalyticsEvent'.
        final event = AnalyticsEvent(
                      ^^^^^^^^^^^^^^
  test/unit/analytics_unit_test.dart:133:24: Error: Undefined name 'AnalyticsEvent'.
        final restored = AnalyticsEvent.fromJson(json);
                         ^^^^^^^^^^^^^^
  test/unit/analytics_unit_test.dart:28:39: Error: The method 'getEvents' isn't defined for the type 'AnalyticsManager'.
   - 'AnalyticsManager' is from 'package:mg_common_game/core/analytics/analytics_manager.dart' ('lib/core/analytics/analytics_manager.dart').
  Try correcting the name to the name of an existing method, or defining a method named 'getEvents'.
        final events = analyticsManager.getEvents();
                                        ^^^^^^^^^
  test/unit/analytics_unit_test.dart:37:14: Error: This expression has type 'void' and can't be used.
        expect(sessionId, isNotEmpty);
               ^
  test/unit/analytics_unit_test.dart:42:14: Error: This expression has type 'void' and can't be used.
        expect(duration?.inSeconds, greaterThan(0));
               ^
  test/unit/analytics_unit_test.dart:42:24: Error: The getter 'inSeconds' isn't defined for the type 'void'.
  Try correcting the name to the name of an existing getter, or defining a getter or field named 'inSeconds'.
        expect(duration?.inSeconds, greaterThan(0));
                         ^^^^^^^^^
  test/unit/analytics_unit_test.dart:49:30: Error: The method 'logError' isn't defined for the type 'AnalyticsManager'.
   - 'AnalyticsManager' is from 'package:mg_common_game/core/analytics/analytics_manager.dart' ('lib/core/analytics/analytics_manager.dart').
  Try correcting the name to the name of an existing method, or defining a method named 'logError'.
        await analyticsManager.logError(
                               ^^^^^^^^
  test/unit/analytics_unit_test.dart:55:39: Error: The method 'getEvents' isn't defined for the type 'AnalyticsManager'.
   - 'AnalyticsManager' is from 'package:mg_common_game/core/analytics/analytics_manager.dart' ('lib/core/analytics/analytics_manager.dart').
  Try correcting the name to the name of an existing method, or defining a method named 'getEvents'.
        final events = analyticsManager.getEvents();
                                        ^^^^^^^^^
  test/unit/analytics_unit_test.dart:62:30: Error: The method 'setUserProperty' isn't defined for the type 'AnalyticsManager'.
   - 'AnalyticsManager' is from 'package:mg_common_game/core/analytics/analytics_manager.dart' ('lib/core/analytics/analytics_manager.dart').
  Try correcting the name to the name of an existing method, or defining a method named 'setUserProperty'.
        await analyticsManager.setUserProperty('level', '10');
                               ^^^^^^^^^^^^^^^
  test/unit/analytics_unit_test.dart:63:30: Error: The method 'setUserProperty' isn't defined for the type 'AnalyticsManager'.
   - 'AnalyticsManager' is from 'package:mg_common_game/core/analytics/analytics_manager.dart' ('lib/core/analytics/analytics_manager.dart').
  Try correcting the name to the name of an existing method, or defining a method named 'setUserProperty'.
        await analyticsManager.setUserProperty('country', 'KR');
                               ^^^^^^^^^^^^^^^
  test/unit/analytics_unit_test.dart:65:43: Error: The method 'getUserProperties' isn't defined for the type 'AnalyticsManager'.
   - 'AnalyticsManager' is from 'package:mg_common_game/core/analytics/analytics_manager.dart' ('lib/core/analytics/analytics_manager.dart').
  Try correcting the name to the name of an existing method, or defining a method named 'getUserProperties'.
        final properties = analyticsManager.getUserProperties();
                                            ^^^^^^^^^^^^^^^^^
  test/unit/analytics_unit_test.dart:72:30: Error: The method 'logPageView' isn't defined for the type 'AnalyticsManager'.
   - 'AnalyticsManager' is from 'package:mg_common_game/core/analytics/analytics_manager.dart' ('lib/core/analytics/analytics_manager.dart').
  Try correcting the name to the name of an existing method, or defining a method named 'logPageView'.
        await analyticsManager.logPageView('home_screen');
                               ^^^^^^^^^^^
  test/unit/analytics_unit_test.dart:73:30: Error: The method 'logPageView' isn't defined for the type 'AnalyticsManager'.
   - 'AnalyticsManager' is from 'package:mg_common_game/core/analytics/analytics_manager.dart' ('lib/core/analytics/analytics_manager.dart').
  Try correcting the name to the name of an existing method, or defining a method named 'logPageView'.
        await analyticsManager.logPageView('game_screen');
                               ^^^^^^^^^^^
  test/unit/analytics_unit_test.dart:75:39: Error: The method 'getEvents' isn't defined for the type 'AnalyticsManager'.
   - 'AnalyticsManager' is from 'package:mg_common_game/core/analytics/analytics_manager.dart' ('lib/core/analytics/analytics_manager.dart').
  Try correcting the name to the name of an existing method, or defining a method named 'getEvents'.
        final events = analyticsManager.getEvents();
                                        ^^^^^^^^^
  test/unit/analytics_unit_test.dart:82:30: Error: The method 'logPurchase' isn't defined for the type 'AnalyticsManager'.
   - 'AnalyticsManager' is from 'package:mg_common_game/core/analytics/analytics_manager.dart' ('lib/core/analytics/analytics_manager.dart').
  Try correcting the name to the name of an existing method, or defining a method named 'logPurchase'.
        await analyticsManager.logPurchase(
                               ^^^^^^^^^^^
  test/unit/analytics_unit_test.dart:88:39: Error: The method 'getEvents' isn't defined for the type 'AnalyticsManager'.
   - 'AnalyticsManager' is from 'package:mg_common_game/core/analytics/analytics_manager.dart' ('lib/core/analytics/analytics_manager.dart').
  Try correcting the name to the name of an existing method, or defining a method named 'getEvents'.
        final events = analyticsManager.getEvents();
                                        ^^^^^^^^^
  test/unit/analytics_unit_test.dart:99:30: Error: The method 'logQuestComplete' isn't defined for the type 'AnalyticsManager'.
   - 'AnalyticsManager' is from 'package:mg_common_game/core/analytics/analytics_manager.dart' ('lib/core/analytics/analytics_manager.dart').
  Try correcting the name to the name of an existing method, or defining a method named 'logQuestComplete'.
        await analyticsManager.logQuestComplete(
                               ^^^^^^^^^^^^^^^^
  test/unit/analytics_unit_test.dart:105:39: Error: The method 'getEvents' isn't defined for the type 'AnalyticsManager'.
   - 'AnalyticsManager' is from 'package:mg_common_game/core/analytics/analytics_manager.dart' ('lib/core/analytics/analytics_manager.dart').
  Try correcting the name to the name of an existing method, or defining a method named 'getEvents'.
        final events = analyticsManager.getEvents();
                                        ^^^^^^^^^
  test/unit/analytics_unit_test.dart:114:47: Error: The method 'exportData' isn't defined for the type 'AnalyticsManager'.
   - 'AnalyticsManager' is from 'package:mg_common_game/core/analytics/analytics_manager.dart' ('lib/core/analytics/analytics_manager.dart').
  Try correcting the name to the name of an existing method, or defining a method named 'exportData'.
        final jsonData = await analyticsManager.exportData();
                                                ^^^^^^^^^^
  .
test/unit/chat_manager_test.dart:12:23: Error: This expression has type 'void' and can't be used.
    await chatManager.dispose();
                      ^
test/unit/chat_manager_test.dart:92:47: Error: Too many positional arguments: 0 allowed, but 1 found.
Try removing the extra positional arguments.
      final messages = chatManager.getMessages(channelId);
                                              ^
test/unit/chat_manager_test.dart:99:9: Error: No named parameter with the name 'blockerId'.
        blockerId: 'user1',
        ^^^^^^^^^
00:28 +2135 -30: loading D:/mg-games/repos/mg-common-game/test/unit/chat_manager_test.dart [E]
  Failed to load "D:/mg-games/repos/mg-common-game/test/unit/chat_manager_test.dart":
  Compilation failed for testPath=D:/mg-games/repos/mg-common-game/test/unit/chat_manager_test.dart: test/unit/chat_manager_test.dart:12:23: Error: This expression has type 'void' and can't be used.
      await chatManager.dispose();
                        ^
  test/unit/chat_manager_test.dart:92:47: Error: Too many positional arguments: 0 allowed, but 1 found.
  Try removing the extra positional arguments.
        final messages = chatManager.getMessages(channelId);
                                                ^
  test/unit/chat_manager_test.dart:99:9: Error: No named parameter with the name 'blockerId'.
          blockerId: 'user1',
          ^^^^^^^^^
  .
/C:/Users/USER-5/AppData/Local/Temp/flutter_tools.ec0746de/flutter_test_listener.40b628f8/listener.dart:21:21: Error: Undefined name 'main'.
  await Future(test.main);
                    ^^^^
00:29 +2135 -31: loading D:/mg-games/repos/mg-common-game/test/unit/crash_report_manager_test.dart [E]
  Failed to load "D:/mg-games/repos/mg-common-game/test/unit/crash_report_manager_test.dart":
  Compilation failed for testPath=D:/mg-games/repos/mg-common-game/test/unit/crash_report_manager_test.dart: /C:/Users/USER-5/AppData/Local/Temp/flutter_tools.ec0746de/flutter_test_listener.40b628f8/listener.dart:21:21: Error: Undefined name 'main'.
    await Future(test.main);
                      ^^^^
  .
00:29 +2135 -31: D:/mg-games/repos/mg-common-game/test/unit/core/economy/gold_manager_test.dart: GoldManager (Unit) should start with 0 gold
00:29 +2136 -31: D:/mg-games/repos/mg-common-game/test/unit/core/economy/gold_manager_test.dart: GoldManager (Unit) should add gold correctly
00:29 +2137 -31: D:/mg-games/repos/mg-common-game/test/unit/core/economy/gold_manager_test.dart: GoldManager (Unit) should remove gold correctly
00:29 +2138 -31: D:/mg-games/repos/mg-common-game/test/unit/core/economy/gold_manager_test.dart: GoldManager (Unit) should fail to spend if not enough gold
00:29 +2139 -31: D:/mg-games/repos/mg-common-game/test/unit/core/economy/gold_manager_test.dart: GoldManager (Unit) should notify listeners on change
00:29 +2140 -31: D:/mg-games/repos/mg-common-game/test/unit/core/utils/object_pool_test.dart: ObjectPool Tests Acquire creates new object when empty
00:29 +2141 -31: D:/mg-games/repos/mg-common-game/test/unit/core/utils/object_pool_test.dart: ObjectPool Tests Release returns object to pool
00:29 +2142 -31: D:/mg-games/repos/mg-common-game/test/unit/core/utils/object_pool_test.dart: ObjectPool Tests Acquire reuses released object
00:29 +2143 -31: D:/mg-games/repos/mg-common-game/test/unit/core/utils/object_pool_test.dart: ObjectPool Tests Pool respects maxSize
/C:/Users/USER-5/AppData/Local/Temp/flutter_tools.ec0746de/flutter_test_listener.83b26f74/listener.dart:21:21: Error: Undefined name 'main'.
  await Future(test.main);
                    ^^^^
00:30 +2144 -32: loading D:/mg-games/repos/mg-common-game/test/unit/economy_manager_test.dart [E]
  Failed to load "D:/mg-games/repos/mg-common-game/test/unit/economy_manager_test.dart":
  Compilation failed for testPath=D:/mg-games/repos/mg-common-game/test/unit/economy_manager_test.dart: /C:/Users/USER-5/AppData/Local/Temp/flutter_tools.ec0746de/flutter_test_listener.83b26f74/listener.dart:21:21: Error: Undefined name 'main'.
    await Future(test.main);
                      ^^^^
  .
/C:/Users/USER-5/AppData/Local/Temp/flutter_tools.ec0746de/flutter_test_listener.eeeb6da5/listener.dart:21:21: Error: Undefined name 'main'.
  await Future(test.main);
                    ^^^^
00:31 +2144 -33: loading D:/mg-games/repos/mg-common-game/test/unit/event_campaign_manager_test.dart [E]
  Failed to load "D:/mg-games/repos/mg-common-game/test/unit/event_campaign_manager_test.dart":
  Compilation failed for testPath=D:/mg-games/repos/mg-common-game/test/unit/event_campaign_manager_test.dart: /C:/Users/USER-5/AppData/Local/Temp/flutter_tools.ec0746de/flutter_test_listener.eeeb6da5/listener.dart:21:21: Error: Undefined name 'main'.
    await Future(test.main);
                      ^^^^
  .
/C:/Users/USER-5/AppData/Local/Temp/flutter_tools.ec0746de/flutter_test_listener.7f27eb8f/listener.dart:21:21: Error: Undefined name 'main'.
  await Future(test.main);
                    ^^^^
00:32 +2144 -34: loading D:/mg-games/repos/mg-common-game/test/unit/friend_manager_test.dart [E]
  Failed to load "D:/mg-games/repos/mg-common-game/test/unit/friend_manager_test.dart":
  Compilation failed for testPath=D:/mg-games/repos/mg-common-game/test/unit/friend_manager_test.dart: /C:/Users/USER-5/AppData/Local/Temp/flutter_tools.ec0746de/flutter_test_listener.7f27eb8f/listener.dart:21:21: Error: Undefined name 'main'.
    await Future(test.main);
                      ^^^^
  .
/C:/Users/USER-5/AppData/Local/Temp/flutter_tools.ec0746de/flutter_test_listener.dfa8ca6f/listener.dart:21:21: Error: Undefined name 'main'.
  await Future(test.main);
                    ^^^^
00:32 +2144 -35: loading D:/mg-games/repos/mg-common-game/test/unit/inventory_manager_test.dart [E]
  Failed to load "D:/mg-games/repos/mg-common-game/test/unit/inventory_manager_test.dart":
  Compilation failed for testPath=D:/mg-games/repos/mg-common-game/test/unit/inventory_manager_test.dart: /C:/Users/USER-5/AppData/Local/Temp/flutter_tools.ec0746de/flutter_test_listener.dfa8ca6f/listener.dart:21:21: Error: Undefined name 'main'.
    await Future(test.main);
                      ^^^^
  .
/C:/Users/USER-5/AppData/Local/Temp/flutter_tools.ec0746de/flutter_test_listener.c965685b/listener.dart:21:21: Error: Undefined name 'main'.
  await Future(test.main);
                    ^^^^
00:33 +2144 -36: loading D:/mg-games/repos/mg-common-game/test/unit/item_shop_manager_test.dart [E]
  Failed to load "D:/mg-games/repos/mg-common-game/test/unit/item_shop_manager_test.dart":
  Compilation failed for testPath=D:/mg-games/repos/mg-common-game/test/unit/item_shop_manager_test.dart: /C:/Users/USER-5/AppData/Local/Temp/flutter_tools.ec0746de/flutter_test_listener.c965685b/listener.dart:21:21: Error: Undefined name 'main'.
    await Future(test.main);
                      ^^^^
  .
/C:/Users/USER-5/AppData/Local/Temp/flutter_tools.ec0746de/flutter_test_listener.c678e404/listener.dart:21:21: Error: Undefined name 'main'.
  await Future(test.main);
                    ^^^^
00:34 +2144 -37: loading D:/mg-games/repos/mg-common-game/test/unit/leaderboard_manager_test.dart [E]
  Failed to load "D:/mg-games/repos/mg-common-game/test/unit/leaderboard_manager_test.dart":
  Compilation failed for testPath=D:/mg-games/repos/mg-common-game/test/unit/leaderboard_manager_test.dart: /C:/Users/USER-5/AppData/Local/Temp/flutter_tools.ec0746de/flutter_test_listener.c678e404/listener.dart:21:21: Error: Undefined name 'main'.
    await Future(test.main);
                      ^^^^
  .
/C:/Users/USER-5/AppData/Local/Temp/flutter_tools.ec0746de/flutter_test_listener.ac346d63/listener.dart:21:21: Error: Undefined name 'main'.
  await Future(test.main);
                    ^^^^
00:35 +2144 -38: loading D:/mg-games/repos/mg-common-game/test/unit/logger_manager_test.dart [E]
  Failed to load "D:/mg-games/repos/mg-common-game/test/unit/logger_manager_test.dart":
  Compilation failed for testPath=D:/mg-games/repos/mg-common-game/test/unit/logger_manager_test.dart: /C:/Users/USER-5/AppData/Local/Temp/flutter_tools.ec0746de/flutter_test_listener.ac346d63/listener.dart:21:21: Error: Undefined name 'main'.
    await Future(test.main);
                      ^^^^
  .
00:36 +2144 -38: D:/mg-games/repos/mg-common-game/test/unit/localization_unit_test.dart: LocalizationManager Unit Tests (setUpAll)
00:36 +2144 -38: D:/mg-games/repos/mg-common-game/test/unit/localization_unit_test.dart: LocalizationManager Unit Tests 언어 변경
[Localization] Initialized: English
[Localization] Language changed: 한국어
[Localization] Language changed: English
00:36 +2145 -38: D:/mg-games/repos/mg-common-game/test/unit/localization_unit_test.dart: LocalizationManager Unit Tests 번역 가져오기
[Localization] Language changed: 한국어
[Localization] Language changed: English
00:36 +2146 -38: D:/mg-games/repos/mg-common-game/test/unit/localization_unit_test.dart: LocalizationManager Unit Tests 지원하지 않는 언어 키 처리
[Localization] Language changed: 한국어
00:36 +2147 -38: D:/mg-games/repos/mg-common-game/test/unit/localization_unit_test.dart: LocalizationManager Unit Tests 모든 지원 언어 목록
00:36 +2148 -38: D:/mg-games/repos/mg-common-game/test/unit/localization_unit_test.dart: LocalizationManager Unit Tests RTL 언어 확인
00:36 +2149 -38: D:/mg-games/repos/mg-common-game/test/unit/localization_unit_test.dart: LocalizationManager Unit Tests 언어 코드로 찾기
00:36 +2150 -38: D:/mg-games/repos/mg-common-game/test/unit/localization_unit_test.dart: LocalizationManager Unit Tests 번역 커버리지 리포트
00:36 +2151 -38: D:/mg-games/repos/mg-common-game/test/unit/localization_unit_test.dart: LocalizationManager Unit Tests 복수형 번역
[Localization] Language changed: English
00:36 +2152 -38: D:/mg-games/repos/mg-common-game/test/unit/localization_unit_test.dart: LocalizationManager Unit Tests (tearDownAll)
00:36 +2152 -38: D:/mg-games/repos/mg-common-game/test/unit/localization_unit_test.dart: LocaleInfo Tests Locale 객체 생성
00:36 +2153 -38: D:/mg-games/repos/mg-common-game/test/unit/localization_unit_test.dart: LocaleInfo Tests 플래그 이모지 확인
00:36 +2154 -38: D:/mg-games/repos/mg-common-game/test/unit/localization_unit_test.dart: LocaleInfo Tests 모든 언어 필수 속성
00:36 +2155 -38: D:/mg-games/repos/mg-common-game/test/unit/localization_unit_test.dart: Translations Tests 모든 언어에 공통 키 존재
00:36 +2156 -38: D:/mg-games/repos/mg-common-game/test/unit/localization_unit_test.dart: Translations Tests 영어를 기본값으로 사용
/C:/Users/USER-5/AppData/Local/Temp/flutter_tools.ec0746de/flutter_test_listener.9d8af0ac/listener.dart:21:21: Error: Undefined name 'main'.
  await Future(test.main);
                    ^^^^
00:37 +2157 -39: loading D:/mg-games/repos/mg-common-game/test/unit/mail_manager_test.dart [E]
  Failed to load "D:/mg-games/repos/mg-common-game/test/unit/mail_manager_test.dart":
  Compilation failed for testPath=D:/mg-games/repos/mg-common-game/test/unit/mail_manager_test.dart: /C:/Users/USER-5/AppData/Local/Temp/flutter_tools.ec0746de/flutter_test_listener.9d8af0ac/listener.dart:21:21: Error: Undefined name 'main'.
    await Future(test.main);
                      ^^^^
  .
/C:/Users/USER-5/AppData/Local/Temp/flutter_tools.ec0746de/flutter_test_listener.a322ae88/listener.dart:21:21: Error: Undefined name 'main'.
  await Future(test.main);
                    ^^^^
00:38 +2157 -40: loading D:/mg-games/repos/mg-common-game/test/unit/network_manager_test.dart [E]
  Failed to load "D:/mg-games/repos/mg-common-game/test/unit/network_manager_test.dart":
  Compilation failed for testPath=D:/mg-games/repos/mg-common-game/test/unit/network_manager_test.dart: /C:/Users/USER-5/AppData/Local/Temp/flutter_tools.ec0746de/flutter_test_listener.a322ae88/listener.dart:21:21: Error: Undefined name 'main'.
    await Future(test.main);
                      ^^^^
  .
/C:/Users/USER-5/AppData/Local/Temp/flutter_tools.ec0746de/flutter_test_listener.b49288e1/listener.dart:21:21: Error: Undefined name 'main'.
  await Future(test.main);
                    ^^^^
00:39 +2157 -41: loading D:/mg-games/repos/mg-common-game/test/unit/performance_monitor_test.dart [E]
  Failed to load "D:/mg-games/repos/mg-common-game/test/unit/performance_monitor_test.dart":
  Compilation failed for testPath=D:/mg-games/repos/mg-common-game/test/unit/performance_monitor_test.dart: /C:/Users/USER-5/AppData/Local/Temp/flutter_tools.ec0746de/flutter_test_listener.b49288e1/listener.dart:21:21: Error: Undefined name 'main'.
    await Future(test.main);
                      ^^^^
  .
lib/performance/image_cache_manager.dart:436:32: Error: A method declaration needs an explicit list of parameters.
Try adding a parameter list to the method declaration.
  State<OptimizedNetworkImage> createState => _OptimizedNetworkImageState();
                               ^^^^^^^^^^^
test/unit/performance_unit_test.dart:177:41: Error: Member not found: 'BuildAnalyzer.getOptimizationSuggestionsFor'.
      final suggestions = BuildAnalyzer.getOptimizationSuggestionsFor(deepAnalysis);
                                        ^^^^^^^^^^^^^^^^^^^^^^^^^^^^^
test/unit/performance_unit_test.dart:125:33: Error: The method 'generateCacheKey' isn't defined for the type 'ImageCacheManager'.
 - 'ImageCacheManager' is from 'package:mg_common_game/performance/image_cache_manager.dart' ('lib/performance/image_cache_manager.dart').
Try correcting the name to the name of an existing method, or defining a method named 'generateCacheKey'.
      final key1 = cacheManager.generateCacheKey(url1);
                                ^^^^^^^^^^^^^^^^
test/unit/performance_unit_test.dart:126:33: Error: The method 'generateCacheKey' isn't defined for the type 'ImageCacheManager'.
 - 'ImageCacheManager' is from 'package:mg_common_game/performance/image_cache_manager.dart' ('lib/performance/image_cache_manager.dart').
Try correcting the name to the name of an existing method, or defining a method named 'generateCacheKey'.
      final key2 = cacheManager.generateCacheKey(url2);
                                ^^^^^^^^^^^^^^^^
test/unit/performance_unit_test.dart:127:33: Error: The method 'generateCacheKey' isn't defined for the type 'ImageCacheManager'.
 - 'ImageCacheManager' is from 'package:mg_common_game/performance/image_cache_manager.dart' ('lib/performance/image_cache_manager.dart').
Try correcting the name to the name of an existing method, or defining a method named 'generateCacheKey'.
      final key3 = cacheManager.generateCacheKey(url3);
                                ^^^^^^^^^^^^^^^^
lib/performance/widget_optimizer.dart:198:23: Error: Too many positional arguments: 0 allowed, but 1 found.
Try removing the extra positional arguments.
    return _LazyWidget(builder);
                      ^
lib/performance/widget_optimizer.dart:242:9: Context: Found this candidate, but the arguments don't match.
  const _LazyWidget({required this.builder});
        ^^^^^^^^^^^
00:40 +2157 -42: loading D:/mg-games/repos/mg-common-game/test/unit/performance_unit_test.dart [E]
  Failed to load "D:/mg-games/repos/mg-common-game/test/unit/performance_unit_test.dart":
  Compilation failed for testPath=D:/mg-games/repos/mg-common-game/test/unit/performance_unit_test.dart: lib/performance/image_cache_manager.dart:436:32: Error: A method declaration needs an explicit list of parameters.
  Try adding a parameter list to the method declaration.
    State<OptimizedNetworkImage> createState => _OptimizedNetworkImageState();
                                 ^^^^^^^^^^^
  test/unit/performance_unit_test.dart:177:41: Error: Member not found: 'BuildAnalyzer.getOptimizationSuggestionsFor'.
        final suggestions = BuildAnalyzer.getOptimizationSuggestionsFor(deepAnalysis);
                                          ^^^^^^^^^^^^^^^^^^^^^^^^^^^^^
  test/unit/performance_unit_test.dart:125:33: Error: The method 'generateCacheKey' isn't defined for the type 'ImageCacheManager'.
   - 'ImageCacheManager' is from 'package:mg_common_game/performance/image_cache_manager.dart' ('lib/performance/image_cache_manager.dart').
  Try correcting the name to the name of an existing method, or defining a method named 'generateCacheKey'.
        final key1 = cacheManager.generateCacheKey(url1);
                                  ^^^^^^^^^^^^^^^^
  test/unit/performance_unit_test.dart:126:33: Error: The method 'generateCacheKey' isn't defined for the type 'ImageCacheManager'.
   - 'ImageCacheManager' is from 'package:mg_common_game/performance/image_cache_manager.dart' ('lib/performance/image_cache_manager.dart').
  Try correcting the name to the name of an existing method, or defining a method named 'generateCacheKey'.
        final key2 = cacheManager.generateCacheKey(url2);
                                  ^^^^^^^^^^^^^^^^
  test/unit/performance_unit_test.dart:127:33: Error: The method 'generateCacheKey' isn't defined for the type 'ImageCacheManager'.
   - 'ImageCacheManager' is from 'package:mg_common_game/performance/image_cache_manager.dart' ('lib/performance/image_cache_manager.dart').
  Try correcting the name to the name of an existing method, or defining a method named 'generateCacheKey'.
        final key3 = cacheManager.generateCacheKey(url3);
                                  ^^^^^^^^^^^^^^^^
  lib/performance/widget_optimizer.dart:198:23: Error: Too many positional arguments: 0 allowed, but 1 found.
  Try removing the extra positional arguments.
      return _LazyWidget(builder);
                        ^
  lib/performance/widget_optimizer.dart:242:9: Context: Found this candidate, but the arguments don't match.
    const _LazyWidget({required this.builder});
          ^^^^^^^^^^^
  .
/C:/Users/USER-5/AppData/Local/Temp/flutter_tools.ec0746de/flutter_test_listener.c6cc35c8/listener.dart:21:21: Error: Undefined name 'main'.
  await Future(test.main);
                    ^^^^
00:41 +2157 -43: loading D:/mg-games/repos/mg-common-game/test/unit/progression_manager_test.dart [E]
  Failed to load "D:/mg-games/repos/mg-common-game/test/unit/progression_manager_test.dart":
  Compilation failed for testPath=D:/mg-games/repos/mg-common-game/test/unit/progression_manager_test.dart: /C:/Users/USER-5/AppData/Local/Temp/flutter_tools.ec0746de/flutter_test_listener.c6cc35c8/listener.dart:21:21: Error: Undefined name 'main'.
    await Future(test.main);
                      ^^^^
  .
/C:/Users/USER-5/AppData/Local/Temp/flutter_tools.ec0746de/flutter_test_listener.cb6f3ef5/listener.dart:21:21: Error: Undefined name 'main'.
  await Future(test.main);
                    ^^^^
00:42 +2157 -44: loading D:/mg-games/repos/mg-common-game/test/unit/push_notification_manager_test.dart [E]
  Failed to load "D:/mg-games/repos/mg-common-game/test/unit/push_notification_manager_test.dart":
  Compilation failed for testPath=D:/mg-games/repos/mg-common-game/test/unit/push_notification_manager_test.dart: /C:/Users/USER-5/AppData/Local/Temp/flutter_tools.ec0746de/flutter_test_listener.cb6f3ef5/listener.dart:21:21: Error: Undefined name 'main'.
    await Future(test.main);
                      ^^^^
  .
/C:/Users/USER-5/AppData/Local/Temp/flutter_tools.ec0746de/flutter_test_listener.9e40c15c/listener.dart:21:21: Error: Undefined name 'main'.
  await Future(test.main);
                    ^^^^
00:43 +2157 -45: loading D:/mg-games/repos/mg-common-game/test/unit/quest_manager_test.dart [E]
  Failed to load "D:/mg-games/repos/mg-common-game/test/unit/quest_manager_test.dart":
  Compilation failed for testPath=D:/mg-games/repos/mg-common-game/test/unit/quest_manager_test.dart: /C:/Users/USER-5/AppData/Local/Temp/flutter_tools.ec0746de/flutter_test_listener.9e40c15c/listener.dart:21:21: Error: Undefined name 'main'.
    await Future(test.main);
                      ^^^^
  .
lib/content/achievement_manager.dart:450:29: Error: 'getAchievementsByTier' is already declared in this scope.
  Map<AchievementTier, int> getAchievementsByTier(String userId) {
                            ^^^^^^^^^^^^^^^^^^^^^
lib/content/achievement_manager.dart:298:21: Context: Previous declaration of 'getAchievementsByTier'.
  List<Achievement> getAchievementsByTier(AchievementTier tier) {
                    ^^^^^^^^^^^^^^^^^^^^^
00:44 +2157 -46: loading D:/mg-games/repos/mg-common-game/test/widget/achievement_widget_test.dart [E]
  Failed to load "D:/mg-games/repos/mg-common-game/test/widget/achievement_widget_test.dart":
  Compilation failed for testPath=D:/mg-games/repos/mg-common-game/test/widget/achievement_widget_test.dart: lib/content/achievement_manager.dart:450:29: Error: 'getAchievementsByTier' is already declared in this scope.
    Map<AchievementTier, int> getAchievementsByTier(String userId) {
                              ^^^^^^^^^^^^^^^^^^^^^
  lib/content/achievement_manager.dart:298:21: Context: Previous declaration of 'getAchievementsByTier'.
    List<Achievement> getAchievementsByTier(AchievementTier tier) {
                      ^^^^^^^^^^^^^^^^^^^^^
  .
lib/ui/social/chat_widget.dart:34:39: Error: Member not found: 'messageReceived'.
      if (event.type == ChatEventType.messageReceived) {
                                      ^^^^^^^^^^^^^^^
lib/ui/social/chat_widget.dart:43:41: Error: Too many positional arguments: 0 allowed, but 1 found.
Try removing the extra positional arguments.
    _messages = _chatManager.getMessages(widget.channelId);
                                        ^
lib/ui/social/chat_widget.dart:226:38: Error: The getter 'memberCount' isn't defined for the type 'ChatChannel'.
 - 'ChatChannel' is from 'package:mg_common_game/communication/chat_manager.dart' ('lib/communication/chat_manager.dart').
Try correcting the name to the name of an existing getter, or defining a getter or field named 'memberCount'.
            Text('Members: ${channel.memberCount}'),
                                     ^^^^^^^^^^^
lib/ui/social/chat_widget.dart:227:37: Error: Property 'isNotEmpty' cannot be accessed on 'String?' because it is potentially null.
Try accessing using ?. instead.
            if (channel.description.isNotEmpty) Text('Description: ${channel.description}'),
                                    ^^^^^^^^^^
00:45 +2157 -47: loading D:/mg-games/repos/mg-common-game/test/widget/chat_widget_test.dart [E]
  Failed to load "D:/mg-games/repos/mg-common-game/test/widget/chat_widget_test.dart":
  Compilation failed for testPath=D:/mg-games/repos/mg-common-game/test/widget/chat_widget_test.dart: lib/ui/social/chat_widget.dart:34:39: Error: Member not found: 'messageReceived'.
        if (event.type == ChatEventType.messageReceived) {
                                        ^^^^^^^^^^^^^^^
  lib/ui/social/chat_widget.dart:43:41: Error: Too many positional arguments: 0 allowed, but 1 found.
  Try removing the extra positional arguments.
      _messages = _chatManager.getMessages(widget.channelId);
                                          ^
  lib/ui/social/chat_widget.dart:226:38: Error: The getter 'memberCount' isn't defined for the type 'ChatChannel'.
   - 'ChatChannel' is from 'package:mg_common_game/communication/chat_manager.dart' ('lib/communication/chat_manager.dart').
  Try correcting the name to the name of an existing getter, or defining a getter or field named 'memberCount'.
              Text('Members: ${channel.memberCount}'),
                                       ^^^^^^^^^^^
  lib/ui/social/chat_widget.dart:227:37: Error: Property 'isNotEmpty' cannot be accessed on 'String?' because it is potentially null.
  Try accessing using ?. instead.
              if (channel.description.isNotEmpty) Text('Description: ${channel.description}'),
                                      ^^^^^^^^^^
  .
lib/ui/social/friend_list_widget.dart:86:26: Error: Not a constant expression.
              'Online (${onlineFriends.length})',
                         ^^^^^^^^^^^^^
lib/ui/social/friend_list_widget.dart:97:27: Error: Not a constant expression.
              'Offline (${offlineFriends.length})',
                          ^^^^^^^^^^^^^^
lib/ui/social/friend_list_widget.dart:77:51: Error: The getter 'isOnline' isn't defined for the type 'Friend'.
 - 'Friend' is from 'package:mg_common_game/social/friend_manager.dart' ('lib/social/friend_manager.dart').
Try correcting the name to the name of an existing getter, or defining a getter or field named 'isOnline'.
    final onlineFriends = _friends.where((f) => f.isOnline).toList();
                                                  ^^^^^^^^
lib/ui/social/friend_list_widget.dart:78:53: Error: The getter 'isOnline' isn't defined for the type 'Friend'.
 - 'Friend' is from 'package:mg_common_game/social/friend_manager.dart' ('lib/social/friend_manager.dart').
Try correcting the name to the name of an existing getter, or defining a getter or field named 'isOnline'.
    final offlineFriends = _friends.where((f) => !f.isOnline).toList();
                                                    ^^^^^^^^
lib/ui/social/friend_list_widget.dart:112:32: Error: The getter 'username' isn't defined for the type 'Friend'.
 - 'Friend' is from 'package:mg_common_game/social/friend_manager.dart' ('lib/social/friend_manager.dart').
Try correcting the name to the name of an existing getter, or defining a getter or field named 'username'.
            child: Text(friend.username[0].toUpperCase()),
                               ^^^^^^^^
lib/ui/social/friend_list_widget.dart:114:22: Error: The getter 'isOnline' isn't defined for the type 'Friend'.
 - 'Friend' is from 'package:mg_common_game/social/friend_manager.dart' ('lib/social/friend_manager.dart').
Try correcting the name to the name of an existing getter, or defining a getter or field named 'isOnline'.
          if (friend.isOnline)
                     ^^^^^^^^
lib/ui/social/friend_list_widget.dart:129:26: Error: The getter 'username' isn't defined for the type 'Friend'.
 - 'Friend' is from 'package:mg_common_game/social/friend_manager.dart' ('lib/social/friend_manager.dart').
Try correcting the name to the name of an existing getter, or defining a getter or field named 'username'.
      title: Text(friend.username),
                         ^^^^^^^^
lib/ui/social/friend_list_widget.dart:130:29: Error: The getter 'isOnline' isn't defined for the type 'Friend'.
 - 'Friend' is from 'package:mg_common_game/social/friend_manager.dart' ('lib/social/friend_manager.dart').
Try correcting the name to the name of an existing getter, or defining a getter or field named 'isOnline'.
      subtitle: Text(friend.isOnline ? 'Online' : 'Offline'),
                            ^^^^^^^^
lib/ui/social/friend_list_widget.dart:181:29: Error: The getter 'fromUsername' isn't defined for the type 'FriendRequest'.
 - 'FriendRequest' is from 'package:mg_common_game/social/friend_manager.dart' ('lib/social/friend_manager.dart').
Try correcting the name to the name of an existing getter, or defining a getter or field named 'fromUsername'.
        child: Text(request.fromUsername[0].toUpperCase()),
                            ^^^^^^^^^^^^
lib/ui/social/friend_list_widget.dart:183:27: Error: The getter 'fromUsername' isn't defined for the type 'FriendRequest'.
 - 'FriendRequest' is from 'package:mg_common_game/social/friend_manager.dart' ('lib/social/friend_manager.dart').
Try correcting the name to the name of an existing getter, or defining a getter or field named 'fromUsername'.
      title: Text(request.fromUsername),
                          ^^^^^^^^^^^^
lib/ui/social/friend_list_widget.dart:184:50: Error: The getter 'sentAt' isn't defined for the type 'FriendRequest'.
 - 'FriendRequest' is from 'package:mg_common_game/social/friend_manager.dart' ('lib/social/friend_manager.dart').
Try correcting the name to the name of an existing getter, or defining a getter or field named 'sentAt'.
      subtitle: Text('Sent ${_getTimeAgo(request.sentAt)}'),
                                                 ^^^^^^
lib/ui/social/friend_list_widget.dart:224:36: Error: The getter 'level' isn't defined for the type 'FriendSuggestion'.
 - 'FriendSuggestion' is from 'package:mg_common_game/social/friend_manager.dart' ('lib/social/friend_manager.dart').
Try correcting the name to the name of an existing getter, or defining a getter or field named 'level'.
          Text('Level ${suggestion.level}'),
                                   ^^^^^
lib/ui/social/friend_list_widget.dart:295:59: Error: Required named parameter 'fromUserName' must be provided.
    final success = await _friendManager.sendFriendRequest(
                                                          ^
lib/ui/social/friend_list_widget.dart:308:42: Error: The method 'respondToRequest' isn't defined for the type 'FriendManager'.
 - 'FriendManager' is from 'package:mg_common_game/social/friend_manager.dart' ('lib/social/friend_manager.dart').
Try correcting the name to the name of an existing method, or defining a method named 'respondToRequest'.
    final success = await _friendManager.respondToRequest(
                                         ^^^^^^^^^^^^^^^^
lib/ui/social/friend_list_widget.dart:310:17: Error: The getter 'FriendRequestResponse' isn't defined for the type '_FriendListWidgetState'.
 - '_FriendListWidgetState' is from 'package:mg_common_game/ui/social/friend_list_widget.dart' ('lib/ui/social/friend_list_widget.dart').
Try correcting the name to the name of an existing getter, or defining a getter or field named 'FriendRequestResponse'.
      response: FriendRequestResponse.accepted,
                ^^^^^^^^^^^^^^^^^^^^^
lib/ui/social/friend_list_widget.dart:316:43: Error: The getter 'fromUsername' isn't defined for the type 'FriendRequest'.
 - 'FriendRequest' is from 'package:mg_common_game/social/friend_manager.dart' ('lib/social/friend_manager.dart').
Try correcting the name to the name of an existing getter, or defining a getter or field named 'fromUsername'.
        SnackBar(content: Text('${request.fromUsername} is now your friend!')),
                                          ^^^^^^^^^^^^
lib/ui/social/friend_list_widget.dart:323:42: Error: The method 'respondToRequest' isn't defined for the type 'FriendManager'.
 - 'FriendManager' is from 'package:mg_common_game/social/friend_manager.dart' ('lib/social/friend_manager.dart').
Try correcting the name to the name of an existing method, or defining a method named 'respondToRequest'.
    final success = await _friendManager.respondToRequest(
                                         ^^^^^^^^^^^^^^^^
lib/ui/social/friend_list_widget.dart:325:17: Error: The getter 'FriendRequestResponse' isn't defined for the type '_FriendListWidgetState'.
 - '_FriendListWidgetState' is from 'package:mg_common_game/ui/social/friend_list_widget.dart' ('lib/ui/social/friend_list_widget.dart').
Try correcting the name to the name of an existing getter, or defining a getter or field named 'FriendRequestResponse'.
      response: FriendRequestResponse.declined,
                ^^^^^^^^^^^^^^^^^^^^^
lib/ui/social/friend_list_widget.dart:339:65: Error: The getter 'username' isn't defined for the type 'Friend'.
 - 'Friend' is from 'package:mg_common_game/social/friend_manager.dart' ('lib/social/friend_manager.dart').
Try correcting the name to the name of an existing getter, or defining a getter or field named 'username'.
        content: Text('Are you sure you want to remove ${friend.username}?'),
                                                                ^^^^^^^^
lib/social/friend_manager.dart:340:9: Error: This expression has type 'void' and can't be used.
    if (removed <= 0) return false;
        ^
lib/social/friend_manager.dart:340:17: Error: The operator '<=' isn't defined for the type 'void'.
Try correcting the operator to an existing operator, or defining a '<=' operator.
    if (removed <= 0) return false;
                ^^
00:46 +2157 -48: loading D:/mg-games/repos/mg-common-game/test/widget/friend_list_widget_test.dart [E]
  Failed to load "D:/mg-games/repos/mg-common-game/test/widget/friend_list_widget_test.dart":
  Compilation failed for testPath=D:/mg-games/repos/mg-common-game/test/widget/friend_list_widget_test.dart: lib/ui/social/friend_list_widget.dart:86:26: Error: Not a constant expression.
                'Online (${onlineFriends.length})',
                           ^^^^^^^^^^^^^
  lib/ui/social/friend_list_widget.dart:97:27: Error: Not a constant expression.
                'Offline (${offlineFriends.length})',
                            ^^^^^^^^^^^^^^
  lib/ui/social/friend_list_widget.dart:77:51: Error: The getter 'isOnline' isn't defined for the type 'Friend'.
   - 'Friend' is from 'package:mg_common_game/social/friend_manager.dart' ('lib/social/friend_manager.dart').
  Try correcting the name to the name of an existing getter, or defining a getter or field named 'isOnline'.
      final onlineFriends = _friends.where((f) => f.isOnline).toList();
                                                    ^^^^^^^^
  lib/ui/social/friend_list_widget.dart:78:53: Error: The getter 'isOnline' isn't defined for the type 'Friend'.
   - 'Friend' is from 'package:mg_common_game/social/friend_manager.dart' ('lib/social/friend_manager.dart').
  Try correcting the name to the name of an existing getter, or defining a getter or field named 'isOnline'.
      final offlineFriends = _friends.where((f) => !f.isOnline).toList();
                                                      ^^^^^^^^
  lib/ui/social/friend_list_widget.dart:112:32: Error: The getter 'username' isn't defined for the type 'Friend'.
   - 'Friend' is from 'package:mg_common_game/social/friend_manager.dart' ('lib/social/friend_manager.dart').
  Try correcting the name to the name of an existing getter, or defining a getter or field named 'username'.
              child: Text(friend.username[0].toUpperCase()),
                                 ^^^^^^^^
  lib/ui/social/friend_list_widget.dart:114:22: Error: The getter 'isOnline' isn't defined for the type 'Friend'.
   - 'Friend' is from 'package:mg_common_game/social/friend_manager.dart' ('lib/social/friend_manager.dart').
  Try correcting the name to the name of an existing getter, or defining a getter or field named 'isOnline'.
            if (friend.isOnline)
                       ^^^^^^^^
  lib/ui/social/friend_list_widget.dart:129:26: Error: The getter 'username' isn't defined for the type 'Friend'.
   - 'Friend' is from 'package:mg_common_game/social/friend_manager.dart' ('lib/social/friend_manager.dart').
  Try correcting the name to the name of an existing getter, or defining a getter or field named 'username'.
        title: Text(friend.username),
                           ^^^^^^^^
  lib/ui/social/friend_list_widget.dart:130:29: Error: The getter 'isOnline' isn't defined for the type 'Friend'.
   - 'Friend' is from 'package:mg_common_game/social/friend_manager.dart' ('lib/social/friend_manager.dart').
  Try correcting the name to the name of an existing getter, or defining a getter or field named 'isOnline'.
        subtitle: Text(friend.isOnline ? 'Online' : 'Offline'),
                              ^^^^^^^^
  lib/ui/social/friend_list_widget.dart:181:29: Error: The getter 'fromUsername' isn't defined for the type 'FriendRequest'.
   - 'FriendRequest' is from 'package:mg_common_game/social/friend_manager.dart' ('lib/social/friend_manager.dart').
  Try correcting the name to the name of an existing getter, or defining a getter or field named 'fromUsername'.
          child: Text(request.fromUsername[0].toUpperCase()),
                              ^^^^^^^^^^^^
  lib/ui/social/friend_list_widget.dart:183:27: Error: The getter 'fromUsername' isn't defined for the type 'FriendRequest'.
   - 'FriendRequest' is from 'package:mg_common_game/social/friend_manager.dart' ('lib/social/friend_manager.dart').
  Try correcting the name to the name of an existing getter, or defining a getter or field named 'fromUsername'.
        title: Text(request.fromUsername),
                            ^^^^^^^^^^^^
  lib/ui/social/friend_list_widget.dart:184:50: Error: The getter 'sentAt' isn't defined for the type 'FriendRequest'.
   - 'FriendRequest' is from 'package:mg_common_game/social/friend_manager.dart' ('lib/social/friend_manager.dart').
  Try correcting the name to the name of an existing getter, or defining a getter or field named 'sentAt'.
        subtitle: Text('Sent ${_getTimeAgo(request.sentAt)}'),
                                                   ^^^^^^
  lib/ui/social/friend_list_widget.dart:224:36: Error: The getter 'level' isn't defined for the type 'FriendSuggestion'.
   - 'FriendSuggestion' is from 'package:mg_common_game/social/friend_manager.dart' ('lib/social/friend_manager.dart').
  Try correcting the name to the name of an existing getter, or defining a getter or field named 'level'.
            Text('Level ${suggestion.level}'),
                                     ^^^^^
  lib/ui/social/friend_list_widget.dart:295:59: Error: Required named parameter 'fromUserName' must be provided.
      final success = await _friendManager.sendFriendRequest(
                                                            ^
  lib/ui/social/friend_list_widget.dart:308:42: Error: The method 'respondToRequest' isn't defined for the type 'FriendManager'.
   - 'FriendManager' is from 'package:mg_common_game/social/friend_manager.dart' ('lib/social/friend_manager.dart').
  Try correcting the name to the name of an existing method, or defining a method named 'respondToRequest'.
      final success = await _friendManager.respondToRequest(
                                           ^^^^^^^^^^^^^^^^
  lib/ui/social/friend_list_widget.dart:310:17: Error: The getter 'FriendRequestResponse' isn't defined for the type '_FriendListWidgetState'.
   - '_FriendListWidgetState' is from 'package:mg_common_game/ui/social/friend_list_widget.dart' ('lib/ui/social/friend_list_widget.dart').
  Try correcting the name to the name of an existing getter, or defining a getter or field named 'FriendRequestResponse'.
        response: FriendRequestResponse.accepted,
                  ^^^^^^^^^^^^^^^^^^^^^
  lib/ui/social/friend_list_widget.dart:316:43: Error: The getter 'fromUsername' isn't defined for the type 'FriendRequest'.
   - 'FriendRequest' is from 'package:mg_common_game/social/friend_manager.dart' ('lib/social/friend_manager.dart').
  Try correcting the name to the name of an existing getter, or defining a getter or field named 'fromUsername'.
          SnackBar(content: Text('${request.fromUsername} is now your friend!')),
                                            ^^^^^^^^^^^^
  lib/ui/social/friend_list_widget.dart:323:42: Error: The method 'respondToRequest' isn't defined for the type 'FriendManager'.
   - 'FriendManager' is from 'package:mg_common_game/social/friend_manager.dart' ('lib/social/friend_manager.dart').
  Try correcting the name to the name of an existing method, or defining a method named 'respondToRequest'.
      final success = await _friendManager.respondToRequest(
                                           ^^^^^^^^^^^^^^^^
  lib/ui/social/friend_list_widget.dart:325:17: Error: The getter 'FriendRequestResponse' isn't defined for the type '_FriendListWidgetState'.
   - '_FriendListWidgetState' is from 'package:mg_common_game/ui/social/friend_list_widget.dart' ('lib/ui/social/friend_list_widget.dart').
  Try correcting the name to the name of an existing getter, or defining a getter or field named 'FriendRequestResponse'.
        response: FriendRequestResponse.declined,
                  ^^^^^^^^^^^^^^^^^^^^^
  lib/ui/social/friend_list_widget.dart:339:65: Error: The getter 'username' isn't defined for the type 'Friend'.
   - 'Friend' is from 'package:mg_common_game/social/friend_manager.dart' ('lib/social/friend_manager.dart').
  Try correcting the name to the name of an existing getter, or defining a getter or field named 'username'.
          content: Text('Are you sure you want to remove ${friend.username}?'),
                                                                  ^^^^^^^^
  lib/social/friend_manager.dart:340:9: Error: This expression has type 'void' and can't be used.
      if (removed <= 0) return false;
          ^
  lib/social/friend_manager.dart:340:17: Error: The operator '<=' isn't defined for the type 'void'.
  Try correcting the operator to an existing operator, or defining a '<=' operator.
      if (removed <= 0) return false;
                  ^^
  .
lib/ui/game/inventory_widget.dart:63:16: Error: Can't find ')' to match '('.
    return Card(
               ^
00:46 +2157 -49: loading D:/mg-games/repos/mg-common-game/test/widget/inventory_widget_test.dart [E]
  Failed to load "D:/mg-games/repos/mg-common-game/test/widget/inventory_widget_test.dart":
  Compilation failed for testPath=D:/mg-games/repos/mg-common-game/test/widget/inventory_widget_test.dart: lib/ui/game/inventory_widget.dart:63:16: Error: Can't find ')' to match '('.
      return Card(
                 ^
  .
lib/ui/social/mail_widget.dart:212:44: Error: Member not found: 'collect_package_rounded'.
                    icon: const Icon(Icons.collect_package_rounded),
                                           ^^^^^^^^^^^^^^^^^^^^^^^
00:48 +2157 -50: loading D:/mg-games/repos/mg-common-game/test/widget/mail_widget_test.dart [E]
  Failed to load "D:/mg-games/repos/mg-common-game/test/widget/mail_widget_test.dart":
  Compilation failed for testPath=D:/mg-games/repos/mg-common-game/test/widget/mail_widget_test.dart: lib/ui/social/mail_widget.dart:212:44: Error: Member not found: 'collect_package_rounded'.
                      icon: const Icon(Icons.collect_package_rounded),
                                             ^^^^^^^^^^^^^^^^^^^^^^^
  .
00:48 +2157 -50: D:/mg-games/repos/mg-common-game/test/widget/leaderboard_widget_test.dart: LeaderboardWidget Tests should display leaderboard title
Pending timers:
Timer (duration: 0:05:00.000000, periodic: true), created:
#0      new FakeTimer._ (package:fake_async/fake_async.dart:342:62)
#1      FakeAsync._createTimer (package:fake_async/fake_async.dart:260:29)
#2      FakeAsync.run.<anonymous closure> (package:fake_async/fake_async.dart:187:15)
#5      LeaderboardManager._startRefreshTimer (package:mg_common_game/competitive/leaderboard_manager.dart:206:27)
#6      LeaderboardManager.initialize (package:mg_common_game/competitive/leaderboard_manager.dart:116:5)
<asynchronous suspension>
#7      _LeaderboardWidgetState._loadLeaderboard (package:mg_common_game/ui/profile/leaderboard_widget.dart:31:5)
<asynchronous suspension>
(elided 2 frames from dart:async)

══╡ EXCEPTION CAUGHT BY FLUTTER TEST FRAMEWORK ╞════════════════════════════════════════════════════
The following assertion was thrown running a test:
A Timer is still pending even after the widget tree was disposed.
'package:flutter_test/src/binding.dart':
Failed assertion: line 1617 pos 12: '!timersPending'

When the exception was thrown, this was the stack:
#2      AutomatedTestWidgetsFlutterBinding._verifyInvariants (package:flutter_test/src/binding.dart:1617:12)
#3      TestWidgetsFlutterBinding._runTestBody (package:flutter_test/src/binding.dart:1078:7)
<asynchronous suspension>
<asynchronous suspension>
(elided 3 frames from class _AssertionError and package:stack_trace)

The test description was:
  should display leaderboard title
════════════════════════════════════════════════════════════════════════════════════════════════════
00:48 +2157 -51: D:/mg-games/repos/mg-common-game/test/widget/leaderboard_widget_test.dart: LeaderboardWidget Tests should display leaderboard title [E]
  Test failed. See exception logs above.
  The test description was: should display leaderboard title
  
00:48 +2157 -51: D:/mg-games/repos/mg-common-game/test/widget/leaderboard_widget_test.dart: LeaderboardWidget Tests should show top three players
lib/ui/dashboard/main_dashboard_widget.dart:2:8: Error: Error when reading 'lib/ui/dashboard/inventory_widget.dart': 지정된 파일을 찾을 수 없습니다.

import 'inventory_widget.dart';
       ^
lib/ui/dashboard/main_dashboard_widget.dart:3:8: Error: Error when reading 'lib/ui/dashboard/shop_widget.dart': 지정된 파일을 찾을 수 없습니다.

import 'shop_widget.dart';
       ^
lib/ui/dashboard/main_dashboard_widget.dart:4:8: Error: Error when reading 'lib/ui/dashboard/quest_widget.dart': 지정된 파일을 찾을 수 없습니다.

import 'quest_widget.dart';
       ^
lib/ui/dashboard/main_dashboard_widget.dart:5:8: Error: Error when reading 'lib/ui/dashboard/achievement_widget.dart': 지정된 파일을 찾을 수 없습니다.

import 'achievement_widget.dart';
       ^
lib/ui/profile/stats_widget.dart:20:8: Error: Type 'Achievement' not found.
  List<Achievement> _completedAchievements = [];
       ^^^^^^^^^^^
lib/ui/dashboard/main_dashboard_widget.dart:38:7: Error: The method 'ProfileWidget' isn't defined for the type '_MainDashboardWidgetState'.
 - '_MainDashboardWidgetState' is from 'package:mg_common_game/ui/dashboard/main_dashboard_widget.dart' ('lib/ui/dashboard/main_dashboard_widget.dart').
Try correcting the name to the name of an existing method, or defining a method named 'ProfileWidget'.
      ProfileWidget(userId: widget.userId),
      ^^^^^^^^^^^^^
lib/ui/dashboard/main_dashboard_widget.dart:105:39: Error: Not a constant expression.
                builder: (_) => const InventoryWidget(userId: 'demo_user'),
                                      ^^^^^^^^^^^^^^^
lib/ui/dashboard/main_dashboard_widget.dart:117:39: Error: Not a constant expression.
                builder: (_) => const ShopWidget(userId: 'demo_user'),
                                      ^^^^^^^^^^
lib/ui/dashboard/main_dashboard_widget.dart:129:39: Error: Not a constant expression.
                builder: (_) => const QuestWidget(userId: 'demo_user'),
                                      ^^^^^^^^^^^
lib/ui/dashboard/main_dashboard_widget.dart:141:39: Error: Not a constant expression.
                builder: (_) => const AchievementWidget(userId: 'demo_user'),
                                      ^^^^^^^^^^^^^^^^^
lib/ui/social/friend_list_widget.dart:86:26: Error: Not a constant expression.
              'Online (${onlineFriends.length})',
                         ^^^^^^^^^^^^^
lib/ui/social/friend_list_widget.dart:97:27: Error: Not a constant expression.
              'Offline (${offlineFriends.length})',
                          ^^^^^^^^^^^^^^
lib/ui/social/friend_list_widget.dart:77:51: Error: The getter 'isOnline' isn't defined for the type 'Friend'.
 - 'Friend' is from 'package:mg_common_game/social/friend_manager.dart' ('lib/social/friend_manager.dart').
Try correcting the name to the name of an existing getter, or defining a getter or field named 'isOnline'.
    final onlineFriends = _friends.where((f) => f.isOnline).toList();
                                                  ^^^^^^^^
lib/ui/social/friend_list_widget.dart:78:53: Error: The getter 'isOnline' isn't defined for the type 'Friend'.
 - 'Friend' is from 'package:mg_common_game/social/friend_manager.dart' ('lib/social/friend_manager.dart').
Try correcting the name to the name of an existing getter, or defining a getter or field named 'isOnline'.
    final offlineFriends = _friends.where((f) => !f.isOnline).toList();
                                                    ^^^^^^^^
lib/ui/social/friend_list_widget.dart:112:32: Error: The getter 'username' isn't defined for the type 'Friend'.
 - 'Friend' is from 'package:mg_common_game/social/friend_manager.dart' ('lib/social/friend_manager.dart').
Try correcting the name to the name of an existing getter, or defining a getter or field named 'username'.
            child: Text(friend.username[0].toUpperCase()),
                               ^^^^^^^^
lib/ui/social/friend_list_widget.dart:114:22: Error: The getter 'isOnline' isn't defined for the type 'Friend'.
 - 'Friend' is from 'package:mg_common_game/social/friend_manager.dart' ('lib/social/friend_manager.dart').
Try correcting the name to the name of an existing getter, or defining a getter or field named 'isOnline'.
          if (friend.isOnline)
                     ^^^^^^^^
lib/ui/social/friend_list_widget.dart:129:26: Error: The getter 'username' isn't defined for the type 'Friend'.
 - 'Friend' is from 'package:mg_common_game/social/friend_manager.dart' ('lib/social/friend_manager.dart').
Try correcting the name to the name of an existing getter, or defining a getter or field named 'username'.
      title: Text(friend.username),
                         ^^^^^^^^
lib/ui/social/friend_list_widget.dart:130:29: Error: The getter 'isOnline' isn't defined for the type 'Friend'.
 - 'Friend' is from 'package:mg_common_game/social/friend_manager.dart' ('lib/social/friend_manager.dart').
Try correcting the name to the name of an existing getter, or defining a getter or field named 'isOnline'.
      subtitle: Text(friend.isOnline ? 'Online' : 'Offline'),
                            ^^^^^^^^
lib/ui/social/friend_list_widget.dart:181:29: Error: The getter 'fromUsername' isn't defined for the type 'FriendRequest'.
 - 'FriendRequest' is from 'package:mg_common_game/social/friend_manager.dart' ('lib/social/friend_manager.dart').
Try correcting the name to the name of an existing getter, or defining a getter or field named 'fromUsername'.
        child: Text(request.fromUsername[0].toUpperCase()),
                            ^^^^^^^^^^^^
lib/ui/social/friend_list_widget.dart:183:27: Error: The getter 'fromUsername' isn't defined for the type 'FriendRequest'.
 - 'FriendRequest' is from 'package:mg_common_game/social/friend_manager.dart' ('lib/social/friend_manager.dart').
Try correcting the name to the name of an existing getter, or defining a getter or field named 'fromUsername'.
      title: Text(request.fromUsername),
                          ^^^^^^^^^^^^
lib/ui/social/friend_list_widget.dart:184:50: Error: The getter 'sentAt' isn't defined for the type 'FriendRequest'.
 - 'FriendRequest' is from 'package:mg_common_game/social/friend_manager.dart' ('lib/social/friend_manager.dart').
Try correcting the name to the name of an existing getter, or defining a getter or field named 'sentAt'.
      subtitle: Text('Sent ${_getTimeAgo(request.sentAt)}'),
                                                 ^^^^^^
lib/ui/social/friend_list_widget.dart:224:36: Error: The getter 'level' isn't defined for the type 'FriendSuggestion'.
 - 'FriendSuggestion' is from 'package:mg_common_game/social/friend_manager.dart' ('lib/social/friend_manager.dart').
Try correcting the name to the name of an existing getter, or defining a getter or field named 'level'.
          Text('Level ${suggestion.level}'),
                                   ^^^^^
lib/ui/social/friend_list_widget.dart:295:59: Error: Required named parameter 'fromUserName' must be provided.
    final success = await _friendManager.sendFriendRequest(
                                                          ^
lib/ui/social/friend_list_widget.dart:308:42: Error: The method 'respondToRequest' isn't defined for the type 'FriendManager'.
 - 'FriendManager' is from 'package:mg_common_game/social/friend_manager.dart' ('lib/social/friend_manager.dart').
Try correcting the name to the name of an existing method, or defining a method named 'respondToRequest'.
    final success = await _friendManager.respondToRequest(
                                         ^^^^^^^^^^^^^^^^
lib/ui/social/friend_list_widget.dart:310:17: Error: The getter 'FriendRequestResponse' isn't defined for the type '_FriendListWidgetState'.
 - '_FriendListWidgetState' is from 'package:mg_common_game/ui/social/friend_list_widget.dart' ('lib/ui/social/friend_list_widget.dart').
Try correcting the name to the name of an existing getter, or defining a getter or field named 'FriendRequestResponse'.
      response: FriendRequestResponse.accepted,
                ^^^^^^^^^^^^^^^^^^^^^
lib/ui/social/friend_list_widget.dart:316:43: Error: The getter 'fromUsername' isn't defined for the type 'FriendRequest'.
 - 'FriendRequest' is from 'package:mg_common_game/social/friend_manager.dart' ('lib/social/friend_manager.dart').
Try correcting the name to the name of an existing getter, or defining a getter or field named 'fromUsername'.
        SnackBar(content: Text('${request.fromUsername} is now your friend!')),
                                          ^^^^^^^^^^^^
lib/ui/social/friend_list_widget.dart:323:42: Error: The method 'respondToRequest' isn't defined for the type 'FriendManager'.
 - 'FriendManager' is from 'package:mg_common_game/social/friend_manager.dart' ('lib/social/friend_manager.dart').
Try correcting the name to the name of an existing method, or defining a method named 'respondToRequest'.
    final success = await _friendManager.respondToRequest(
                                         ^^^^^^^^^^^^^^^^
lib/ui/social/friend_list_widget.dart:325:17: Error: The getter 'FriendRequestResponse' isn't defined for the type '_FriendListWidgetState'.
 - '_FriendListWidgetState' is from 'package:mg_common_game/ui/social/friend_list_widget.dart' ('lib/ui/social/friend_list_widget.dart').
Try correcting the name to the name of an existing getter, or defining a getter or field named 'FriendRequestResponse'.
      response: FriendRequestResponse.declined,
                ^^^^^^^^^^^^^^^^^^^^^
lib/ui/social/friend_list_widget.dart:339:65: Error: The getter 'username' isn't defined for the type 'Friend'.
 - 'Friend' is from 'package:mg_common_game/social/friend_manager.dart' ('lib/social/friend_manager.dart').
Try correcting the name to the name of an existing getter, or defining a getter or field named 'username'.
        content: Text('Are you sure you want to remove ${friend.username}?'),
                                                                ^^^^^^^^
lib/ui/social/mail_widget.dart:212:44: Error: Member not found: 'collect_package_rounded'.
                    icon: const Icon(Icons.collect_package_rounded),
                                           ^^^^^^^^^^^^^^^^^^^^^^^
lib/ui/profile/stats_widget.dart:20:8: Error: 'Achievement' isn't a type.
  List<Achievement> _completedAchievements = [];
       ^^^^^^^^^^^
lib/social/friend_manager.dart:340:9: Error: This expression has type 'void' and can't be used.
    if (removed <= 0) return false;
        ^
lib/social/friend_manager.dart:340:17: Error: The operator '<=' isn't defined for the type 'void'.
Try correcting the operator to an existing operator, or defining a '<=' operator.
    if (removed <= 0) return false;
                ^^
══╡ EXCEPTION CAUGHT BY FLUTTER TEST FRAMEWORK ╞════════════════════════════════════════════════════
The following TestFailure was thrown running a test:
Expected: at least one matching candidate
  Actual: _TypeWidgetFinder:<Found 0 widgets with type "Container": []>
   Which: means none were found but some were expected

When the exception was thrown, this was the stack:
#4      main.<anonymous closure>.<anonymous closure> (file:///D:/mg-games/repos/mg-common-game/test/widget/leaderboard_widget_test.dart:28:7)
<asynchronous suspension>
#5      testWidgets.<anonymous closure>.<anonymous closure> (package:flutter_test/src/widget_tester.dart:192:15)
<asynchronous suspension>
#6      TestWidgetsFlutterBinding._runTestBody (package:flutter_test/src/binding.dart:1059:5)
<asynchronous suspension>
<asynchronous suspension>
(elided one frame from package:stack_trace)

This was caught by the test expectation on the following line:
  file:///D:/mg-games/repos/mg-common-game/test/widget/leaderboard_widget_test.dart line 28
The test description was:
  should show top three players
════════════════════════════════════════════════════════════════════════════════════════════════════
00:48 +2157 -52: D:/mg-games/repos/mg-common-game/test/widget/leaderboard_widget_test.dart: LeaderboardWidget Tests should show top three players [E]
  Test failed. See exception logs above.
  The test description was: should show top three players
  
00:48 +2157 -52: D:/mg-games/repos/mg-common-game/test/widget/leaderboard_widget_test.dart: LeaderboardWidget Tests should display entries list
══╡ EXCEPTION CAUGHT BY FLUTTER TEST FRAMEWORK ╞════════════════════════════════════════════════════
The following TestFailure was thrown running a test:
Expected: exactly one matching candidate
  Actual: _TypeWidgetFinder:<Found 0 widgets with type "ListView": []>
   Which: means none were found but one was expected

When the exception was thrown, this was the stack:
#4      main.<anonymous closure>.<anonymous closure> (file:///D:/mg-games/repos/mg-common-game/test/widget/leaderboard_widget_test.dart:40:7)
<asynchronous suspension>
#5      testWidgets.<anonymous closure>.<anonymous closure> (package:flutter_test/src/widget_tester.dart:192:15)
<asynchronous suspension>
#6      TestWidgetsFlutterBinding._runTestBody (package:flutter_test/src/binding.dart:1059:5)
<asynchronous suspension>
<asynchronous suspension>
(elided one frame from package:stack_trace)

This was caught by the test expectation on the following line:
  file:///D:/mg-games/repos/mg-common-game/test/widget/leaderboard_widget_test.dart line 40
The test description was:
  should display entries list
════════════════════════════════════════════════════════════════════════════════════════════════════
00:48 +2157 -53: D:/mg-games/repos/mg-common-game/test/widget/leaderboard_widget_test.dart: LeaderboardWidget Tests should display entries list [E]
  Test failed. See exception logs above.
  The test description was: should display entries list
  
00:48 +2157 -53: D:/mg-games/repos/mg-common-game/test/widget/leaderboard_widget_test.dart: LeaderboardWidget Tests should show player ranks
00:48 +2157 -54: loading D:/mg-games/repos/mg-common-game/test/widget/main_dashboard_widget_test.dart [E]
  Failed to load "D:/mg-games/repos/mg-common-game/test/widget/main_dashboard_widget_test.dart":
  Compilation failed for testPath=D:/mg-games/repos/mg-common-game/test/widget/main_dashboard_widget_test.dart: lib/ui/dashboard/main_dashboard_widget.dart:2:8: Error: Error when reading 'lib/ui/dashboard/inventory_widget.dart': 지정된 파일을 찾을 수 없습니다.
  
  import 'inventory_widget.dart';
         ^
  lib/ui/dashboard/main_dashboard_widget.dart:3:8: Error: Error when reading 'lib/ui/dashboard/shop_widget.dart': 지정된 파일을 찾을 수 없습니다.
  
  import 'shop_widget.dart';
         ^
  lib/ui/dashboard/main_dashboard_widget.dart:4:8: Error: Error when reading 'lib/ui/dashboard/quest_widget.dart': 지정된 파일을 찾을 수 없습니다.
  
  import 'quest_widget.dart';
         ^
  lib/ui/dashboard/main_dashboard_widget.dart:5:8: Error: Error when reading 'lib/ui/dashboard/achievement_widget.dart': 지정된 파일을 찾을 수 없습니다.
  
  import 'achievement_widget.dart';
         ^
  lib/ui/profile/stats_widget.dart:20:8: Error: Type 'Achievement' not found.
    List<Achievement> _completedAchievements = [];
         ^^^^^^^^^^^
  lib/ui/dashboard/main_dashboard_widget.dart:38:7: Error: The method 'ProfileWidget' isn't defined for the type '_MainDashboardWidgetState'.
   - '_MainDashboardWidgetState' is from 'package:mg_common_game/ui/dashboard/main_dashboard_widget.dart' ('lib/ui/dashboard/main_dashboard_widget.dart').
  Try correcting the name to the name of an existing method, or defining a method named 'ProfileWidget'.
        ProfileWidget(userId: widget.userId),
        ^^^^^^^^^^^^^
  lib/ui/dashboard/main_dashboard_widget.dart:105:39: Error: Not a constant expression.
                  builder: (_) => const InventoryWidget(userId: 'demo_user'),
                                        ^^^^^^^^^^^^^^^
  lib/ui/dashboard/main_dashboard_widget.dart:117:39: Error: Not a constant expression.
                  builder: (_) => const ShopWidget(userId: 'demo_user'),
                                        ^^^^^^^^^^
  lib/ui/dashboard/main_dashboard_widget.dart:129:39: Error: Not a constant expression.
                  builder: (_) => const QuestWidget(userId: 'demo_user'),
                                        ^^^^^^^^^^^
  lib/ui/dashboard/main_dashboard_widget.dart:141:39: Error: Not a constant expression.
                  builder: (_) => const AchievementWidget(userId: 'demo_user'),
                                        ^^^^^^^^^^^^^^^^^
  lib/ui/social/friend_list_widget.dart:86:26: Error: Not a constant expression.
                'Online (${onlineFriends.length})',
                           ^^^^^^^^^^^^^
  lib/ui/social/friend_list_widget.dart:97:27: Error: Not a constant expression.
                'Offline (${offlineFriends.length})',
                            ^^^^^^^^^^^^^^
  lib/ui/social/friend_list_widget.dart:77:51: Error: The getter 'isOnline' isn't defined for the type 'Friend'.
   - 'Friend' is from 'package:mg_common_game/social/friend_manager.dart' ('lib/social/friend_manager.dart').
  Try correcting the name to the name of an existing getter, or defining a getter or field named 'isOnline'.
      final onlineFriends = _friends.where((f) => f.isOnline).toList();
                                                    ^^^^^^^^
  lib/ui/social/friend_list_widget.dart:78:53: Error: The getter 'isOnline' isn't defined for the type 'Friend'.
   - 'Friend' is from 'package:mg_common_game/social/friend_manager.dart' ('lib/social/friend_manager.dart').
  Try correcting the name to the name of an existing getter, or defining a getter or field named 'isOnline'.
      final offlineFriends = _friends.where((f) => !f.isOnline).toList();
                                                      ^^^^^^^^
  lib/ui/social/friend_list_widget.dart:112:32: Error: The getter 'username' isn't defined for the type 'Friend'.
   - 'Friend' is from 'package:mg_common_game/social/friend_manager.dart' ('lib/social/friend_manager.dart').
  Try correcting the name to the name of an existing getter, or defining a getter or field named 'username'.
              child: Text(friend.username[0].toUpperCase()),
                                 ^^^^^^^^
  lib/ui/social/friend_list_widget.dart:114:22: Error: The getter 'isOnline' isn't defined for the type 'Friend'.
   - 'Friend' is from 'package:mg_common_game/social/friend_manager.dart' ('lib/social/friend_manager.dart').
  Try correcting the name to the name of an existing getter, or defining a getter or field named 'isOnline'.
            if (friend.isOnline)
                       ^^^^^^^^
  lib/ui/social/friend_list_widget.dart:129:26: Error: The getter 'username' isn't defined for the type 'Friend'.
   - 'Friend' is from 'package:mg_common_game/social/friend_manager.dart' ('lib/social/friend_manager.dart').
  Try correcting the name to the name of an existing getter, or defining a getter or field named 'username'.
        title: Text(friend.username),
                           ^^^^^^^^
  lib/ui/social/friend_list_widget.dart:130:29: Error: The getter 'isOnline' isn't defined for the type 'Friend'.
   - 'Friend' is from 'package:mg_common_game/social/friend_manager.dart' ('lib/social/friend_manager.dart').
  Try correcting the name to the name of an existing getter, or defining a getter or field named 'isOnline'.
        subtitle: Text(friend.isOnline ? 'Online' : 'Offline'),
                              ^^^^^^^^
  lib/ui/social/friend_list_widget.dart:181:29: Error: The getter 'fromUsername' isn't defined for the type 'FriendRequest'.
   - 'FriendRequest' is from 'package:mg_common_game/social/friend_manager.dart' ('lib/social/friend_manager.dart').
  Try correcting the name to the name of an existing getter, or defining a getter or field named 'fromUsername'.
          child: Text(request.fromUsername[0].toUpperCase()),
                              ^^^^^^^^^^^^
  lib/ui/social/friend_list_widget.dart:183:27: Error: The getter 'fromUsername' isn't defined for the type 'FriendRequest'.
   - 'FriendRequest' is from 'package:mg_common_game/social/friend_manager.dart' ('lib/social/friend_manager.dart').
  Try correcting the name to the name of an existing getter, or defining a getter or field named 'fromUsername'.
        title: Text(request.fromUsername),
                            ^^^^^^^^^^^^
  lib/ui/social/friend_list_widget.dart:184:50: Error: The getter 'sentAt' isn't defined for the type 'FriendRequest'.
   - 'FriendRequest' is from 'package:mg_common_game/social/friend_manager.dart' ('lib/social/friend_manager.dart').
  Try correcting the name to the name of an existing getter, or defining a getter or field named 'sentAt'.
        subtitle: Text('Sent ${_getTimeAgo(request.sentAt)}'),
                                                   ^^^^^^
  lib/ui/social/friend_list_widget.dart:224:36: Error: The getter 'level' isn't defined for the type 'FriendSuggestion'.
   - 'FriendSuggestion' is from 'package:mg_common_game/social/friend_manager.dart' ('lib/social/friend_manager.dart').
  Try correcting the name to the name of an existing getter, or defining a getter or field named 'level'.
            Text('Level ${suggestion.level}'),
                                     ^^^^^
  lib/ui/social/friend_list_widget.dart:295:59: Error: Required named parameter 'fromUserName' must be provided.
      final success = await _friendManager.sendFriendRequest(
                                                            ^
  lib/ui/social/friend_list_widget.dart:308:42: Error: The method 'respondToRequest' isn't defined for the type 'FriendManager'.
   - 'FriendManager' is from 'package:mg_common_game/social/friend_manager.dart' ('lib/social/friend_manager.dart').
  Try correcting the name to the name of an existing method, or defining a method named 'respondToRequest'.
      final success = await _friendManager.respondToRequest(
                                           ^^^^^^^^^^^^^^^^
  lib/ui/social/friend_list_widget.dart:310:17: Error: The getter 'FriendRequestResponse' isn't defined for the type '_FriendListWidgetState'.
   - '_FriendListWidgetState' is from 'package:mg_common_game/ui/social/friend_list_widget.dart' ('lib/ui/social/friend_list_widget.dart').
  Try correcting the name to the name of an existing getter, or defining a getter or field named 'FriendRequestResponse'.
        response: FriendRequestResponse.accepted,
                  ^^^^^^^^^^^^^^^^^^^^^
  lib/ui/social/friend_list_widget.dart:316:43: Error: The getter 'fromUsername' isn't defined for the type 'FriendRequest'.
   - 'FriendRequest' is from 'package:mg_common_game/social/friend_manager.dart' ('lib/social/friend_manager.dart').
  Try correcting the name to the name of an existing getter, or defining a getter or field named 'fromUsername'.
          SnackBar(content: Text('${request.fromUsername} is now your friend!')),
                                            ^^^^^^^^^^^^
  lib/ui/social/friend_list_widget.dart:323:42: Error: The method 'respondToRequest' isn't defined for the type 'FriendManager'.
   - 'FriendManager' is from 'package:mg_common_game/social/friend_manager.dart' ('lib/social/friend_manager.dart').
  Try correcting the name to the name of an existing method, or defining a method named 'respondToRequest'.
      final success = await _friendManager.respondToRequest(
                                           ^^^^^^^^^^^^^^^^
  lib/ui/social/friend_list_widget.dart:325:17: Error: The getter 'FriendRequestResponse' isn't defined for the type '_FriendListWidgetState'.
   - '_FriendListWidgetState' is from 'package:mg_common_game/ui/social/friend_list_widget.dart' ('lib/ui/social/friend_list_widget.dart').
  Try correcting the name to the name of an existing getter, or defining a getter or field named 'FriendRequestResponse'.
        response: FriendRequestResponse.declined,
                  ^^^^^^^^^^^^^^^^^^^^^
  lib/ui/social/friend_list_widget.dart:339:65: Error: The getter 'username' isn't defined for the type 'Friend'.
   - 'Friend' is from 'package:mg_common_game/social/friend_manager.dart' ('lib/social/friend_manager.dart').
  Try correcting the name to the name of an existing getter, or defining a getter or field named 'username'.
          content: Text('Are you sure you want to remove ${friend.username}?'),
                                                                  ^^^^^^^^
  lib/ui/social/mail_widget.dart:212:44: Error: Member not found: 'collect_package_rounded'.
                      icon: const Icon(Icons.collect_package_rounded),
                                             ^^^^^^^^^^^^^^^^^^^^^^^
  lib/ui/profile/stats_widget.dart:20:8: Error: 'Achievement' isn't a type.
    List<Achievement> _completedAchievements = [];
         ^^^^^^^^^^^
  lib/social/friend_manager.dart:340:9: Error: This expression has type 'void' and can't be used.
      if (removed <= 0) return false;
          ^
  lib/social/friend_manager.dart:340:17: Error: The operator '<=' isn't defined for the type 'void'.
  Try correcting the operator to an existing operator, or defining a '<=' operator.
      if (removed <= 0) return false;
                  ^^
  .
00:48 +2157 -54: D:/mg-games/repos/mg-common-game/test/widget/leaderboard_widget_test.dart: LeaderboardWidget Tests should show player ranks
══╡ EXCEPTION CAUGHT BY FLUTTER TEST FRAMEWORK ╞════════════════════════════════════════════════════
The following TestFailure was thrown running a test:
Expected: at least one matching candidate
  Actual: _TypeWidgetFinder:<Found 0 widgets with type "CircleAvatar": []>
   Which: means none were found but some were expected

When the exception was thrown, this was the stack:
#4      main.<anonymous closure>.<anonymous closure> (file:///D:/mg-games/repos/mg-common-game/test/widget/leaderboard_widget_test.dart:52:7)
<asynchronous suspension>
#5      testWidgets.<anonymous closure>.<anonymous closure> (package:flutter_test/src/widget_tester.dart:192:15)
<asynchronous suspension>
#6      TestWidgetsFlutterBinding._runTestBody (package:flutter_test/src/binding.dart:1059:5)
<asynchronous suspension>
<asynchronous suspension>
(elided one frame from package:stack_trace)

This was caught by the test expectation on the following line:
  file:///D:/mg-games/repos/mg-common-game/test/widget/leaderboard_widget_test.dart line 52
The test description was:
  should show player ranks
════════════════════════════════════════════════════════════════════════════════════════════════════
00:48 +2157 -55: D:/mg-games/repos/mg-common-game/test/widget/leaderboard_widget_test.dart: LeaderboardWidget Tests should show player ranks [E]
  Test failed. See exception logs above.
  The test description was: should show player ranks
  
00:48 +2157 -55: D:/mg-games/repos/mg-common-game/test/widget/leaderboard_widget_test.dart: LeaderboardWidget Tests should display player scores
══╡ EXCEPTION CAUGHT BY FLUTTER TEST FRAMEWORK ╞════════════════════════════════════════════════════
The following TestFailure was thrown running a test:
Expected: at least one matching candidate
  Actual: _TypeWidgetFinder:<Found 0 widgets with type "ListTile": []>
   Which: means none were found but some were expected

When the exception was thrown, this was the stack:
#4      main.<anonymous closure>.<anonymous closure> (file:///D:/mg-games/repos/mg-common-game/test/widget/leaderboard_widget_test.dart:64:7)
<asynchronous suspension>
#5      testWidgets.<anonymous closure>.<anonymous closure> (package:flutter_test/src/widget_tester.dart:192:15)
<asynchronous suspension>
#6      TestWidgetsFlutterBinding._runTestBody (package:flutter_test/src/binding.dart:1059:5)
<asynchronous suspension>
<asynchronous suspension>
(elided one frame from package:stack_trace)

This was caught by the test expectation on the following line:
  file:///D:/mg-games/repos/mg-common-game/test/widget/leaderboard_widget_test.dart line 64
The test description was:
  should display player scores
════════════════════════════════════════════════════════════════════════════════════════════════════
00:49 +2157 -56: D:/mg-games/repos/mg-common-game/test/widget/leaderboard_widget_test.dart: LeaderboardWidget Tests should display player scores [E]
  Test failed. See exception logs above.
  The test description was: should display player scores
  
00:49 +2157 -56: D:/mg-games/repos/mg-common-game/test/widget/leaderboard_widget_test.dart: LeaderboardWidget Tests should show rank colors
══╡ EXCEPTION CAUGHT BY FLUTTER TEST FRAMEWORK ╞════════════════════════════════════════════════════
The following TestFailure was thrown running a test:
Expected: at least one matching candidate
  Actual: _TypeWidgetFinder:<Found 0 widgets with type "CircleAvatar": []>
   Which: means none were found but some were expected

When the exception was thrown, this was the stack:
#4      main.<anonymous closure>.<anonymous closure> (file:///D:/mg-games/repos/mg-common-game/test/widget/leaderboard_widget_test.dart:76:7)
<asynchronous suspension>
#5      testWidgets.<anonymous closure>.<anonymous closure> (package:flutter_test/src/widget_tester.dart:192:15)
<asynchronous suspension>
#6      TestWidgetsFlutterBinding._runTestBody (package:flutter_test/src/binding.dart:1059:5)
<asynchronous suspension>
<asynchronous suspension>
(elided one frame from package:stack_trace)

This was caught by the test expectation on the following line:
  file:///D:/mg-games/repos/mg-common-game/test/widget/leaderboard_widget_test.dart line 76
The test description was:
  should show rank colors
════════════════════════════════════════════════════════════════════════════════════════════════════
00:49 +2157 -57: D:/mg-games/repos/mg-common-game/test/widget/leaderboard_widget_test.dart: LeaderboardWidget Tests should show rank colors [E]
  Test failed. See exception logs above.
  The test description was: should show rank colors
  
00:49 +2157 -57: D:/mg-games/repos/mg-common-game/test/widget/leaderboard_widget_test.dart: LeaderboardWidget Tests should display win streaks
══╡ EXCEPTION CAUGHT BY FLUTTER TEST FRAMEWORK ╞════════════════════════════════════════════════════
The following TestFailure was thrown running a test:
Expected: at least one matching candidate
  Actual: _TypeWidgetFinder:<Found 0 widgets with type "ListTile": []>
   Which: means none were found but some were expected

When the exception was thrown, this was the stack:
#4      main.<anonymous closure>.<anonymous closure> (file:///D:/mg-games/repos/mg-common-game/test/widget/leaderboard_widget_test.dart:88:7)
<asynchronous suspension>
#5      testWidgets.<anonymous closure>.<anonymous closure> (package:flutter_test/src/widget_tester.dart:192:15)
<asynchronous suspension>
#6      TestWidgetsFlutterBinding._runTestBody (package:flutter_test/src/binding.dart:1059:5)
<asynchronous suspension>
<asynchronous suspension>
(elided one frame from package:stack_trace)

This was caught by the test expectation on the following line:
  file:///D:/mg-games/repos/mg-common-game/test/widget/leaderboard_widget_test.dart line 88
The test description was:
  should display win streaks
════════════════════════════════════════════════════════════════════════════════════════════════════
00:49 +2157 -58: D:/mg-games/repos/mg-common-game/test/widget/leaderboard_widget_test.dart: LeaderboardWidget Tests should display win streaks [E]
  Test failed. See exception logs above.
  The test description was: should display win streaks
  
00:49 +2157 -58: D:/mg-games/repos/mg-common-game/test/widget/leaderboard_widget_test.dart: LeaderboardWidget Tests should highlight current user
══╡ EXCEPTION CAUGHT BY FLUTTER TEST FRAMEWORK ╞════════════════════════════════════════════════════
The following TestFailure was thrown running a test:
Expected: at least one matching candidate
  Actual: _TypeWidgetFinder:<Found 0 widgets with type "ListTile": []>
   Which: means none were found but some were expected

When the exception was thrown, this was the stack:
#4      main.<anonymous closure>.<anonymous closure> (file:///D:/mg-games/repos/mg-common-game/test/widget/leaderboard_widget_test.dart:100:7)
<asynchronous suspension>
#5      testWidgets.<anonymous closure>.<anonymous closure> (package:flutter_test/src/widget_tester.dart:192:15)
<asynchronous suspension>
#6      TestWidgetsFlutterBinding._runTestBody (package:flutter_test/src/binding.dart:1059:5)
<asynchronous suspension>
<asynchronous suspension>
(elided one frame from package:stack_trace)

This was caught by the test expectation on the following line:
  file:///D:/mg-games/repos/mg-common-game/test/widget/leaderboard_widget_test.dart line 100
The test description was:
  should highlight current user
════════════════════════════════════════════════════════════════════════════════════════════════════
00:49 +2157 -59: D:/mg-games/repos/mg-common-game/test/widget/leaderboard_widget_test.dart: LeaderboardWidget Tests should highlight current user [E]
  Test failed. See exception logs above.
  The test description was: should highlight current user
  
00:49 +2157 -59: D:/mg-games/repos/mg-common-game/test/widget/leaderboard_widget_test.dart: LeaderboardWidget Tests should show special icons for top 3
══╡ EXCEPTION CAUGHT BY FLUTTER TEST FRAMEWORK ╞════════════════════════════════════════════════════
The following TestFailure was thrown running a test:
Expected: at least one matching candidate
  Actual: _IconWidgetFinder:<Found 0 widgets with icon "IconData(U+0E22C)": []>
   Which: means none were found but some were expected

When the exception was thrown, this was the stack:
#4      main.<anonymous closure>.<anonymous closure> (file:///D:/mg-games/repos/mg-common-game/test/widget/leaderboard_widget_test.dart:112:7)
<asynchronous suspension>
#5      testWidgets.<anonymous closure>.<anonymous closure> (package:flutter_test/src/widget_tester.dart:192:15)
<asynchronous suspension>
#6      TestWidgetsFlutterBinding._runTestBody (package:flutter_test/src/binding.dart:1059:5)
<asynchronous suspension>
<asynchronous suspension>
(elided one frame from package:stack_trace)

This was caught by the test expectation on the following line:
  file:///D:/mg-games/repos/mg-common-game/test/widget/leaderboard_widget_test.dart line 112
The test description was:
  should show special icons for top 3
════════════════════════════════════════════════════════════════════════════════════════════════════
00:49 +2157 -60: D:/mg-games/repos/mg-common-game/test/widget/leaderboard_widget_test.dart: LeaderboardWidget Tests should show special icons for top 3 [E]
  Test failed. See exception logs above.
  The test description was: should show special icons for top 3
  
00:49 +2157 -60: D:/mg-games/repos/mg-common-game/test/widget/leaderboard_widget_test.dart: LeaderboardWidget Tests should display player usernames
══╡ EXCEPTION CAUGHT BY FLUTTER TEST FRAMEWORK ╞════════════════════════════════════════════════════
The following TestFailure was thrown running a test:
Expected: at least one matching candidate
  Actual: _TypeWidgetFinder:<Found 0 widgets with type "ListTile": []>
   Which: means none were found but some were expected

When the exception was thrown, this was the stack:
#4      main.<anonymous closure>.<anonymous closure> (file:///D:/mg-games/repos/mg-common-game/test/widget/leaderboard_widget_test.dart:124:7)
<asynchronous suspension>
#5      testWidgets.<anonymous closure>.<anonymous closure> (package:flutter_test/src/widget_tester.dart:192:15)
<asynchronous suspension>
#6      TestWidgetsFlutterBinding._runTestBody (package:flutter_test/src/binding.dart:1059:5)
<asynchronous suspension>
<asynchronous suspension>
(elided one frame from package:stack_trace)

This was caught by the test expectation on the following line:
  file:///D:/mg-games/repos/mg-common-game/test/widget/leaderboard_widget_test.dart line 124
The test description was:
  should display player usernames
════════════════════════════════════════════════════════════════════════════════════════════════════
00:49 +2157 -61: D:/mg-games/repos/mg-common-game/test/widget/leaderboard_widget_test.dart: LeaderboardWidget Tests should display player usernames [E]
  Test failed. See exception logs above.
  The test description was: should display player usernames
  
test/widget/profile_widget_test.dart:10:17: Error: Method not found: 'ProfileWidget'.
          home: ProfileWidget(userId: 'test_user'),
                ^^^^^^^^^^^^^
test/widget/profile_widget_test.dart:22:17: Error: Method not found: 'ProfileWidget'.
          home: ProfileWidget(userId: 'test_user'),
                ^^^^^^^^^^^^^
test/widget/profile_widget_test.dart:34:17: Error: Method not found: 'ProfileWidget'.
          home: ProfileWidget(userId: 'test_user'),
                ^^^^^^^^^^^^^
test/widget/profile_widget_test.dart:46:17: Error: Method not found: 'ProfileWidget'.
          home: ProfileWidget(userId: 'test_user'),
                ^^^^^^^^^^^^^
test/widget/profile_widget_test.dart:58:17: Error: Method not found: 'ProfileWidget'.
          home: ProfileWidget(userId: 'test_user'),
                ^^^^^^^^^^^^^
test/widget/profile_widget_test.dart:70:17: Error: Method not found: 'ProfileWidget'.
          home: ProfileWidget(userId: 'test_user'),
                ^^^^^^^^^^^^^
test/widget/profile_widget_test.dart:82:17: Error: Method not found: 'ProfileWidget'.
          home: ProfileWidget(userId: 'test_user'),
                ^^^^^^^^^^^^^
test/widget/profile_widget_test.dart:94:17: Error: Method not found: 'ProfileWidget'.
          home: ProfileWidget(userId: 'test_user'),
                ^^^^^^^^^^^^^
test/widget/profile_widget_test.dart:106:17: Error: Method not found: 'ProfileWidget'.
          home: ProfileWidget(userId: 'test_user'),
                ^^^^^^^^^^^^^
test/widget/profile_widget_test.dart:118:17: Error: Method not found: 'ProfileWidget'.
          home: ProfileWidget(userId: 'test_user'),
                ^^^^^^^^^^^^^
00:49 +2157 -62: loading D:/mg-games/repos/mg-common-game/test/widget/profile_widget_test.dart [E]
  Failed to load "D:/mg-games/repos/mg-common-game/test/widget/profile_widget_test.dart":
  Compilation failed for testPath=D:/mg-games/repos/mg-common-game/test/widget/profile_widget_test.dart: test/widget/profile_widget_test.dart:10:17: Error: Method not found: 'ProfileWidget'.
            home: ProfileWidget(userId: 'test_user'),
                  ^^^^^^^^^^^^^
  test/widget/profile_widget_test.dart:22:17: Error: Method not found: 'ProfileWidget'.
            home: ProfileWidget(userId: 'test_user'),
                  ^^^^^^^^^^^^^
  test/widget/profile_widget_test.dart:34:17: Error: Method not found: 'ProfileWidget'.
            home: ProfileWidget(userId: 'test_user'),
                  ^^^^^^^^^^^^^
  test/widget/profile_widget_test.dart:46:17: Error: Method not found: 'ProfileWidget'.
            home: ProfileWidget(userId: 'test_user'),
                  ^^^^^^^^^^^^^
  test/widget/profile_widget_test.dart:58:17: Error: Method not found: 'ProfileWidget'.
            home: ProfileWidget(userId: 'test_user'),
                  ^^^^^^^^^^^^^
  test/widget/profile_widget_test.dart:70:17: Error: Method not found: 'ProfileWidget'.
            home: ProfileWidget(userId: 'test_user'),
                  ^^^^^^^^^^^^^
  test/widget/profile_widget_test.dart:82:17: Error: Method not found: 'ProfileWidget'.
            home: ProfileWidget(userId: 'test_user'),
                  ^^^^^^^^^^^^^
  test/widget/profile_widget_test.dart:94:17: Error: Method not found: 'ProfileWidget'.
            home: ProfileWidget(userId: 'test_user'),
                  ^^^^^^^^^^^^^
  test/widget/profile_widget_test.dart:106:17: Error: Method not found: 'ProfileWidget'.
            home: ProfileWidget(userId: 'test_user'),
                  ^^^^^^^^^^^^^
  test/widget/profile_widget_test.dart:118:17: Error: Method not found: 'ProfileWidget'.
            home: ProfileWidget(userId: 'test_user'),
                  ^^^^^^^^^^^^^
  .
lib/ui/game/quest_widget.dart:152:41: Error: The method 'claimReward' isn't defined for the type 'QuestManager'.
 - 'QuestManager' is from 'package:mg_common_game/content/quest_manager.dart' ('lib/content/quest_manager.dart').
Try correcting the name to the name of an existing method, or defining a method named 'claimReward'.
    final success = await _questManager.claimReward(
                                        ^^^^^^^^^^^
lib/content/quest_manager.dart:533:41: Error: The getter 'isCompleted' isn't defined for the type 'QuestProgress'.
 - 'QuestProgress' is from 'package:mg_common_game/content/quest_manager.dart' ('lib/content/quest_manager.dart').
Try correcting the name to the name of an existing getter, or defining a getter or field named 'isCompleted'.
      if (progress == null || !progress.isCompleted) {
                                        ^^^^^^^^^^^
lib/content/quest_manager.dart:800:49: Error: The getter 'isCompleted' isn't defined for the type 'QuestProgress'.
 - 'QuestProgress' is from 'package:mg_common_game/content/quest_manager.dart' ('lib/content/quest_manager.dart').
Try correcting the name to the name of an existing getter, or defining a getter or field named 'isCompleted'.
      if (progress.userId == userId && progress.isCompleted) {
                                                ^^^^^^^^^^^
00:50 +2157 -63: loading D:/mg-games/repos/mg-common-game/test/widget/quest_widget_test.dart [E]
  Failed to load "D:/mg-games/repos/mg-common-game/test/widget/quest_widget_test.dart":
  Compilation failed for testPath=D:/mg-games/repos/mg-common-game/test/widget/quest_widget_test.dart: lib/ui/game/quest_widget.dart:152:41: Error: The method 'claimReward' isn't defined for the type 'QuestManager'.
   - 'QuestManager' is from 'package:mg_common_game/content/quest_manager.dart' ('lib/content/quest_manager.dart').
  Try correcting the name to the name of an existing method, or defining a method named 'claimReward'.
      final success = await _questManager.claimReward(
                                          ^^^^^^^^^^^
  lib/content/quest_manager.dart:533:41: Error: The getter 'isCompleted' isn't defined for the type 'QuestProgress'.
   - 'QuestProgress' is from 'package:mg_common_game/content/quest_manager.dart' ('lib/content/quest_manager.dart').
  Try correcting the name to the name of an existing getter, or defining a getter or field named 'isCompleted'.
        if (progress == null || !progress.isCompleted) {
                                          ^^^^^^^^^^^
  lib/content/quest_manager.dart:800:49: Error: The getter 'isCompleted' isn't defined for the type 'QuestProgress'.
   - 'QuestProgress' is from 'package:mg_common_game/content/quest_manager.dart' ('lib/content/quest_manager.dart').
  Try correcting the name to the name of an existing getter, or defining a getter or field named 'isCompleted'.
        if (progress.userId == userId && progress.isCompleted) {
                                                  ^^^^^^^^^^^
  .
lib/monetization/item_shop_manager.dart:480:40: Error: The operator '[]' isn't defined for the type 'Object'.
 - 'Object' is from 'dart:core'.
Try correcting the operator to an existing operator, or defining a '[]' operator.
    final purchaseCount = userPurchases[itemId] ?? 0;
                                       ^
lib/monetization/item_shop_manager.dart:529:40: Error: The operator '[]' isn't defined for the type 'Object'.
 - 'Object' is from 'dart:core'.
Try correcting the operator to an existing operator, or defining a '[]' operator.
    final purchaseCount = userPurchases[bundleId] ?? 0;
                                       ^
lib/monetization/item_shop_manager.dart:577:51: Error: A value of type 'Map<dynamic, dynamic>' can't be returned from a function with return type 'int'.
 - 'Map' is from 'dart:core'.
    _userPurchaseCounts.putIfAbsent(userId, () => {});
                                                  ^
lib/monetization/item_shop_manager.dart:578:73: Error: The operator '[]' isn't defined for the type 'int'.
Try correcting the operator to an existing operator, or defining a '[]' operator.
    _userPurchaseCounts[userId]![itemId] = (_userPurchaseCounts[userId]![itemId] ?? 0) + 1;
                                                                        ^
lib/monetization/item_shop_manager.dart:578:33: Error: The operator '[]=' isn't defined for the type 'int'.
Try correcting the operator to an existing operator, or defining a '[]=' operator.
    _userPurchaseCounts[userId]![itemId] = (_userPurchaseCounts[userId]![itemId] ?? 0) + 1;
                                ^
lib/monetization/item_shop_manager.dart:594:40: Error: The operator '[]' isn't defined for the type 'Object'.
 - 'Object' is from 'dart:core'.
Try correcting the operator to an existing operator, or defining a '[]' operator.
    final purchaseCount = userPurchases[itemId] ?? 0;
                                       ^
lib/monetization/item_shop_manager.dart:595:34: Error: A value of type 'num' can't be returned from a function with return type 'int'.
    return item.maxPurchaseLimit - purchaseCount;
                                 ^
00:51 +2157 -64: loading D:/mg-games/repos/mg-common-game/test/widget/shop_widget_test.dart [E]
  Failed to load "D:/mg-games/repos/mg-common-game/test/widget/shop_widget_test.dart":
  Compilation failed for testPath=D:/mg-games/repos/mg-common-game/test/widget/shop_widget_test.dart: lib/monetization/item_shop_manager.dart:480:40: Error: The operator '[]' isn't defined for the type 'Object'.
   - 'Object' is from 'dart:core'.
  Try correcting the operator to an existing operator, or defining a '[]' operator.
      final purchaseCount = userPurchases[itemId] ?? 0;
                                         ^
  lib/monetization/item_shop_manager.dart:529:40: Error: The operator '[]' isn't defined for the type 'Object'.
   - 'Object' is from 'dart:core'.
  Try correcting the operator to an existing operator, or defining a '[]' operator.
      final purchaseCount = userPurchases[bundleId] ?? 0;
                                         ^
  lib/monetization/item_shop_manager.dart:577:51: Error: A value of type 'Map<dynamic, dynamic>' can't be returned from a function with return type 'int'.
   - 'Map' is from 'dart:core'.
      _userPurchaseCounts.putIfAbsent(userId, () => {});
                                                    ^
  lib/monetization/item_shop_manager.dart:578:73: Error: The operator '[]' isn't defined for the type 'int'.
  Try correcting the operator to an existing operator, or defining a '[]' operator.
      _userPurchaseCounts[userId]![itemId] = (_userPurchaseCounts[userId]![itemId] ?? 0) + 1;
                                                                          ^
  lib/monetization/item_shop_manager.dart:578:33: Error: The operator '[]=' isn't defined for the type 'int'.
  Try correcting the operator to an existing operator, or defining a '[]=' operator.
      _userPurchaseCounts[userId]![itemId] = (_userPurchaseCounts[userId]![itemId] ?? 0) + 1;
                                  ^
  lib/monetization/item_shop_manager.dart:594:40: Error: The operator '[]' isn't defined for the type 'Object'.
   - 'Object' is from 'dart:core'.
  Try correcting the operator to an existing operator, or defining a '[]' operator.
      final purchaseCount = userPurchases[itemId] ?? 0;
                                         ^
  lib/monetization/item_shop_manager.dart:595:34: Error: A value of type 'num' can't be returned from a function with return type 'int'.
      return item.maxPurchaseLimit - purchaseCount;
                                   ^
  .
lib/core/networking/network_manager.dart:196:7: Error: The method '_reconnect' isn't defined for the type 'NetworkManager'.
 - 'NetworkManager' is from 'package:mg_common_game/core/networking/network_manager.dart' ('lib/core/networking/network_manager.dart').
Try correcting the name to the name of an existing method, or defining a method named '_reconnect'.
      _reconnect();
      ^^^^^^^^^^
lib/core/networking/network_manager.dart:204:7: Error: The method '_reconnect' isn't defined for the type 'NetworkManager'.
 - 'NetworkManager' is from 'package:mg_common_game/core/networking/network_manager.dart' ('lib/core/networking/network_manager.dart').
Try correcting the name to the name of an existing method, or defining a method named '_reconnect'.
      _reconnect();
      ^^^^^^^^^^
00:52 +2157 -65: loading D:/mg-games/repos/mg-common-game/test/widget/social_widget_test.dart [E]
  Failed to load "D:/mg-games/repos/mg-common-game/test/widget/social_widget_test.dart":
  Compilation failed for testPath=D:/mg-games/repos/mg-common-game/test/widget/social_widget_test.dart: lib/core/networking/network_manager.dart:196:7: Error: The method '_reconnect' isn't defined for the type 'NetworkManager'.
   - 'NetworkManager' is from 'package:mg_common_game/core/networking/network_manager.dart' ('lib/core/networking/network_manager.dart').
  Try correcting the name to the name of an existing method, or defining a method named '_reconnect'.
        _reconnect();
        ^^^^^^^^^^
  lib/core/networking/network_manager.dart:204:7: Error: The method '_reconnect' isn't defined for the type 'NetworkManager'.
   - 'NetworkManager' is from 'package:mg_common_game/core/networking/network_manager.dart' ('lib/core/networking/network_manager.dart').
  Try correcting the name to the name of an existing method, or defining a method named '_reconnect'.
        _reconnect();
        ^^^^^^^^^^
  .
lib/ui/profile/stats_widget.dart:20:8: Error: Type 'Achievement' not found.
  List<Achievement> _completedAchievements = [];
       ^^^^^^^^^^^
lib/ui/profile/stats_widget.dart:20:8: Error: 'Achievement' isn't a type.
  List<Achievement> _completedAchievements = [];
       ^^^^^^^^^^^
00:53 +2157 -66: loading D:/mg-games/repos/mg-common-game/test/widget/stats_widget_test.dart [E]
  Failed to load "D:/mg-games/repos/mg-common-game/test/widget/stats_widget_test.dart":
  Compilation failed for testPath=D:/mg-games/repos/mg-common-game/test/widget/stats_widget_test.dart: lib/ui/profile/stats_widget.dart:20:8: Error: Type 'Achievement' not found.
    List<Achievement> _completedAchievements = [];
         ^^^^^^^^^^^
  lib/ui/profile/stats_widget.dart:20:8: Error: 'Achievement' isn't a type.
    List<Achievement> _completedAchievements = [];
         ^^^^^^^^^^^
  .
lib/ui/theme/theme_manager.dart:333:3: Error: Expected a class member, but got ':'.
  ::ThemeMode get currentMaterialThemeMode {
  ^
lib/ui/theme/theme_manager.dart:333:4: Error: Expected a class member, but got ':'.
  ::ThemeMode get currentMaterialThemeMode {
   ^
test/widget/theme_widget_test.dart:114:21: Error: Undefined name 'AnimationType'.
              type: AnimationType.fadeIn,
                    ^^^^^^^^^^^^^
test/widget/theme_widget_test.dart:112:19: Error: Method not found: 'AnimatedWidgetWrapper'.
            body: AnimatedWidgetWrapper(
                  ^^^^^^^^^^^^^^^^^^^^^
test/widget/theme_widget_test.dart:129:21: Error: Undefined name 'SkeletonType'.
              type: SkeletonType.rectangle,
                    ^^^^^^^^^^^^
test/widget/theme_widget_test.dart:128:19: Error: Method not found: 'Skeleton'.
            body: Skeleton(
                  ^^^^^^^^
test/widget/theme_widget_test.dart:137:26: Error: Undefined name 'Skeleton'.
      expect(find.byType(Skeleton), findsOneWidget);
                         ^^^^^^^^
test/widget/theme_widget_test.dart:144:19: Error: Method not found: 'LinearProgressBar'.
            body: LinearProgressBar(
                  ^^^^^^^^^^^^^^^^^
test/widget/theme_widget_test.dart:39:31: Error: The getter 'currentMaterialTheme' isn't defined for the type 'ThemeManager'.
 - 'ThemeManager' is from 'package:mg_common_game/ui/theme/theme_manager.dart' ('lib/ui/theme/theme_manager.dart').
Try correcting the name to the name of an existing getter, or defining a getter or field named 'currentMaterialTheme'.
          theme: themeManager.currentMaterialTheme,
                              ^^^^^^^^^^^^^^^^^^^^
lib/ui/theme/theme_manager.dart:148:18: Error: The argument type 'CardTheme' can't be assigned to the parameter type 'CardThemeData?'.
 - 'CardTheme' is from 'package:flutter/src/material/card_theme.dart' ('/C:/Users/USER-5/develop/flutter/packages/flutter/lib/src/material/card_theme.dart').
 - 'CardThemeData' is from 'package:flutter/src/material/card_theme.dart' ('/C:/Users/USER-5/develop/flutter/packages/flutter/lib/src/material/card_theme.dart').
      cardTheme: CardTheme(
                 ^
lib/ui/theme/theme_manager.dart:336:16: Error: Expected an identifier, but got ':'.
Try inserting an identifier before ':'.
        return ::ThemeMode.light;
               ^
lib/ui/theme/theme_manager.dart:336:9: Error: Expected ';' after this.
        return ::ThemeMode.light;
        ^^^^^^
lib/ui/theme/theme_manager.dart:336:16: Error: Unexpected token ':'.
        return ::ThemeMode.light;
               ^
lib/ui/theme/theme_manager.dart:336:17: Error: Expected an identifier, but got ':'.
Try inserting an identifier before ':'.
        return ::ThemeMode.light;
                ^
lib/ui/theme/theme_manager.dart:336:16: Error: Expected ';' after this.
        return ::ThemeMode.light;
               ^
lib/ui/theme/theme_manager.dart:336:17: Error: Unexpected token ':'.
        return ::ThemeMode.light;
                ^
lib/ui/theme/theme_manager.dart:338:16: Error: Expected an identifier, but got ':'.
Try inserting an identifier before ':'.
        return ::ThemeMode.dark;
               ^
lib/ui/theme/theme_manager.dart:338:9: Error: Expected ';' after this.
        return ::ThemeMode.dark;
        ^^^^^^
lib/ui/theme/theme_manager.dart:338:16: Error: Unexpected token ':'.
        return ::ThemeMode.dark;
               ^
lib/ui/theme/theme_manager.dart:338:17: Error: Expected an identifier, but got ':'.
Try inserting an identifier before ':'.
        return ::ThemeMode.dark;
                ^
lib/ui/theme/theme_manager.dart:338:16: Error: Expected ';' after this.
        return ::ThemeMode.dark;
               ^
lib/ui/theme/theme_manager.dart:338:17: Error: Unexpected token ':'.
        return ::ThemeMode.dark;
                ^
lib/ui/theme/theme_manager.dart:340:16: Error: Expected an identifier, but got ':'.
Try inserting an identifier before ':'.
        return ::ThemeMode.system;
               ^
lib/ui/theme/theme_manager.dart:340:9: Error: Expected ';' after this.
        return ::ThemeMode.system;
        ^^^^^^
lib/ui/theme/theme_manager.dart:340:16: Error: Unexpected token ':'.
        return ::ThemeMode.system;
               ^
lib/ui/theme/theme_manager.dart:340:17: Error: Expected an identifier, but got ':'.
Try inserting an identifier before ':'.
        return ::ThemeMode.system;
                ^
lib/ui/theme/theme_manager.dart:340:16: Error: Expected ';' after this.
        return ::ThemeMode.system;
               ^
lib/ui/theme/theme_manager.dart:340:17: Error: Unexpected token ':'.
        return ::ThemeMode.system;
                ^
lib/ui/theme/theme_manager.dart:409:50: Error: The getter 'dispatchToPlatform' isn't defined for the type 'PlatformDispatcher'.
 - 'PlatformDispatcher' is from 'dart:ui'.
Try correcting the name to the name of an existing getter, or defining a getter or field named 'dispatchToPlatform'.
      WidgetsBinding.instance.platformDispatcher.dispatchToPlatform
                                                 ^^^^^^^^^^^^^^^^^^
lib/ui/dialog/dialog_manager.dart:169:30: Error: The argument type 'Object?' can't be assigned to the parameter type 'IconData?'.
 - 'Object' is from 'dart:core'.
 - 'IconData' is from 'package:flutter/src/widgets/icon_data.dart' ('/C:/Users/USER-5/develop/flutter/packages/flutter/lib/src/widgets/icon_data.dart').
                options.icon ?? defaultIcon,
                             ^
lib/ui/toast/toast_manager.dart:127:36: Error: The argument type 'Object' can't be assigned to the parameter type 'IconData?'.
 - 'Object' is from 'dart:core'.
 - 'IconData' is from 'package:flutter/src/widgets/icon_data.dart' ('/C:/Users/USER-5/develop/flutter/packages/flutter/lib/src/widgets/icon_data.dart').
                      options.icon ?? defaultIcon,
                                   ^
00:54 +2157 -67: loading D:/mg-games/repos/mg-common-game/test/widget/theme_widget_test.dart [E]
  Failed to load "D:/mg-games/repos/mg-common-game/test/widget/theme_widget_test.dart":
  Compilation failed for testPath=D:/mg-games/repos/mg-common-game/test/widget/theme_widget_test.dart: lib/ui/theme/theme_manager.dart:333:3: Error: Expected a class member, but got ':'.
    ::ThemeMode get currentMaterialThemeMode {
    ^
  lib/ui/theme/theme_manager.dart:333:4: Error: Expected a class member, but got ':'.
    ::ThemeMode get currentMaterialThemeMode {
     ^
  test/widget/theme_widget_test.dart:114:21: Error: Undefined name 'AnimationType'.
                type: AnimationType.fadeIn,
                      ^^^^^^^^^^^^^
  test/widget/theme_widget_test.dart:112:19: Error: Method not found: 'AnimatedWidgetWrapper'.
              body: AnimatedWidgetWrapper(
                    ^^^^^^^^^^^^^^^^^^^^^
  test/widget/theme_widget_test.dart:129:21: Error: Undefined name 'SkeletonType'.
                type: SkeletonType.rectangle,
                      ^^^^^^^^^^^^
  test/widget/theme_widget_test.dart:128:19: Error: Method not found: 'Skeleton'.
              body: Skeleton(
                    ^^^^^^^^
  test/widget/theme_widget_test.dart:137:26: Error: Undefined name 'Skeleton'.
        expect(find.byType(Skeleton), findsOneWidget);
                           ^^^^^^^^
  test/widget/theme_widget_test.dart:144:19: Error: Method not found: 'LinearProgressBar'.
              body: LinearProgressBar(
                    ^^^^^^^^^^^^^^^^^
  test/widget/theme_widget_test.dart:39:31: Error: The getter 'currentMaterialTheme' isn't defined for the type 'ThemeManager'.
   - 'ThemeManager' is from 'package:mg_common_game/ui/theme/theme_manager.dart' ('lib/ui/theme/theme_manager.dart').
  Try correcting the name to the name of an existing getter, or defining a getter or field named 'currentMaterialTheme'.
            theme: themeManager.currentMaterialTheme,
                                ^^^^^^^^^^^^^^^^^^^^
  lib/ui/theme/theme_manager.dart:148:18: Error: The argument type 'CardTheme' can't be assigned to the parameter type 'CardThemeData?'.
   - 'CardTheme' is from 'package:flutter/src/material/card_theme.dart' ('/C:/Users/USER-5/develop/flutter/packages/flutter/lib/src/material/card_theme.dart').
   - 'CardThemeData' is from 'package:flutter/src/material/card_theme.dart' ('/C:/Users/USER-5/develop/flutter/packages/flutter/lib/src/material/card_theme.dart').
        cardTheme: CardTheme(
                   ^
  lib/ui/theme/theme_manager.dart:336:16: Error: Expected an identifier, but got ':'.
  Try inserting an identifier before ':'.
          return ::ThemeMode.light;
                 ^
  lib/ui/theme/theme_manager.dart:336:9: Error: Expected ';' after this.
          return ::ThemeMode.light;
          ^^^^^^
  lib/ui/theme/theme_manager.dart:336:16: Error: Unexpected token ':'.
          return ::ThemeMode.light;
                 ^
  lib/ui/theme/theme_manager.dart:336:17: Error: Expected an identifier, but got ':'.
  Try inserting an identifier before ':'.
          return ::ThemeMode.light;
                  ^
  lib/ui/theme/theme_manager.dart:336:16: Error: Expected ';' after this.
          return ::ThemeMode.light;
                 ^
  lib/ui/theme/theme_manager.dart:336:17: Error: Unexpected token ':'.
          return ::ThemeMode.light;
                  ^
  lib/ui/theme/theme_manager.dart:338:16: Error: Expected an identifier, but got ':'.
  Try inserting an identifier before ':'.
          return ::ThemeMode.dark;
                 ^
  lib/ui/theme/theme_manager.dart:338:9: Error: Expected ';' after this.
          return ::ThemeMode.dark;
          ^^^^^^
  lib/ui/theme/theme_manager.dart:338:16: Error: Unexpected token ':'.
          return ::ThemeMode.dark;
                 ^
  lib/ui/theme/theme_manager.dart:338:17: Error: Expected an identifier, but got ':'.
  Try inserting an identifier before ':'.
          return ::ThemeMode.dark;
                  ^
  lib/ui/theme/theme_manager.dart:338:16: Error: Expected ';' after this.
          return ::ThemeMode.dark;
                 ^
  lib/ui/theme/theme_manager.dart:338:17: Error: Unexpected token ':'.
          return ::ThemeMode.dark;
                  ^
  lib/ui/theme/theme_manager.dart:340:16: Error: Expected an identifier, but got ':'.
  Try inserting an identifier before ':'.
          return ::ThemeMode.system;
                 ^
  lib/ui/theme/theme_manager.dart:340:9: Error: Expected ';' after this.
          return ::ThemeMode.system;
          ^^^^^^
  lib/ui/theme/theme_manager.dart:340:16: Error: Unexpected token ':'.
          return ::ThemeMode.system;
                 ^
  lib/ui/theme/theme_manager.dart:340:17: Error: Expected an identifier, but got ':'.
  Try inserting an identifier before ':'.
          return ::ThemeMode.system;
                  ^
  lib/ui/theme/theme_manager.dart:340:16: Error: Expected ';' after this.
          return ::ThemeMode.system;
                 ^
  lib/ui/theme/theme_manager.dart:340:17: Error: Unexpected token ':'.
          return ::ThemeMode.system;
                  ^
  lib/ui/theme/theme_manager.dart:409:50: Error: The getter 'dispatchToPlatform' isn't defined for the type 'PlatformDispatcher'.
   - 'PlatformDispatcher' is from 'dart:ui'.
  Try correcting the name to the name of an existing getter, or defining a getter or field named 'dispatchToPlatform'.
        WidgetsBinding.instance.platformDispatcher.dispatchToPlatform
                                                   ^^^^^^^^^^^^^^^^^^
  lib/ui/dialog/dialog_manager.dart:169:30: Error: The argument type 'Object?' can't be assigned to the parameter type 'IconData?'.
   - 'Object' is from 'dart:core'.
   - 'IconData' is from 'package:flutter/src/widgets/icon_data.dart' ('/C:/Users/USER-5/develop/flutter/packages/flutter/lib/src/widgets/icon_data.dart').
                  options.icon ?? defaultIcon,
                               ^
  lib/ui/toast/toast_manager.dart:127:36: Error: The argument type 'Object' can't be assigned to the parameter type 'IconData?'.
   - 'Object' is from 'dart:core'.
   - 'IconData' is from 'package:flutter/src/widgets/icon_data.dart' ('/C:/Users/USER-5/develop/flutter/packages/flutter/lib/src/widgets/icon_data.dart').
                        options.icon ?? defaultIcon,
                                     ^
  .
00:55 +2157 -67: D:/mg-games/repos/mg-common-game/test/widgets/battlepass/battlepass_tier_list_test.dart: BattlePassTierList renders tier list correctly
00:56 +2158 -67: D:/mg-games/repos/mg-common-game/test/widgets/buttons/mg_button_test.dart: MGButton renders with label
00:56 +2159 -67: D:/mg-games/repos/mg-common-game/test/widgets/buttons/mg_button_test.dart: MGButton renders with label
00:56 +2160 -67: D:/mg-games/repos/mg-common-game/test/widgets/buttons/mg_button_test.dart: MGButton renders with label
00:56 +2161 -67: D:/mg-games/repos/mg-common-game/test/widgets/containers/mg_card_test.dart: MGCard rendering renders child content
00:56 +2162 -67: D:/mg-games/repos/mg-common-game/test/widgets/containers/mg_card_test.dart: MGCard rendering renders child content
00:56 +2163 -67: D:/mg-games/repos/mg-common-game/test/widgets/containers/mg_card_test.dart: MGCard rendering renders child content
00:56 +2164 -67: D:/mg-games/repos/mg-common-game/test/widgets/containers/mg_card_test.dart: MGCard rendering renders child content
00:56 +2165 -67: D:/mg-games/repos/mg-common-game/test/widgets/containers/mg_card_test.dart: MGCard rendering renders child content
00:56 +2166 -67: D:/mg-games/repos/mg-common-game/test/widgets/containers/mg_card_test.dart: MGCard rendering renders child content
00:56 +2167 -67: D:/mg-games/repos/mg-common-game/test/widgets/dialogs/mg_modal_test.dart: MGModal.show renders title and content
00:56 +2168 -67: D:/mg-games/repos/mg-common-game/test/widgets/dialogs/mg_modal_test.dart: MGModal.show renders title and content
00:56 +2169 -67: D:/mg-games/repos/mg-common-game/test/widgets/dialogs/mg_modal_test.dart: MGModal.show renders title and content
00:56 +2170 -67: D:/mg-games/repos/mg-common-game/test/widgets/dialogs/mg_modal_test.dart: MGModal.show renders title and content
00:56 +2171 -67: D:/mg-games/repos/mg-common-game/test/widgets/dialogs/mg_modal_test.dart: MGModal.show renders title and content
00:56 +2172 -67: D:/mg-games/repos/mg-common-game/test/widgets/dialogs/mg_modal_test.dart: MGModal.show renders title and content
00:56 +2173 -67: D:/mg-games/repos/mg-common-game/test/widgets/dialogs/mg_modal_test.dart: MGModal.show renders title and content
00:56 +2174 -67: D:/mg-games/repos/mg-common-game/test/widgets/dialogs/mg_modal_test.dart: MGModal.show renders title and content
00:56 +2175 -67: D:/mg-games/repos/mg-common-game/test/widgets/dialogs/mg_modal_test.dart: MGModal.show renders title and content
00:56 +2176 -67: D:/mg-games/repos/mg-common-game/test/widgets/dialogs/mg_modal_test.dart: MGModal.show renders title and content
00:56 +2177 -67: D:/mg-games/repos/mg-common-game/test/widgets/dialogs/mg_modal_test.dart: MGModal.show renders title and content
00:56 +2178 -67: D:/mg-games/repos/mg-common-game/test/widgets/dialogs/mg_modal_test.dart: MGModal.show renders title and content
00:56 +2179 -67: D:/mg-games/repos/mg-common-game/test/widgets/dialogs/mg_modal_test.dart: MGModal.show renders title and content
00:56 +2180 -67: D:/mg-games/repos/mg-common-game/test/widgets/dialogs/mg_modal_test.dart: MGModal.show renders title and content
00:56 +2181 -67: D:/mg-games/repos/mg-common-game/test/widgets/dialogs/mg_modal_test.dart: MGModal.show renders title and content
00:56 +2182 -67: D:/mg-games/repos/mg-common-game/test/widgets/dialogs/mg_modal_test.dart: MGModal.show renders title and content
00:56 +2183 -67: D:/mg-games/repos/mg-common-game/test/widgets/dialogs/mg_modal_test.dart: MGModal.show renders title and content
00:56 +2184 -67: D:/mg-games/repos/mg-common-game/test/widgets/dialogs/mg_modal_test.dart: MGModal.show renders title and content
00:56 +2185 -67: D:/mg-games/repos/mg-common-game/test/widgets/dialogs/mg_modal_test.dart: MGModal.show renders title and content
00:56 +2186 -67: D:/mg-games/repos/mg-common-game/test/widgets/dialogs/mg_modal_test.dart: MGModal.show renders title and content
00:56 +2187 -67: D:/mg-games/repos/mg-common-game/test/widgets/dialogs/mg_modal_test.dart: MGModal.show renders title and content
00:56 +2188 -67: D:/mg-games/repos/mg-common-game/test/widgets/dialogs/mg_modal_test.dart: MGModal.show renders title and content
00:56 +2189 -67: D:/mg-games/repos/mg-common-game/test/widgets/dialogs/mg_modal_test.dart: MGModal.show renders title and content
00:56 +2190 -67: D:/mg-games/repos/mg-common-game/test/widgets/dialogs/mg_modal_test.dart: MGModal.show renders title and content
00:56 +2191 -67: D:/mg-games/repos/mg-common-game/test/widgets/dialogs/mg_modal_test.dart: MGModal.show renders title and content
00:56 +2192 -67: D:/mg-games/repos/mg-common-game/test/widgets/gacha/gacha_pull_animation_test.dart: GachaPullAnimation renders correctly with results
00:56 +2193 -67: D:/mg-games/repos/mg-common-game/test/widgets/gacha/gacha_pull_animation_test.dart: GachaPullAnimation renders correctly with results
00:56 +2194 -67: D:/mg-games/repos/mg-common-game/test/widgets/gacha/gacha_pull_animation_test.dart: GachaPullAnimation renders correctly with results
00:56 +2195 -67: D:/mg-games/repos/mg-common-game/test/widgets/gacha/gacha_pull_animation_test.dart: GachaPullAnimation renders correctly with results
00:56 +2196 -67: D:/mg-games/repos/mg-common-game/test/widgets/gacha/gacha_pull_animation_test.dart: GachaPullAnimation renders correctly with results
00:56 +2197 -67: D:/mg-games/repos/mg-common-game/test/widgets/gacha/gacha_pull_animation_test.dart: GachaPullAnimation renders correctly with results
00:56 +2198 -67: D:/mg-games/repos/mg-common-game/test/widgets/gacha/gacha_pull_animation_test.dart: GachaPullAnimation renders correctly with results
00:56 +2199 -67: D:/mg-games/repos/mg-common-game/test/widgets/gacha/gacha_pull_animation_test.dart: GachaPullAnimation renders correctly with results
00:56 +2200 -67: D:/mg-games/repos/mg-common-game/test/widgets/gacha/gacha_pull_animation_test.dart: GachaPullAnimation renders correctly with results
00:56 +2201 -67: D:/mg-games/repos/mg-common-game/test/widgets/gacha/gacha_pull_animation_test.dart: GachaPullAnimation renders correctly with results
00:56 +2202 -67: D:/mg-games/repos/mg-common-game/test/widgets/gacha/gacha_pull_animation_test.dart: GachaPullAnimation renders correctly with results
00:56 +2203 -67: D:/mg-games/repos/mg-common-game/test/widgets/gacha/gacha_pull_animation_test.dart: GachaPullAnimation renders correctly with results
00:56 +2204 -67: D:/mg-games/repos/mg-common-game/test/widgets/gacha/gacha_pull_animation_test.dart: GachaPullAnimation renders correctly with results
00:56 +2205 -67: D:/mg-games/repos/mg-common-game/test/widgets/gacha/gacha_pull_animation_test.dart: GachaPullAnimation renders correctly with results
00:56 +2206 -67: D:/mg-games/repos/mg-common-game/test/widgets/gacha/gacha_pull_animation_test.dart: GachaPullAnimation renders correctly with results
00:56 +2207 -67: D:/mg-games/repos/mg-common-game/test/widgets/gacha/gacha_pull_animation_test.dart: GachaPullAnimation renders correctly with results
00:56 +2208 -67: D:/mg-games/repos/mg-common-game/test/widgets/gacha/gacha_pull_animation_test.dart: GachaPullAnimation renders correctly with results
00:56 +2209 -67: D:/mg-games/repos/mg-common-game/test/widgets/gacha/gacha_pull_animation_test.dart: GachaPullAnimation renders correctly with results
00:56 +2210 -67: D:/mg-games/repos/mg-common-game/test/widgets/gacha/gacha_pull_animation_test.dart: GachaPullAnimation renders correctly with results
00:56 +2211 -67: D:/mg-games/repos/mg-common-game/test/widgets/gacha/gacha_pull_animation_test.dart: GachaPullAnimation renders correctly with results
00:56 +2212 -67: D:/mg-games/repos/mg-common-game/test/widgets/gacha/gacha_pull_animation_test.dart: GachaPullAnimation renders correctly with results
00:56 +2213 -67: D:/mg-games/repos/mg-common-game/test/widgets/gacha/gacha_pull_animation_test.dart: GachaPullAnimation renders correctly with results
00:56 +2214 -67: D:/mg-games/repos/mg-common-game/test/widgets/gacha/gacha_pull_animation_test.dart: GachaPullAnimation renders correctly with results
00:56 +2215 -67: D:/mg-games/repos/mg-common-game/test/widgets/gacha/gacha_pull_animation_test.dart: GachaPullAnimation renders correctly with results
00:56 +2216 -67: D:/mg-games/repos/mg-common-game/test/widgets/gacha/gacha_pull_animation_test.dart: GachaPullAnimation renders correctly with results
00:56 +2217 -67: D:/mg-games/repos/mg-common-game/test/widgets/gacha/gacha_pull_animation_test.dart: GachaPullAnimation renders correctly with results
00:56 +2218 -67: D:/mg-games/repos/mg-common-game/test/widgets/gacha/gacha_pull_animation_test.dart: GachaPullAnimation renders correctly with results
00:56 +2219 -67: D:/mg-games/repos/mg-common-game/test/widgets/gacha/gacha_pull_animation_test.dart: GachaPullAnimation renders correctly with results
00:56 +2220 -67: D:/mg-games/repos/mg-common-game/test/widgets/gacha/gacha_pull_animation_test.dart: GachaPullAnimation renders correctly with results
00:56 +2221 -67: D:/mg-games/repos/mg-common-game/test/widgets/gacha/gacha_pull_animation_test.dart: GachaPullAnimation renders correctly with results
00:56 +2222 -67: D:/mg-games/repos/mg-common-game/test/widgets/gacha/gacha_pull_animation_test.dart: GachaPullAnimation renders correctly with results
00:56 +2223 -67: D:/mg-games/repos/mg-common-game/test/widgets/gacha/gacha_pull_animation_test.dart: GachaPullAnimation renders correctly with results
00:56 +2224 -67: D:/mg-games/repos/mg-common-game/test/widgets/gacha/gacha_pull_animation_test.dart: GachaPullAnimation renders correctly with results
00:56 +2225 -67: D:/mg-games/repos/mg-common-game/test/widgets/gacha/gacha_pull_animation_test.dart: GachaPullAnimation renders correctly with results
00:56 +2226 -67: D:/mg-games/repos/mg-common-game/test/widgets/gacha/gacha_pull_animation_test.dart: GachaPullAnimation renders correctly with results
00:57 +2227 -67: D:/mg-games/repos/mg-common-game/test/widgets/gacha/gacha_pull_animation_test.dart: GachaPullAnimation renders correctly with results
00:57 +2228 -67: D:/mg-games/repos/mg-common-game/test/widgets/gacha/gacha_pull_animation_test.dart: GachaPullAnimation renders correctly with results
00:57 +2229 -67: D:/mg-games/repos/mg-common-game/test/widgets/gacha/gacha_pull_animation_test.dart: GachaPullAnimation renders correctly with results
00:57 +2230 -67: D:/mg-games/repos/mg-common-game/test/widgets/gacha/gacha_pull_animation_test.dart: GachaPullAnimation renders correctly with results
00:57 +2231 -67: D:/mg-games/repos/mg-common-game/test/widgets/gacha/gacha_pull_animation_test.dart: GachaPullAnimation renders correctly with results
00:57 +2232 -67: D:/mg-games/repos/mg-common-game/test/widgets/gacha/gacha_pull_animation_test.dart: GachaPullAnimation renders correctly with results
00:57 +2233 -67: D:/mg-games/repos/mg-common-game/test/widgets/gacha/gacha_pull_animation_test.dart: GachaPullAnimation renders correctly with results
00:57 +2234 -67: D:/mg-games/repos/mg-common-game/test/widgets/gacha/gacha_pull_animation_test.dart: GachaPullAnimation renders correctly with results
00:57 +2235 -67: D:/mg-games/repos/mg-common-game/test/widgets/gacha/gacha_pull_animation_test.dart: GachaPullAnimation renders correctly with results
00:57 +2236 -67: D:/mg-games/repos/mg-common-game/test/widgets/gacha/gacha_pull_animation_test.dart: GachaPullAnimation renders correctly with results
00:57 +2237 -67: D:/mg-games/repos/mg-common-game/test/widgets/gacha/gacha_pull_animation_test.dart: GachaPullAnimation renders correctly with results
00:57 +2238 -67: D:/mg-games/repos/mg-common-game/test/widgets/gacha/gacha_pull_animation_test.dart: GachaPullAnimation renders correctly with results
00:57 +2239 -67: D:/mg-games/repos/mg-common-game/test/widgets/gacha/gacha_pull_animation_test.dart: GachaPullAnimation renders correctly with results
00:57 +2240 -67: D:/mg-games/repos/mg-common-game/test/widgets/gacha/gacha_pull_animation_test.dart: GachaPullAnimation renders correctly with results
00:57 +2241 -67: D:/mg-games/repos/mg-common-game/test/widgets/gacha/gacha_pull_animation_test.dart: GachaPullAnimation renders correctly with results
00:57 +2242 -67: D:/mg-games/repos/mg-common-game/test/widgets/gacha/gacha_pull_animation_test.dart: GachaPullAnimation renders correctly with results
00:57 +2243 -67: D:/mg-games/repos/mg-common-game/test/widgets/gacha/gacha_pull_animation_test.dart: GachaPullAnimation renders correctly with results
00:57 +2244 -67: D:/mg-games/repos/mg-common-game/test/widgets/gacha/gacha_pull_animation_test.dart: GachaPullAnimation renders correctly with results
00:57 +2245 -67: D:/mg-games/repos/mg-common-game/test/widgets/gacha/gacha_pull_animation_test.dart: GachaPullAnimation renders correctly with results
00:57 +2246 -67: D:/mg-games/repos/mg-common-game/test/widgets/gacha/gacha_pull_animation_test.dart: GachaPullAnimation renders correctly with results
00:57 +2247 -67: D:/mg-games/repos/mg-common-game/test/widgets/gacha/gacha_pull_animation_test.dart: GachaPullAnimation renders correctly with results
00:57 +2248 -67: D:/mg-games/repos/mg-common-game/test/widgets/gacha/gacha_pull_animation_test.dart: GachaPullAnimation renders correctly with results
00:57 +2249 -67: D:/mg-games/repos/mg-common-game/test/widgets/gacha/gacha_pull_animation_test.dart: GachaPullAnimation renders correctly with results
00:57 +2250 -67: D:/mg-games/repos/mg-common-game/test/widgets/gacha/gacha_pull_animation_test.dart: GachaPullAnimation renders correctly with results
00:57 +2251 -67: D:/mg-games/repos/mg-common-game/test/widgets/gacha/gacha_pull_animation_test.dart: GachaPullAnimation renders correctly with results
00:57 +2252 -67: D:/mg-games/repos/mg-common-game/test/widgets/gacha/gacha_pull_animation_test.dart: GachaPullAnimation renders correctly with results
00:57 +2253 -67: D:/mg-games/repos/mg-common-game/test/widgets/gacha/gacha_pull_animation_test.dart: GachaPullAnimation renders correctly with results
00:57 +2254 -67: D:/mg-games/repos/mg-common-game/test/widgets/gacha/gacha_pull_animation_test.dart: GachaPullAnimation renders correctly with results
00:57 +2255 -67: D:/mg-games/repos/mg-common-game/test/widgets/gacha/gacha_pull_animation_test.dart: GachaPullAnimation renders correctly with results
00:57 +2256 -67: D:/mg-games/repos/mg-common-game/test/widgets/gacha/gacha_pull_animation_test.dart: GachaPullAnimation renders correctly with results
00:57 +2257 -67: D:/mg-games/repos/mg-common-game/test/widgets/gacha/gacha_pull_animation_test.dart: GachaPullAnimation renders correctly with results
00:57 +2258 -67: D:/mg-games/repos/mg-common-game/test/widgets/gacha/gacha_pull_animation_test.dart: GachaPullAnimation renders correctly with results
00:57 +2259 -67: D:/mg-games/repos/mg-common-game/test/widgets/gacha/gacha_pull_animation_test.dart: GachaPullAnimation renders correctly with results
00:57 +2260 -67: D:/mg-games/repos/mg-common-game/test/widgets/gacha/gacha_pull_animation_test.dart: GachaPullAnimation renders correctly with results
00:57 +2261 -67: D:/mg-games/repos/mg-common-game/test/widgets/gacha/gacha_pull_animation_test.dart: GachaPullAnimation renders correctly with results
00:57 +2262 -67: D:/mg-games/repos/mg-common-game/test/widgets/gacha/gacha_pull_animation_test.dart: GachaPullAnimation renders correctly with results
00:57 +2263 -67: D:/mg-games/repos/mg-common-game/test/widgets/gacha/gacha_pull_animation_test.dart: GachaPullAnimation renders correctly with results
00:57 +2264 -67: D:/mg-games/repos/mg-common-game/test/widgets/gacha/gacha_pull_animation_test.dart: GachaPullAnimation renders correctly with results
00:57 +2265 -67: D:/mg-games/repos/mg-common-game/test/widgets/gacha/gacha_pull_animation_test.dart: GachaPullAnimation renders correctly with results
00:57 +2266 -67: D:/mg-games/repos/mg-common-game/test/widgets/gacha/gacha_pull_animation_test.dart: GachaPullAnimation renders correctly with results
00:57 +2267 -67: D:/mg-games/repos/mg-common-game/test/widgets/gacha/gacha_pull_animation_test.dart: GachaPullAnimation renders correctly with results
00:57 +2268 -67: D:/mg-games/repos/mg-common-game/test/widgets/gacha/gacha_pull_animation_test.dart: GachaPullAnimation renders correctly with results
00:57 +2269 -67: D:/mg-games/repos/mg-common-game/test/widgets/gacha/gacha_pull_animation_test.dart: GachaPullAnimation renders correctly with results
00:57 +2270 -67: D:/mg-games/repos/mg-common-game/test/widgets/gacha/gacha_pull_animation_test.dart: GachaPullAnimation renders correctly with results
00:57 +2271 -67: D:/mg-games/repos/mg-common-game/test/widgets/gacha/gacha_pull_animation_test.dart: GachaPullAnimation renders correctly with results
00:57 +2272 -67: D:/mg-games/repos/mg-common-game/test/widgets/gacha/gacha_pull_animation_test.dart: GachaPullAnimation renders correctly with results
00:57 +2273 -67: D:/mg-games/repos/mg-common-game/test/widgets/gacha/gacha_pull_animation_test.dart: GachaPullAnimation renders correctly with results
00:57 +2274 -67: D:/mg-games/repos/mg-common-game/test/widgets/gacha/gacha_pull_animation_test.dart: GachaPullAnimation renders correctly with results
00:57 +2275 -67: D:/mg-games/repos/mg-common-game/test/widgets/gacha/gacha_pull_animation_test.dart: GachaPullAnimation renders correctly with results
00:57 +2276 -67: D:/mg-games/repos/mg-common-game/test/widgets/gacha/gacha_pull_animation_test.dart: GachaPullAnimation renders correctly with results
00:57 +2277 -67: D:/mg-games/repos/mg-common-game/test/widgets/gacha/gacha_pull_animation_test.dart: GachaPullAnimation renders correctly with results
00:57 +2278 -67: D:/mg-games/repos/mg-common-game/test/widgets/gacha/gacha_pull_animation_test.dart: GachaPullAnimation renders correctly with results
00:57 +2279 -67: D:/mg-games/repos/mg-common-game/test/widgets/gacha/gacha_pull_animation_test.dart: GachaPullAnimation renders correctly with results
00:57 +2280 -67: D:/mg-games/repos/mg-common-game/test/widgets/gacha/gacha_pull_animation_test.dart: GachaPullAnimation renders correctly with results
00:57 +2281 -67: D:/mg-games/repos/mg-common-game/test/widgets/gacha/gacha_pull_animation_test.dart: GachaPullAnimation renders correctly with results
00:57 +2282 -67: D:/mg-games/repos/mg-common-game/test/widgets/gacha/gacha_pull_animation_test.dart: GachaPullAnimation renders correctly with results
00:57 +2283 -67: D:/mg-games/repos/mg-common-game/test/widgets/gacha/gacha_pull_animation_test.dart: GachaPullAnimation renders correctly with results
00:57 +2284 -67: D:/mg-games/repos/mg-common-game/test/widgets/gacha/gacha_pull_animation_test.dart: GachaPullAnimation renders correctly with results
00:57 +2285 -67: D:/mg-games/repos/mg-common-game/test/widgets/gacha/gacha_pull_animation_test.dart: GachaPullAnimation renders correctly with results
00:57 +2286 -67: D:/mg-games/repos/mg-common-game/test/widgets/gacha/gacha_pull_animation_test.dart: GachaPullAnimation renders correctly with results
00:57 +2287 -67: D:/mg-games/repos/mg-common-game/test/widgets/gacha/gacha_pull_animation_test.dart: GachaPullAnimation renders correctly with results
00:57 +2288 -67: D:/mg-games/repos/mg-common-game/test/widgets/gacha/gacha_pull_animation_test.dart: GachaPullAnimation renders correctly with results
00:57 +2289 -67: D:/mg-games/repos/mg-common-game/test/widgets/gacha/gacha_pull_animation_test.dart: GachaPullAnimation renders correctly with results
00:57 +2290 -67: D:/mg-games/repos/mg-common-game/test/widgets/gacha/gacha_pull_animation_test.dart: GachaPullAnimation renders correctly with results
00:57 +2291 -67: D:/mg-games/repos/mg-common-game/test/widgets/gacha/gacha_pull_animation_test.dart: GachaPullAnimation renders correctly with results
00:57 +2292 -67: D:/mg-games/repos/mg-common-game/test/widgets/gacha/gacha_pull_animation_test.dart: GachaPullAnimation renders correctly with results
00:57 +2293 -67: D:/mg-games/repos/mg-common-game/test/widgets/gacha/gacha_pull_animation_test.dart: GachaPullAnimation renders correctly with results
00:57 +2294 -67: D:/mg-games/repos/mg-common-game/test/widgets/gacha/gacha_pull_animation_test.dart: GachaPullAnimation renders correctly with results
00:57 +2295 -67: D:/mg-games/repos/mg-common-game/test/widgets/gacha/gacha_pull_animation_test.dart: GachaPullAnimation renders correctly with results
00:57 +2296 -67: D:/mg-games/repos/mg-common-game/test/widgets/gacha/gacha_pull_animation_test.dart: GachaPullAnimation renders correctly with results
00:57 +2297 -67: D:/mg-games/repos/mg-common-game/test/widgets/gacha/gacha_pull_animation_test.dart: GachaPullAnimation renders correctly with results
00:57 +2298 -67: D:/mg-games/repos/mg-common-game/test/widgets/gacha/gacha_pull_animation_test.dart: GachaPullAnimation renders correctly with results
00:57 +2299 -67: D:/mg-games/repos/mg-common-game/test/widgets/gacha/gacha_pull_animation_test.dart: GachaPullAnimation renders correctly with results
00:57 +2300 -67: D:/mg-games/repos/mg-common-game/test/widgets/gacha/gacha_pull_animation_test.dart: GachaPullAnimation renders correctly with results
00:57 +2301 -67: D:/mg-games/repos/mg-common-game/test/widgets/gacha/gacha_pull_animation_test.dart: GachaPullAnimation renders correctly with results
00:57 +2302 -67: D:/mg-games/repos/mg-common-game/test/widgets/gacha/gacha_pull_animation_test.dart: GachaPullAnimation renders correctly with results
00:57 +2303 -67: D:/mg-games/repos/mg-common-game/test/widgets/gacha/gacha_pull_animation_test.dart: GachaPullAnimation renders correctly with results
00:57 +2304 -67: D:/mg-games/repos/mg-common-game/test/widgets/gacha/gacha_pull_animation_test.dart: GachaPullAnimation renders correctly with results
00:57 +2305 -67: D:/mg-games/repos/mg-common-game/test/widgets/gacha/gacha_pull_animation_test.dart: GachaPullAnimation renders correctly with results
00:57 +2306 -67: D:/mg-games/repos/mg-common-game/test/widgets/gacha/gacha_pull_animation_test.dart: GachaPullAnimation renders correctly with results
00:57 +2307 -67: D:/mg-games/repos/mg-common-game/test/widgets/gacha/gacha_pull_animation_test.dart: GachaPullAnimation renders correctly with results
00:57 +2308 -67: D:/mg-games/repos/mg-common-game/test/widgets/gacha/gacha_pull_animation_test.dart: GachaPullAnimation renders correctly with results
00:57 +2309 -67: D:/mg-games/repos/mg-common-game/test/widgets/gacha/gacha_pull_animation_test.dart: GachaPullAnimation renders correctly with results
00:57 +2310 -67: D:/mg-games/repos/mg-common-game/test/widgets/gacha/gacha_pull_animation_test.dart: GachaPullAnimation renders correctly with results
00:57 +2311 -67: D:/mg-games/repos/mg-common-game/test/widgets/gacha/gacha_pull_animation_test.dart: GachaPullAnimation renders correctly with results
00:57 +2312 -67: D:/mg-games/repos/mg-common-game/test/widgets/gacha/gacha_pull_animation_test.dart: GachaPullAnimation renders correctly with results
00:57 +2313 -67: D:/mg-games/repos/mg-common-game/test/widgets/gacha/gacha_pull_animation_test.dart: GachaPullAnimation renders correctly with results
00:57 +2314 -67: D:/mg-games/repos/mg-common-game/test/widgets/gacha/gacha_pull_animation_test.dart: GachaPullAnimation renders correctly with results
00:57 +2315 -67: D:/mg-games/repos/mg-common-game/test/widgets/gacha/gacha_pull_animation_test.dart: GachaPullAnimation renders correctly with results
00:57 +2316 -67: D:/mg-games/repos/mg-common-game/test/widgets/gacha/gacha_pull_animation_test.dart: GachaPullAnimation renders correctly with results
00:57 +2317 -67: D:/mg-games/repos/mg-common-game/test/widgets/gacha/gacha_pull_animation_test.dart: GachaPullAnimation renders correctly with results
00:57 +2318 -67: D:/mg-games/repos/mg-common-game/test/widgets/gacha/gacha_pull_animation_test.dart: GachaPullAnimation renders correctly with results
00:58 +2319 -67: D:/mg-games/repos/mg-common-game/test/widgets/gacha/gacha_pull_animation_test.dart: GachaPullAnimation renders correctly with results
00:58 +2320 -67: D:/mg-games/repos/mg-common-game/test/widgets/gacha/gacha_pull_animation_test.dart: GachaPullAnimation renders correctly with results
00:58 +2321 -67: D:/mg-games/repos/mg-common-game/test/widgets/gacha/gacha_pull_animation_test.dart: GachaPullAnimation renders correctly with results
00:58 +2322 -67: D:/mg-games/repos/mg-common-game/test/widgets/gacha/gacha_pull_animation_test.dart: GachaPullAnimation renders correctly with results
00:58 +2323 -67: D:/mg-games/repos/mg-common-game/test/widgets/gacha/gacha_pull_animation_test.dart: GachaPullAnimation renders correctly with results
00:58 +2324 -67: D:/mg-games/repos/mg-common-game/test/widgets/gacha/gacha_pull_animation_test.dart: GachaPullAnimation renders correctly with results
00:58 +2325 -67: D:/mg-games/repos/mg-common-game/test/widgets/gacha/gacha_pull_animation_test.dart: GachaPullAnimation renders correctly with results
00:58 +2326 -67: D:/mg-games/repos/mg-common-game/test/widgets/gacha/gacha_pull_animation_test.dart: GachaPullAnimation renders correctly with results
00:58 +2327 -67: D:/mg-games/repos/mg-common-game/test/widgets/gacha/gacha_pull_animation_test.dart: GachaPullAnimation renders correctly with results
00:58 +2328 -67: D:/mg-games/repos/mg-common-game/test/widgets/gacha/gacha_pull_animation_test.dart: GachaPullAnimation renders correctly with results
00:58 +2329 -67: D:/mg-games/repos/mg-common-game/test/widgets/gacha/gacha_pull_animation_test.dart: GachaPullAnimation renders correctly with results
00:58 +2330 -67: D:/mg-games/repos/mg-common-game/test/widgets/gacha/gacha_pull_animation_test.dart: GachaPullAnimation renders correctly with results
00:58 +2331 -67: D:/mg-games/repos/mg-common-game/test/widgets/gacha/gacha_pull_animation_test.dart: GachaPullAnimation renders correctly with results
00:58 +2332 -67: D:/mg-games/repos/mg-common-game/test/widgets/gacha/gacha_pull_animation_test.dart: GachaPullAnimation renders correctly with results
00:58 +2333 -67: D:/mg-games/repos/mg-common-game/test/widgets/gacha/gacha_pull_animation_test.dart: GachaPullAnimation renders correctly with results
00:58 +2334 -67: D:/mg-games/repos/mg-common-game/test/widgets/gacha/gacha_pull_animation_test.dart: GachaPullAnimation renders correctly with results
00:58 +2335 -67: D:/mg-games/repos/mg-common-game/test/widgets/idle/offline_progress_dialog_test.dart: OfflineProgressDialog Widget Rendering renders without resourceIcons (uses default icon)
00:59 +2336 -67: D:/mg-games/repos/mg-common-game/test/widgets/gacha/gacha_pull_animation_test.dart: GachaPullAnimation shows reveal animation initially
00:59 +2337 -67: D:/mg-games/repos/mg-common-game/test/widgets/gacha/gacha_pull_animation_test.dart: GachaPullAnimation shows reveal animation initially
01:00 +2338 -67: D:/mg-games/repos/mg-common-game/test/widgets/gacha/gacha_pull_animation_test.dart: GachaPullAnimation shows reveal animation initially
01:00 +2339 -67: D:/mg-games/repos/mg-common-game/test/widgets/idle/offline_progress_dialog_test.dart: OfflineProgressDialog Duration Info displays formatted duration (hours and minutes)
01:01 +2340 -67: D:/mg-games/repos/mg-common-game/test/widgets/gacha/gacha_pull_animation_test.dart: GachaPullAnimation transitions through all items in sequence
01:02 +2341 -67: D:/mg-games/repos/mg-common-game/test/widgets/gacha/gacha_pull_animation_test.dart: GachaPullAnimation transitions through all items in sequence
01:02 +2342 -67: D:/mg-games/repos/mg-common-game/test/widgets/gacha/gacha_pull_animation_test.dart: GachaPullAnimation transitions through all items in sequence
01:03 +2343 -67: D:/mg-games/repos/mg-common-game/test/widgets/gacha/gacha_pull_animation_test.dart: GachaPullAnimation transitions through all items in sequence
01:03 +2344 -67: D:/mg-games/repos/mg-common-game/test/widgets/idle/offline_progress_dialog_test.dart: OfflineProgressDialog Duration Info displays time icon
01:04 +2345 -67: D:/mg-games/repos/mg-common-game/test/widgets/gacha/gacha_pull_animation_test.dart: GachaPullAnimation shows results grid after all animations complete
01:05 +2346 -67: D:/mg-games/repos/mg-common-game/test/widgets/gacha/gacha_pull_animation_test.dart: GachaPullAnimation shows results grid after all animations complete
01:05 +2347 -67: D:/mg-games/repos/mg-common-game/test/widgets/idle/offline_progress_dialog_test.dart: OfflineProgressDialog Rewards List uses resource ID as fallback name when not in resourceNames
01:06 +2348 -67: D:/mg-games/repos/mg-common-game/test/widgets/gacha/gacha_pull_animation_test.dart: GachaPullAnimation calls onComplete callback when animation finishes
01:07 +2349 -67: D:/mg-games/repos/mg-common-game/test/widgets/gacha/gacha_pull_animation_test.dart: GachaPullAnimation calls onComplete callback when animation finishes
01:07 +2350 -67: D:/mg-games/repos/mg-common-game/test/widgets/idle/offline_progress_dialog_test.dart: OfflineProgressDialog No Rewards Message displays "No resources" message when hasRewards is false (empty rewards)
01:07 +2351 -67: D:/mg-games/repos/mg-common-game/test/widgets/gacha/gacha_pull_animation_test.dart: GachaPullAnimation handles single result correctly
01:08 +2352 -67: D:/mg-games/repos/mg-common-game/test/widgets/gacha/gacha_pull_animation_test.dart: GachaPullAnimation handles single result correctly
01:09 +2353 -67: D:/mg-games/repos/mg-common-game/test/widgets/gacha/gacha_pull_animation_test.dart: GachaPullAnimation handles single result correctly
01:09 +2354 -67: D:/mg-games/repos/mg-common-game/test/widgets/idle/offline_progress_dialog_test.dart: OfflineProgressDialog Claim Button calls onClaim callback when tapped
01:09 +2355 -67: D:/mg-games/repos/mg-common-game/test/widgets/gacha/gacha_pull_animation_test.dart: GachaPullAnimation displays rarity badges correctly
01:10 +2356 -67: D:/mg-games/repos/mg-common-game/test/widgets/gacha/gacha_pull_animation_test.dart: GachaPullAnimation displays rarity badges correctly
01:11 +2357 -67: D:/mg-games/repos/mg-common-game/test/widgets/gacha/gacha_pull_animation_test.dart: GachaPullAnimation displays rarity badges correctly
01:11 +2358 -67: D:/mg-games/repos/mg-common-game/test/widgets/idle/offline_progress_dialog_test.dart: OfflineProgressDialog Bonus Button does not display bonus button when onClaimWithBonus is null
01:11 +2359 -67: D:/mg-games/repos/mg-common-game/test/widgets/idle/offline_progress_dialog_test.dart: OfflineProgressDialog Bonus Button does not display bonus button when onClaimWithBonus is null
01:11 +2360 -67: D:/mg-games/repos/mg-common-game/test/widgets/idle/offline_progress_dialog_test.dart: OfflineProgressDialog Bonus Button does not display bonus button when onClaimWithBonus is null
01:11 +2361 -67: D:/mg-games/repos/mg-common-game/test/widgets/idle/offline_progress_dialog_test.dart: OfflineProgressDialog Bonus Button does not display bonus button when onClaimWithBonus is null
01:11 +2362 -67: D:/mg-games/repos/mg-common-game/test/widgets/idle/offline_progress_dialog_test.dart: OfflineProgressDialog Bonus Button does not display bonus button when onClaimWithBonus is null
01:11 +2363 -67: D:/mg-games/repos/mg-common-game/test/widgets/idle/offline_progress_dialog_test.dart: OfflineProgressDialog Bonus Button does not display bonus button when onClaimWithBonus is null
01:11 +2364 -67: D:/mg-games/repos/mg-common-game/test/widgets/idle/offline_progress_dialog_test.dart: OfflineProgressDialog Bonus Button does not display bonus button when onClaimWithBonus is null
01:12 +2365 -67: D:/mg-games/repos/mg-common-game/test/widgets/idle/offline_progress_dialog_test.dart: OfflineProgressDialog Bonus Button does not display bonus button when onClaimWithBonus is null
01:12 +2366 -67: D:/mg-games/repos/mg-common-game/test/widgets/idle/offline_progress_dialog_test.dart: OfflineProgressDialog Bonus Button does not display bonus button when onClaimWithBonus is null
01:12 +2367 -67: D:/mg-games/repos/mg-common-game/test/widgets/idle/offline_progress_dialog_test.dart: OfflineProgressDialog Bonus Button does not display bonus button when onClaimWithBonus is null
01:12 +2368 -67: D:/mg-games/repos/mg-common-game/test/widgets/idle/offline_progress_dialog_test.dart: OfflineProgressDialog Bonus Button does not display bonus button when onClaimWithBonus is null
01:12 +2369 -67: D:/mg-games/repos/mg-common-game/test/widgets/idle/offline_progress_dialog_test.dart: OfflineProgressDialog Bonus Button does not display bonus button when onClaimWithBonus is null
01:12 +2370 -67: D:/mg-games/repos/mg-common-game/test/widgets/idle/offline_progress_dialog_test.dart: OfflineProgressDialog Bonus Button does not display bonus button when onClaimWithBonus is null
01:12 +2371 -67: D:/mg-games/repos/mg-common-game/test/widgets/gacha/gacha_pull_animation_test.dart: GachaPityIndicator handles at hard pity correctly
01:12 +2372 -67: D:/mg-games/repos/mg-common-game/test/widgets/idle/offline_progress_dialog_test.dart: OfflineProgressDialog Bonus Button displays custom bonus button text
01:12 +2373 -67: D:/mg-games/repos/mg-common-game/test/widgets/idle/offline_progress_dialog_test.dart: OfflineProgressDialog Bonus Button displays correct multiplier in default text
01:13 +2374 -67: D:/mg-games/repos/mg-common-game/test/widgets/idle/offline_progress_dialog_test.dart: OfflineProgressDialog Bonus Button calls onClaimWithBonus callback when tapped
01:14 +2375 -67: D:/mg-games/repos/mg-common-game/test/widgets/idle/offline_progress_dialog_test.dart: OfflineProgressDialog Bonus Button closes dialog when bonus button is tapped
01:15 +2376 -67: D:/mg-games/repos/mg-common-game/test/widgets/idle/offline_progress_dialog_test.dart: OfflineProgressDialog Skip Button displays Skip button when onSkip is provided
01:15 +2377 -67: D:/mg-games/repos/mg-common-game/test/widgets/idle/offline_progress_dialog_test.dart: OfflineProgressDialog Skip Button does not display Skip button when onSkip is null
01:16 +2378 -67: D:/mg-games/repos/mg-common-game/test/widgets/idle/offline_progress_dialog_test.dart: OfflineProgressDialog Skip Button calls onSkip callback when tapped
01:17 +2379 -67: D:/mg-games/repos/mg-common-game/test/widgets/idle/offline_progress_dialog_test.dart: OfflineProgressDialog Skip Button closes dialog when Skip is tapped
01:17 +2380 -67: D:/mg-games/repos/mg-common-game/test/widgets/idle/offline_progress_dialog_test.dart: OfflineProgressDialog Custom Primary Color applies custom primaryColor to UI elements
01:18 +2381 -67: D:/mg-games/repos/mg-common-game/test/widgets/idle/offline_progress_dialog_test.dart: OfflineProgressDialog Custom Primary Color uses theme primaryColor when no custom color provided
01:19 +2382 -67: D:/mg-games/repos/mg-common-game/test/widgets/idle/offline_progress_dialog_test.dart: OfflineProgressDialog Number Formatting formats numbers less than 1000 without suffix
01:20 +2383 -67: D:/mg-games/repos/mg-common-game/test/widgets/idle/offline_progress_dialog_test.dart: OfflineProgressDialog Number Formatting formats thousands with K suffix
01:21 +2384 -67: D:/mg-games/repos/mg-common-game/test/widgets/idle/offline_progress_dialog_test.dart: OfflineProgressDialog Number Formatting formats millions with M suffix
01:22 +2385 -67: D:/mg-games/repos/mg-common-game/test/widgets/idle/offline_progress_dialog_test.dart: OfflineProgressDialog Number Formatting formats billions with B suffix
01:23 +2386 -67: D:/mg-games/repos/mg-common-game/test/widgets/idle/offline_progress_dialog_test.dart: OfflineProgressDialog Number Formatting formats exact 1000 as 1.0K
01:24 +2387 -67: D:/mg-games/repos/mg-common-game/test/widgets/idle/offline_progress_dialog_test.dart: OfflineProgressDialog Number Formatting formats exact 1000000 as 1.0M
01:26 +2388 -67: D:/mg-games/repos/mg-common-game/test/widgets/idle/offline_progress_dialog_test.dart: OfflineProgressDialog Number Formatting formats exact 1000000000 as 1.0B
01:27 +2389 -67: D:/mg-games/repos/mg-common-game/test/widgets/idle/offline_progress_dialog_test.dart: OfflineProgressDialog Animations displays FadeTransition and ScaleTransition
01:27 +2390 -67: D:/mg-games/repos/mg-common-game/test/widgets/idle/offline_progress_dialog_test.dart: OfflineProgressDialog Animations reward items have slide and fade animations
01:29 +2391 -67: D:/mg-games/repos/mg-common-game/test/widgets/idle/offline_progress_dialog_test.dart: OfflineProgressDialog Button Combinations displays all buttons when all callbacks provided
01:29 +2392 -67: D:/mg-games/repos/mg-common-game/test/widgets/idle/offline_progress_dialog_test.dart: OfflineProgressDialog Button Combinations displays only Claim button when no optional callbacks
01:30 +2393 -67: D:/mg-games/repos/mg-common-game/test/widgets/idle/offline_progress_dialog_test.dart: OfflineProgressDialog showOfflineProgressDialog Helper shows dialog using helper function
01:31 +2394 -67: D:/mg-games/repos/mg-common-game/test/widgets/idle/offline_progress_dialog_test.dart: OfflineProgressDialog showOfflineProgressDialog Helper helper passes all parameters correctly
01:31 +2395 -67: D:/mg-games/repos/mg-common-game/test/widgets/idle/offline_progress_dialog_test.dart: OfflineProgressDialog OfflineProgressData Properties correctly identifies data with rewards (hasRewards = true)
01:31 +2396 -67: D:/mg-games/repos/mg-common-game/test/widgets/idle/offline_progress_dialog_test.dart: OfflineProgressDialog OfflineProgressData Properties correctly identifies data without rewards (hasRewards = false)
01:31 +2397 -67: Some tests failed.
